
==============================================================================
TEST MODE: FAST (20 iterations, 3 params)
Expected runtime: ~30 seconds for full suite
Use --full-iterations for production validation
==============================================================================

============================= test session starts ==============================
platform darwin -- Python 3.11.14, pytest-9.0.1, pluggy-1.6.0 -- /Users/aruna/Desktop/DutchBay_EPC_Extracted/DutchBay_EPC_Model/.venv311/bin/python3.11
cachedir: .pytest_cache
hypothesis profile 'default'
rootdir: /Users/aruna/Desktop/DutchBay_EPC_Extracted/DutchBay_EPC_Model
configfile: pytest.ini (WARNING: ignoring pytest config in pyproject.toml, tox.ini!)
testpaths: tests
plugins: anyio-4.11.0, hypothesis-6.147.0, xdist-3.8.0, hydra-core-1.3.2, cov-7.0.0
collecting ... collected 580 items

tests/analytics_layer/test_casper_tail_risk_payload.py::test_casper_payload_includes_tail_risk_metadata FAILED [  0%]
tests/analytics_layer/test_casper_tail_risk_summary.py::test_build_casper_payload_includes_tail_risk_summary FAILED [  0%]
tests/analytics_layer/test_generation_contracts_v14.py::test_technology_breakdown_snapshot FAILED [  0%]
tests/analytics_layer/test_sensitivity_breakeven_contract.py::test_run_breakeven_parameter_uses_absolute_overrides_and_converges FAILED [  0%]
tests/analytics_layer/test_sensitivity_regression.py::test_tornado_reproducibility SKIPPED [  0%]
tests/analytics_layer/test_sensitivity_regression.py::test_breakeven_solution SKIPPED [  1%]
tests/analytics_layer/test_sensitivity_regression.py::test_two_way_heatmap_shape SKIPPED [  1%]
tests/analytics_layer/test_sensitivity_regression.py::test_pareto_feasible_points SKIPPED [  1%]
tests/analytics_layer/test_sensitivity_regression.py::test_multi_metric_impacts SKIPPED [  1%]
tests/analytics_layer/test_sensitivity_run_contract.py::test_run_with_sensitivity_request_uses_gateway_and_returns_suite FAILED [  1%]
tests/analytics_layer/test_sensitivity_tail_risk.py::test_compute_tail_risk_stats_basic PASSED [  1%]
tests/analytics_layer/test_sensitivity_tail_risk.py::test_resolve_low_metric_column_prefers_known_candidates PASSED [  2%]
tests/analytics_layer/test_sensitivity_tail_risk.py::test_resolve_low_metric_column_raises_when_missing PASSED [  2%]
tests/analytics_layer/test_sensitivity_tail_risk.py::test_enrich_tornado_with_tail_risk_basic PASSED [  2%]
tests/analytics_layer/test_sensitivity_tail_risk.py::test_enrich_tornado_with_tail_risk_invalid_confidence PASSED [  2%]
tests/analytics_layer/test_sensitivity_tail_risk.py::test_enrich_tornado_with_tail_risk_missing_metric_samples PASSED [  2%]
tests/analytics_layer/test_sensitivity_tail_risk_api.py::test_enrich_tornado_with_tail_risk_happy_path FAILED [  2%]
tests/analytics_layer/test_sensitivity_tail_risk_api.py::test_enrich_tornado_with_tail_risk_rejects_bad_confidence FAILED [  3%]
tests/analytics_layer/test_sensitivity_v14.py::TestBuildNestedOverride::test_single_level PASSED [  3%]
tests/analytics_layer/test_sensitivity_v14.py::TestBuildNestedOverride::test_two_levels PASSED [  3%]
tests/analytics_layer/test_sensitivity_v14.py::TestBuildNestedOverride::test_three_levels PASSED [  3%]
tests/analytics_layer/test_sensitivity_v14.py::TestBuildNestedOverride::test_list_path PASSED [  3%]
tests/analytics_layer/test_sensitivity_v14.py::TestBuildNestedOverride::test_empty_string_path PASSED [  3%]
tests/analytics_layer/test_sensitivity_v14.py::TestBuildNestedOverride::test_empty_list_path PASSED [  4%]
tests/analytics_layer/test_sensitivity_v14.py::TestYamlErrorHandling::test_missing_file_raises_file_not_found PASSED [  4%]
tests/analytics_layer/test_sensitivity_v14.py::TestYamlErrorHandling::test_empty_yaml_raises_value_error PASSED [  4%]
tests/analytics_layer/test_sensitivity_v14.py::TestYamlErrorHandling::test_invalid_yaml_structure_raises_value_error PASSED [  4%]
tests/analytics_layer/test_sensitivity_v14.py::TestYamlErrorHandling::test_valid_parameter_list PASSED [  4%]
tests/analytics_layer/test_sensitivity_v14.py::TestAnalyzeSingleParameter::test_basic_analysis FAILED [  5%]
tests/analytics_layer/test_sensitivity_v14.py::TestAnalyzeSingleParameter::test_missing_metric_raises_key_error PASSED [  5%]
tests/analytics_layer/test_sensitivity_v14.py::TestRunTornadoSensitivity::test_happy_path_with_request FAILED [  5%]
tests/analytics_layer/test_sensitivity_v14.py::TestRunTornadoSensitivity::test_legacy_api_with_string_config_path FAILED [  5%]
tests/analytics_layer/test_sensitivity_v14.py::TestRunTornadoSensitivity::test_metric_missing_in_base_kpis_raises_key_error PASSED [  5%]
tests/analytics_layer/test_sensitivity_v14_api.py::TestSensitivityRunFacade::test_run_facade_basic FAILED [  5%]
tests/analytics_layer/test_sensitivity_v14_api.py::TestSensitivityRunFacade::test_run_rejects_legacy_call_style PASSED [  6%]
tests/analytics_layer/test_sensitivity_v14_behavioral_imports.py::test_sensitivity_v14_no_forbidden_imports PASSED [  6%]
tests/analytics_layer/test_sensitivity_v14_behavioral_imports.py::test_sensitivity_v14_no_direct_pipeline_calls PASSED [  6%]
tests/analytics_layer/test_sensitivity_v14_behavioral_imports.py::test_sensitivity_v14_has_required_evaluate_scenario PASSED [  6%]
tests/analytics_layer/test_sensitivity_v14_behavioral_imports.py::test_sensitivity_v14_syntax_valid PASSED [  6%]
tests/api/test_bad_missing_tax_schema_guard.py::test_bad_missing_tax_yaml_is_rejected_by_schema_guard PASSED [  6%]
tests/api/test_cashflow_module.py::test_cashflow_module_path_is_v14chat PASSED [  7%]
tests/api/test_cashflow_module.py::test_net_production_uses_hours_per_year_constant PASSED [  7%]
tests/api/test_cashflow_module.py::test_build_annual_cfads_minimal_valid_params FAILED [  7%]
tests/api/test_cashflow_risk_haircut_v14.py::test_cfads_risk_haircut_applied_to_posttax_cfads[scenarios/dutchbay_lendercase_2025Q4.yaml-0.1] PASSED [  7%]
tests/api/test_cashflow_tax_and_life.py::test_project_life_5_vs_20_years_shapes_and_magnitude FAILED [  7%]
tests/api/test_cashflow_tax_and_life.py::test_tax_holiday_increases_early_cfads FAILED [  7%]
tests/api/test_cashflow_tax_and_life.py::test_enhanced_allowance_does_not_hurt_early_cfads FAILED [  8%]
tests/api/test_cashflow_tax_and_life.py::test_high_opex_stress_reduces_cfads FAILED [  8%]
tests/api/test_cashflow_tax_and_life.py::test_zero_tariff_collapses_cfads FAILED [  8%]
tests/api/test_cashflow_v14.py::test_cashflow_basic_consistency FAILED   [  8%]
tests/api/test_cashflow_v14.py::test_cashflow_zero_risk_haircut_means_posttax_equals_cfads FAILED [  8%]
tests/api/test_cashflow_v14.py::test_validate_parameters_fails_when_capacity_missing PASSED [  8%]
tests/api/test_cashflow_v14_regression.py::test_cfads_increases_when_tariff_increases FAILED [  9%]
tests/api/test_cashflow_v14_regression.py::test_cfads_zero_when_tariff_zero FAILED [  9%]
tests/api/test_cashflow_v14_regression.py::test_degradation_reduces_production_over_time FAILED [  9%]
tests/api/test_cashflow_v14_rows.py::test_build_annual_rows_cfads_aliases_and_keys PASSED [  9%]
tests/api/test_cashflow_v14_rows2.py::test_risk_adjustment_cfads_haircut_is_applied PASSED [  9%]
tests/api/test_casper_v14_smoke.py::test_casper_v14_orchestrator_smoke XFAIL [ 10%]
tests/api/test_casper_v14_smoke_iteration1.py::test_casper_smoke XFAIL   [ 10%]
tests/api/test_casper_v14_smoke_iteration2.py::test_casper_smoke_iteration2 XFAIL [ 10%]
tests/api/test_config_schema_guard.py::test_cashflow_fields_are_registered PASSED [ 10%]
tests/api/test_config_schema_guard.py::test_schema_guard_detects_missing_corporate_tax_rate PASSED [ 10%]
tests/api/test_covenants_lendercase_2025Q4.py::test_lendercase_pipeline_shapes_and_balances PASSED [ 10%]
tests/api/test_covenants_ring_fence_smoke_v14.py::test_ring_fence_covenants_smoke FAILED [ 11%]
tests/api/test_covenants_v14.py::test_covenants_basecase_dscr_and_balances FAILED [ 11%]
tests/api/test_covenants_v14.py::test_covenants_stresscase_flags_review_when_cover_thin FAILED [ 11%]
tests/api/test_debt_construction_idc_regression_v14.py::test_lendercase_construction_and_tenor_pinned PASSED [ 11%]
tests/api/test_debt_construction_idc_regression_v14.py::test_lendercase_idc_totals_pinned PASSED [ 11%]
tests/api/test_debt_construction_idc_regression_v14.py::test_edge_stress_construction_and_tenor_pinned PASSED [ 11%]
tests/api/test_debt_construction_idc_regression_v14.py::test_edge_stress_idc_totals_pinned PASSED [ 12%]
tests/api/test_debt_v14_construction.py::test_plan_debt_construction_timeline_and_idc FAILED [ 12%]
tests/api/test_debt_v14_construction.py::test_plan_debt_dscr_and_audit_status FAILED [ 12%]
tests/api/test_edgecases.py::test_bad_params_are_caught_by_schema_guard[negative_cf] PASSED [ 12%]
tests/api/test_edgecases.py::test_zero_tax_rate_edge_case_passes PASSED  [ 12%]
tests/api/test_edgecases.py::test_range_validation_edge_cases[zero_capex] SKIPPED [ 12%]
tests/api/test_edgecases.py::test_range_validation_edge_cases[negative_capex] SKIPPED [ 13%]
tests/api/test_epc_helper_v14.py::test_epc_breakdown_basic_with_fx_in_config PASSED [ 13%]
tests/api/test_epc_helper_v14.py::test_epc_breakdown_uses_default_fx_when_config_missing_fx PASSED [ 13%]
tests/api/test_equity_distribution_v14.py::test_equity_config_creation PASSED [ 13%]
tests/api/test_equity_distribution_v14.py::test_schema_guard_raises_on_bad_config PASSED [ 13%]
tests/api/test_equity_distribution_v14.py::test_equity_engine_init PASSED [ 13%]
tests/api/test_equity_distribution_v14.py::test_equity_engine_init_missing_config PASSED [ 14%]
tests/api/test_equity_distribution_v14.py::test_calculate_distributions PASSED [ 14%]
tests/api/test_equity_distribution_v14.py::test_calculate_distributions_stress PASSED [ 14%]
tests/api/test_equity_distribution_v14.py::test_equity_engine_run PASSED [ 14%]
tests/api/test_equity_distribution_v14.py::test_equity_engine_run_stress PASSED [ 14%]
tests/api/test_equity_distribution_v14.py::test_equity_edge_case_zero_years PASSED [ 15%]
tests/api/test_equity_distribution_v14.py::test_equity_result_json_serializable PASSED [ 15%]
tests/api/test_equity_distribution_v14.py::test_equity_type_hints PASSED [ 15%]
tests/api/test_equity_distribution_v14_regression.py::TestEquityDistributionConfig::test_config_creation_with_defaults PASSED [ 15%]
tests/api/test_equity_distribution_v14_regression.py::TestEquityDistributionConfig::test_config_creation_with_custom_values PASSED [ 15%]
tests/api/test_equity_distribution_v14_regression.py::TestEquityDistributionConfig::test_config_validation_invalid_dscr PASSED [ 15%]
tests/api/test_equity_distribution_v14_regression.py::TestCovenantGate::test_dscr_gate_pass PASSED [ 16%]
tests/api/test_equity_distribution_v14_regression.py::TestCovenantGate::test_dscr_gate_fail PASSED [ 16%]
tests/api/test_equity_distribution_v14_regression.py::TestCovenantGate::test_llcr_gate_pass PASSED [ 16%]
tests/api/test_equity_distribution_v14_regression.py::TestCovenantGate::test_all_gates_evaluation PASSED [ 16%]
tests/api/test_equity_distribution_v14_regression.py::TestEquityDistributionCalculator::test_calculate_required_reserves PASSED [ 16%]
tests/api/test_equity_distribution_v14_regression.py::TestEquityDistributionCalculator::test_calculate_available_for_equity_with_reserve_rebuild PASSED [ 16%]
tests/api/test_equity_distribution_v14_regression.py::TestEquityDistributionCalculator::test_distribute_to_equity_tiers PASSED [ 17%]
tests/api/test_equity_distribution_v14_regression.py::TestEquityDistributionIntegration::test_distribution_enabled_scenario FAILED [ 17%]
tests/api/test_equity_distribution_v14_regression.py::TestEquityDistributionIntegration::test_distribution_disabled_early_years PASSED [ 17%]
tests/api/test_equity_distribution_v14_regression.py::TestEquityDistributionIntegration::test_distribution_covenant_gate_fail PASSED [ 17%]
tests/api/test_equity_distribution_v14_regression.py::TestEquityDistributionIntegration::test_distribution_output_serialization PASSED [ 17%]
tests/api/test_equity_v14.py::test_summarise_equity_cashflows_basic PASSED [ 17%]
tests/api/test_equity_v14.py::test_calculate_equity_irr_standard_case_matches_core_irr PASSED [ 18%]
tests/api/test_equity_v14.py::test_calculate_equity_irr_no_sign_change_returns_none PASSED [ 18%]
tests/api/test_equity_v14.py::test_calculate_equity_npv_respects_discount_rate PASSED [ 18%]
tests/api/test_equity_v14.py::test_calculate_cash_on_cash_basic PASSED   [ 18%]
tests/api/test_equity_v14.py::test_calculate_cash_on_cash_handles_zero_invested PASSED [ 18%]
tests/api/test_equity_v14.py::test_calculate_moic_basic PASSED           [ 18%]
tests/api/test_equity_v14.py::test_calculate_moic_invalid_invested PASSED [ 19%]
tests/api/test_equity_v14.py::test_calculate_payback_period_fractional_year PASSED [ 19%]
tests/api/test_equity_v14.py::test_calculate_payback_period_handles_never_payback PASSED [ 19%]
tests/api/test_equity_v14.py::test_calculate_pe_triad_basic PASSED       [ 19%]
tests/api/test_equity_v14.py::test_calculate_pe_triad_invalid_capital_called PASSED [ 19%]
tests/api/test_equity_v14.py::test_calculate_equity_performance_happy_path PASSED [ 20%]
tests/api/test_executive_workbook_import.py::test_import_executive_workbook_module PASSED [ 20%]
tests/api/test_executive_workbook_smoke.py::test_executive_workbook_basic_structure PASSED [ 20%]
tests/api/test_export_helpers_v14.py::test_excel_exporter_end_to_end PASSED [ 20%]
tests/api/test_export_helpers_v14.py::test_chart_generator_dscr_and_debt_smokes PASSED [ 20%]
tests/api/test_export_helpers_v14.py::test_chart_generator_kpi_and_distribution_smokes PASSED [ 20%]
tests/api/test_finance_utils.py::test_get_nested_happy_path_and_missing PASSED [ 21%]
tests/api/test_finance_utils.py::test_as_float_success_and_failure PASSED [ 21%]
tests/api/test_finance_utils.py::test_as_int_success_and_failure PASSED  [ 21%]
tests/api/test_fx_resolver_unit.py::test_resolve_fx_missing_fx_key_raises PASSED [ 21%]
tests/api/test_fx_resolver_unit.py::test_resolve_fx_scalar_fx_rejected PASSED [ 21%]
tests/api/test_fx_resolver_unit.py::test_resolve_fx_non_mapping_rejected PASSED [ 21%]
tests/api/test_fx_resolver_unit.py::test_resolve_fx_missing_start_key_rejected PASSED [ 22%]
tests/api/test_fx_resolver_unit.py::test_resolve_fx_non_numeric_start_rejected PASSED [ 22%]
tests/api/test_fx_resolver_unit.py::test_resolve_fx_non_numeric_annual_depr_rejected PASSED [ 22%]
tests/api/test_fx_resolver_unit.py::test_resolve_fx_happy_path_defaults_annual_depr_to_zero PASSED [ 22%]
tests/api/test_fx_resolver_unit.py::test_resolve_fx_happy_path_with_explicit_annual_depr PASSED [ 22%]
tests/api/test_irr_core.py::test_npv_matches_doc_example PASSED          [ 22%]
tests/api/test_irr_core.py::test_irr_matches_expected_range_for_example PASSED [ 23%]
tests/api/test_irr_core.py::test_xnpv_two_cashflows_one_year_apart_current_baseline PASSED [ 23%]
tests/api/test_irr_core.py::test_xirr_recovers_current_baseline_rate_for_simple_case PASSED [ 23%]
tests/api/test_irr_core.py::test_xirr_raises_on_mismatched_lengths PASSED [ 23%]
tests/api/test_irr_is_singleton_refactored.py::test_no_irr_npvs_in_metrics_module PASSED [ 23%]
tests/api/test_irr_is_singleton_refactored.py::test_irr_functions_exist_in_finance_irr PASSED [ 23%]
tests/api/test_irr_is_singleton_refactored.py::test_metrics_imports_from_finance_irr PASSED [ 24%]
tests/api/test_irr_module.py::test_npv_basic_discounting PASSED          [ 24%]
tests/api/test_irr_module.py::test_npv_monotonic_with_rate PASSED        [ 24%]
tests/api/test_irr_module.py::test_npv_handles_near_minus_one_rate PASSED [ 24%]
tests/api/test_irr_module.py::test_irr_simple_profile_matches_numpy_financial PASSED [ 24%]
tests/api/test_irr_module.py::test_irr_all_zero_cashflows_returns_zero PASSED [ 25%]
tests/api/test_irr_module.py::test_irr_no_sign_change_returns_none PASSED [ 25%]
tests/api/test_irr_module.py::test_irr_falls_back_when_numpy_financial_raises PASSED [ 25%]
tests/api/test_irr_module.py::test_xnpv_matches_periodic_npv_for_annual_steps PASSED [ 25%]
tests/api/test_irr_module.py::test_xirr_two_point_profile PASSED         [ 25%]
tests/api/test_irr_module.py::test_xnpv_raises_on_length_mismatch PASSED [ 25%]
tests/api/test_irr_module.py::test_xirr_raises_on_length_mismatch PASSED [ 26%]
tests/api/test_metrics_core_stats.py::test_summary_stats_basic_series PASSED [ 26%]
tests/api/test_metrics_core_stats.py::test_summary_stats_ignores_non_finite_and_non_numeric PASSED [ 26%]
tests/api/test_metrics_core_stats.py::test_calculate_scenario_kpis_uses_annual_rows_cfads_and_cleans_dscr PASSED [ 26%]
tests/api/test_metrics_core_stats.py::test_calculate_scenario_kpis_uses_valuation_override PASSED [ 26%]
tests/api/test_metrics_core_stats.py::test_calculate_scenario_kpis_degenerate_cfads_when_missing_everywhere PASSED [ 26%]
tests/api/test_metrics_core_stats.py::test_compute_kpis_adapter_derives_scenario_name_from_config PASSED [ 27%]
tests/api/test_metrics_module.py::test_metrics_module_imports PASSED     [ 27%]
tests/api/test_metrics_module.py::test_dscr_summary_keys_and_values PASSED [ 27%]
tests/api/test_metrics_module.py::test_npv_and_irr_improve_with_higher_cfads PASSED [ 27%]
tests/api/test_metrics_module.py::test_npv_and_irr_worsen_with_higher_capex PASSED [ 27%]
tests/api/test_metrics_module.py::test_project_irr_nonzero_for_viable_project PASSED [ 27%]
tests/api/test_monte_carlo_v14.py::test_monte_carlo_config_creation PASSED [ 28%]
tests/api/test_monte_carlo_v14.py::test_schema_guard_raises_on_bad_config PASSED [ 28%]
tests/api/test_monte_carlo_v14.py::test_monte_carlo_engine_init PASSED   [ 28%]
tests/api/test_monte_carlo_v14.py::test_monte_carlo_engine_init_missing_config PASSED [ 28%]
tests/api/test_monte_carlo_v14.py::test_simulate_iteration PASSED        [ 28%]
tests/api/test_monte_carlo_v14.py::test_simulate_iterations_distribution PASSED [ 28%]
tests/api/test_monte_carlo_v14.py::test_monte_carlo_engine_run PASSED    [ 29%]
tests/api/test_monte_carlo_v14.py::test_monte_carlo_engine_run_stress PASSED [ 29%]
tests/api/test_monte_carlo_v14.py::test_monte_carlo_statistics_consistency PASSED [ 29%]
tests/api/test_monte_carlo_v14.py::test_monte_carlo_result_json_serializable PASSED [ 29%]
tests/api/test_monte_carlo_v14.py::test_monte_carlo_edge_case_single_iteration PASSED [ 29%]
tests/api/test_monte_carlo_v14.py::test_monte_carlo_type_hints PASSED    [ 30%]
tests/api/test_monte_carlo_v14.py::test_r7_compliance_uses_finance_irr PASSED [ 30%]
tests/api/test_pipeline_sprint12.py::TestPipelineBasic::test_pipeline_init PASSED [ 30%]
tests/api/test_pipeline_sprint12.py::TestPipelineBasic::test_pipeline_run PASSED [ 30%]
tests/api/test_pipeline_sprint12.py::TestPipelineBasic::test_refinancing_module PASSED [ 30%]
tests/api/test_pipeline_sprint12.py::TestPipelineBasic::test_equity_module PASSED [ 30%]
tests/api/test_pipeline_sprint12.py::TestPipelineBasic::test_monte_carlo_module PASSED [ 31%]
tests/api/test_pipeline_sprint12.py::TestPipelineBasic::test_stress_tests_module PASSED [ 31%]
tests/api/test_pipeline_sprint12.py::TestPipelineOutput::test_pipeline_result_to_dict PASSED [ 31%]
tests/api/test_pipeline_sprint12.py::TestPipelineOutput::test_pipeline_json_serializable PASSED [ 31%]
tests/api/test_pipeline_sprint12.py::TestPipelineOutput::test_pipeline_result_aggregation PASSED [ 31%]
tests/api/test_pipeline_sprint12.py::TestPipelineIntegration::test_all_modules_executed PASSED [ 31%]
tests/api/test_pipeline_sprint12.py::TestPipelineIntegration::test_module_sequence PASSED [ 32%]
tests/api/test_pipeline_sprint12.py::TestPipelineIntegration::test_error_handling PASSED [ 32%]
tests/api/test_pipeline_sprint12.py::TestPipelineTypeHints::test_pipeline_type_hints PASSED [ 32%]
tests/api/test_pipeline_sprint12.py::TestPipelineTypeHints::test_pipeline_result_type_hints PASSED [ 32%]
tests/api/test_refinancing_v14.py::test_refinancing_config_creation FAILED [ 32%]
tests/api/test_refinancing_v14.py::test_schema_guard_raises_on_bad_config PASSED [ 32%]
tests/api/test_refinancing_v14.py::test_refinancing_engine_init FAILED   [ 33%]
tests/api/test_refinancing_v14.py::test_refinancing_engine_init_missing_config FAILED [ 33%]
tests/api/test_refinancing_v14.py::test_refinancing_impact_calculation FAILED [ 33%]
tests/api/test_refinancing_v14.py::test_refinancing_impact_stress FAILED [ 33%]
tests/api/test_refinancing_v14.py::test_refinancing_impact_unit_suffixes FAILED [ 33%]
tests/api/test_refinancing_v14.py::test_refinancing_engine_run FAILED    [ 33%]
tests/api/test_refinancing_v14.py::test_refinancing_engine_run_stress FAILED [ 34%]
tests/api/test_refinancing_v14.py::test_refinancing_invalid_date_format FAILED [ 34%]
tests/api/test_refinancing_v14.py::test_refinancing_result_json_serializable FAILED [ 34%]
tests/api/test_refinancing_v14.py::test_refinancing_type_hints FAILED    [ 34%]
tests/api/test_refinancing_v14_regression.py::TestRefinancingConfig::test_config_creation_with_defaults PASSED [ 34%]
tests/api/test_refinancing_v14_regression.py::TestRefinancingConfig::test_config_creation_with_custom_values PASSED [ 35%]
tests/api/test_refinancing_v14_regression.py::TestRefinancingConfig::test_config_validation_invalid_trigger_year PASSED [ 35%]
tests/api/test_refinancing_v14_regression.py::TestRefinancingTrigger::test_trigger_all_conditions_pass PASSED [ 35%]
tests/api/test_refinancing_v14_regression.py::TestRefinancingTrigger::test_trigger_year_condition_fails PASSED [ 35%]
tests/api/test_refinancing_v14_regression.py::TestRefinancingTrigger::test_trigger_dscr_condition_fails PASSED [ 35%]
tests/api/test_refinancing_v14_regression.py::TestRefinancingTrigger::test_trigger_rate_savings_condition_fails PASSED [ 35%]
tests/api/test_refinancing_v14_regression.py::TestRefinancingCalculator::test_debt_service_payment_basic PASSED [ 36%]
tests/api/test_refinancing_v14_regression.py::TestRefinancingCalculator::test_debt_service_payment_zero_rate PASSED [ 36%]
tests/api/test_refinancing_v14_regression.py::TestRefinancingCalculator::test_recalculate_schedule_refinancing FAILED [ 36%]
tests/api/test_refinancing_v14_regression.py::TestRefinancingCalculator::test_recalculate_covenants PASSED [ 36%]
tests/api/test_refinancing_v14_regression.py::TestRefinancingIntegration::test_refinancing_triggered_scenario PASSED [ 36%]
tests/api/test_refinancing_v14_regression.py::TestRefinancingIntegration::test_refinancing_not_triggered_scenario PASSED [ 36%]
tests/api/test_refinancing_v14_regression.py::TestRefinancingIntegration::test_refinancing_output_serialization PASSED [ 37%]
tests/api/test_risk_haircut.py::test_cashflow_basic_consistency FAILED   [ 37%]
tests/api/test_risk_haircut.py::test_cashflow_zero_risk_haircut_means_posttax_equals_cfads FAILED [ 37%]
tests/api/test_risk_haircut.py::test_validate_parameters_fails_when_capacity_missing PASSED [ 37%]
tests/api/test_scenario_analytics_schema_guard_integration.py::test_scenario_analytics_stops_on_missing_corporate_tax FAILED [ 37%]
tests/api/test_scenario_analytics_schema_guard_integration.py::test_scenario_analytics_all_bad_scenarios_raises PASSED [ 37%]
tests/api/test_scenario_analytics_unit.py::test_build_dataframes_preserves_scenario_name_and_dscr_series PASSED [ 38%]
tests/api/test_scenario_analytics_unit_scenario_name.py::test_scenario_analytics_labels_and_shapes FAILED [ 38%]
tests/api/test_scenario_analytics_unit_scenario_name_refactored.py::test_scenario_analytics_labels_and_shapes FAILED [ 38%]
tests/api/test_scenario_analytics_unit_scenario_name_refactored.py::test_scenario_analytics_runs_multiple_scenarios FAILED [ 38%]
tests/api/test_scenario_manager_smoke.py::test_iter_config_paths_includes_canonical_scenarios PASSED [ 38%]
tests/api/test_scenario_manager_smoke.py::test_iter_scenarios_loads_lendercase_via_loader PASSED [ 38%]
tests/api/test_schema_guard_fx_validation.py::test_schema_guard_rejects_missing_fx PASSED [ 39%]
tests/api/test_schema_guard_fx_validation.py::test_schema_guard_rejects_scalar_fx PASSED [ 39%]
tests/api/test_schema_guard_fx_validation.py::test_schema_guard_rejects_fx_missing_start_rate PASSED [ 39%]
tests/api/test_schema_guard_fx_validation.py::test_schema_guard_accepts_valid_fx_mapping PASSED [ 39%]
tests/api/test_schema_guard_fx_validation.py::test_schema_guard_accepts_fx_with_zero_depreciation PASSED [ 39%]
tests/api/test_stress_tests_v14.py::TestStressTestsBasic::test_stress_engine_init PASSED [ 40%]
tests/api/test_stress_tests_v14.py::TestStressTestsBasic::test_interest_rate_shock_up PASSED [ 40%]
tests/api/test_stress_tests_v14.py::TestStressTestsBasic::test_interest_rate_shock_down PASSED [ 40%]
tests/api/test_stress_tests_v14.py::TestStressTestsBasic::test_market_downturn PASSED [ 40%]
tests/api/test_stress_tests_v14.py::TestStressTestsBasic::test_inflation_stress PASSED [ 40%]
tests/api/test_stress_tests_v14.py::TestStressTestsBasic::test_run_single_scenario PASSED [ 40%]
tests/api/test_stress_tests_v14.py::TestStressTestsR7Compliance::test_r7_uses_finance_irr PASSED [ 41%]
tests/api/test_stress_tests_v14.py::TestStressTestsScenarios::test_scenario_rate_shock_up_2pct PASSED [ 41%]
tests/api/test_stress_tests_v14.py::TestStressTestsScenarios::test_scenario_rate_shock_up_5pct PASSED [ 41%]
tests/api/test_stress_tests_v14.py::TestStressTestsScenarios::test_scenario_market_downturn_20pct PASSED [ 41%]
tests/api/test_stress_tests_v14.py::TestStressTestsScenarios::test_scenario_market_downturn_40pct PASSED [ 41%]
tests/api/test_stress_tests_v14.py::TestStressTestsScenarios::test_scenario_inflation_6pct PASSED [ 41%]
tests/api/test_stress_tests_v14.py::TestStressTestsScenarios::test_scenario_combined_severe PASSED [ 42%]
tests/api/test_stress_tests_v14.py::TestStressTestsScenarios::test_run_all_scenarios PASSED [ 42%]
tests/api/test_stress_tests_v14.py::TestStressTestsSerialization::test_stress_result_to_dict PASSED [ 42%]
tests/api/test_stress_tests_v14.py::TestStressTestsSerialization::test_export_to_json PASSED [ 42%]
tests/api/test_stress_tests_v14.py::TestStressTestsEdgeCases::test_edge_case_zero_cf PASSED [ 42%]
tests/api/test_stress_tests_v14.py::TestStressTestsEdgeCases::test_edge_case_negative_irr PASSED [ 42%]
tests/api/test_stress_tests_v14.py::TestStressTestsEdgeCases::test_rate_capping PASSED [ 43%]
tests/api/test_stress_tests_v14.py::TestStressTestsTypeHints::test_type_hints_engine PASSED [ 43%]
tests/api/test_stress_tests_v14.py::TestStressTestsTypeHints::test_type_hints_methods PASSED [ 43%]
tests/api/test_tax_calculator_v14.py::test_calculate_depreciation_schedule_straight_line_basic PASSED [ 43%]
tests/api/test_tax_calculator_v14.py::test_calculate_depreciation_schedule_unknown_method_returns_empty PASSED [ 43%]
tests/api/test_tax_calculator_v14.py::test_tax_calculator_defaults_from_config PASSED [ 43%]
tests/api/test_tax_calculator_v14.py::test_tax_calculator_respects_config_overrides PASSED [ 44%]
tests/api/test_tax_v14_lender_golden.py::test_tax_v14_lender_golden_surface SKIPPED [ 44%]
tests/api/test_tax_v14_regression.py::TestTaxProfileConstruction::test_tax_profile_creation_basic PASSED [ 44%]
tests/api/test_tax_v14_regression.py::TestTaxProfileConstruction::test_tax_profile_lender_case_regression PASSED [ 44%]
tests/api/test_tax_v14_regression.py::TestTaxProfileConstruction::test_tax_profile_immutable PASSED [ 44%]
tests/api/test_tax_v14_regression.py::TestTaxCalculations::test_tax_calculation_year_1_in_holiday PASSED [ 45%]
tests/api/test_tax_v14_regression.py::TestTaxCalculations::test_tax_calculation_year_13_after_holiday PASSED [ 45%]
tests/api/test_tax_v14_regression.py::TestTaxCalculations::test_tax_calculation_depreciation_consistency PASSED [ 45%]
tests/api/test_tax_v14_regression.py::TestTaxCalculations::test_tax_calculation_interest_shield_enabled PASSED [ 45%]
tests/api/test_tax_v14_regression.py::TestTaxHolidayLogic::test_is_in_tax_holiday_year_1 PASSED [ 45%]
tests/api/test_tax_v14_regression.py::TestTaxHolidayLogic::test_is_in_tax_holiday_year_12 PASSED [ 45%]
tests/api/test_tax_v14_regression.py::TestTaxHolidayLogic::test_is_in_tax_holiday_year_13 PASSED [ 46%]
tests/api/test_tax_v14_regression.py::TestTaxHolidayLogic::test_is_in_tax_holiday_year_20 PASSED [ 46%]
tests/api/test_tax_v14_regression.py::TestConfigExtraction::test_extract_tax_config_from_full_config PASSED [ 46%]
tests/api/test_v14_lender_suite.py::test_v14_pipeline_runs_end_to_end PASSED [ 46%]
tests/api/test_v14_lender_suite.py::test_scenario_loading_and_validation PASSED [ 46%]
tests/api/test_wacc_module.py::test_fixed_mode_percent_input_with_default_prudential PASSED [ 46%]
tests/api/test_wacc_module.py::test_fixed_mode_decimal_input_with_string_bps PASSED [ 47%]
tests/api/test_wacc_module.py::test_capm_mode_with_gearing_and_inflation PASSED [ 47%]
tests/api/test_wacc_module.py::test_compute_wacc_from_config_without_block_returns_empty_dict PASSED [ 47%]
tests/api/test_wacc_module.py::test_build_wacc_roundtrip_structure PASSED [ 47%]
tests/contracts/test_sensitivity_contracts.py::test_parameter_range_config_minimal FAILED [ 47%]
tests/contracts/test_sensitivity_contracts.py::test_tornado_result_properties FAILED [ 47%]
tests/contracts/test_sensitivity_contracts.py::test_sensitivity_suite_instantiation FAILED [ 48%]
tests/contracts/test_sensitivity_contracts.py::test_breakeven_result FAILED [ 48%]
tests/contracts/test_sensitivity_contracts.py::test_multimetric_tornado_and_suite FAILED [ 48%]
tests/contracts/test_sensitivity_contracts.py::test_pareto_frontier_result FAILED [ 48%]
tests/contracts/test_sensitivity_contracts.py::test_tail_risk_metrics PASSED [ 48%]
tests/finance/test_cashflow_v14_tax_refactored.py::test_tax_config_from_yaml_missing_required_key_raises PASSED [ 48%]
tests/finance/test_cashflow_v14_tax_refactored.py::test_depreciation_schedule_straight_line_totals_and_tail_zeros PASSED [ 49%]
tests/finance/test_cashflow_v14_tax_refactored.py::test_tax_holiday_map_start_end_inclusive PASSED [ 49%]
tests/finance/test_cashflow_v14_tax_refactored.py::test_calculate_tax_holiday_zero_cit_but_wht_applies PASSED [ 49%]
tests/finance/test_cashflow_v14_tax_refactored.py::test_loss_carryforward_offsets_future_taxable_income PASSED [ 49%]
tests/finance/test_contracts.py::TestParameterRangeConfig::test_valid_basic_configuration FAILED [ 49%]
tests/finance/test_contracts.py::TestParameterRangeConfig::test_default_steps FAILED [ 50%]
tests/finance/test_contracts.py::TestParameterRangeConfig::test_low_value_calculation FAILED [ 50%]
tests/finance/test_contracts.py::TestParameterRangeConfig::test_high_value_calculation FAILED [ 50%]
tests/finance/test_contracts.py::TestParameterRangeConfig::test_whitespace_stripping FAILED [ 50%]
tests/finance/test_contracts.py::TestParameterRangeConfig::test_empty_variable_name_rejected FAILED [ 50%]
tests/finance/test_contracts.py::TestParameterRangeConfig::test_zero_base_value_rejected FAILED [ 50%]
tests/finance/test_contracts.py::TestParameterRangeConfig::test_negative_base_value_rejected FAILED [ 51%]
tests/finance/test_contracts.py::TestParameterRangeConfig::test_low_pct_too_negative_rejected FAILED [ 51%]
tests/finance/test_contracts.py::TestParameterRangeConfig::test_low_pct_positive_rejected FAILED [ 51%]
tests/finance/test_contracts.py::TestParameterRangeConfig::test_high_pct_negative_rejected FAILED [ 51%]
tests/finance/test_contracts.py::TestParameterRangeConfig::test_high_pct_too_large_rejected FAILED [ 51%]
tests/finance/test_contracts.py::TestParameterRangeConfig::test_high_less_than_abs_low_rejected FAILED [ 51%]
tests/finance/test_contracts.py::TestParameterRangeConfig::test_steps_too_few_rejected FAILED [ 52%]
tests/finance/test_contracts.py::TestParameterRangeConfig::test_steps_too_many_rejected FAILED [ 52%]
tests/finance/test_contracts.py::TestParameterRangeConfig::test_parametrized_value_calculations[1000--15-25-850-1250] FAILED [ 52%]
tests/finance/test_contracts.py::TestParameterRangeConfig::test_parametrized_value_calculations[50--10-10-45-55] FAILED [ 52%]
tests/finance/test_contracts.py::TestParameterRangeConfig::test_parametrized_value_calculations[200--5-15-190-230] FAILED [ 52%]
tests/finance/test_contracts.py::TestParameterRangeConfig::test_parametrized_value_calculations[75--20-30-60-97.5] FAILED [ 52%]
tests/finance/test_contracts.py::TestTornadoResult::test_basic_creation FAILED [ 53%]
tests/finance/test_contracts.py::TestTornadoResult::test_impact_pct_calculation FAILED [ 53%]
tests/finance/test_contracts.py::TestTornadoResult::test_impact_abs_calculation FAILED [ 53%]
tests/finance/test_contracts.py::TestTornadoResult::test_impact_pct_zero_base FAILED [ 53%]
tests/finance/test_contracts.py::TestTornadoResult::test_negative_impact FAILED [ 53%]
tests/finance/test_contracts.py::TestTornadoResult::test_nan_handling FAILED [ 53%]
tests/finance/test_contracts.py::TestTornadoResult::test_parametrized_impact_calculations[0.1-0.08-0.12-40.0-0.04] FAILED [ 54%]
tests/finance/test_contracts.py::TestTornadoResult::test_parametrized_impact_calculations[0.15-0.1-0.2-66.67-0.1] FAILED [ 54%]
tests/finance/test_contracts.py::TestTornadoResult::test_parametrized_impact_calculations[0.08-0.06-0.1-50.0-0.04] FAILED [ 54%]
tests/finance/test_contracts.py::TestTornadoResult::test_parametrized_impact_calculations[0.12-0.11-0.13-16.67-0.02] FAILED [ 54%]
tests/finance/test_contracts.py::TestTornadoResult::test_sorting_by_impact_abs FAILED [ 54%]
tests/finance/test_contracts.py::TestIntegration::test_end_to_end_sensitivity_workflow FAILED [ 55%]
tests/finance/test_contracts.py::TestIntegration::test_batch_parameter_configs PASSED [ 55%]
tests/finance/test_contracts.py::TestIntegration::test_tornado_ranking FAILED [ 55%]
tests/finance/test_wacc_v14.py::test_compute_wacc_from_config_fixed_mode_and_extract_rates PASSED [ 55%]
tests/finance/test_wacc_v14.py::test_compute_wacc_from_config_capm_mode_matches_expected_values PASSED [ 55%]
tests/finance/test_wacc_v14.py::test_extract_wacc_rates_without_wacc_block_returns_none PASSED [ 55%]
tests/finance/test_wacc_v14.py::test_compute_wacc_from_config_is_compatible_with_analytics_contract PASSED [ 56%]
tests/integration/test_fx_monte_carlo_integration.py::TestMCConfigExtraction::test_mc_iterations_key_priority PASSED [ 56%]
tests/integration/test_fx_monte_carlo_integration.py::TestMCConfigExtraction::test_mc_fallback_to_n_iterations PASSED [ 56%]
tests/integration/test_fx_monte_carlo_integration.py::TestMCConfigExtraction::test_mc_default_iterations PASSED [ 56%]
tests/integration/test_fx_monte_carlo_integration.py::TestMCDiscountRate::test_discount_rate_from_config PASSED [ 56%]
tests/integration/test_fx_monte_carlo_integration.py::TestMCDiscountRate::test_discount_rate_default PASSED [ 56%]
tests/integration/test_fx_monte_carlo_integration.py::TestMCDiscountRate::test_discount_rate_various_values PASSED [ 57%]
tests/integration/test_fx_monte_carlo_integration.py::TestFXSampling::test_fx_factor_applied_to_revenue FAILED [ 57%]
tests/integration/test_fx_monte_carlo_integration.py::TestFXSampling::test_fx_rate_variation PASSED [ 57%]
tests/integration/test_fx_monte_carlo_integration.py::TestMCRawResults::test_raw_results_populated PASSED [ 57%]
tests/integration/test_fx_monte_carlo_integration.py::TestMCRawResults::test_raw_results_dict_format PASSED [ 57%]
tests/integration/test_fx_monte_carlo_integration.py::TestMCStatistics::test_statistics_computed PASSED [ 57%]
tests/integration/test_fx_monte_carlo_integration.py::TestMCStatistics::test_percentiles_ordered PASSED [ 58%]
tests/integration/test_fx_monte_carlo_integration.py::TestMCIntegrationWithEvaluation::test_mc_result_produces_monte_carlo_contract PASSED [ 58%]
tests/integration/test_fx_monte_carlo_integration.py::TestMCIntegrationWithEvaluation::test_mc_with_config_path_loading PASSED [ 58%]
tests/lint/test_equity_distribution_compliance.py::TestGWTFCompliance::test_module_exists PASSED [ 58%]
tests/lint/test_equity_distribution_compliance.py::TestGWTFCompliance::test_no_argparse_import PASSED [ 58%]
tests/lint/test_equity_distribution_compliance.py::TestGWTFCompliance::test_no_typer_import PASSED [ 58%]
tests/lint/test_equity_distribution_compliance.py::TestGWTFCompliance::test_uses_pydantic_v2 PASSED [ 59%]
tests/lint/test_equity_distribution_compliance.py::TestGWTFCompliance::test_has_type_annotations PASSED [ 59%]
tests/lint/test_equity_distribution_compliance.py::TestGWTFCompliance::test_has_module_docstring PASSED [ 59%]
tests/lint/test_equity_distribution_compliance.py::TestGWTFCompliance::test_classes_have_docstrings PASSED [ 59%]
tests/lint/test_equity_distribution_compliance.py::TestGWTFCompliance::test_public_methods_have_docstrings PASSED [ 59%]
tests/lint/test_equity_distribution_compliance.py::TestGWTFCompliance::test_uses_logging_not_print FAILED [ 60%]
tests/lint/test_equity_distribution_compliance.py::TestGWTFCompliance::test_has_field_validators PASSED [ 60%]
tests/lint/test_equity_distribution_compliance.py::TestGWTFCompliance::test_imports_from_future FAILED [ 60%]
tests/lint/test_equity_distribution_compliance.py::TestGWTFCompliance::test_no_hardcoded_magic_numbers FAILED [ 60%]
tests/lint/test_equity_distribution_compliance.py::TestGWTFCompliance::test_classes_use_proper_typing PASSED [ 60%]
tests/lint/test_equity_distribution_compliance.py::TestGWTFCompliance::test_config_uses_field_defaults PASSED [ 60%]
tests/lint/test_equity_distribution_compliance.py::TestGWTFCompliance::test_no_global_state PASSED [ 61%]
tests/lint/test_equity_distribution_v14_compliance.py::TestTypeHints::test_equity_distribution_config_type_hints PASSED [ 61%]
tests/lint/test_equity_distribution_v14_compliance.py::TestTypeHints::test_covenant_gate_methods_type_hints PASSED [ 61%]
tests/lint/test_equity_distribution_v14_compliance.py::TestTypeHints::test_main_function_type_hints PASSED [ 61%]
tests/lint/test_equity_distribution_v14_compliance.py::TestDocstrings::test_config_class_docstring PASSED [ 61%]
tests/lint/test_equity_distribution_v14_compliance.py::TestDocstrings::test_covenant_gate_docstring PASSED [ 61%]
tests/lint/test_equity_distribution_v14_compliance.py::TestDocstrings::test_main_function_docstring PASSED [ 62%]
tests/lint/test_equity_distribution_v14_compliance.py::TestDocstrings::test_calculator_methods_docstrings PASSED [ 62%]
tests/lint/test_equity_distribution_v14_compliance.py::TestNonHardcodedValues::test_covenant_thresholds_from_config PASSED [ 62%]
tests/lint/test_equity_distribution_v14_compliance.py::TestNonHardcodedValues::test_distribution_parameters_from_config PASSED [ 62%]
tests/lint/test_equity_distribution_v14_compliance.py::TestNonHardcodedValues::test_reserve_targets_from_config PASSED [ 62%]
tests/lint/test_equity_distribution_v14_compliance.py::TestConfigDriven::test_all_covenant_gates_configurable PASSED [ 62%]
tests/lint/test_equity_distribution_v14_compliance.py::TestConfigDriven::test_equity_returns_configurable PASSED [ 63%]
tests/lint/test_equity_distribution_v14_compliance.py::TestConfigDriven::test_waterfall_priority_from_config PASSED [ 63%]
tests/lint/test_equity_distribution_v14_compliance.py::TestCodeQuality::test_no_print_statements PASSED [ 63%]
tests/lint/test_equity_distribution_v14_compliance.py::TestCodeQuality::test_enums_properly_defined PASSED [ 63%]
tests/lint/test_equity_distribution_v14_compliance.py::TestCodeQuality::test_output_dataclass_properly_structured PASSED [ 63%]
tests/lint/test_equity_distribution_v14_compliance.py::TestCodeQuality::test_configuration_validation PASSED [ 63%]
tests/lint/test_equity_fence_v14.py::test_equity_metric_functions_only_defined_in_equity_v14 XFAIL [ 64%]
tests/lint/test_irr_location_v14.py::test_irr_npz_only_in_finance_irr PASSED [ 64%]
tests/lint/test_no_argparse_v14.py::test_no_argparse_anywhere PASSED     [ 64%]
tests/lint/test_no_typer_v14.py::test_no_typer_in_v14_clis SKIPPED (...) [ 64%]
tests/lint/test_refinancing_module_compliance.py::TestTypeHints::test_refinancing_config_typed FAILED [ 64%]
tests/lint/test_refinancing_module_compliance.py::TestTypeHints::test_refinancing_trigger_methods_typed FAILED [ 65%]
tests/lint/test_refinancing_module_compliance.py::TestTypeHints::test_refinancing_v14_methods_typed FAILED [ 65%]
tests/lint/test_refinancing_module_compliance.py::TestDocstrings::test_module_docstring PASSED [ 65%]
tests/lint/test_refinancing_module_compliance.py::TestDocstrings::test_config_class_docstring PASSED [ 65%]
tests/lint/test_refinancing_module_compliance.py::TestDocstrings::test_trigger_class_docstring PASSED [ 65%]
tests/lint/test_refinancing_module_compliance.py::TestDocstrings::test_calculator_class_docstring PASSED [ 65%]
tests/lint/test_refinancing_module_compliance.py::TestDocstrings::test_calculator_methods_have_docstrings FAILED [ 66%]
tests/lint/test_refinancing_module_compliance.py::TestNoHardcoding::test_trigger_uses_config_values FAILED [ 66%]
tests/lint/test_refinancing_module_compliance.py::TestErrorHandling::test_invalid_dscr_raises FAILED [ 66%]
tests/lint/test_refinancing_module_compliance.py::TestErrorHandling::test_invalid_rate_raises FAILED [ 66%]
tests/lint/test_refinancing_module_compliance.py::TestErrorHandling::test_invalid_tenor_raises FAILED [ 66%]
tests/lint/test_refinancing_module_compliance.py::TestEdgeCases::test_year_zero FAILED [ 66%]
tests/lint/test_refinancing_module_compliance.py::TestEdgeCases::test_minimum_dscr FAILED [ 67%]
tests/lint/test_refinancing_module_compliance.py::TestEdgeCases::test_zero_debt_balance FAILED [ 67%]
tests/lint/test_refinancing_v14_compliance.py::TestTypeHints::test_refinancing_config_type_hints PASSED [ 67%]
tests/lint/test_refinancing_v14_compliance.py::TestTypeHints::test_refinancing_calculator_methods_type_hints FAILED [ 67%]
tests/lint/test_refinancing_v14_compliance.py::TestTypeHints::test_main_function_type_hints PASSED [ 67%]
tests/lint/test_refinancing_v14_compliance.py::TestDocstrings::test_config_class_docstring PASSED [ 67%]
tests/lint/test_refinancing_v14_compliance.py::TestDocstrings::test_trigger_class_docstring PASSED [ 68%]
tests/lint/test_refinancing_v14_compliance.py::TestDocstrings::test_main_function_docstring PASSED [ 68%]
tests/lint/test_refinancing_v14_compliance.py::TestDocstrings::test_calculator_methods_have_docstrings PASSED [ 68%]
tests/lint/test_refinancing_v14_compliance.py::TestNonHardcodedValues::test_trigger_thresholds_from_config PASSED [ 68%]
tests/lint/test_refinancing_v14_compliance.py::TestNonHardcodedValues::test_calculator_parameters_from_config PASSED [ 68%]
tests/lint/test_refinancing_v14_compliance.py::TestConfigDriven::test_all_thresholds_configurable PASSED [ 68%]
tests/lint/test_refinancing_v14_compliance.py::TestConfigDriven::test_debt_schedule_uses_config FAILED [ 69%]
tests/lint/test_refinancing_v14_compliance.py::TestCodeQuality::test_no_print_statements PASSED [ 69%]
tests/lint/test_refinancing_v14_compliance.py::TestCodeQuality::test_config_validation_present PASSED [ 69%]
tests/lint/test_refinancing_v14_compliance.py::TestCodeQuality::test_return_types_validated PASSED [ 69%]
tests/lint/test_sensitivity_v14_imports.py::test_sensitivity_v14_import_fence SKIPPED [ 69%]
tests/lint/test_tax_module_compliance.py::TestTaxModuleCompliance::test_no_hardcoded_numeric_constants PASSED [ 70%]
tests/lint/test_tax_module_compliance.py::TestTaxModuleCompliance::test_no_argparse_import PASSED [ 70%]
tests/lint/test_tax_module_compliance.py::TestTaxModuleCompliance::test_no_typer_import PASSED [ 70%]
tests/lint/test_tax_module_compliance.py::TestTaxModuleCompliance::test_no_sys_argv_parsing PASSED [ 70%]
tests/lint/test_tax_module_compliance.py::TestTaxModuleCompliance::test_has_omegaconf_import PASSED [ 70%]
tests/lint/test_tax_module_compliance.py::TestTaxModuleCompliance::test_has_proper_config_extraction PASSED [ 70%]
tests/lint/test_tax_module_compliance.py::TestTaxModuleCompliance::test_has_docstring PASSED [ 71%]
tests/lint/test_tax_module_compliance.py::TestTaxModuleCompliance::test_has_type_hints PASSED [ 71%]
tests/lint/test_tax_module_compliance.py::TestTaxModuleCompliance::test_has_frozen_dataclass PASSED [ 71%]
tests/lint/test_tax_module_compliance.py::TestTaxModuleCompliance::test_has_config_source_tracking PASSED [ 71%]
tests/lint/test_tax_module_compliance.py::TestTaxModuleCompliance::test_no_interactive_input PASSED [ 71%]
tests/lint/test_tax_module_compliance.py::TestTaxModuleCompliance::test_no_global_mutable_defaults PASSED [ 71%]
tests/lint/test_tax_module_compliance.py::TestTaxModuleCompliance::test_has_validation PASSED [ 72%]
tests/lint/test_tax_module_compliance.py::TestTaxModuleCompliance::test_no_bare_except PASSED [ 72%]
tests/test_cli_v14_smoke.py::test_cli_v14_pipeline_invocation FAILED     [ 72%]
tests/test_contracts_v14_validators.py::TestDSCRValidation::test_dscr_valid_midrange_value PASSED [ 72%]
tests/test_contracts_v14_validators.py::TestDSCRValidation::test_dscr_minimum_boundary_valid PASSED [ 72%]
tests/test_contracts_v14_validators.py::TestDSCRValidation::test_dscr_maximum_boundary_valid PASSED [ 72%]
tests/test_contracts_v14_validators.py::TestDSCRValidation::test_dscr_below_minimum_returns_warning PASSED [ 73%]
tests/test_contracts_v14_validators.py::TestDSCRValidation::test_dscr_above_maximum_returns_info PASSED [ 73%]
tests/test_contracts_v14_validators.py::TestDSCRValidation::test_dscr_non_numeric_returns_error PASSED [ 73%]
tests/test_contracts_v14_validators.py::TestDSCRValidation::test_dscr_error_contains_remediation PASSED [ 73%]
tests/test_contracts_v14_validators.py::TestDSCRValidation::test_dscr_error_message_format PASSED [ 73%]
tests/test_contracts_v14_validators.py::TestIRRValidation::test_irr_valid_range_renewable PASSED [ 73%]
tests/test_contracts_v14_validators.py::TestIRRValidation::test_irr_minimum_boundary_valid PASSED [ 74%]
tests/test_contracts_v14_validators.py::TestIRRValidation::test_irr_maximum_boundary_valid PASSED [ 74%]
tests/test_contracts_v14_validators.py::TestIRRValidation::test_irr_nan_returns_critical PASSED [ 74%]
tests/test_contracts_v14_validators.py::TestIRRValidation::test_irr_infinity_returns_critical PASSED [ 74%]
tests/test_contracts_v14_validators.py::TestIRRValidation::test_irr_negative_infinity_returns_critical PASSED [ 74%]
tests/test_contracts_v14_validators.py::TestIRRValidation::test_irr_negative_return_allowed PASSED [ 75%]
tests/test_contracts_v14_validators.py::TestIRRValidation::test_irr_non_numeric_returns_error PASSED [ 75%]
tests/test_contracts_v14_validators.py::TestWACCValidation::test_wacc_valid_renewable_range PASSED [ 75%]
tests/test_contracts_v14_validators.py::TestWACCValidation::test_wacc_minimum_boundary_valid PASSED [ 75%]
tests/test_contracts_v14_validators.py::TestWACCValidation::test_wacc_maximum_boundary_valid PASSED [ 75%]
tests/test_contracts_v14_validators.py::TestWACCValidation::test_wacc_below_minimum_returns_warning PASSED [ 75%]
tests/test_contracts_v14_validators.py::TestWACCValidation::test_wacc_above_maximum_returns_warning PASSED [ 76%]
tests/test_contracts_v14_validators.py::TestWACCValidation::test_wacc_non_numeric_returns_error PASSED [ 76%]
tests/test_contracts_v14_validators.py::TestCovenantBreachLogic::test_dscr_above_threshold_no_breach PASSED [ 76%]
tests/test_contracts_v14_validators.py::TestCovenantBreachLogic::test_dscr_at_threshold_no_breach PASSED [ 76%]
tests/test_contracts_v14_validators.py::TestCovenantBreachLogic::test_dscr_below_threshold_breach_detected PASSED [ 76%]
tests/test_contracts_v14_validators.py::TestCovenantBreachLogic::test_dscr_below_one_negative_cash_flow_warning PASSED [ 76%]
tests/test_contracts_v14_validators.py::TestCovenantBreachLogic::test_breach_remediation_includes_guidance PASSED [ 77%]
tests/test_contracts_v14_validators.py::TestCovenantBreachLogic::test_non_numeric_dscr_returns_error PASSED [ 77%]
tests/test_contracts_v14_validators.py::TestValidationResultContainer::test_validation_result_initialized_valid PASSED [ 77%]
tests/test_contracts_v14_validators.py::TestValidationResultContainer::test_validation_result_has_timestamp PASSED [ 77%]
tests/test_contracts_v14_validators.py::TestValidationResultContainer::test_has_critical_errors_detects_critical PASSED [ 77%]
tests/test_contracts_v14_validators.py::TestValidationResultContainer::test_has_errors_counts_error_and_critical PASSED [ 77%]
tests/test_contracts_v14_validators.py::TestValidationResultContainer::test_error_count_by_severity PASSED [ 78%]
tests/test_contracts_v14_validators.py::TestValidationResultContainer::test_error_count_all_when_none_specified PASSED [ 78%]
tests/test_contracts_v14_validators.py::TestValidationResultContainer::test_validation_error_has_context PASSED [ 78%]
tests/test_contracts_v14_validators.py::TestValidationResultContainer::test_validation_error_str_representation PASSED [ 78%]
tests/test_contracts_v14_validators.py::TestIntegrationValidation::test_scenario_result_with_valid_metrics PASSED [ 78%]
tests/test_contracts_v14_validators.py::TestIntegrationValidation::test_scenario_result_with_invalid_irr_returns_errors PASSED [ 78%]
tests/test_contracts_v14_validators.py::TestIntegrationValidation::test_scenario_result_strict_mode_raises_on_critical PASSED [ 79%]
tests/test_contracts_v14_validators.py::TestIntegrationValidation::test_batch_validation_of_multiple_scenarios PASSED [ 79%]
tests/test_contracts_v14_validators.py::TestEdgeCasesStress::test_validation_with_zero_values PASSED [ 79%]
tests/test_contracts_v14_validators.py::TestEdgeCasesStress::test_validation_with_extreme_values PASSED [ 79%]
tests/test_contracts_v14_validators.py::TestEdgeCasesStress::test_multiple_errors_aggregation PASSED [ 79%]
tests/test_contracts_v14_validators.py::TestEdgeCasesStress::test_validation_performance_with_large_batch PASSED [ 80%]
tests/test_export_smoke.py::test_scenario_analytics_excel_export_smoke PASSED [ 80%]
tests/test_fx_config_strictness.py::test_fx_mapping_with_start_rate_is_accepted PASSED [ 80%]
tests/test_fx_config_strictness.py::test_scenarios_use_mapping_fx PASSED [ 80%]
tests/test_fx_config_strictness.py::test_scalar_fx_is_rejected_with_clear_error PASSED [ 80%]
tests/test_fx_pipeline_integration.py::TestFXPipelineIntegrationWithConfig::test_pipeline_with_minimal_fx_config FAILED [ 80%]
tests/test_fx_pipeline_integration.py::TestFXPipelineIntegrationWithConfig::test_pipeline_with_multicurrency_fx_config FAILED [ 81%]
tests/test_fx_pipeline_integration.py::TestFXPipelineIntegrationWithConfig::test_pipeline_with_eur_gbp_curves FAILED [ 81%]
tests/test_fx_pipeline_integration.py::TestFXPipelineIntegrationWithoutConfig::test_pipeline_without_fx_config FAILED [ 81%]
tests/test_fx_pipeline_integration.py::TestFXPipelineIntegrationWithoutConfig::test_pipeline_with_empty_fx_section FAILED [ 81%]
tests/test_fx_pipeline_integration.py::TestFXPipelineIntegrationErrors::test_pipeline_with_curve_length_mismatch FAILED [ 81%]
tests/test_fx_pipeline_integration.py::TestFXPipelineIntegrationErrors::test_pipeline_with_optional_curve_length_mismatch FAILED [ 81%]
tests/test_fx_pipeline_integration.py::TestFXPipelineIntegrationErrors::test_pipeline_with_malformed_config_structure FAILED [ 82%]
tests/test_fx_pipeline_integration.py::TestFXPipelineScenarioResultIntegration::test_scenario_result_dict_has_fx_fields FAILED [ 82%]
tests/test_fx_pipeline_integration.py::TestFXPipelineScenarioResultIntegration::test_fx_fields_roundtrip_through_asdict FAILED [ 82%]
tests/test_fx_pipeline_integration.py::TestFXPipelineLogging::test_pipeline_logs_fx_integration FAILED [ 82%]
tests/test_fx_pipeline_integration.py::TestFXPipelineParametrized::test_fx_strategies[natural_hedge-0.0-0.0] FAILED [ 82%]
tests/test_fx_pipeline_integration.py::TestFXPipelineParametrized::test_fx_strategies[fixed_ccy-50.0-100.0] FAILED [ 82%]
tests/test_fx_pipeline_integration.py::TestFXPipelineParametrized::test_fx_strategies[hedged-75.0-50.0] FAILED [ 83%]
tests/test_fx_pipeline_integration.py::TestFXPipelineParametrized::test_fx_strategies[blended-25.0-25.0] FAILED [ 83%]
tests/test_fx_structured_blocks.py::TestFXVolumetry::test_valid_volumetry PASSED [ 83%]
tests/test_fx_structured_blocks.py::TestFXVolumetry::test_volumetry_usd_exposure PASSED [ 83%]
tests/test_fx_structured_blocks.py::TestFXCurveOutput::test_valid_fx_curve PASSED [ 83%]
tests/test_fx_structured_blocks.py::TestFXCurveOutput::test_curve_length_mismatch_rejected PASSED [ 83%]
tests/test_fx_structured_blocks.py::TestFXCurveOutput::test_negative_rate_rejected PASSED [ 84%]
tests/test_fx_structured_blocks.py::TestFXCurveOutput::test_zero_rate_rejected PASSED [ 84%]
tests/test_fx_structured_blocks.py::TestFXCurveOutput::test_get_rate_lkr_usd PASSED [ 84%]
tests/test_fx_structured_blocks.py::TestFXCurveOutput::test_get_rate_year_not_found PASSED [ 84%]
tests/test_fx_structured_blocks.py::TestFXCurveOutput::test_get_rate_optional_currency PASSED [ 84%]
tests/test_fx_structured_blocks.py::TestFXCurveOutput::test_get_rate_unavailable_currency PASSED [ 85%]
tests/test_fx_structured_blocks.py::TestFXCurveOutput::test_fx_curve_to_dict PASSED [ 85%]
tests/test_fx_structured_blocks.py::TestFXRiskProfile::test_valid_risk_profile PASSED [ 85%]
tests/test_fx_structured_blocks.py::TestFXRiskProfile::test_debt_percentages_must_sum_to_100 PASSED [ 85%]
tests/test_fx_structured_blocks.py::TestFXRiskProfile::test_var_must_be_less_than_cvar PASSED [ 85%]
tests/test_fx_structured_blocks.py::TestFXRiskProfile::test_hhi_out_of_range_rejected PASSED [ 85%]
tests/test_fx_structured_blocks.py::TestFXRiskProfile::test_is_high_risk_flag PASSED [ 86%]
tests/test_fx_structured_blocks.py::TestFXRiskProfile::test_is_not_high_risk PASSED [ 86%]
tests/test_fx_structured_blocks.py::TestFXRiskProfile::test_risk_profile_to_dict PASSED [ 86%]
tests/test_fx_structured_blocks.py::TestFXStructuredBlock::test_valid_structured_block PASSED [ 86%]
tests/test_fx_structured_blocks.py::TestFXStructuredBlock::test_fx_match_ratio_out_of_range_rejected PASSED [ 86%]
tests/test_fx_structured_blocks.py::TestFXStructuredBlock::test_hedging_coverage_out_of_range_rejected PASSED [ 86%]
tests/test_fx_structured_blocks.py::TestFXStructuredBlock::test_invalid_base_currency_rejected PASSED [ 87%]
tests/test_fx_structured_blocks.py::TestFXStructuredBlock::test_invalid_reporting_currency_rejected PASSED [ 87%]
tests/test_fx_structured_blocks.py::TestFXStructuredBlock::test_total_periods_empty_volumetry PASSED [ 87%]
tests/test_fx_structured_blocks.py::TestFXStructuredBlock::test_total_periods_with_volumetry PASSED [ 87%]
tests/test_fx_structured_blocks.py::TestFXStructuredBlock::test_total_debt_usd_equivalent PASSED [ 87%]
tests/test_fx_structured_blocks.py::TestFXStructuredBlock::test_structured_block_to_dict PASSED [ 87%]
tests/test_fx_structured_blocks.py::TestFXIntegration::test_complete_fx_scenario PASSED [ 88%]
tests/test_refinancing_v14_hardened.py::TestConfigValidation::test_valid_config_accepted PASSED [ 88%]
tests/test_refinancing_v14_hardened.py::TestConfigValidation::test_disabled_refinancing_skips_validation PASSED [ 88%]
tests/test_refinancing_v14_hardened.py::TestConfigValidation::test_missing_triggers_raises_error PASSED [ 88%]
tests/test_refinancing_v14_hardened.py::TestConfigValidation::test_missing_coupon_raises_error PASSED [ 88%]
tests/test_refinancing_v14_hardened.py::TestConfigValidation::test_invalid_coupon_raises_error PASSED [ 88%]
tests/test_refinancing_v14_hardened.py::TestConfigValidation::test_invalid_cost_pct_raises_error PASSED [ 89%]
tests/test_refinancing_v14_hardened.py::TestConfigValidation::test_invalid_principal_repayment_raises_error PASSED [ 89%]
tests/test_refinancing_v14_hardened.py::TestConfigValidation::test_invalid_tenor_raises_error PASSED [ 89%]
tests/test_refinancing_v14_hardened.py::TestConfigValidation::test_config_with_all_bounds_valid PASSED [ 89%]
tests/test_refinancing_v14_hardened.py::TestPipelineIntegration::test_debt_principal_extraction PASSED [ 89%]
tests/test_refinancing_v14_hardened.py::TestPipelineIntegration::test_dscr_series_extraction PASSED [ 90%]
tests/test_refinancing_v14_hardened.py::TestPipelineIntegration::test_empty_debt_result_handles_gracefully PASSED [ 90%]
tests/test_refinancing_v14_hardened.py::TestPipelineIntegration::test_missing_dscr_series_handles_gracefully PASSED [ 90%]
tests/test_refinancing_v14_hardened.py::TestPipelineIntegration::test_calculator_repr_shows_status FAILED [ 90%]
tests/test_refinancing_v14_hardened.py::TestPipelineIntegration::test_annual_rows_length_validation PASSED [ 90%]
tests/test_refinancing_v14_hardened.py::TestPipelineIntegration::test_coupon_rate_extraction PASSED [ 90%]
tests/test_refinancing_v14_hardened.py::TestPipelineIntegration::test_multiple_debt_result_formats_supported PASSED [ 91%]
tests/test_refinancing_v14_hardened.py::TestRefinancingCalculations::test_refinancing_event_returns_output PASSED [ 91%]
tests/test_refinancing_v14_hardened.py::TestRefinancingCalculations::test_npv_benefit_calculation PASSED [ 91%]
tests/test_refinancing_v14_hardened.py::TestRefinancingCalculations::test_refinancing_cost_deducted_from_benefit PASSED [ 91%]
tests/test_refinancing_v14_hardened.py::TestRefinancingCalculations::test_equity_irr_benefit_calculation PASSED [ 91%]
tests/test_refinancing_v14_hardened.py::TestRefinancingCalculations::test_covenant_breach_resolution_detected PASSED [ 91%]
tests/test_refinancing_v14_hardened.py::TestRefinancingCalculations::test_refinancing_disabled_returns_no_event PASSED [ 92%]
tests/test_refinancing_v14_hardened.py::TestRefinancingCalculations::test_invalid_year_raises_error PASSED [ 92%]
tests/test_refinancing_v14_hardened.py::TestRefinancingCalculations::test_invalid_dscr_raises_error PASSED [ 92%]
tests/test_refinancing_v14_hardened.py::TestRefinancingCalculations::test_tenor_used_in_npv_calculation PASSED [ 92%]
tests/test_refinancing_v14_hardened.py::TestValidatorFunctions::test_dscr_valid_range_accepted PASSED [ 92%]
tests/test_refinancing_v14_hardened.py::TestValidatorFunctions::test_dscr_out_of_range_raises_error PASSED [ 92%]
tests/test_refinancing_v14_hardened.py::TestValidatorFunctions::test_coupon_valid_range_accepted PASSED [ 93%]
tests/test_refinancing_v14_hardened.py::TestValidatorFunctions::test_coupon_out_of_range_raises_error PASSED [ 93%]
tests/test_refinancing_v14_hardened.py::TestValidatorFunctions::test_tenor_valid_range_accepted PASSED [ 93%]
tests/test_refinancing_v14_hardened.py::TestValidatorFunctions::test_tenor_out_of_range_raises_error PASSED [ 93%]
tests/test_refinancing_v14_hardened.py::TestValidatorFunctions::test_cost_pct_valid_range_accepted PASSED [ 93%]
tests/test_refinancing_v14_hardened.py::TestValidatorFunctions::test_cost_pct_out_of_range_raises_error PASSED [ 93%]
tests/test_refinancing_v14_hardened.py::TestExceptionHandling::test_refinancing_validation_error_type PASSED [ 94%]
tests/test_refinancing_v14_hardened.py::TestExceptionHandling::test_refinancing_config_error_type PASSED [ 94%]
tests/test_refinancing_v14_hardened.py::TestExceptionHandling::test_refinancing_calculation_error_type PASSED [ 94%]
tests/test_refinancing_v14_hardened.py::TestExceptionHandling::test_error_message_contains_constraint_info PASSED [ 94%]
tests/test_refinancing_v14_hardened.py::TestExceptionHandling::test_error_message_contains_actual_value PASSED [ 94%]
tests/test_refinancing_v14_hardened.py::TestExceptionHandling::test_type_error_for_non_numeric_dscr PASSED [ 95%]
tests/test_refinancing_v14_hardened.py::TestMetadataTracking::test_output_has_timestamp PASSED [ 95%]
tests/test_refinancing_v14_hardened.py::TestMetadataTracking::test_output_has_version PASSED [ 95%]
tests/test_refinancing_v14_hardened.py::TestMetadataTracking::test_metadata_contains_calculation_details PASSED [ 95%]
tests/test_refinancing_v14_hardened.py::TestMetadataTracking::test_covenant_tracking_in_output PASSED [ 95%]
tests/test_refinancing_v14_hardened.py::TestEdgeCasesStress::test_zero_principal_handles_gracefully PASSED [ 95%]
tests/test_refinancing_v14_hardened.py::TestEdgeCasesStress::test_high_dscr_values_handled FAILED [ 96%]
tests/test_refinancing_v14_hardened.py::TestEdgeCasesStress::test_large_dataset_performance PASSED [ 96%]
tests/test_refinancing_v14_hardened.py::TestEdgeCasesStress::test_floating_point_precision PASSED [ 96%]
tests/test_refinancing_v14_hardened.py::TestEdgeCasesStress::test_minimum_annual_rows_accepted PASSED [ 96%]
tests/test_refinancing_v14_hardened.py::TestEdgeCasesStress::test_negative_discount_rate_handled PASSED [ 96%]
tests/test_scenario_analytics_cli_v14_smoke.py::test_scenario_analytics_cli_v14_smoke PASSED [ 96%]
tests/test_scenario_analytics_smoke.py::test_scenario_analytics_smoke FAILED [ 97%]
tests/test_schema_guard_fx.py::TestFXValidationRejections::test_scalar_fx_is_rejected PASSED [ 97%]
tests/test_schema_guard_fx.py::TestFXValidationRejections::test_missing_fx_section_is_rejected PASSED [ 97%]
tests/test_schema_guard_fx.py::TestFXValidationRejections::test_fx_missing_start_rate_is_rejected PASSED [ 97%]
tests/test_schema_guard_fx.py::TestFXValidationRejections::test_fx_missing_annual_depr_is_rejected PASSED [ 97%]
tests/test_schema_guard_fx.py::TestFXValidationRejections::test_fx_wrong_type_is_rejected[list] PASSED [ 97%]
tests/test_schema_guard_fx.py::TestFXValidationRejections::test_fx_wrong_type_is_rejected[string] PASSED [ 98%]
tests/test_schema_guard_fx.py::TestFXValidationRejections::test_fx_wrong_type_is_rejected[int] PASSED [ 98%]
tests/test_schema_guard_fx.py::TestFXValidationAcceptance::test_structured_fx_is_accepted PASSED [ 98%]
tests/test_schema_guard_fx.py::TestFXValidationAcceptance::test_fx_with_zero_depr_is_accepted PASSED [ 98%]
tests/test_schema_guard_fx.py::TestFXValidationAcceptance::test_fx_with_negative_depr_is_accepted PASSED [ 98%]
tests/test_schema_guard_fx.py::TestFXValidationAcceptance::test_fx_with_extra_keys_is_accepted PASSED [ 98%]
tests/test_schema_guard_fx.py::TestFXValidationModuleIndependence::test_fx_validation_always_runs[cashflow_only] PASSED [ 99%]
tests/test_schema_guard_fx.py::TestFXValidationModuleIndependence::test_fx_validation_always_runs[debt_only] PASSED [ 99%]
tests/test_schema_guard_fx.py::TestFXValidationModuleIndependence::test_fx_validation_always_runs[both] PASSED [ 99%]
tests/test_schema_guard_fx.py::TestFXValidationModuleIndependence::test_fx_validation_always_runs[none] PASSED [ 99%]
tests/test_schema_guard_fx.py::TestErrorMessageQuality::test_missing_fx_error_is_descriptive PASSED [ 99%]
tests/test_schema_guard_fx.py::TestErrorMessageQuality::test_incomplete_fx_error_lists_missing_keys PASSED [100%]

=================================== FAILURES ===================================
_______________ test_casper_payload_includes_tail_risk_metadata ________________

tmp_path_factory = TempPathFactory(_given_basetemp=None, _trace=<pluggy._tracing.TagTracerSub object at 0x1077303d0>, _basetemp=PosixPath...ar/folders/s7/bjx1cll14tl2dnwsg35cnw9w0000gn/T/pytest-of-aruna/pytest-7'), _retention_count=3, _retention_policy='all')
monkeypatch = <_pytest.monkeypatch.MonkeyPatch object at 0x10c146b10>

    def test_casper_payload_includes_tail_risk_metadata(
        tmp_path_factory: pytest.TempPathFactory,
        monkeypatch: pytest.MonkeyPatch,
    ) -> None:
        """
        Ensure build_casper_payload preserves tail-risk metadata coming from
        evaluate_with_casper_tail_risk.
    
        This is deliberately end-to-end-ish but with cheap fakes:
        - Toy config files on disk so evaluation_v14 can resolve paths.
        - Fake pipeline + MC orchestrators from _casper_fakes.
        - Patched tornado_df so tail-risk enrichment doesn't touch export module.
        """
        # --- 1. Create toy config files on disk -------------------------------------
        conf_dir = tmp_path_factory.mktemp("conf")
    
        cfg_path = conf_dir / "toy.yaml"
        mc_cfg_path = conf_dir / "monte_carlo_toy.yaml"
    
        cfg_path.write_text(
            "project:\n" "  name: Toy Scenario\n" "  capex_usd_per_kw: 1500\n"
        )
        mc_cfg_path.write_text("monte_carlo:\n" "  iterations: 10\n")
    
        # --- 2. Patch pipeline + MC orchestrators inside evaluation_v14 -------------
        monkeypatch.setattr(evaluation_v14, "run_v14_pipeline", fake_run_v14_pipeline)
        monkeypatch.setattr(
            evaluation_v14,
            "run_monte_carlo_analysis",
            fake_run_monte_carlo_analysis,
        )
    
        # --- 3. Patch tornado_df so tail-risk code doesn't touch export module -----
        def fake_tornado_df(_suite: SensitivitySuite) -> pd.DataFrame:
            return pd.DataFrame(
                {
                    "Variable": ["project.capex_usd_per_kw"],
                    "Low Metric": [0.11],
                    "High Metric": [0.13],
                }
            )
    
        monkeypatch.setattr(tr, "tornado_suite_to_dataframe", fake_tornado_df)
    
        # --- 4. Minimal SensitivitySuite for tail-risk enrichment -------------------
        suite = SensitivitySuite(
            tornado_results=[
>               TornadoResult(
                    variable="project.capex_usd_per_kw",
                    base_irr=0.12,
                    low_irr=0.10,
                    high_irr=0.14,
                ),
            ],
            base_metric=0.12,
            base_config_path=str(cfg_path),
            metric="project_irr",
        )
E       TypeError: TornadoResult.__init__() got an unexpected keyword argument 'variable'

tests/analytics_layer/test_casper_tail_risk_payload.py:66: TypeError
_____________ test_build_casper_payload_includes_tail_risk_summary _____________

    def test_build_casper_payload_includes_tail_risk_summary() -> None:
        scenario = _toy_scenario()
        mc = _toy_mc()
    
        baseline_kpis: Dict[str, float] = {
            "project_irr": 0.12,
            "project_npv": 1_000_000.0,
            "min_dscr": 1.40,
        }
    
        snapshots = {
>           "project_irr": TailRiskSnapshot(
                metric="project_irr",
                confidence=0.9,
                var=0.105,
                cvar=0.100,
                p10=0.11,
                p50=0.12,
                p90=0.13,
                breach_probability=0.08,
            ),
            "dscr_min": TailRiskSnapshot(
                metric="dscr_min",
                confidence=0.9,
                var=1.25,
                cvar=1.20,
                p10=1.30,
                p50=1.40,
                p90=1.50,
                breach_probability=0.10,
            ),
        }
E       TypeError: TailRiskSnapshot.__init__() got an unexpected keyword argument 'metric'

tests/analytics_layer/test_casper_tail_risk_summary.py:63: TypeError
______________________ test_technology_breakdown_snapshot ______________________

    def test_technology_breakdown_snapshot() -> None:
        """Minimal snapshot to pin the lender-facing shape.
    
        This is deliberately tiny: we just assert the dict form, so any future
        field changes will be very obvious in diffs.
        """
>       tb = TechnologyBreakdown(
            technology="wind",
            share_of_capex_pct=70.0,
            share_of_cfads_pct=80.0,
            share_of_aep_pct=100.0,
            notes="toy snapshot for tests",
        )
E       TypeError: TechnologyBreakdown.__init__() got an unexpected keyword argument 'technology'

tests/analytics_layer/test_generation_contracts_v14.py:12: TypeError
______ test_run_breakeven_parameter_uses_absolute_overrides_and_converges ______

monkeypatch = <_pytest.monkeypatch.MonkeyPatch object at 0x10d3ca390>

    def test_run_breakeven_parameter_uses_absolute_overrides_and_converges(
        monkeypatch: pytest.MonkeyPatch,
    ) -> None:
        """
        Contract test for run_breakeven_parameter.
    
        Guarantees:
        - Uses _get_base_param_value(...) to derive base scalar.
        - Calls evaluate_with_overrides(config_path, overrides) with ABSOLUTE
          parameter values (no fractional multipliers).
        - Converges to the correct root for a simple monotonic toy function.
        """
    
        import analytics.sensitivity_v14 as mod
    
        # ── 1) Stub base param lookup ─────────────────────────────────────────
        def fake_get_base_param_value(config_path: str, variable_name: str) -> float:
            assert config_path == "dummy.yaml"
            assert variable_name == "tariff.tariff_lkr_per_kwh"
            # Base value = 10.0 (arbitrary but convenient)
            return 10.0
    
        monkeypatch.setattr(mod, "_get_base_param_value", fake_get_base_param_value)
    
        # ── 2) Stub evaluation gateway and record overrides ───────────────────
        calls: List[Dict[str, Any]] = []
    
        def fake_evaluate_with_overrides(
            config_path: str,
            overrides: Dict[str, Any] | None,
        ) -> Dict[str, float]:
            assert config_path == "dummy.yaml"
    
            # Base call: None → provide base KPI dict
            if overrides is None:
                return {"project_irr": 0.05}
    
            # Record override structure for later inspection
            calls.append(overrides)
    
            # Toy monotonic mapping:
            # project_irr = (tariff - 8.0) / 100
            tariff_block = overrides.get("tariff", {})
            tariff_val = float(tariff_block["tariff_lkr_per_kwh"])
            irr = (tariff_val - 8.0) / 100.0
            return {"project_irr": irr}
    
        monkeypatch.setattr(mod, "evaluate_with_overrides", fake_evaluate_with_overrides)
    
        # Target: project_irr = 0.02  ⇒  (x - 8) / 100 = 0.02  ⇒  x = 10
>       result = run_breakeven_parameter(
            base_config_path="dummy.yaml",
            variable_name="tariff.tariff_lkr_per_kwh",
            target_metric="project_irr",
            target_value=0.02,
            low_pct=-0.5,  # -50% ⇒ 5.0
            high_pct=0.5,  # +50% ⇒ 15.0
            tol=1e-6,
            max_iter=30,
        )

tests/analytics_layer/test_sensitivity_breakeven_contract.py:61: 
_ _ _ _ _ _ _ _ _ _ _ _ _ _ _ _ _ _ _ _ _ _ _ _ _ _ _ _ _ _ _ _ _ _ _ _ _ _ _ _ 

base_config_path = 'dummy.yaml', variable_name = 'tariff.tariff_lkr_per_kwh'
target_metric = 'project_irr', target_value = 0.02

    def run_breakeven_parameter(
        base_config_path: str,
        variable_name: str,
        target_metric: str = "project_irr",
        target_value: float = 0.0,
        *,
        low_pct: float = -0.5,
        high_pct: float = 0.5,
        tol: float = 1e-4,
        max_iter: int = 50,
    ) -> BreakevenResult:
        """
        Solve for the parameter value that yields a target metric (e.g., IRR).
    
        Uses a simple bisection method on +/- percentage range of the *base*
        parameter value, derived from the v14 scenario config.
    
        Phase 1 Key Changes
        -------------------
        1. Applies ABSOLUTE parameter values via evaluate_with_overrides(), not
           fractional multipliers that break config validation.
        2. Derives the base parameter value from the scenario config using
           _get_base_param_value(), so low_pct/high_pct are true percentage shocks.
    
        Parameters
        ----------
        base_config_path : str
            Path to the base v14 scenario config.
    
        variable_name : str
            Name of the parameter to vary (e.g., "tariff.tariff_lkr_per_kwh").
    
        target_metric : str, default "project_irr"
            Name of the KPI metric to match (e.g., "project_irr").
    
        target_value : float, default 0.0
            Target value of the metric (e.g., 0.0 for breakeven IRR).
    
        low_pct : float, default -0.5
            Bracketing range lower bound (-50% of base).
    
        high_pct : float, default 0.5
            Bracketing range upper bound (+50% of base).
    
        tol : float, default 1e-4
            Absolute tolerance on the metric difference.
    
        max_iter : int, default 50
            Maximum number of bisection iterations.
    
        Returns
        -------
        BreakevenResult
            Dataclass with final solution and status.
    
        Raises
        ------
        KeyError
            If variable or metric not found in configuration.
        ValueError
            If root not bracketed in search range.
        TypeError
            If variable is not a numeric scalar.
        """
        # Get base KPIs to verify target metric exists
        base_kpis = _evaluate_base_kpis(base_config_path)
        if target_metric not in base_kpis:
            raise KeyError(
                f"Target metric {target_metric!r} not found in base KPI dict. "
                f"Available keys: {list(base_kpis.keys())}"
            )
    
        # Derive the true base parameter value from the scenario config
        base_param_value = _get_base_param_value(base_config_path, variable_name)
    
        # Convert percentages to decimals (support both -0.5 and -50.0 styles)
        low_pct_decimal = low_pct / 100.0 if abs(low_pct) > 1.0 else low_pct
        high_pct_decimal = high_pct / 100.0 if abs(high_pct) > 1.0 else high_pct
    
        lower = base_param_value * (1.0 + low_pct_decimal)
        upper = base_param_value * (1.0 + high_pct_decimal)
    
        logger.info(
            "Breakeven search for %s on %s target=%s base_value=%s bracket=[%s, %s]",
            variable_name,
            target_metric,
            target_value,
            base_param_value,
            lower,
            upper,
        )
    
        def objective(x: float) -> float:
            """
            Objective function: returns (metric_value - target_value).
    
            Phase 1 Key Change
            ------------------
            Pass ABSOLUTE parameter value x directly to evaluate_with_overrides(),
            not as a fraction of base_param_value.
            """
            overrides = build_nested_override(variable_name, x)
            kpis = evaluate_with_overrides(base_config_path, overrides)
            value = float(kpis[target_metric])
    
            logger.debug(
                "Breakeven objective for %s: param=%s metric=%s value=%s target=%s residual=%s",
                variable_name,
                x,
                target_metric,
                value,
                target_value,
                value - target_value,
            )
    
            return value - target_value
    
        a, b = lower, upper
        fa, fb = objective(a), objective(b)
    
        if fa * fb > 0:
            raise ValueError(
                f"Breakeven: root not bracketed for {variable_name!r} "
                f"over [{lower}, {upper}] – f(a)={fa:.4f}, f(b)={fb:.4f}"
            )
    
        # Standard bisection loop
        for _ in range(max_iter):
            mid = 0.5 * (a + b)
            fm = objective(mid)
    
            if abs(fm) <= tol:
>               return BreakevenResult(
                    variable=variable_name,
                    breakeven_value=mid,
                    bracket=(a, b),
                    status="success",
                )
E               TypeError: BreakevenResult.__init__() got an unexpected keyword argument 'variable'

analytics/sensitivity_v14.py:995: TypeError
_______ test_run_with_sensitivity_request_uses_gateway_and_returns_suite _______

monkeypatch = <_pytest.monkeypatch.MonkeyPatch object at 0x10da91ad0>

    def test_run_with_sensitivity_request_uses_gateway_and_returns_suite(
        monkeypatch: pytest.MonkeyPatch,
    ) -> None:
        """
        Contract test for analytics.sensitivity_v14.run(...).
    
        Guarantees:
        - Accepts a SensitivityRequest as the canonical CASPER entry point.
        - Delegates to the tornado engine and returns a SensitivitySuite.
        - Uses evaluate_with_overrides(config_path, overrides) for shocked runs.
        - Produces exactly one tornado row per ParameterRangeConfig.
        """
    
        import analytics.sensitivity_v14 as mod
    
        base_config_path = "dummy_sensitivity.yaml"
    
        # ── 1) Stub base KPI evaluation (via _evaluate_base_kpis) ─────────────
        def fake_evaluate_base_kpis(config_path: str) -> Dict[str, float]:
            # Ensure the correct config path flows through
            assert config_path == base_config_path
            # Single KPI for this contract test
            return {"project_irr": 0.10}
    
        monkeypatch.setattr(mod, "_evaluate_base_kpis", fake_evaluate_base_kpis)
    
        # ── 2) Stub evaluation gateway for shocked runs ──────────────────────
        calls: List[Dict[str, Any] | None] = []
    
        def fake_evaluate_with_overrides(
            config_path: str,
            overrides: Dict[str, Any] | None,
        ) -> Dict[str, float]:
            # All calls must use the same config path
            assert config_path == base_config_path
    
            # Record every call for contract assertions
            calls.append(overrides)
    
            # This stub is used only for shocked evaluations in this test.
            # We return a simple deterministic mapping that shifts IRR based on
            # the shocked parameter value, but the exact formula is not critical.
            if overrides is None:
                # Not expected here because base KPIs are from _evaluate_base_kpis.
                return {"project_irr": 0.10}
    
            # Pull *some* scalar out of the nested override for determinism
            val: float | None = None
            if "tariff" in overrides:
                val = float(overrides["tariff"]["tariff_lkr_per_kwh"])
            elif "project" in overrides:
                val = float(overrides["project"]["capex_usd_per_kw"])
            else:
                # Fallback for unexpected paths; still deterministic
                (first_key,) = overrides.keys()
                inner = overrides[first_key]
                (leaf_key,) = inner.keys()
                val = float(inner[leaf_key])
    
            # Toy IRR mapping: base 0.10 plus a small bump scaled by val
            irr = 0.10 + (val - 10.0) / 10_000.0
            return {"project_irr": irr}
    
        monkeypatch.setattr(mod, "evaluate_with_overrides", fake_evaluate_with_overrides)
    
        # ── 3) Build SensitivityRequest with 2 parameters ─────────────────────
        params = [
            ParameterRangeConfig(
                variable_name="tariff.tariff_lkr_per_kwh",
                base_value=10.0,
                low_pct=-10.0,
                high_pct=10.0,
            ),
            ParameterRangeConfig(
                variable_name="project.capex_usd_per_kw",
                base_value=1_000.0,
                low_pct=-5.0,
                high_pct=5.0,
            ),
        ]
    
        request = SensitivityRequest(
            base_config_path=base_config_path,
            parameters=params,
            override_labels={
                "tariff.tariff_lkr_per_kwh": "Tariff (LKR/kWh)",
                "project.capex_usd_per_kw": "CAPEX (USD/kW)",
            },
            metric="project_irr",
        )
    
        # ── 4) Run the canonical CASPER entry point ───────────────────────────
>       suite = run(request)
                ^^^^^^^^^^^^

tests/analytics_layer/test_sensitivity_run_contract.py:103: 
_ _ _ _ _ _ _ _ _ _ _ _ _ _ _ _ _ _ _ _ _ _ _ _ _ _ _ _ _ _ _ _ _ _ _ _ _ _ _ _ 

request = SensitivityRequest(base_config_path='dummy_sensitivity.yaml', parameters=[ParameterRangeConfig(variable_name='tariff.t...={'tariff.tariff_lkr_per_kwh': 'Tariff (LKR/kWh)', 'project.capex_usd_per_kw': 'CAPEX (USD/kW)'}, metric='project_irr')

    def run(request: SensitivityRequest) -> SensitivitySuite:
        """
        Unified front-door API for v14 sensitivity (v14+ CASPER-ready).
    
        This is a thin wrapper around run_tornado_sensitivity that only accepts
        the canonical SensitivityRequest input. CASPER, dashboards, and other
        external callers should prefer this entry point instead of the legacy
        multi-argument run_tornado_sensitivity signature.
    
        All scenario evaluation still flows through the analytics.evaluation_v14
        evaluate_with_overrides() gateway; this function does not talk directly
        to finance or pipeline modules.
        """
        if not isinstance(request, SensitivityRequest):
            raise TypeError(
                "sensitivity_v14.run expects a SensitivityRequest instance. "
                "For legacy calling styles, use run_tornado_sensitivity(...) "
                "directly."
            )
    
>       return run_tornado_sensitivity(request)
               ^^^^^^^^^^^^^^^^^^^^^^^^^^^^^^^^

analytics/sensitivity_v14.py:522: 
_ _ _ _ _ _ _ _ _ _ _ _ _ _ _ _ _ _ _ _ _ _ _ _ _ _ _ _ _ _ _ _ _ _ _ _ _ _ _ _ 

request = SensitivityRequest(base_config_path='dummy_sensitivity.yaml', parameters=[ParameterRangeConfig(variable_name='tariff.t...={'tariff.tariff_lkr_per_kwh': 'Tariff (LKR/kWh)', 'project.capex_usd_per_kw': 'CAPEX (USD/kW)'}, metric='project_irr')
parameters = None, metric = None

    def run_tornado_sensitivity(
        request: SensitivityRequest | str,
        parameters: list[ParameterRangeConfig] | None = None,
        metric: str | None = None,
    ) -> SensitivitySuite:
        """
        Run deterministic one-way tornado on provided parameters.
    
        Two supported calling styles (for compatibility):
    
        1. Canonical API (preferred)::
    
            req = SensitivityRequest(
                base_config_path="scenarios/example_a.yaml",
                parameters=[...],
                metric="project_irr",
            )
            suite = run_tornado_sensitivity(req)
    
        2. Legacy style (kept for tests / old CI wiring)::
    
            suite = run_tornado_sensitivity(
                "scenarios/example_a.yaml",
                parameters=[...],
                metric="project_irr",
            )
    
        Parameters
        ----------
        request : SensitivityRequest | str
            Either a SensitivityRequest instance or base config path string.
    
        parameters : list[ParameterRangeConfig] | None, optional
            Optional explicit parameter list (used only in legacy mode).
    
        metric : str | None, optional
            Optional KPI metric name (used only in legacy mode).
    
        Returns
        -------
        SensitivitySuite
            Bundle with tornado_results, base_metric, and metadata.
        """
        if isinstance(request, SensitivityRequest):
            base_config_path = request.base_config_path
            params: list[ParameterRangeConfig] = list(request.parameters)
            override_labels = request.override_labels
            metric_name = request.metric
        else:
            base_config_path = str(request)
            override_labels = None
            metric_name = metric or "project_irr"
            if parameters is not None:
                params = list(parameters)
            else:
                params = list(_load_parameters())
    
        # Fallback if tests hand us an empty parameter list
        if not params:
            logger.warning(
                "run_tornado_sensitivity: resolved empty parameters for %s; "
                "falling back to _load_parameters() defaults.",
                base_config_path,
            )
            params = list(_load_parameters())
    
        logger.info(
            "Starting tornado sensitivity for %s on metric=%s",
            base_config_path,
            metric_name,
        )
    
        _debug_log_parameters(
            where="run_tornado_sensitivity",
            base_config_path=base_config_path,
            metric_names=[metric_name],
            params=params,
        )
    
        # ════════════════════════════════════════════════════════════════════
        # PHASE 1: Use _evaluate_base_kpis() gateway for all base evaluations
        # ════════════════════════════════════════════════════════════════════
        base_kpis = _evaluate_base_kpis(base_config_path)
        if metric_name not in base_kpis:
            raise KeyError(
                f"Metric {metric_name!r} not found in base KPI dict. "
                f"Available keys: {list(base_kpis.keys())}"
            )
    
        base_metric_value = float(base_kpis[metric_name])
    
        results: list[TornadoResult] = []
        for param in params:
>           result = analyze_single_parameter(
                base_config_path=base_config_path,
                base_metric_value=base_metric_value,
                metric_name=metric_name,
                param=param,
                override_labels=override_labels,
            )

analytics/sensitivity_v14.py:618: 
_ _ _ _ _ _ _ _ _ _ _ _ _ _ _ _ _ _ _ _ _ _ _ _ _ _ _ _ _ _ _ _ _ _ _ _ _ _ _ _ 

base_config_path = 'dummy_sensitivity.yaml', base_metric_value = 0.1
metric_name = 'project_irr'
param = ParameterRangeConfig(variable_name='tariff.tariff_lkr_per_kwh', base_value=10.0, low_value=None, high_value=None, low_pct=-10.0, high_pct=10.0, label=None, shock_type='scalar')
override_labels = {'project.capex_usd_per_kw': 'CAPEX (USD/kW)', 'tariff.tariff_lkr_per_kwh': 'Tariff (LKR/kWh)'}

    def analyze_single_parameter(
        base_config_path: str | Path,
        base_metric_value: float,
        metric_name: str,
        param: ParameterRangeConfig,
        override_labels: dict[str, str] | None = None,
    ) -> TornadoResult:
        """
        Run low/high shocks for a single parameter and return TornadoResult.
    
        This function is the core of tornado sensitivity analysis. It:
    
        - Takes a single parameter with base value and +/- shock ranges
        - Evaluates the scenario at low and high parameter values
        - Computes impact on the chosen metric
        - Returns a TornadoResult for aggregation into a full tornado chart
    
        Phase 1 Key Change
        ------------------
        All scenario evaluation now flows through evaluate_with_overrides() gateway.
        No direct pipeline or config loader imports; no manual merging of configs.
    
        Parameters
        ----------
        base_config_path : str | Path
            Path to the base v14 scenario config.
    
        base_metric_value : float
            KPI value at base (unshocked) configuration.
    
        metric_name : str
            Name of the KPI to analyze (e.g., "project_irr").
    
        param : ParameterRangeConfig
            Parameter descriptor (name, base_value, low_pct, high_pct).
    
        override_labels : dict[str, str] | None, optional
            Optional mapping from variable_name to display label.
    
        Returns
        -------
        TornadoResult
            Tuple-like with variable, base_irr, low_irr, high_irr fields.
    
        Raises
        ------
        KeyError
            If metric_name not found in evaluated KPI dict.
        """
        variable_name = param.variable_name
    
        # Normalise +/- percentages; allow caller to pass 5 or 0.05.
        low_pct_decimal = (
            param.low_pct / 100.0 if abs(param.low_pct) > 1.0 else param.low_pct
        )
        high_pct_decimal = (
            param.high_pct / 100.0 if abs(param.high_pct) > 1.0 else param.high_pct
        )
    
        base_value = param.base_value
    
        # Compute absolute shocked values.
        low_value = base_value * (1.0 + low_pct_decimal)
        high_value = base_value * (1.0 + high_pct_decimal)
    
        # Build nested override dicts for parameter shocks.
        overrides_low = build_nested_override(variable_name, low_value)
        overrides_high = build_nested_override(variable_name, high_value)
    
        logger.debug(
            "_analyze_single_parameter: variable=%s base=%s "
            "low_pct=%s%% high_pct=%s%% → low_value=%s high_value=%s",
            variable_name,
            base_value,
            param.low_pct,
            param.high_pct,
            low_value,
            high_value,
        )
    
        # ════════════════════════════════════════════════════════════════════
        # PHASE 1 KEY: All evaluation flows through evaluate_with_overrides() gateway
        # ════════════════════════════════════════════════════════════════════
        low_kpis = evaluate_with_overrides(base_config_path, overrides_low)
        high_kpis = evaluate_with_overrides(base_config_path, overrides_high)
    
        try:
            low_metric = float(low_kpis[metric_name])
            high_metric = float(high_kpis[metric_name])
        except KeyError as exc:
            raise KeyError(
                f"Metric {metric_name!r} not found in KPI dict for variable "
                f"{variable_name!r}. Available keys: {list(low_kpis.keys())}"
            ) from exc
    
        impact_abs = max(
            abs(low_metric - base_metric_value),
            abs(high_metric - base_metric_value),
        )
        impact_dir = 1 if high_metric >= base_metric_value else -1
    
        label = (
            override_labels.get(variable_name, variable_name)
            if override_labels is not None
            else variable_name
        )
    
        logger.debug(
            "_analyze_single_parameter: variable=%s label=%s "
            "base=%s low=%s high=%s impact=%s dir=%s",
            variable_name,
            label,
            base_metric_value,
            low_metric,
            high_metric,
            impact_abs,
            impact_dir,
        )
    
>       return TornadoResult(
            variable=label,
            base_irr=base_metric_value,
            low_irr=low_metric,
            high_irr=high_metric,
        )
E       TypeError: TornadoResult.__init__() got an unexpected keyword argument 'variable'

analytics/sensitivity_v14.py:489: TypeError
________________ test_enrich_tornado_with_tail_risk_happy_path _________________

monkeypatch = <_pytest.monkeypatch.MonkeyPatch object at 0x10d2486d0>

    def test_enrich_tornado_with_tail_risk_happy_path(
        monkeypatch: pytest.MonkeyPatch,
    ) -> None:
        """
        Happy-path API test:
    
        - Uses metric_samples on MonteCarloResult.
        - Monkeypatches tornado_suite_to_dataframe so we control the schema.
        - Asserts that tail-risk columns and breach probabilities are present.
        """
        values = [0.10, 0.11, 0.12, 0.13, 0.14]
>       mc_result = _make_toy_monte_carlo_with_metric_samples(values)
                    ^^^^^^^^^^^^^^^^^^^^^^^^^^^^^^^^^^^^^^^^^^^^^^^^^

tests/analytics_layer/test_sensitivity_tail_risk_api.py:56: 
_ _ _ _ _ _ _ _ _ _ _ _ _ _ _ _ _ _ _ _ _ _ _ _ _ _ _ _ _ _ _ _ _ _ _ _ _ _ _ _ 

values = [0.1, 0.11, 0.12, 0.13, 0.14]

    def _make_toy_monte_carlo_with_metric_samples(
        values: List[float],
    ) -> MonteCarloResult:
        """
        Build a minimal MonteCarloResult with metric_samples populated.
    
        This stays engine-agnostic and mirrors the contracts_v14 surface.
        """
>       mc = MonteCarloResult(
            iterations=len(values),
            project_irr_mean=float(np.mean(values)),
            project_irr_std=float(np.std(values)),
            project_irr_p10=float(np.percentile(values, 10)),
            project_irr_p50=float(np.percentile(values, 50)),
            project_irr_p90=float(np.percentile(values, 90)),
            project_npv_mean=0.0,
            project_npv_p10=0.0,
            project_npv_p50=0.0,
            project_npv_p90=0.0,
            dscr_min_p10=0.0,
            dscr_min_p50=0.0,
            failed_iterations=0,
            raw_results=None,
            scenario_name="toy-sensitivity-tail-risk",
        )
E       TypeError: MonteCarloResult.__init__() got an unexpected keyword argument 'project_irr_mean'

tests/analytics_layer/test_sensitivity_tail_risk_api.py:22: TypeError
__________ test_enrich_tornado_with_tail_risk_rejects_bad_confidence ___________

    def test_enrich_tornado_with_tail_risk_rejects_bad_confidence() -> None:
        """
        Guardrail: invalid confidence values should raise a ValueError with
        clear semantics. This keeps the public API predictable.
        """
>       mc_result = _make_toy_monte_carlo_with_metric_samples([0.1, 0.12, 0.14])
                    ^^^^^^^^^^^^^^^^^^^^^^^^^^^^^^^^^^^^^^^^^^^^^^^^^^^^^^^^^^^^

tests/analytics_layer/test_sensitivity_tail_risk_api.py:108: 
_ _ _ _ _ _ _ _ _ _ _ _ _ _ _ _ _ _ _ _ _ _ _ _ _ _ _ _ _ _ _ _ _ _ _ _ _ _ _ _ 

values = [0.1, 0.12, 0.14]

    def _make_toy_monte_carlo_with_metric_samples(
        values: List[float],
    ) -> MonteCarloResult:
        """
        Build a minimal MonteCarloResult with metric_samples populated.
    
        This stays engine-agnostic and mirrors the contracts_v14 surface.
        """
>       mc = MonteCarloResult(
            iterations=len(values),
            project_irr_mean=float(np.mean(values)),
            project_irr_std=float(np.std(values)),
            project_irr_p10=float(np.percentile(values, 10)),
            project_irr_p50=float(np.percentile(values, 50)),
            project_irr_p90=float(np.percentile(values, 90)),
            project_npv_mean=0.0,
            project_npv_p10=0.0,
            project_npv_p50=0.0,
            project_npv_p90=0.0,
            dscr_min_p10=0.0,
            dscr_min_p50=0.0,
            failed_iterations=0,
            raw_results=None,
            scenario_name="toy-sensitivity-tail-risk",
        )
E       TypeError: MonteCarloResult.__init__() got an unexpected keyword argument 'project_irr_mean'

tests/analytics_layer/test_sensitivity_tail_risk_api.py:22: TypeError
________________ TestAnalyzeSingleParameter.test_basic_analysis ________________

self = <analytics_layer.test_sensitivity_v14.TestAnalyzeSingleParameter object at 0x10d18af10>
mock_eval = <MagicMock name='evaluate_with_overrides' id='4533294800'>
tmp_path = PosixPath('/private/var/folders/s7/bjx1cll14tl2dnwsg35cnw9w0000gn/T/pytest-of-aruna/pytest-7/test_basic_analysis0')

    @patch("analytics.sensitivity_v14.evaluate_with_overrides")
    def test_basic_analysis(
        self,
        mock_eval,
        tmp_path: Path,
    ) -> None:
        """Low/high calls should produce consistent TornadoResult."""
    
        # Two calls: low then high
        def _side_effect(*args: Any, **kwargs: Any) -> Mapping[str, Any]:
            # analyze_single_parameter calls evaluate_with_overrides(base_config_path, overrides)
            overrides = args[1] if len(args) > 1 else kwargs.get("overrides", {})
            capex = overrides["project"]["capex_usd_per_kw"]
            if capex < 850.0:
                return {"project_irr": 0.10}
            return {"project_irr": 0.14}
    
        mock_eval.side_effect = _side_effect
    
        config_path = tmp_path / "test.yaml"
        config_path.write_text("dummy: true", encoding="utf-8")
    
        param = make_param("project.capex_usd_per_kw", 850.0, -0.20, 0.20)
    
>       result = analyze_single_parameter(
            base_config_path=config_path,
            base_metric_value=0.12,
            metric_name="project_irr",
            param=param,
            override_labels=None,
        )

tests/analytics_layer/test_sensitivity_v14.py:134: 
_ _ _ _ _ _ _ _ _ _ _ _ _ _ _ _ _ _ _ _ _ _ _ _ _ _ _ _ _ _ _ _ _ _ _ _ _ _ _ _ 

base_config_path = PosixPath('/private/var/folders/s7/bjx1cll14tl2dnwsg35cnw9w0000gn/T/pytest-of-aruna/pytest-7/test_basic_analysis0/test.yaml')
base_metric_value = 0.12, metric_name = 'project_irr'
param = ParameterRangeConfig(variable_name='project.capex_usd_per_kw', base_value=850.0, low_value=None, high_value=None, low_pct=-0.2, high_pct=0.2, label=None, shock_type='scalar')
override_labels = None

    def analyze_single_parameter(
        base_config_path: str | Path,
        base_metric_value: float,
        metric_name: str,
        param: ParameterRangeConfig,
        override_labels: dict[str, str] | None = None,
    ) -> TornadoResult:
        """
        Run low/high shocks for a single parameter and return TornadoResult.
    
        This function is the core of tornado sensitivity analysis. It:
    
        - Takes a single parameter with base value and +/- shock ranges
        - Evaluates the scenario at low and high parameter values
        - Computes impact on the chosen metric
        - Returns a TornadoResult for aggregation into a full tornado chart
    
        Phase 1 Key Change
        ------------------
        All scenario evaluation now flows through evaluate_with_overrides() gateway.
        No direct pipeline or config loader imports; no manual merging of configs.
    
        Parameters
        ----------
        base_config_path : str | Path
            Path to the base v14 scenario config.
    
        base_metric_value : float
            KPI value at base (unshocked) configuration.
    
        metric_name : str
            Name of the KPI to analyze (e.g., "project_irr").
    
        param : ParameterRangeConfig
            Parameter descriptor (name, base_value, low_pct, high_pct).
    
        override_labels : dict[str, str] | None, optional
            Optional mapping from variable_name to display label.
    
        Returns
        -------
        TornadoResult
            Tuple-like with variable, base_irr, low_irr, high_irr fields.
    
        Raises
        ------
        KeyError
            If metric_name not found in evaluated KPI dict.
        """
        variable_name = param.variable_name
    
        # Normalise +/- percentages; allow caller to pass 5 or 0.05.
        low_pct_decimal = (
            param.low_pct / 100.0 if abs(param.low_pct) > 1.0 else param.low_pct
        )
        high_pct_decimal = (
            param.high_pct / 100.0 if abs(param.high_pct) > 1.0 else param.high_pct
        )
    
        base_value = param.base_value
    
        # Compute absolute shocked values.
        low_value = base_value * (1.0 + low_pct_decimal)
        high_value = base_value * (1.0 + high_pct_decimal)
    
        # Build nested override dicts for parameter shocks.
        overrides_low = build_nested_override(variable_name, low_value)
        overrides_high = build_nested_override(variable_name, high_value)
    
        logger.debug(
            "_analyze_single_parameter: variable=%s base=%s "
            "low_pct=%s%% high_pct=%s%% → low_value=%s high_value=%s",
            variable_name,
            base_value,
            param.low_pct,
            param.high_pct,
            low_value,
            high_value,
        )
    
        # ════════════════════════════════════════════════════════════════════
        # PHASE 1 KEY: All evaluation flows through evaluate_with_overrides() gateway
        # ════════════════════════════════════════════════════════════════════
        low_kpis = evaluate_with_overrides(base_config_path, overrides_low)
        high_kpis = evaluate_with_overrides(base_config_path, overrides_high)
    
        try:
            low_metric = float(low_kpis[metric_name])
            high_metric = float(high_kpis[metric_name])
        except KeyError as exc:
            raise KeyError(
                f"Metric {metric_name!r} not found in KPI dict for variable "
                f"{variable_name!r}. Available keys: {list(low_kpis.keys())}"
            ) from exc
    
        impact_abs = max(
            abs(low_metric - base_metric_value),
            abs(high_metric - base_metric_value),
        )
        impact_dir = 1 if high_metric >= base_metric_value else -1
    
        label = (
            override_labels.get(variable_name, variable_name)
            if override_labels is not None
            else variable_name
        )
    
        logger.debug(
            "_analyze_single_parameter: variable=%s label=%s "
            "base=%s low=%s high=%s impact=%s dir=%s",
            variable_name,
            label,
            base_metric_value,
            low_metric,
            high_metric,
            impact_abs,
            impact_dir,
        )
    
>       return TornadoResult(
            variable=label,
            base_irr=base_metric_value,
            low_irr=low_metric,
            high_irr=high_metric,
        )
E       TypeError: TornadoResult.__init__() got an unexpected keyword argument 'variable'

analytics/sensitivity_v14.py:489: TypeError
____________ TestRunTornadoSensitivity.test_happy_path_with_request ____________

self = <analytics_layer.test_sensitivity_v14.TestRunTornadoSensitivity object at 0x10d18bdd0>
mock_eval = <MagicMock name='evaluate_with_overrides' id='4533021200'>
tmp_path = PosixPath('/private/var/folders/s7/bjx1cll14tl2dnwsg35cnw9w0000gn/T/pytest-of-aruna/pytest-7/test_happy_path_with_request0')

    @patch("analytics.sensitivity_v14.evaluate_with_overrides")
    def test_happy_path_with_request(
        self,
        mock_eval,
        tmp_path: Path,
    ) -> None:
        """New API: SensitivityRequest with explicit parameters and metric."""
        cfg_path = tmp_path / "config.yaml"
        cfg_path.write_text("dummy: true", encoding="utf-8")
    
        # First call: base KPIs; subsequent calls: shocks
        def _side_effect(*args: Any, **kwargs: Any) -> Mapping[str, Any]:
            overrides = args[1] if len(args) > 1 else kwargs.get("overrides")
            if overrides is None:
                return {"project_irr": 0.12}
            capex = overrides["finance"]["capex_usd"]
            if capex < 850.0:
                return {"project_irr": 0.11}
            return {"project_irr": 0.13}
    
        mock_eval.side_effect = _side_effect
    
        params = [
            ParameterRangeConfig(
                variable_name="finance.capex_usd",
                base_value=850.0,
                low_pct=-0.20,
                high_pct=0.20,
            )
        ]
    
        request = SensitivityRequest(
            base_config_path=str(cfg_path),
            parameters=params,
            metric="project_irr",
        )
    
>       suite = run_tornado_sensitivity(request)
                ^^^^^^^^^^^^^^^^^^^^^^^^^^^^^^^^

tests/analytics_layer/test_sensitivity_v14.py:211: 
_ _ _ _ _ _ _ _ _ _ _ _ _ _ _ _ _ _ _ _ _ _ _ _ _ _ _ _ _ _ _ _ _ _ _ _ _ _ _ _ 

request = SensitivityRequest(base_config_path='/private/var/folders/s7/bjx1cll14tl2dnwsg35cnw9w0000gn/T/pytest-of-aruna/pytest-7..._value=None, low_pct=-0.2, high_pct=0.2, label=None, shock_type='scalar')], override_labels=None, metric='project_irr')
parameters = None, metric = None

    def run_tornado_sensitivity(
        request: SensitivityRequest | str,
        parameters: list[ParameterRangeConfig] | None = None,
        metric: str | None = None,
    ) -> SensitivitySuite:
        """
        Run deterministic one-way tornado on provided parameters.
    
        Two supported calling styles (for compatibility):
    
        1. Canonical API (preferred)::
    
            req = SensitivityRequest(
                base_config_path="scenarios/example_a.yaml",
                parameters=[...],
                metric="project_irr",
            )
            suite = run_tornado_sensitivity(req)
    
        2. Legacy style (kept for tests / old CI wiring)::
    
            suite = run_tornado_sensitivity(
                "scenarios/example_a.yaml",
                parameters=[...],
                metric="project_irr",
            )
    
        Parameters
        ----------
        request : SensitivityRequest | str
            Either a SensitivityRequest instance or base config path string.
    
        parameters : list[ParameterRangeConfig] | None, optional
            Optional explicit parameter list (used only in legacy mode).
    
        metric : str | None, optional
            Optional KPI metric name (used only in legacy mode).
    
        Returns
        -------
        SensitivitySuite
            Bundle with tornado_results, base_metric, and metadata.
        """
        if isinstance(request, SensitivityRequest):
            base_config_path = request.base_config_path
            params: list[ParameterRangeConfig] = list(request.parameters)
            override_labels = request.override_labels
            metric_name = request.metric
        else:
            base_config_path = str(request)
            override_labels = None
            metric_name = metric or "project_irr"
            if parameters is not None:
                params = list(parameters)
            else:
                params = list(_load_parameters())
    
        # Fallback if tests hand us an empty parameter list
        if not params:
            logger.warning(
                "run_tornado_sensitivity: resolved empty parameters for %s; "
                "falling back to _load_parameters() defaults.",
                base_config_path,
            )
            params = list(_load_parameters())
    
        logger.info(
            "Starting tornado sensitivity for %s on metric=%s",
            base_config_path,
            metric_name,
        )
    
        _debug_log_parameters(
            where="run_tornado_sensitivity",
            base_config_path=base_config_path,
            metric_names=[metric_name],
            params=params,
        )
    
        # ════════════════════════════════════════════════════════════════════
        # PHASE 1: Use _evaluate_base_kpis() gateway for all base evaluations
        # ════════════════════════════════════════════════════════════════════
        base_kpis = _evaluate_base_kpis(base_config_path)
        if metric_name not in base_kpis:
            raise KeyError(
                f"Metric {metric_name!r} not found in base KPI dict. "
                f"Available keys: {list(base_kpis.keys())}"
            )
    
        base_metric_value = float(base_kpis[metric_name])
    
        results: list[TornadoResult] = []
        for param in params:
>           result = analyze_single_parameter(
                base_config_path=base_config_path,
                base_metric_value=base_metric_value,
                metric_name=metric_name,
                param=param,
                override_labels=override_labels,
            )

analytics/sensitivity_v14.py:618: 
_ _ _ _ _ _ _ _ _ _ _ _ _ _ _ _ _ _ _ _ _ _ _ _ _ _ _ _ _ _ _ _ _ _ _ _ _ _ _ _ 

base_config_path = '/private/var/folders/s7/bjx1cll14tl2dnwsg35cnw9w0000gn/T/pytest-of-aruna/pytest-7/test_happy_path_with_request0/config.yaml'
base_metric_value = 0.12, metric_name = 'project_irr'
param = ParameterRangeConfig(variable_name='finance.capex_usd', base_value=850.0, low_value=None, high_value=None, low_pct=-0.2, high_pct=0.2, label=None, shock_type='scalar')
override_labels = None

    def analyze_single_parameter(
        base_config_path: str | Path,
        base_metric_value: float,
        metric_name: str,
        param: ParameterRangeConfig,
        override_labels: dict[str, str] | None = None,
    ) -> TornadoResult:
        """
        Run low/high shocks for a single parameter and return TornadoResult.
    
        This function is the core of tornado sensitivity analysis. It:
    
        - Takes a single parameter with base value and +/- shock ranges
        - Evaluates the scenario at low and high parameter values
        - Computes impact on the chosen metric
        - Returns a TornadoResult for aggregation into a full tornado chart
    
        Phase 1 Key Change
        ------------------
        All scenario evaluation now flows through evaluate_with_overrides() gateway.
        No direct pipeline or config loader imports; no manual merging of configs.
    
        Parameters
        ----------
        base_config_path : str | Path
            Path to the base v14 scenario config.
    
        base_metric_value : float
            KPI value at base (unshocked) configuration.
    
        metric_name : str
            Name of the KPI to analyze (e.g., "project_irr").
    
        param : ParameterRangeConfig
            Parameter descriptor (name, base_value, low_pct, high_pct).
    
        override_labels : dict[str, str] | None, optional
            Optional mapping from variable_name to display label.
    
        Returns
        -------
        TornadoResult
            Tuple-like with variable, base_irr, low_irr, high_irr fields.
    
        Raises
        ------
        KeyError
            If metric_name not found in evaluated KPI dict.
        """
        variable_name = param.variable_name
    
        # Normalise +/- percentages; allow caller to pass 5 or 0.05.
        low_pct_decimal = (
            param.low_pct / 100.0 if abs(param.low_pct) > 1.0 else param.low_pct
        )
        high_pct_decimal = (
            param.high_pct / 100.0 if abs(param.high_pct) > 1.0 else param.high_pct
        )
    
        base_value = param.base_value
    
        # Compute absolute shocked values.
        low_value = base_value * (1.0 + low_pct_decimal)
        high_value = base_value * (1.0 + high_pct_decimal)
    
        # Build nested override dicts for parameter shocks.
        overrides_low = build_nested_override(variable_name, low_value)
        overrides_high = build_nested_override(variable_name, high_value)
    
        logger.debug(
            "_analyze_single_parameter: variable=%s base=%s "
            "low_pct=%s%% high_pct=%s%% → low_value=%s high_value=%s",
            variable_name,
            base_value,
            param.low_pct,
            param.high_pct,
            low_value,
            high_value,
        )
    
        # ════════════════════════════════════════════════════════════════════
        # PHASE 1 KEY: All evaluation flows through evaluate_with_overrides() gateway
        # ════════════════════════════════════════════════════════════════════
        low_kpis = evaluate_with_overrides(base_config_path, overrides_low)
        high_kpis = evaluate_with_overrides(base_config_path, overrides_high)
    
        try:
            low_metric = float(low_kpis[metric_name])
            high_metric = float(high_kpis[metric_name])
        except KeyError as exc:
            raise KeyError(
                f"Metric {metric_name!r} not found in KPI dict for variable "
                f"{variable_name!r}. Available keys: {list(low_kpis.keys())}"
            ) from exc
    
        impact_abs = max(
            abs(low_metric - base_metric_value),
            abs(high_metric - base_metric_value),
        )
        impact_dir = 1 if high_metric >= base_metric_value else -1
    
        label = (
            override_labels.get(variable_name, variable_name)
            if override_labels is not None
            else variable_name
        )
    
        logger.debug(
            "_analyze_single_parameter: variable=%s label=%s "
            "base=%s low=%s high=%s impact=%s dir=%s",
            variable_name,
            label,
            base_metric_value,
            low_metric,
            high_metric,
            impact_abs,
            impact_dir,
        )
    
>       return TornadoResult(
            variable=label,
            base_irr=base_metric_value,
            low_irr=low_metric,
            high_irr=high_metric,
        )
E       TypeError: TornadoResult.__init__() got an unexpected keyword argument 'variable'

analytics/sensitivity_v14.py:489: TypeError
______ TestRunTornadoSensitivity.test_legacy_api_with_string_config_path _______

self = <analytics_layer.test_sensitivity_v14.TestRunTornadoSensitivity object at 0x10d18c450>
mock_eval = <MagicMock name='evaluate_with_overrides' id='4533302224'>
tmp_path = PosixPath('/private/var/folders/s7/bjx1cll14tl2dnwsg35cnw9w0000gn/T/pytest-of-aruna/pytest-7/test_legacy_api_with_string_co0')

    @patch("analytics.sensitivity_v14.evaluate_with_overrides")
    def test_legacy_api_with_string_config_path(
        self,
        mock_eval,
        tmp_path: Path,
    ) -> None:
        """Legacy API: config path string, parameters, metric."""
        cfg_path = tmp_path / "config.yaml"
        cfg_path.write_text("dummy: true", encoding="utf-8")
    
        # Base + two shock evaluations
        def _side_effect(*args: Any, **kwargs: Any) -> Mapping[str, Any]:
            overrides = args[1] if len(args) > 1 else kwargs.get("overrides")
            if overrides is None:
                return {"project_irr": 0.12}
            return {"project_irr": 0.13}
    
        mock_eval.side_effect = _side_effect
    
        params = [
            ParameterRangeConfig(
                variable_name="test.param",
                base_value=100.0,
                low_pct=-0.10,
                high_pct=0.10,
            )
        ]
    
>       suite = run_tornado_sensitivity(
            str(cfg_path),
            parameters=params,
            metric="project_irr",
        )

tests/analytics_layer/test_sensitivity_v14.py:247: 
_ _ _ _ _ _ _ _ _ _ _ _ _ _ _ _ _ _ _ _ _ _ _ _ _ _ _ _ _ _ _ _ _ _ _ _ _ _ _ _ 

request = '/private/var/folders/s7/bjx1cll14tl2dnwsg35cnw9w0000gn/T/pytest-of-aruna/pytest-7/test_legacy_api_with_string_co0/config.yaml'
parameters = [ParameterRangeConfig(variable_name='test.param', base_value=100.0, low_value=None, high_value=None, low_pct=-0.1, high_pct=0.1, label=None, shock_type='scalar')]
metric = 'project_irr'

    def run_tornado_sensitivity(
        request: SensitivityRequest | str,
        parameters: list[ParameterRangeConfig] | None = None,
        metric: str | None = None,
    ) -> SensitivitySuite:
        """
        Run deterministic one-way tornado on provided parameters.
    
        Two supported calling styles (for compatibility):
    
        1. Canonical API (preferred)::
    
            req = SensitivityRequest(
                base_config_path="scenarios/example_a.yaml",
                parameters=[...],
                metric="project_irr",
            )
            suite = run_tornado_sensitivity(req)
    
        2. Legacy style (kept for tests / old CI wiring)::
    
            suite = run_tornado_sensitivity(
                "scenarios/example_a.yaml",
                parameters=[...],
                metric="project_irr",
            )
    
        Parameters
        ----------
        request : SensitivityRequest | str
            Either a SensitivityRequest instance or base config path string.
    
        parameters : list[ParameterRangeConfig] | None, optional
            Optional explicit parameter list (used only in legacy mode).
    
        metric : str | None, optional
            Optional KPI metric name (used only in legacy mode).
    
        Returns
        -------
        SensitivitySuite
            Bundle with tornado_results, base_metric, and metadata.
        """
        if isinstance(request, SensitivityRequest):
            base_config_path = request.base_config_path
            params: list[ParameterRangeConfig] = list(request.parameters)
            override_labels = request.override_labels
            metric_name = request.metric
        else:
            base_config_path = str(request)
            override_labels = None
            metric_name = metric or "project_irr"
            if parameters is not None:
                params = list(parameters)
            else:
                params = list(_load_parameters())
    
        # Fallback if tests hand us an empty parameter list
        if not params:
            logger.warning(
                "run_tornado_sensitivity: resolved empty parameters for %s; "
                "falling back to _load_parameters() defaults.",
                base_config_path,
            )
            params = list(_load_parameters())
    
        logger.info(
            "Starting tornado sensitivity for %s on metric=%s",
            base_config_path,
            metric_name,
        )
    
        _debug_log_parameters(
            where="run_tornado_sensitivity",
            base_config_path=base_config_path,
            metric_names=[metric_name],
            params=params,
        )
    
        # ════════════════════════════════════════════════════════════════════
        # PHASE 1: Use _evaluate_base_kpis() gateway for all base evaluations
        # ════════════════════════════════════════════════════════════════════
        base_kpis = _evaluate_base_kpis(base_config_path)
        if metric_name not in base_kpis:
            raise KeyError(
                f"Metric {metric_name!r} not found in base KPI dict. "
                f"Available keys: {list(base_kpis.keys())}"
            )
    
        base_metric_value = float(base_kpis[metric_name])
    
        results: list[TornadoResult] = []
        for param in params:
>           result = analyze_single_parameter(
                base_config_path=base_config_path,
                base_metric_value=base_metric_value,
                metric_name=metric_name,
                param=param,
                override_labels=override_labels,
            )

analytics/sensitivity_v14.py:618: 
_ _ _ _ _ _ _ _ _ _ _ _ _ _ _ _ _ _ _ _ _ _ _ _ _ _ _ _ _ _ _ _ _ _ _ _ _ _ _ _ 

base_config_path = '/private/var/folders/s7/bjx1cll14tl2dnwsg35cnw9w0000gn/T/pytest-of-aruna/pytest-7/test_legacy_api_with_string_co0/config.yaml'
base_metric_value = 0.12, metric_name = 'project_irr'
param = ParameterRangeConfig(variable_name='test.param', base_value=100.0, low_value=None, high_value=None, low_pct=-0.1, high_pct=0.1, label=None, shock_type='scalar')
override_labels = None

    def analyze_single_parameter(
        base_config_path: str | Path,
        base_metric_value: float,
        metric_name: str,
        param: ParameterRangeConfig,
        override_labels: dict[str, str] | None = None,
    ) -> TornadoResult:
        """
        Run low/high shocks for a single parameter and return TornadoResult.
    
        This function is the core of tornado sensitivity analysis. It:
    
        - Takes a single parameter with base value and +/- shock ranges
        - Evaluates the scenario at low and high parameter values
        - Computes impact on the chosen metric
        - Returns a TornadoResult for aggregation into a full tornado chart
    
        Phase 1 Key Change
        ------------------
        All scenario evaluation now flows through evaluate_with_overrides() gateway.
        No direct pipeline or config loader imports; no manual merging of configs.
    
        Parameters
        ----------
        base_config_path : str | Path
            Path to the base v14 scenario config.
    
        base_metric_value : float
            KPI value at base (unshocked) configuration.
    
        metric_name : str
            Name of the KPI to analyze (e.g., "project_irr").
    
        param : ParameterRangeConfig
            Parameter descriptor (name, base_value, low_pct, high_pct).
    
        override_labels : dict[str, str] | None, optional
            Optional mapping from variable_name to display label.
    
        Returns
        -------
        TornadoResult
            Tuple-like with variable, base_irr, low_irr, high_irr fields.
    
        Raises
        ------
        KeyError
            If metric_name not found in evaluated KPI dict.
        """
        variable_name = param.variable_name
    
        # Normalise +/- percentages; allow caller to pass 5 or 0.05.
        low_pct_decimal = (
            param.low_pct / 100.0 if abs(param.low_pct) > 1.0 else param.low_pct
        )
        high_pct_decimal = (
            param.high_pct / 100.0 if abs(param.high_pct) > 1.0 else param.high_pct
        )
    
        base_value = param.base_value
    
        # Compute absolute shocked values.
        low_value = base_value * (1.0 + low_pct_decimal)
        high_value = base_value * (1.0 + high_pct_decimal)
    
        # Build nested override dicts for parameter shocks.
        overrides_low = build_nested_override(variable_name, low_value)
        overrides_high = build_nested_override(variable_name, high_value)
    
        logger.debug(
            "_analyze_single_parameter: variable=%s base=%s "
            "low_pct=%s%% high_pct=%s%% → low_value=%s high_value=%s",
            variable_name,
            base_value,
            param.low_pct,
            param.high_pct,
            low_value,
            high_value,
        )
    
        # ════════════════════════════════════════════════════════════════════
        # PHASE 1 KEY: All evaluation flows through evaluate_with_overrides() gateway
        # ════════════════════════════════════════════════════════════════════
        low_kpis = evaluate_with_overrides(base_config_path, overrides_low)
        high_kpis = evaluate_with_overrides(base_config_path, overrides_high)
    
        try:
            low_metric = float(low_kpis[metric_name])
            high_metric = float(high_kpis[metric_name])
        except KeyError as exc:
            raise KeyError(
                f"Metric {metric_name!r} not found in KPI dict for variable "
                f"{variable_name!r}. Available keys: {list(low_kpis.keys())}"
            ) from exc
    
        impact_abs = max(
            abs(low_metric - base_metric_value),
            abs(high_metric - base_metric_value),
        )
        impact_dir = 1 if high_metric >= base_metric_value else -1
    
        label = (
            override_labels.get(variable_name, variable_name)
            if override_labels is not None
            else variable_name
        )
    
        logger.debug(
            "_analyze_single_parameter: variable=%s label=%s "
            "base=%s low=%s high=%s impact=%s dir=%s",
            variable_name,
            label,
            base_metric_value,
            low_metric,
            high_metric,
            impact_abs,
            impact_dir,
        )
    
>       return TornadoResult(
            variable=label,
            base_irr=base_metric_value,
            low_irr=low_metric,
            high_irr=high_metric,
        )
E       TypeError: TornadoResult.__init__() got an unexpected keyword argument 'variable'

analytics/sensitivity_v14.py:489: TypeError
________________ TestSensitivityRunFacade.test_run_facade_basic ________________

self = <analytics_layer.test_sensitivity_v14_api.TestSensitivityRunFacade object at 0x10d188e10>

    def test_run_facade_basic(self) -> None:
        req = SensitivityRequest(
            base_config_path=str(TEST_BASE_SCENARIO),
            parameters=[
                ParameterRangeConfig(
                    variable_name="project.capex_usd_per_kw",
                    base_value=1500.0,
                    low_pct=-0.1,
                    high_pct=0.1,
                )
            ],
            metric="project_irr",
        )
    
>       suite = run(req)
                ^^^^^^^^

tests/analytics_layer/test_sensitivity_v14_api.py:33: 
_ _ _ _ _ _ _ _ _ _ _ _ _ _ _ _ _ _ _ _ _ _ _ _ _ _ _ _ _ _ _ _ _ _ _ _ _ _ _ _ 

request = SensitivityRequest(base_config_path='scenarios/test_base_scenario.yaml', parameters=[ParameterRangeConfig(variable_nam..._value=None, low_pct=-0.1, high_pct=0.1, label=None, shock_type='scalar')], override_labels=None, metric='project_irr')

    def run(request: SensitivityRequest) -> SensitivitySuite:
        """
        Unified front-door API for v14 sensitivity (v14+ CASPER-ready).
    
        This is a thin wrapper around run_tornado_sensitivity that only accepts
        the canonical SensitivityRequest input. CASPER, dashboards, and other
        external callers should prefer this entry point instead of the legacy
        multi-argument run_tornado_sensitivity signature.
    
        All scenario evaluation still flows through the analytics.evaluation_v14
        evaluate_with_overrides() gateway; this function does not talk directly
        to finance or pipeline modules.
        """
        if not isinstance(request, SensitivityRequest):
            raise TypeError(
                "sensitivity_v14.run expects a SensitivityRequest instance. "
                "For legacy calling styles, use run_tornado_sensitivity(...) "
                "directly."
            )
    
>       return run_tornado_sensitivity(request)
               ^^^^^^^^^^^^^^^^^^^^^^^^^^^^^^^^

analytics/sensitivity_v14.py:522: 
_ _ _ _ _ _ _ _ _ _ _ _ _ _ _ _ _ _ _ _ _ _ _ _ _ _ _ _ _ _ _ _ _ _ _ _ _ _ _ _ 

request = SensitivityRequest(base_config_path='scenarios/test_base_scenario.yaml', parameters=[ParameterRangeConfig(variable_nam..._value=None, low_pct=-0.1, high_pct=0.1, label=None, shock_type='scalar')], override_labels=None, metric='project_irr')
parameters = None, metric = None

    def run_tornado_sensitivity(
        request: SensitivityRequest | str,
        parameters: list[ParameterRangeConfig] | None = None,
        metric: str | None = None,
    ) -> SensitivitySuite:
        """
        Run deterministic one-way tornado on provided parameters.
    
        Two supported calling styles (for compatibility):
    
        1. Canonical API (preferred)::
    
            req = SensitivityRequest(
                base_config_path="scenarios/example_a.yaml",
                parameters=[...],
                metric="project_irr",
            )
            suite = run_tornado_sensitivity(req)
    
        2. Legacy style (kept for tests / old CI wiring)::
    
            suite = run_tornado_sensitivity(
                "scenarios/example_a.yaml",
                parameters=[...],
                metric="project_irr",
            )
    
        Parameters
        ----------
        request : SensitivityRequest | str
            Either a SensitivityRequest instance or base config path string.
    
        parameters : list[ParameterRangeConfig] | None, optional
            Optional explicit parameter list (used only in legacy mode).
    
        metric : str | None, optional
            Optional KPI metric name (used only in legacy mode).
    
        Returns
        -------
        SensitivitySuite
            Bundle with tornado_results, base_metric, and metadata.
        """
        if isinstance(request, SensitivityRequest):
            base_config_path = request.base_config_path
            params: list[ParameterRangeConfig] = list(request.parameters)
            override_labels = request.override_labels
            metric_name = request.metric
        else:
            base_config_path = str(request)
            override_labels = None
            metric_name = metric or "project_irr"
            if parameters is not None:
                params = list(parameters)
            else:
                params = list(_load_parameters())
    
        # Fallback if tests hand us an empty parameter list
        if not params:
            logger.warning(
                "run_tornado_sensitivity: resolved empty parameters for %s; "
                "falling back to _load_parameters() defaults.",
                base_config_path,
            )
            params = list(_load_parameters())
    
        logger.info(
            "Starting tornado sensitivity for %s on metric=%s",
            base_config_path,
            metric_name,
        )
    
        _debug_log_parameters(
            where="run_tornado_sensitivity",
            base_config_path=base_config_path,
            metric_names=[metric_name],
            params=params,
        )
    
        # ════════════════════════════════════════════════════════════════════
        # PHASE 1: Use _evaluate_base_kpis() gateway for all base evaluations
        # ════════════════════════════════════════════════════════════════════
>       base_kpis = _evaluate_base_kpis(base_config_path)
                    ^^^^^^^^^^^^^^^^^^^^^^^^^^^^^^^^^^^^^

analytics/sensitivity_v14.py:607: 
_ _ _ _ _ _ _ _ _ _ _ _ _ _ _ _ _ _ _ _ _ _ _ _ _ _ _ _ _ _ _ _ _ _ _ _ _ _ _ _ 

config_path = 'scenarios/test_base_scenario.yaml'

    def _evaluate_base_kpis(config_path: str | Path) -> dict[str, float]:
        """
        Evaluate base (unshocked) KPIs for a scenario.
    
        This is the CANONICAL base evaluation entry point for all analytics.
        It delegates to analytics.evaluation_v14.evaluate_with_overrides().
    
        Parameters
        ----------
        config_path : str | Path
            Path to the v14 scenario configuration file (YAML or JSON).
    
        Returns
        -------
        dict[str, float]
            Flat KPI dict with keys like "project_irr", "equity_irr", etc.
    
        Raises
        ------
        FileNotFoundError
            If config_path does not exist.
        ValueError
            If configuration is invalid.
        KeyError
            If required KPIs are missing from result.
        """
>       return evaluate_with_overrides(config_path, None)
               ^^^^^^^^^^^^^^^^^^^^^^^^^^^^^^^^^^^^^^^^^^

analytics/sensitivity_v14.py:130: 
_ _ _ _ _ _ _ _ _ _ _ _ _ _ _ _ _ _ _ _ _ _ _ _ _ _ _ _ _ _ _ _ _ _ _ _ _ _ _ _ 

config_path = 'scenarios/test_base_scenario.yaml', overrides = None

    def evaluate_with_overrides(
        config_path: str | Path,
        overrides: Mapping[str, Any] | None = None,
        *,
        validation_modules: list[str] | None = None,
    ) -> dict[str, float]:
        """
        Run a single scenario evaluation through the v14 pipeline.
        """
        cfg_path = Path(config_path)
        if not cfg_path.is_file():
            raise FileNotFoundError(f"Scenario config not found: {cfg_path}")
    
        base_config = load_scenario_config(cfg_path)
    
        merged_config = _deep_merge_config(base_config, overrides or {})
    
>       return _run_pipeline_with_config(
            merged_config,
            validation_modules=validation_modules,
        )

analytics/evaluation_v14.py:145: 
_ _ _ _ _ _ _ _ _ _ _ _ _ _ _ _ _ _ _ _ _ _ _ _ _ _ _ _ _ _ _ _ _ _ _ _ _ _ _ _ 

config = {'Financing_Terms': {'amortization_style': 'annuity', 'debt_ratio': 0.6, 'interest_only_years': 0, 'mix': {'dfi_max': ...e': 0.08, 'principal_usd': 6000000.0, 'tenor_years': 10}, 'fx': {'annual_depr': 0.03, 'start_lkr_per_usd': 320.0}, ...}
validation_modules = ['cashflow', 'debt']

    def _run_pipeline_with_config(
        config: Mapping[str, Any],
        validation_modules: list[str] | None = None,
    ) -> dict[str, float]:
        """
        Internal helper: run v14 pipeline and extract normalized KPI dict.
        """
        if validation_modules is None:
            validation_modules = ["cashflow", "debt"]
    
>       payload: Mapping[str, Any] = run_v14_pipeline(
            config=config,
            validation_mode="strict",
            validation_modules=validation_modules,
        )

analytics/evaluation_v14.py:102: 
_ _ _ _ _ _ _ _ _ _ _ _ _ _ _ _ _ _ _ _ _ _ _ _ _ _ _ _ _ _ _ _ _ _ _ _ _ _ _ _ 

config = {'Financing_Terms': {'amortization_style': 'annuity', 'debt_ratio': 0.6, 'interest_only_years': 0, 'mix': {'dfi_max': ...e': 0.08, 'principal_usd': 6000000.0, 'tenor_years': 10}, 'fx': {'annual_depr': 0.03, 'start_lkr_per_usd': 320.0}, ...}
validation_mode = 'strict', validation_modules = ['cashflow', 'debt']
allow_fx_degradation = False

    def run_v14_pipeline(
        config: str | Path | Mapping[str, Any],
        validation_mode: str = "strict",
        validation_modules: list[str] | None = None,
        allow_fx_degradation: bool = False,
    ) -> dict[str, Any]:
        """Run the v14 engine for a single scenario.
    
        Parameters
        ----------
        config
            Either:
            - Path to YAML/JSON scenario file (str or Path), or
            - A pre-loaded config mapping (dict-like).
        validation_mode : {"strict", "off"}, default "strict"
            - "strict": run schema guard before evaluation
            - "off": skip schema guard
        validation_modules : list[str] or None
            Modules to validate. Defaults to ["cashflow", "debt"].
        allow_fx_degradation : bool, default False
            If True, FX integration failures are logged but don't crash pipeline.
            If False, FX errors re-raised (stops pipeline).
    
        Returns
        -------
        dict[str, Any]
            ScenarioResult-like dict with keys (superset of legacy surface):
            - validation_mode
            - config_path
            - config
            - annual_rows
            - debt_result
            - kpis
            - wacc
            - scenario_result
            - debt_profile
            - debt_covenants
            - refinancing_result (if enabled in config)
            - equity_distribution_result (if enabled in config)
        """
        mode = validation_mode.lower()
        if mode not in {"strict", "off"}:
            raise ValueError(
                f"validation_mode must be 'strict' or 'off', got: {validation_mode!r}"
            )
    
        # ------------------------------------------------------------------
        # 1. Resolve config + label
        # ------------------------------------------------------------------
        if isinstance(config, (str, Path)):
            config_path_label = str(config)
            cfg = load_scenario_config(str(config))
        elif isinstance(config, Mapping):
            config_path_label = "<inline_config>"
            # Shallow copy to decouple from callers
            cfg = dict(config)
        else:
            raise TypeError(
                "config must be a path (str/Path) or a mapping, "
                f"got {type(config).__name__}"
            )
    
        logger.info("Pipeline starting: config_path=%s", config_path_label)
    
        # ------------------------------------------------------------------
        # 2. Pre-flight validation
        # ------------------------------------------------------------------
        if mode == "strict":
            modules = validation_modules or ["cashflow", "debt"]
            validate_config_for_v14(
                raw_config=cfg,
                config_path=config_path_label,
                modules=modules,
            )
            logger.info("Schema validation passed for modules: %s", ", ".join(modules))
        else:
            modules = validation_modules or []
            logger.info("Schema validation skipped (validation_mode=off)")
    
        # ------------------------------------------------------------------
        # 3. Canonical v14 finance engine
        # ------------------------------------------------------------------
    
        # 3a. Cashflow – build annual rows from the v14 cashflow engine.
        logger.info("Step 1/4: Building annual cashflow rows...")
>       annual_rows = build_annual_rows(cfg)
                      ^^^^^^^^^^^^^^^^^^^^^^

analytics/pipeline_v14.py:421: 
_ _ _ _ _ _ _ _ _ _ _ _ _ _ _ _ _ _ _ _ _ _ _ _ _ _ _ _ _ _ _ _ _ _ _ _ _ _ _ _ 

config = {'Financing_Terms': {'amortization_style': 'annuity', 'debt_ratio': 0.6, 'interest_only_years': 0, 'mix': {'dfi_max': ...e': 0.08, 'principal_usd': 6000000.0, 'tenor_years': 10}, 'fx': {'annual_depr': 0.03, 'start_lkr_per_usd': 320.0}, ...}
fx_curve = None, capex_depreciable_lkr = None, interest_expense_series = None

    def build_annual_rows(
        config: Dict[str, Any],
        fx_curve: Optional[List[float]] = None,
        capex_depreciable_lkr: Optional[float] = None,
        interest_expense_series: Optional[List[float]] = None,
    ) -> List[Dict[str, float]]:
        """
        Return list of per-year breakdown rows including CFADS in LKR and USD.
    
        This is the canonical *row-wise* surface for:
    
        - debt_v14.plan_debt (DSCR / covenants)
        - CashflowResult (via contracts_v14)
        - analytics exports and dashboards.
    
        NOTE: This function now correctly tracks loss carry-forward across years.
        """
    
        (
            params,
            fx_curve_resolved,
            capex_dep_resolved,
            interest_series,
            years,
            tax_profile,
            depreciation_schedule,
>       ) = _prepare_cashflow_context(
            config,
            fx_curve,
            capex_depreciable_lkr,
            interest_expense_series,
        )

finance/cashflow_v14.py:475: 
_ _ _ _ _ _ _ _ _ _ _ _ _ _ _ _ _ _ _ _ _ _ _ _ _ _ _ _ _ _ _ _ _ _ _ _ _ _ _ _ 

config = {'Financing_Terms': {'amortization_style': 'annuity', 'debt_ratio': 0.6, 'interest_only_years': 0, 'mix': {'dfi_max': ...e': 0.08, 'principal_usd': 6000000.0, 'tenor_years': 10}, 'fx': {'annual_depr': 0.03, 'start_lkr_per_usd': 320.0}, ...}
fx_curve = None, capex_depreciable_lkr = None, interest_expense_series = None

    def _prepare_cashflow_context(
        config: Dict[str, Any],
        fx_curve: Optional[List[float]],
        capex_depreciable_lkr: Optional[float],
        interest_expense_series: Optional[List[float]],
    ) -> Tuple[
        Dict[str, Any],
        List[float],
        Optional[float],
        List[float],
        int,
        TaxProfile,
        DepreciationSchedule,
    ]:
        """
        Shared context builder for build_annual_cfads and build_annual_rows.
    
        Returns
        -------
        (params_dict, fx_curve_resolved, capex_depreciable_resolved,
         interest_series, years, tax_profile, depreciation_schedule)
    
        The TaxProfile and DepreciationSchedule are now built upfront and
        reused for all years, avoiding repeated computation and ensuring
        consistent loss carry-forward tracking.
        """
        # Validate parameters before expensive calculations
        validate_parameters(config)
    
        params_obj: CashflowParams = _build_cashflow_params(config)
        params_dict: Dict[str, Any] = asdict(params_obj)
    
        years = int(params_obj.project_life_years)
    
        if fx_curve is None:
            fx_curve_resolved = _fx_curve(config, years)
        else:
            fx_curve_resolved = list(fx_curve)
    
        # Ensure we have at least `years` FX points; extend with last known.
        if len(fx_curve_resolved) < years and fx_curve_resolved:
            fx_curve_resolved = fx_curve_resolved + [fx_curve_resolved[-1]] * (
                years - len(fx_curve_resolved)
            )
        elif not fx_curve_resolved:
            fx_curve_resolved = _fx_curve(config, years)
    
        # Depreciable capex base in LKR – explicit tax base takes precedence.
        capex_dep_resolved = capex_depreciable_lkr
    
        if capex_dep_resolved is None:
            # 1) Explicit tax base if provided
            dep_lkr = as_float(get_nested(config, ["tax", "depreciable_capex_lkr"], None))
    
            if dep_lkr is None:
                dep_lkr = as_float(get_nested(config, ["tax", "dep_base_lkr"], None))
    
            if dep_lkr is not None:
                capex_dep_resolved = dep_lkr
            else:
                # 2) Project-wide LKR capex
                capex_lkr = as_float(get_nested(config, ["capex", "lkr_total"], None))
    
                if capex_lkr is not None:
                    capex_dep_resolved = capex_lkr
                else:
                    # 3) USD capex translated at year-0 FX
                    capex_usd = as_float(get_nested(config, ["capex", "usd_total"], None))
    
                    if capex_usd is not None:
                        capex_dep_resolved = capex_usd * fx_curve_resolved[0]
    
        # Interest series alignment
        if interest_expense_series is None:
            interest_series = [0.0] * years
        else:
            interest_series = list(interest_expense_series)
    
        # Pad or trim to project life
        if len(interest_series) < years:
            interest_series = interest_series + [0.0] * (years - len(interest_series))
        elif len(interest_series) > years:
            interest_series = interest_series[:years]
    
        # === NEW: Build TaxConfig and TaxProfile upfront ===
        # This avoids repeated computation and ensures consistent tax modeling
        # across all years (especially important for loss carry-forward).
    
>       tax_config = TaxConfig.from_yaml(config)
                     ^^^^^^^^^^^^^^^^^^^^^^^^^^^

finance/cashflow_v14.py:186: 
_ _ _ _ _ _ _ _ _ _ _ _ _ _ _ _ _ _ _ _ _ _ _ _ _ _ _ _ _ _ _ _ _ _ _ _ _ _ _ _ 

cls = <class 'finance.cashflow_v14_tax.TaxConfig'>
cfg = {'Financing_Terms': {'amortization_style': 'annuity', 'debt_ratio': 0.6, 'interest_only_years': 0, 'mix': {'dfi_max': ...e': 0.08, 'principal_usd': 6000000.0, 'tenor_years': 10}, 'fx': {'annual_depr': 0.03, 'start_lkr_per_usd': 320.0}, ...}

    @classmethod
    def from_yaml(cls, cfg: Mapping[str, Any]) -> "TaxConfig":
        """
        Build TaxConfig from the full scenario dict (expects `tax` section).
        """
        tax = _require_section(cfg, "tax")
    
        # Required keys
        corporate_tax_rate = float(_require_key(tax, "corporate_tax_rate", "tax"))
>       depreciation_method = str(_require_key(tax, "depreciation_method", "tax"))
                                  ^^^^^^^^^^^^^^^^^^^^^^^^^^^^^^^^^^^^^^^^^^^^^^^

finance/cashflow_v14_tax.py:111: 
_ _ _ _ _ _ _ _ _ _ _ _ _ _ _ _ _ _ _ _ _ _ _ _ _ _ _ _ _ _ _ _ _ _ _ _ _ _ _ _ 

section = {'corporate_tax_rate': 0.3}, key = 'depreciation_method', ctx = 'tax'

    def _require_key(section: Mapping[str, Any], key: str, ctx: str) -> Any:
        """Return a required key from a section or raise with context."""
        if key not in section:
>           raise KeyError(f"Missing required YAML key: {ctx}.{key}")
E           KeyError: 'Missing required YAML key: tax.depreciation_method'

finance/cashflow_v14_tax.py:66: KeyError
_________________ test_build_annual_cfads_minimal_valid_params _________________

    def test_build_annual_cfads_minimal_valid_params():
        """build_annual_cfads should produce a sensible CFADS series for a simple config."""
        params = {
            "project": {
                "capacity_mw": 100.0,
                "capacity_factor": 0.40,
            },
            "tariff": {
                "lkr_per_kwh": 20.0,
            },
            "opex": {
                "usd_per_year": 3_000_000.0,
            },
            # Simplest way to fix the project life:
            "returns": {
                "project_life_years": 5,
            },
            # Optional explicit tax block to avoid surprises
            "tax": {
                "corporate_tax_rate": 0.30,
                "depreciation_years": 15,
                "tax_holiday_years": 0,
                "tax_holiday_start_year": 1,
                "enhanced_capital_allowance_pct": 1.0,
            },
        }
    
        # Validate should produce no ERRORs
        issues = cf_mod.validate_parameters(params)  # type: ignore[attr-defined]
        assert not any("ERROR" in msg for msg in issues)
    
>       cfads = cf_mod.build_annual_cfads(params)  # type: ignore[attr-defined]
                ^^^^^^^^^^^^^^^^^^^^^^^^^^^^^^^^^

tests/api/test_cashflow_module.py:94: 
_ _ _ _ _ _ _ _ _ _ _ _ _ _ _ _ _ _ _ _ _ _ _ _ _ _ _ _ _ _ _ _ _ _ _ _ _ _ _ _ 

config = {'opex': {'usd_per_year': 3000000.0}, 'project': {'capacity_factor': 0.4, 'capacity_mw': 100.0}, 'returns': {'project_life_years': 5}, 'tariff': {'lkr_per_kwh': 20.0}, ...}
fx_curve = None, capex_depreciable_lkr = None, interest_expense_series = None
verbose = False

    def build_annual_cfads(
        config: Dict[str, Any],
        fx_curve: Optional[List[float]] = None,
        capex_depreciable_lkr: Optional[float] = None,
        interest_expense_series: Optional[List[float]] = None,
        verbose: bool = False,
    ) -> List[float]:
        """
        Return list of CFADS (LKR) for each project year.
    
        This is the primary numeric surface used by debt_v14 and covenant tests.
        """
    
        (
            params,
            fx_curve_resolved,
            capex_dep_resolved,
            interest_series,
            years,
            tax_profile,
            depreciation_schedule,
>       ) = _prepare_cashflow_context(
            config,
            fx_curve,
            capex_depreciable_lkr,
            interest_expense_series,
        )

finance/cashflow_v14.py:407: 
_ _ _ _ _ _ _ _ _ _ _ _ _ _ _ _ _ _ _ _ _ _ _ _ _ _ _ _ _ _ _ _ _ _ _ _ _ _ _ _ 

config = {'opex': {'usd_per_year': 3000000.0}, 'project': {'capacity_factor': 0.4, 'capacity_mw': 100.0}, 'returns': {'project_life_years': 5}, 'tariff': {'lkr_per_kwh': 20.0}, ...}
fx_curve = None, capex_depreciable_lkr = None, interest_expense_series = None

    def _prepare_cashflow_context(
        config: Dict[str, Any],
        fx_curve: Optional[List[float]],
        capex_depreciable_lkr: Optional[float],
        interest_expense_series: Optional[List[float]],
    ) -> Tuple[
        Dict[str, Any],
        List[float],
        Optional[float],
        List[float],
        int,
        TaxProfile,
        DepreciationSchedule,
    ]:
        """
        Shared context builder for build_annual_cfads and build_annual_rows.
    
        Returns
        -------
        (params_dict, fx_curve_resolved, capex_depreciable_resolved,
         interest_series, years, tax_profile, depreciation_schedule)
    
        The TaxProfile and DepreciationSchedule are now built upfront and
        reused for all years, avoiding repeated computation and ensuring
        consistent loss carry-forward tracking.
        """
        # Validate parameters before expensive calculations
        validate_parameters(config)
    
        params_obj: CashflowParams = _build_cashflow_params(config)
        params_dict: Dict[str, Any] = asdict(params_obj)
    
        years = int(params_obj.project_life_years)
    
        if fx_curve is None:
            fx_curve_resolved = _fx_curve(config, years)
        else:
            fx_curve_resolved = list(fx_curve)
    
        # Ensure we have at least `years` FX points; extend with last known.
        if len(fx_curve_resolved) < years and fx_curve_resolved:
            fx_curve_resolved = fx_curve_resolved + [fx_curve_resolved[-1]] * (
                years - len(fx_curve_resolved)
            )
        elif not fx_curve_resolved:
            fx_curve_resolved = _fx_curve(config, years)
    
        # Depreciable capex base in LKR – explicit tax base takes precedence.
        capex_dep_resolved = capex_depreciable_lkr
    
        if capex_dep_resolved is None:
            # 1) Explicit tax base if provided
            dep_lkr = as_float(get_nested(config, ["tax", "depreciable_capex_lkr"], None))
    
            if dep_lkr is None:
                dep_lkr = as_float(get_nested(config, ["tax", "dep_base_lkr"], None))
    
            if dep_lkr is not None:
                capex_dep_resolved = dep_lkr
            else:
                # 2) Project-wide LKR capex
                capex_lkr = as_float(get_nested(config, ["capex", "lkr_total"], None))
    
                if capex_lkr is not None:
                    capex_dep_resolved = capex_lkr
                else:
                    # 3) USD capex translated at year-0 FX
                    capex_usd = as_float(get_nested(config, ["capex", "usd_total"], None))
    
                    if capex_usd is not None:
                        capex_dep_resolved = capex_usd * fx_curve_resolved[0]
    
        # Interest series alignment
        if interest_expense_series is None:
            interest_series = [0.0] * years
        else:
            interest_series = list(interest_expense_series)
    
        # Pad or trim to project life
        if len(interest_series) < years:
            interest_series = interest_series + [0.0] * (years - len(interest_series))
        elif len(interest_series) > years:
            interest_series = interest_series[:years]
    
        # === NEW: Build TaxConfig and TaxProfile upfront ===
        # This avoids repeated computation and ensures consistent tax modeling
        # across all years (especially important for loss carry-forward).
    
>       tax_config = TaxConfig.from_yaml(config)
                     ^^^^^^^^^^^^^^^^^^^^^^^^^^^

finance/cashflow_v14.py:186: 
_ _ _ _ _ _ _ _ _ _ _ _ _ _ _ _ _ _ _ _ _ _ _ _ _ _ _ _ _ _ _ _ _ _ _ _ _ _ _ _ 

cls = <class 'finance.cashflow_v14_tax.TaxConfig'>
cfg = {'opex': {'usd_per_year': 3000000.0}, 'project': {'capacity_factor': 0.4, 'capacity_mw': 100.0}, 'returns': {'project_life_years': 5}, 'tariff': {'lkr_per_kwh': 20.0}, ...}

    @classmethod
    def from_yaml(cls, cfg: Mapping[str, Any]) -> "TaxConfig":
        """
        Build TaxConfig from the full scenario dict (expects `tax` section).
        """
        tax = _require_section(cfg, "tax")
    
        # Required keys
        corporate_tax_rate = float(_require_key(tax, "corporate_tax_rate", "tax"))
>       depreciation_method = str(_require_key(tax, "depreciation_method", "tax"))
                                  ^^^^^^^^^^^^^^^^^^^^^^^^^^^^^^^^^^^^^^^^^^^^^^^

finance/cashflow_v14_tax.py:111: 
_ _ _ _ _ _ _ _ _ _ _ _ _ _ _ _ _ _ _ _ _ _ _ _ _ _ _ _ _ _ _ _ _ _ _ _ _ _ _ _ 

section = {'corporate_tax_rate': 0.3, 'depreciation_years': 15, 'enhanced_capital_allowance_pct': 1.0, 'tax_holiday_start_year': 1, ...}
key = 'depreciation_method', ctx = 'tax'

    def _require_key(section: Mapping[str, Any], key: str, ctx: str) -> Any:
        """Return a required key from a section or raise with context."""
        if key not in section:
>           raise KeyError(f"Missing required YAML key: {ctx}.{key}")
E           KeyError: 'Missing required YAML key: tax.depreciation_method'

finance/cashflow_v14_tax.py:66: KeyError
------------------------------ Captured log call -------------------------------
WARNING  finance.cashflow_v14_params:cashflow_v14_params.py:83 Project life not found in explicit fields; using heuristic match 'returns/project_life_years' = 5 years
WARNING  finance.cashflow_v14_fx:cashflow_v14_fx.py:109 FX configuration missing; falling back to flat 375.00 LKR/USD for 5 years
_____________ test_project_life_5_vs_20_years_shapes_and_magnitude _____________

    def test_project_life_5_vs_20_years_shapes_and_magnitude():
        """5-year vs 20-year project life should change CFADS length, not explode."""
        p5 = copy.deepcopy(BASE_PARAMS)
        p5["returns"]["project_life_years"] = 5
    
        p20 = copy.deepcopy(BASE_PARAMS)
        p20["returns"]["project_life_years"] = 20
    
>       cf5 = _run_cfads(p5)
              ^^^^^^^^^^^^^^

tests/api/test_cashflow_tax_and_life.py:86: 
_ _ _ _ _ _ _ _ _ _ _ _ _ _ _ _ _ _ _ _ _ _ _ _ _ _ _ _ _ _ _ _ _ _ _ _ _ _ _ _ 

params = {'opex': {'usd_per_year': 3000000.0}, 'project': {'capacity_factor': 0.4, 'capacity_mw': 100.0}, 'returns': {'project_life_years': 5}, 'tariff': {'lkr_per_kwh': 20.0}, ...}

    def _run_cfads(params: dict) -> list[float]:
        """Validate and run CFADS; fail loud on validation ERRORs."""
        issues = cf_mod.validate_parameters(params)  # type: ignore[attr-defined]
        error_msgs = [m for m in issues if "ERROR" in m.upper()]
        if error_msgs:
            pytest.fail("Parameter validation failed:\n" + "\n".join(error_msgs))
    
>       cfads = cf_mod.build_annual_cfads(params)  # type: ignore[attr-defined]
                ^^^^^^^^^^^^^^^^^^^^^^^^^^^^^^^^^

tests/api/test_cashflow_tax_and_life.py:67: 
_ _ _ _ _ _ _ _ _ _ _ _ _ _ _ _ _ _ _ _ _ _ _ _ _ _ _ _ _ _ _ _ _ _ _ _ _ _ _ _ 

config = {'opex': {'usd_per_year': 3000000.0}, 'project': {'capacity_factor': 0.4, 'capacity_mw': 100.0}, 'returns': {'project_life_years': 5}, 'tariff': {'lkr_per_kwh': 20.0}, ...}
fx_curve = None, capex_depreciable_lkr = None, interest_expense_series = None
verbose = False

    def build_annual_cfads(
        config: Dict[str, Any],
        fx_curve: Optional[List[float]] = None,
        capex_depreciable_lkr: Optional[float] = None,
        interest_expense_series: Optional[List[float]] = None,
        verbose: bool = False,
    ) -> List[float]:
        """
        Return list of CFADS (LKR) for each project year.
    
        This is the primary numeric surface used by debt_v14 and covenant tests.
        """
    
        (
            params,
            fx_curve_resolved,
            capex_dep_resolved,
            interest_series,
            years,
            tax_profile,
            depreciation_schedule,
>       ) = _prepare_cashflow_context(
            config,
            fx_curve,
            capex_depreciable_lkr,
            interest_expense_series,
        )

finance/cashflow_v14.py:407: 
_ _ _ _ _ _ _ _ _ _ _ _ _ _ _ _ _ _ _ _ _ _ _ _ _ _ _ _ _ _ _ _ _ _ _ _ _ _ _ _ 

config = {'opex': {'usd_per_year': 3000000.0}, 'project': {'capacity_factor': 0.4, 'capacity_mw': 100.0}, 'returns': {'project_life_years': 5}, 'tariff': {'lkr_per_kwh': 20.0}, ...}
fx_curve = None, capex_depreciable_lkr = None, interest_expense_series = None

    def _prepare_cashflow_context(
        config: Dict[str, Any],
        fx_curve: Optional[List[float]],
        capex_depreciable_lkr: Optional[float],
        interest_expense_series: Optional[List[float]],
    ) -> Tuple[
        Dict[str, Any],
        List[float],
        Optional[float],
        List[float],
        int,
        TaxProfile,
        DepreciationSchedule,
    ]:
        """
        Shared context builder for build_annual_cfads and build_annual_rows.
    
        Returns
        -------
        (params_dict, fx_curve_resolved, capex_depreciable_resolved,
         interest_series, years, tax_profile, depreciation_schedule)
    
        The TaxProfile and DepreciationSchedule are now built upfront and
        reused for all years, avoiding repeated computation and ensuring
        consistent loss carry-forward tracking.
        """
        # Validate parameters before expensive calculations
        validate_parameters(config)
    
        params_obj: CashflowParams = _build_cashflow_params(config)
        params_dict: Dict[str, Any] = asdict(params_obj)
    
        years = int(params_obj.project_life_years)
    
        if fx_curve is None:
            fx_curve_resolved = _fx_curve(config, years)
        else:
            fx_curve_resolved = list(fx_curve)
    
        # Ensure we have at least `years` FX points; extend with last known.
        if len(fx_curve_resolved) < years and fx_curve_resolved:
            fx_curve_resolved = fx_curve_resolved + [fx_curve_resolved[-1]] * (
                years - len(fx_curve_resolved)
            )
        elif not fx_curve_resolved:
            fx_curve_resolved = _fx_curve(config, years)
    
        # Depreciable capex base in LKR – explicit tax base takes precedence.
        capex_dep_resolved = capex_depreciable_lkr
    
        if capex_dep_resolved is None:
            # 1) Explicit tax base if provided
            dep_lkr = as_float(get_nested(config, ["tax", "depreciable_capex_lkr"], None))
    
            if dep_lkr is None:
                dep_lkr = as_float(get_nested(config, ["tax", "dep_base_lkr"], None))
    
            if dep_lkr is not None:
                capex_dep_resolved = dep_lkr
            else:
                # 2) Project-wide LKR capex
                capex_lkr = as_float(get_nested(config, ["capex", "lkr_total"], None))
    
                if capex_lkr is not None:
                    capex_dep_resolved = capex_lkr
                else:
                    # 3) USD capex translated at year-0 FX
                    capex_usd = as_float(get_nested(config, ["capex", "usd_total"], None))
    
                    if capex_usd is not None:
                        capex_dep_resolved = capex_usd * fx_curve_resolved[0]
    
        # Interest series alignment
        if interest_expense_series is None:
            interest_series = [0.0] * years
        else:
            interest_series = list(interest_expense_series)
    
        # Pad or trim to project life
        if len(interest_series) < years:
            interest_series = interest_series + [0.0] * (years - len(interest_series))
        elif len(interest_series) > years:
            interest_series = interest_series[:years]
    
        # === NEW: Build TaxConfig and TaxProfile upfront ===
        # This avoids repeated computation and ensures consistent tax modeling
        # across all years (especially important for loss carry-forward).
    
>       tax_config = TaxConfig.from_yaml(config)
                     ^^^^^^^^^^^^^^^^^^^^^^^^^^^

finance/cashflow_v14.py:186: 
_ _ _ _ _ _ _ _ _ _ _ _ _ _ _ _ _ _ _ _ _ _ _ _ _ _ _ _ _ _ _ _ _ _ _ _ _ _ _ _ 

cls = <class 'finance.cashflow_v14_tax.TaxConfig'>
cfg = {'opex': {'usd_per_year': 3000000.0}, 'project': {'capacity_factor': 0.4, 'capacity_mw': 100.0}, 'returns': {'project_life_years': 5}, 'tariff': {'lkr_per_kwh': 20.0}, ...}

    @classmethod
    def from_yaml(cls, cfg: Mapping[str, Any]) -> "TaxConfig":
        """
        Build TaxConfig from the full scenario dict (expects `tax` section).
        """
        tax = _require_section(cfg, "tax")
    
        # Required keys
        corporate_tax_rate = float(_require_key(tax, "corporate_tax_rate", "tax"))
>       depreciation_method = str(_require_key(tax, "depreciation_method", "tax"))
                                  ^^^^^^^^^^^^^^^^^^^^^^^^^^^^^^^^^^^^^^^^^^^^^^^

finance/cashflow_v14_tax.py:111: 
_ _ _ _ _ _ _ _ _ _ _ _ _ _ _ _ _ _ _ _ _ _ _ _ _ _ _ _ _ _ _ _ _ _ _ _ _ _ _ _ 

section = {'corporate_tax_rate': 0.3, 'depreciation_years': 15, 'enhanced_capital_allowance_pct': 1.0, 'tax_holiday_start_year': 1, ...}
key = 'depreciation_method', ctx = 'tax'

    def _require_key(section: Mapping[str, Any], key: str, ctx: str) -> Any:
        """Return a required key from a section or raise with context."""
        if key not in section:
>           raise KeyError(f"Missing required YAML key: {ctx}.{key}")
E           KeyError: 'Missing required YAML key: tax.depreciation_method'

finance/cashflow_v14_tax.py:66: KeyError
------------------------------ Captured log call -------------------------------
WARNING  finance.cashflow_v14_params:cashflow_v14_params.py:83 Project life not found in explicit fields; using heuristic match 'returns/project_life_years' = 5 years
WARNING  finance.cashflow_v14_fx:cashflow_v14_fx.py:109 FX configuration missing; falling back to flat 375.00 LKR/USD for 5 years
____________________ test_tax_holiday_increases_early_cfads ____________________

    def test_tax_holiday_increases_early_cfads():
        """Tax holiday should increase CFADS in holiday years vs no-holiday baseline."""
        base = copy.deepcopy(BASE_PARAMS)
    
        no_holiday = copy.deepcopy(base)
        no_holiday["tax"]["tax_holiday_years"] = 0
        no_holiday["tax"]["tax_holiday_start_year"] = 1
    
        with_holiday = copy.deepcopy(base)
        with_holiday["tax"]["tax_holiday_years"] = 3
        with_holiday["tax"]["tax_holiday_start_year"] = 1
    
>       cf_no = _run_cfads(no_holiday)
                ^^^^^^^^^^^^^^^^^^^^^^

tests/api/test_cashflow_tax_and_life.py:113: 
_ _ _ _ _ _ _ _ _ _ _ _ _ _ _ _ _ _ _ _ _ _ _ _ _ _ _ _ _ _ _ _ _ _ _ _ _ _ _ _ 

params = {'opex': {'usd_per_year': 3000000.0}, 'project': {'capacity_factor': 0.4, 'capacity_mw': 100.0}, 'returns': {'project_life_years': 20}, 'tariff': {'lkr_per_kwh': 20.0}, ...}

    def _run_cfads(params: dict) -> list[float]:
        """Validate and run CFADS; fail loud on validation ERRORs."""
        issues = cf_mod.validate_parameters(params)  # type: ignore[attr-defined]
        error_msgs = [m for m in issues if "ERROR" in m.upper()]
        if error_msgs:
            pytest.fail("Parameter validation failed:\n" + "\n".join(error_msgs))
    
>       cfads = cf_mod.build_annual_cfads(params)  # type: ignore[attr-defined]
                ^^^^^^^^^^^^^^^^^^^^^^^^^^^^^^^^^

tests/api/test_cashflow_tax_and_life.py:67: 
_ _ _ _ _ _ _ _ _ _ _ _ _ _ _ _ _ _ _ _ _ _ _ _ _ _ _ _ _ _ _ _ _ _ _ _ _ _ _ _ 

config = {'opex': {'usd_per_year': 3000000.0}, 'project': {'capacity_factor': 0.4, 'capacity_mw': 100.0}, 'returns': {'project_life_years': 20}, 'tariff': {'lkr_per_kwh': 20.0}, ...}
fx_curve = None, capex_depreciable_lkr = None, interest_expense_series = None
verbose = False

    def build_annual_cfads(
        config: Dict[str, Any],
        fx_curve: Optional[List[float]] = None,
        capex_depreciable_lkr: Optional[float] = None,
        interest_expense_series: Optional[List[float]] = None,
        verbose: bool = False,
    ) -> List[float]:
        """
        Return list of CFADS (LKR) for each project year.
    
        This is the primary numeric surface used by debt_v14 and covenant tests.
        """
    
        (
            params,
            fx_curve_resolved,
            capex_dep_resolved,
            interest_series,
            years,
            tax_profile,
            depreciation_schedule,
>       ) = _prepare_cashflow_context(
            config,
            fx_curve,
            capex_depreciable_lkr,
            interest_expense_series,
        )

finance/cashflow_v14.py:407: 
_ _ _ _ _ _ _ _ _ _ _ _ _ _ _ _ _ _ _ _ _ _ _ _ _ _ _ _ _ _ _ _ _ _ _ _ _ _ _ _ 

config = {'opex': {'usd_per_year': 3000000.0}, 'project': {'capacity_factor': 0.4, 'capacity_mw': 100.0}, 'returns': {'project_life_years': 20}, 'tariff': {'lkr_per_kwh': 20.0}, ...}
fx_curve = None, capex_depreciable_lkr = None, interest_expense_series = None

    def _prepare_cashflow_context(
        config: Dict[str, Any],
        fx_curve: Optional[List[float]],
        capex_depreciable_lkr: Optional[float],
        interest_expense_series: Optional[List[float]],
    ) -> Tuple[
        Dict[str, Any],
        List[float],
        Optional[float],
        List[float],
        int,
        TaxProfile,
        DepreciationSchedule,
    ]:
        """
        Shared context builder for build_annual_cfads and build_annual_rows.
    
        Returns
        -------
        (params_dict, fx_curve_resolved, capex_depreciable_resolved,
         interest_series, years, tax_profile, depreciation_schedule)
    
        The TaxProfile and DepreciationSchedule are now built upfront and
        reused for all years, avoiding repeated computation and ensuring
        consistent loss carry-forward tracking.
        """
        # Validate parameters before expensive calculations
        validate_parameters(config)
    
        params_obj: CashflowParams = _build_cashflow_params(config)
        params_dict: Dict[str, Any] = asdict(params_obj)
    
        years = int(params_obj.project_life_years)
    
        if fx_curve is None:
            fx_curve_resolved = _fx_curve(config, years)
        else:
            fx_curve_resolved = list(fx_curve)
    
        # Ensure we have at least `years` FX points; extend with last known.
        if len(fx_curve_resolved) < years and fx_curve_resolved:
            fx_curve_resolved = fx_curve_resolved + [fx_curve_resolved[-1]] * (
                years - len(fx_curve_resolved)
            )
        elif not fx_curve_resolved:
            fx_curve_resolved = _fx_curve(config, years)
    
        # Depreciable capex base in LKR – explicit tax base takes precedence.
        capex_dep_resolved = capex_depreciable_lkr
    
        if capex_dep_resolved is None:
            # 1) Explicit tax base if provided
            dep_lkr = as_float(get_nested(config, ["tax", "depreciable_capex_lkr"], None))
    
            if dep_lkr is None:
                dep_lkr = as_float(get_nested(config, ["tax", "dep_base_lkr"], None))
    
            if dep_lkr is not None:
                capex_dep_resolved = dep_lkr
            else:
                # 2) Project-wide LKR capex
                capex_lkr = as_float(get_nested(config, ["capex", "lkr_total"], None))
    
                if capex_lkr is not None:
                    capex_dep_resolved = capex_lkr
                else:
                    # 3) USD capex translated at year-0 FX
                    capex_usd = as_float(get_nested(config, ["capex", "usd_total"], None))
    
                    if capex_usd is not None:
                        capex_dep_resolved = capex_usd * fx_curve_resolved[0]
    
        # Interest series alignment
        if interest_expense_series is None:
            interest_series = [0.0] * years
        else:
            interest_series = list(interest_expense_series)
    
        # Pad or trim to project life
        if len(interest_series) < years:
            interest_series = interest_series + [0.0] * (years - len(interest_series))
        elif len(interest_series) > years:
            interest_series = interest_series[:years]
    
        # === NEW: Build TaxConfig and TaxProfile upfront ===
        # This avoids repeated computation and ensures consistent tax modeling
        # across all years (especially important for loss carry-forward).
    
>       tax_config = TaxConfig.from_yaml(config)
                     ^^^^^^^^^^^^^^^^^^^^^^^^^^^

finance/cashflow_v14.py:186: 
_ _ _ _ _ _ _ _ _ _ _ _ _ _ _ _ _ _ _ _ _ _ _ _ _ _ _ _ _ _ _ _ _ _ _ _ _ _ _ _ 

cls = <class 'finance.cashflow_v14_tax.TaxConfig'>
cfg = {'opex': {'usd_per_year': 3000000.0}, 'project': {'capacity_factor': 0.4, 'capacity_mw': 100.0}, 'returns': {'project_life_years': 20}, 'tariff': {'lkr_per_kwh': 20.0}, ...}

    @classmethod
    def from_yaml(cls, cfg: Mapping[str, Any]) -> "TaxConfig":
        """
        Build TaxConfig from the full scenario dict (expects `tax` section).
        """
        tax = _require_section(cfg, "tax")
    
        # Required keys
        corporate_tax_rate = float(_require_key(tax, "corporate_tax_rate", "tax"))
>       depreciation_method = str(_require_key(tax, "depreciation_method", "tax"))
                                  ^^^^^^^^^^^^^^^^^^^^^^^^^^^^^^^^^^^^^^^^^^^^^^^

finance/cashflow_v14_tax.py:111: 
_ _ _ _ _ _ _ _ _ _ _ _ _ _ _ _ _ _ _ _ _ _ _ _ _ _ _ _ _ _ _ _ _ _ _ _ _ _ _ _ 

section = {'corporate_tax_rate': 0.3, 'depreciation_years': 15, 'enhanced_capital_allowance_pct': 1.0, 'tax_holiday_start_year': 1, ...}
key = 'depreciation_method', ctx = 'tax'

    def _require_key(section: Mapping[str, Any], key: str, ctx: str) -> Any:
        """Return a required key from a section or raise with context."""
        if key not in section:
>           raise KeyError(f"Missing required YAML key: {ctx}.{key}")
E           KeyError: 'Missing required YAML key: tax.depreciation_method'

finance/cashflow_v14_tax.py:66: KeyError
------------------------------ Captured log call -------------------------------
WARNING  finance.cashflow_v14_params:cashflow_v14_params.py:83 Project life not found in explicit fields; using heuristic match 'returns/project_life_years' = 20 years
WARNING  finance.cashflow_v14_fx:cashflow_v14_fx.py:109 FX configuration missing; falling back to flat 375.00 LKR/USD for 20 years
______________ test_enhanced_allowance_does_not_hurt_early_cfads _______________

    def test_enhanced_allowance_does_not_hurt_early_cfads():
        """Enhanced capital allowance should not reduce early CFADS vs baseline.
    
        Implementation may or may not actually improve CFADS, but it must not
        *worsen* the early-year CFADS profile relative to baseline.
        """
        base = copy.deepcopy(BASE_PARAMS)
    
        baseline = copy.deepcopy(base)
        baseline["tax"]["enhanced_capital_allowance_pct"] = 1.0
    
        enhanced = copy.deepcopy(base)
        enhanced["tax"]["enhanced_capital_allowance_pct"] = 2.0
    
>       cf_base = _run_cfads(baseline)
                  ^^^^^^^^^^^^^^^^^^^^

tests/api/test_cashflow_tax_and_life.py:139: 
_ _ _ _ _ _ _ _ _ _ _ _ _ _ _ _ _ _ _ _ _ _ _ _ _ _ _ _ _ _ _ _ _ _ _ _ _ _ _ _ 

params = {'opex': {'usd_per_year': 3000000.0}, 'project': {'capacity_factor': 0.4, 'capacity_mw': 100.0}, 'returns': {'project_life_years': 20}, 'tariff': {'lkr_per_kwh': 20.0}, ...}

    def _run_cfads(params: dict) -> list[float]:
        """Validate and run CFADS; fail loud on validation ERRORs."""
        issues = cf_mod.validate_parameters(params)  # type: ignore[attr-defined]
        error_msgs = [m for m in issues if "ERROR" in m.upper()]
        if error_msgs:
            pytest.fail("Parameter validation failed:\n" + "\n".join(error_msgs))
    
>       cfads = cf_mod.build_annual_cfads(params)  # type: ignore[attr-defined]
                ^^^^^^^^^^^^^^^^^^^^^^^^^^^^^^^^^

tests/api/test_cashflow_tax_and_life.py:67: 
_ _ _ _ _ _ _ _ _ _ _ _ _ _ _ _ _ _ _ _ _ _ _ _ _ _ _ _ _ _ _ _ _ _ _ _ _ _ _ _ 

config = {'opex': {'usd_per_year': 3000000.0}, 'project': {'capacity_factor': 0.4, 'capacity_mw': 100.0}, 'returns': {'project_life_years': 20}, 'tariff': {'lkr_per_kwh': 20.0}, ...}
fx_curve = None, capex_depreciable_lkr = None, interest_expense_series = None
verbose = False

    def build_annual_cfads(
        config: Dict[str, Any],
        fx_curve: Optional[List[float]] = None,
        capex_depreciable_lkr: Optional[float] = None,
        interest_expense_series: Optional[List[float]] = None,
        verbose: bool = False,
    ) -> List[float]:
        """
        Return list of CFADS (LKR) for each project year.
    
        This is the primary numeric surface used by debt_v14 and covenant tests.
        """
    
        (
            params,
            fx_curve_resolved,
            capex_dep_resolved,
            interest_series,
            years,
            tax_profile,
            depreciation_schedule,
>       ) = _prepare_cashflow_context(
            config,
            fx_curve,
            capex_depreciable_lkr,
            interest_expense_series,
        )

finance/cashflow_v14.py:407: 
_ _ _ _ _ _ _ _ _ _ _ _ _ _ _ _ _ _ _ _ _ _ _ _ _ _ _ _ _ _ _ _ _ _ _ _ _ _ _ _ 

config = {'opex': {'usd_per_year': 3000000.0}, 'project': {'capacity_factor': 0.4, 'capacity_mw': 100.0}, 'returns': {'project_life_years': 20}, 'tariff': {'lkr_per_kwh': 20.0}, ...}
fx_curve = None, capex_depreciable_lkr = None, interest_expense_series = None

    def _prepare_cashflow_context(
        config: Dict[str, Any],
        fx_curve: Optional[List[float]],
        capex_depreciable_lkr: Optional[float],
        interest_expense_series: Optional[List[float]],
    ) -> Tuple[
        Dict[str, Any],
        List[float],
        Optional[float],
        List[float],
        int,
        TaxProfile,
        DepreciationSchedule,
    ]:
        """
        Shared context builder for build_annual_cfads and build_annual_rows.
    
        Returns
        -------
        (params_dict, fx_curve_resolved, capex_depreciable_resolved,
         interest_series, years, tax_profile, depreciation_schedule)
    
        The TaxProfile and DepreciationSchedule are now built upfront and
        reused for all years, avoiding repeated computation and ensuring
        consistent loss carry-forward tracking.
        """
        # Validate parameters before expensive calculations
        validate_parameters(config)
    
        params_obj: CashflowParams = _build_cashflow_params(config)
        params_dict: Dict[str, Any] = asdict(params_obj)
    
        years = int(params_obj.project_life_years)
    
        if fx_curve is None:
            fx_curve_resolved = _fx_curve(config, years)
        else:
            fx_curve_resolved = list(fx_curve)
    
        # Ensure we have at least `years` FX points; extend with last known.
        if len(fx_curve_resolved) < years and fx_curve_resolved:
            fx_curve_resolved = fx_curve_resolved + [fx_curve_resolved[-1]] * (
                years - len(fx_curve_resolved)
            )
        elif not fx_curve_resolved:
            fx_curve_resolved = _fx_curve(config, years)
    
        # Depreciable capex base in LKR – explicit tax base takes precedence.
        capex_dep_resolved = capex_depreciable_lkr
    
        if capex_dep_resolved is None:
            # 1) Explicit tax base if provided
            dep_lkr = as_float(get_nested(config, ["tax", "depreciable_capex_lkr"], None))
    
            if dep_lkr is None:
                dep_lkr = as_float(get_nested(config, ["tax", "dep_base_lkr"], None))
    
            if dep_lkr is not None:
                capex_dep_resolved = dep_lkr
            else:
                # 2) Project-wide LKR capex
                capex_lkr = as_float(get_nested(config, ["capex", "lkr_total"], None))
    
                if capex_lkr is not None:
                    capex_dep_resolved = capex_lkr
                else:
                    # 3) USD capex translated at year-0 FX
                    capex_usd = as_float(get_nested(config, ["capex", "usd_total"], None))
    
                    if capex_usd is not None:
                        capex_dep_resolved = capex_usd * fx_curve_resolved[0]
    
        # Interest series alignment
        if interest_expense_series is None:
            interest_series = [0.0] * years
        else:
            interest_series = list(interest_expense_series)
    
        # Pad or trim to project life
        if len(interest_series) < years:
            interest_series = interest_series + [0.0] * (years - len(interest_series))
        elif len(interest_series) > years:
            interest_series = interest_series[:years]
    
        # === NEW: Build TaxConfig and TaxProfile upfront ===
        # This avoids repeated computation and ensures consistent tax modeling
        # across all years (especially important for loss carry-forward).
    
>       tax_config = TaxConfig.from_yaml(config)
                     ^^^^^^^^^^^^^^^^^^^^^^^^^^^

finance/cashflow_v14.py:186: 
_ _ _ _ _ _ _ _ _ _ _ _ _ _ _ _ _ _ _ _ _ _ _ _ _ _ _ _ _ _ _ _ _ _ _ _ _ _ _ _ 

cls = <class 'finance.cashflow_v14_tax.TaxConfig'>
cfg = {'opex': {'usd_per_year': 3000000.0}, 'project': {'capacity_factor': 0.4, 'capacity_mw': 100.0}, 'returns': {'project_life_years': 20}, 'tariff': {'lkr_per_kwh': 20.0}, ...}

    @classmethod
    def from_yaml(cls, cfg: Mapping[str, Any]) -> "TaxConfig":
        """
        Build TaxConfig from the full scenario dict (expects `tax` section).
        """
        tax = _require_section(cfg, "tax")
    
        # Required keys
        corporate_tax_rate = float(_require_key(tax, "corporate_tax_rate", "tax"))
>       depreciation_method = str(_require_key(tax, "depreciation_method", "tax"))
                                  ^^^^^^^^^^^^^^^^^^^^^^^^^^^^^^^^^^^^^^^^^^^^^^^

finance/cashflow_v14_tax.py:111: 
_ _ _ _ _ _ _ _ _ _ _ _ _ _ _ _ _ _ _ _ _ _ _ _ _ _ _ _ _ _ _ _ _ _ _ _ _ _ _ _ 

section = {'corporate_tax_rate': 0.3, 'depreciation_years': 15, 'enhanced_capital_allowance_pct': 1.0, 'tax_holiday_start_year': 1, ...}
key = 'depreciation_method', ctx = 'tax'

    def _require_key(section: Mapping[str, Any], key: str, ctx: str) -> Any:
        """Return a required key from a section or raise with context."""
        if key not in section:
>           raise KeyError(f"Missing required YAML key: {ctx}.{key}")
E           KeyError: 'Missing required YAML key: tax.depreciation_method'

finance/cashflow_v14_tax.py:66: KeyError
------------------------------ Captured log call -------------------------------
WARNING  finance.cashflow_v14_params:cashflow_v14_params.py:83 Project life not found in explicit fields; using heuristic match 'returns/project_life_years' = 20 years
WARNING  finance.cashflow_v14_fx:cashflow_v14_fx.py:109 FX configuration missing; falling back to flat 375.00 LKR/USD for 20 years
_____________________ test_high_opex_stress_reduces_cfads ______________________

    def test_high_opex_stress_reduces_cfads():
        """Very high opex should reduce CFADS vs a reasonable baseline."""
        base_low = copy.deepcopy(BASE_PARAMS)
        base_low["opex"]["usd_per_year"] = 3_000_000.0
    
        base_high = copy.deepcopy(BASE_PARAMS)
        base_high["opex"]["usd_per_year"] = 30_000_000.0  # 10x stress
    
>       cf_low = _run_cfads(base_low)
                 ^^^^^^^^^^^^^^^^^^^^

tests/api/test_cashflow_tax_and_life.py:158: 
_ _ _ _ _ _ _ _ _ _ _ _ _ _ _ _ _ _ _ _ _ _ _ _ _ _ _ _ _ _ _ _ _ _ _ _ _ _ _ _ 

params = {'opex': {'usd_per_year': 3000000.0}, 'project': {'capacity_factor': 0.4, 'capacity_mw': 100.0}, 'returns': {'project_life_years': 20}, 'tariff': {'lkr_per_kwh': 20.0}, ...}

    def _run_cfads(params: dict) -> list[float]:
        """Validate and run CFADS; fail loud on validation ERRORs."""
        issues = cf_mod.validate_parameters(params)  # type: ignore[attr-defined]
        error_msgs = [m for m in issues if "ERROR" in m.upper()]
        if error_msgs:
            pytest.fail("Parameter validation failed:\n" + "\n".join(error_msgs))
    
>       cfads = cf_mod.build_annual_cfads(params)  # type: ignore[attr-defined]
                ^^^^^^^^^^^^^^^^^^^^^^^^^^^^^^^^^

tests/api/test_cashflow_tax_and_life.py:67: 
_ _ _ _ _ _ _ _ _ _ _ _ _ _ _ _ _ _ _ _ _ _ _ _ _ _ _ _ _ _ _ _ _ _ _ _ _ _ _ _ 

config = {'opex': {'usd_per_year': 3000000.0}, 'project': {'capacity_factor': 0.4, 'capacity_mw': 100.0}, 'returns': {'project_life_years': 20}, 'tariff': {'lkr_per_kwh': 20.0}, ...}
fx_curve = None, capex_depreciable_lkr = None, interest_expense_series = None
verbose = False

    def build_annual_cfads(
        config: Dict[str, Any],
        fx_curve: Optional[List[float]] = None,
        capex_depreciable_lkr: Optional[float] = None,
        interest_expense_series: Optional[List[float]] = None,
        verbose: bool = False,
    ) -> List[float]:
        """
        Return list of CFADS (LKR) for each project year.
    
        This is the primary numeric surface used by debt_v14 and covenant tests.
        """
    
        (
            params,
            fx_curve_resolved,
            capex_dep_resolved,
            interest_series,
            years,
            tax_profile,
            depreciation_schedule,
>       ) = _prepare_cashflow_context(
            config,
            fx_curve,
            capex_depreciable_lkr,
            interest_expense_series,
        )

finance/cashflow_v14.py:407: 
_ _ _ _ _ _ _ _ _ _ _ _ _ _ _ _ _ _ _ _ _ _ _ _ _ _ _ _ _ _ _ _ _ _ _ _ _ _ _ _ 

config = {'opex': {'usd_per_year': 3000000.0}, 'project': {'capacity_factor': 0.4, 'capacity_mw': 100.0}, 'returns': {'project_life_years': 20}, 'tariff': {'lkr_per_kwh': 20.0}, ...}
fx_curve = None, capex_depreciable_lkr = None, interest_expense_series = None

    def _prepare_cashflow_context(
        config: Dict[str, Any],
        fx_curve: Optional[List[float]],
        capex_depreciable_lkr: Optional[float],
        interest_expense_series: Optional[List[float]],
    ) -> Tuple[
        Dict[str, Any],
        List[float],
        Optional[float],
        List[float],
        int,
        TaxProfile,
        DepreciationSchedule,
    ]:
        """
        Shared context builder for build_annual_cfads and build_annual_rows.
    
        Returns
        -------
        (params_dict, fx_curve_resolved, capex_depreciable_resolved,
         interest_series, years, tax_profile, depreciation_schedule)
    
        The TaxProfile and DepreciationSchedule are now built upfront and
        reused for all years, avoiding repeated computation and ensuring
        consistent loss carry-forward tracking.
        """
        # Validate parameters before expensive calculations
        validate_parameters(config)
    
        params_obj: CashflowParams = _build_cashflow_params(config)
        params_dict: Dict[str, Any] = asdict(params_obj)
    
        years = int(params_obj.project_life_years)
    
        if fx_curve is None:
            fx_curve_resolved = _fx_curve(config, years)
        else:
            fx_curve_resolved = list(fx_curve)
    
        # Ensure we have at least `years` FX points; extend with last known.
        if len(fx_curve_resolved) < years and fx_curve_resolved:
            fx_curve_resolved = fx_curve_resolved + [fx_curve_resolved[-1]] * (
                years - len(fx_curve_resolved)
            )
        elif not fx_curve_resolved:
            fx_curve_resolved = _fx_curve(config, years)
    
        # Depreciable capex base in LKR – explicit tax base takes precedence.
        capex_dep_resolved = capex_depreciable_lkr
    
        if capex_dep_resolved is None:
            # 1) Explicit tax base if provided
            dep_lkr = as_float(get_nested(config, ["tax", "depreciable_capex_lkr"], None))
    
            if dep_lkr is None:
                dep_lkr = as_float(get_nested(config, ["tax", "dep_base_lkr"], None))
    
            if dep_lkr is not None:
                capex_dep_resolved = dep_lkr
            else:
                # 2) Project-wide LKR capex
                capex_lkr = as_float(get_nested(config, ["capex", "lkr_total"], None))
    
                if capex_lkr is not None:
                    capex_dep_resolved = capex_lkr
                else:
                    # 3) USD capex translated at year-0 FX
                    capex_usd = as_float(get_nested(config, ["capex", "usd_total"], None))
    
                    if capex_usd is not None:
                        capex_dep_resolved = capex_usd * fx_curve_resolved[0]
    
        # Interest series alignment
        if interest_expense_series is None:
            interest_series = [0.0] * years
        else:
            interest_series = list(interest_expense_series)
    
        # Pad or trim to project life
        if len(interest_series) < years:
            interest_series = interest_series + [0.0] * (years - len(interest_series))
        elif len(interest_series) > years:
            interest_series = interest_series[:years]
    
        # === NEW: Build TaxConfig and TaxProfile upfront ===
        # This avoids repeated computation and ensures consistent tax modeling
        # across all years (especially important for loss carry-forward).
    
>       tax_config = TaxConfig.from_yaml(config)
                     ^^^^^^^^^^^^^^^^^^^^^^^^^^^

finance/cashflow_v14.py:186: 
_ _ _ _ _ _ _ _ _ _ _ _ _ _ _ _ _ _ _ _ _ _ _ _ _ _ _ _ _ _ _ _ _ _ _ _ _ _ _ _ 

cls = <class 'finance.cashflow_v14_tax.TaxConfig'>
cfg = {'opex': {'usd_per_year': 3000000.0}, 'project': {'capacity_factor': 0.4, 'capacity_mw': 100.0}, 'returns': {'project_life_years': 20}, 'tariff': {'lkr_per_kwh': 20.0}, ...}

    @classmethod
    def from_yaml(cls, cfg: Mapping[str, Any]) -> "TaxConfig":
        """
        Build TaxConfig from the full scenario dict (expects `tax` section).
        """
        tax = _require_section(cfg, "tax")
    
        # Required keys
        corporate_tax_rate = float(_require_key(tax, "corporate_tax_rate", "tax"))
>       depreciation_method = str(_require_key(tax, "depreciation_method", "tax"))
                                  ^^^^^^^^^^^^^^^^^^^^^^^^^^^^^^^^^^^^^^^^^^^^^^^

finance/cashflow_v14_tax.py:111: 
_ _ _ _ _ _ _ _ _ _ _ _ _ _ _ _ _ _ _ _ _ _ _ _ _ _ _ _ _ _ _ _ _ _ _ _ _ _ _ _ 

section = {'corporate_tax_rate': 0.3, 'depreciation_years': 15, 'enhanced_capital_allowance_pct': 1.0, 'tax_holiday_start_year': 1, ...}
key = 'depreciation_method', ctx = 'tax'

    def _require_key(section: Mapping[str, Any], key: str, ctx: str) -> Any:
        """Return a required key from a section or raise with context."""
        if key not in section:
>           raise KeyError(f"Missing required YAML key: {ctx}.{key}")
E           KeyError: 'Missing required YAML key: tax.depreciation_method'

finance/cashflow_v14_tax.py:66: KeyError
------------------------------ Captured log call -------------------------------
WARNING  finance.cashflow_v14_params:cashflow_v14_params.py:83 Project life not found in explicit fields; using heuristic match 'returns/project_life_years' = 20 years
WARNING  finance.cashflow_v14_fx:cashflow_v14_fx.py:109 FX configuration missing; falling back to flat 375.00 LKR/USD for 20 years
_______________________ test_zero_tariff_collapses_cfads _______________________

    def test_zero_tariff_collapses_cfads():
        """Zero-tariff stress: CFADS should collapse towards zero or below."""
        zero_tariff = copy.deepcopy(BASE_PARAMS)
        zero_tariff["tariff"]["lkr_per_kwh"] = 0.0
    
>       cf = _run_cfads(zero_tariff)
             ^^^^^^^^^^^^^^^^^^^^^^^

tests/api/test_cashflow_tax_and_life.py:173: 
_ _ _ _ _ _ _ _ _ _ _ _ _ _ _ _ _ _ _ _ _ _ _ _ _ _ _ _ _ _ _ _ _ _ _ _ _ _ _ _ 

params = {'opex': {'usd_per_year': 3000000.0}, 'project': {'capacity_factor': 0.4, 'capacity_mw': 100.0}, 'returns': {'project_life_years': 20}, 'tariff': {'lkr_per_kwh': 0.0}, ...}

    def _run_cfads(params: dict) -> list[float]:
        """Validate and run CFADS; fail loud on validation ERRORs."""
        issues = cf_mod.validate_parameters(params)  # type: ignore[attr-defined]
        error_msgs = [m for m in issues if "ERROR" in m.upper()]
        if error_msgs:
            pytest.fail("Parameter validation failed:\n" + "\n".join(error_msgs))
    
>       cfads = cf_mod.build_annual_cfads(params)  # type: ignore[attr-defined]
                ^^^^^^^^^^^^^^^^^^^^^^^^^^^^^^^^^

tests/api/test_cashflow_tax_and_life.py:67: 
_ _ _ _ _ _ _ _ _ _ _ _ _ _ _ _ _ _ _ _ _ _ _ _ _ _ _ _ _ _ _ _ _ _ _ _ _ _ _ _ 

config = {'opex': {'usd_per_year': 3000000.0}, 'project': {'capacity_factor': 0.4, 'capacity_mw': 100.0}, 'returns': {'project_life_years': 20}, 'tariff': {'lkr_per_kwh': 0.0}, ...}
fx_curve = None, capex_depreciable_lkr = None, interest_expense_series = None
verbose = False

    def build_annual_cfads(
        config: Dict[str, Any],
        fx_curve: Optional[List[float]] = None,
        capex_depreciable_lkr: Optional[float] = None,
        interest_expense_series: Optional[List[float]] = None,
        verbose: bool = False,
    ) -> List[float]:
        """
        Return list of CFADS (LKR) for each project year.
    
        This is the primary numeric surface used by debt_v14 and covenant tests.
        """
    
        (
            params,
            fx_curve_resolved,
            capex_dep_resolved,
            interest_series,
            years,
            tax_profile,
            depreciation_schedule,
>       ) = _prepare_cashflow_context(
            config,
            fx_curve,
            capex_depreciable_lkr,
            interest_expense_series,
        )

finance/cashflow_v14.py:407: 
_ _ _ _ _ _ _ _ _ _ _ _ _ _ _ _ _ _ _ _ _ _ _ _ _ _ _ _ _ _ _ _ _ _ _ _ _ _ _ _ 

config = {'opex': {'usd_per_year': 3000000.0}, 'project': {'capacity_factor': 0.4, 'capacity_mw': 100.0}, 'returns': {'project_life_years': 20}, 'tariff': {'lkr_per_kwh': 0.0}, ...}
fx_curve = None, capex_depreciable_lkr = None, interest_expense_series = None

    def _prepare_cashflow_context(
        config: Dict[str, Any],
        fx_curve: Optional[List[float]],
        capex_depreciable_lkr: Optional[float],
        interest_expense_series: Optional[List[float]],
    ) -> Tuple[
        Dict[str, Any],
        List[float],
        Optional[float],
        List[float],
        int,
        TaxProfile,
        DepreciationSchedule,
    ]:
        """
        Shared context builder for build_annual_cfads and build_annual_rows.
    
        Returns
        -------
        (params_dict, fx_curve_resolved, capex_depreciable_resolved,
         interest_series, years, tax_profile, depreciation_schedule)
    
        The TaxProfile and DepreciationSchedule are now built upfront and
        reused for all years, avoiding repeated computation and ensuring
        consistent loss carry-forward tracking.
        """
        # Validate parameters before expensive calculations
        validate_parameters(config)
    
        params_obj: CashflowParams = _build_cashflow_params(config)
        params_dict: Dict[str, Any] = asdict(params_obj)
    
        years = int(params_obj.project_life_years)
    
        if fx_curve is None:
            fx_curve_resolved = _fx_curve(config, years)
        else:
            fx_curve_resolved = list(fx_curve)
    
        # Ensure we have at least `years` FX points; extend with last known.
        if len(fx_curve_resolved) < years and fx_curve_resolved:
            fx_curve_resolved = fx_curve_resolved + [fx_curve_resolved[-1]] * (
                years - len(fx_curve_resolved)
            )
        elif not fx_curve_resolved:
            fx_curve_resolved = _fx_curve(config, years)
    
        # Depreciable capex base in LKR – explicit tax base takes precedence.
        capex_dep_resolved = capex_depreciable_lkr
    
        if capex_dep_resolved is None:
            # 1) Explicit tax base if provided
            dep_lkr = as_float(get_nested(config, ["tax", "depreciable_capex_lkr"], None))
    
            if dep_lkr is None:
                dep_lkr = as_float(get_nested(config, ["tax", "dep_base_lkr"], None))
    
            if dep_lkr is not None:
                capex_dep_resolved = dep_lkr
            else:
                # 2) Project-wide LKR capex
                capex_lkr = as_float(get_nested(config, ["capex", "lkr_total"], None))
    
                if capex_lkr is not None:
                    capex_dep_resolved = capex_lkr
                else:
                    # 3) USD capex translated at year-0 FX
                    capex_usd = as_float(get_nested(config, ["capex", "usd_total"], None))
    
                    if capex_usd is not None:
                        capex_dep_resolved = capex_usd * fx_curve_resolved[0]
    
        # Interest series alignment
        if interest_expense_series is None:
            interest_series = [0.0] * years
        else:
            interest_series = list(interest_expense_series)
    
        # Pad or trim to project life
        if len(interest_series) < years:
            interest_series = interest_series + [0.0] * (years - len(interest_series))
        elif len(interest_series) > years:
            interest_series = interest_series[:years]
    
        # === NEW: Build TaxConfig and TaxProfile upfront ===
        # This avoids repeated computation and ensures consistent tax modeling
        # across all years (especially important for loss carry-forward).
    
>       tax_config = TaxConfig.from_yaml(config)
                     ^^^^^^^^^^^^^^^^^^^^^^^^^^^

finance/cashflow_v14.py:186: 
_ _ _ _ _ _ _ _ _ _ _ _ _ _ _ _ _ _ _ _ _ _ _ _ _ _ _ _ _ _ _ _ _ _ _ _ _ _ _ _ 

cls = <class 'finance.cashflow_v14_tax.TaxConfig'>
cfg = {'opex': {'usd_per_year': 3000000.0}, 'project': {'capacity_factor': 0.4, 'capacity_mw': 100.0}, 'returns': {'project_life_years': 20}, 'tariff': {'lkr_per_kwh': 0.0}, ...}

    @classmethod
    def from_yaml(cls, cfg: Mapping[str, Any]) -> "TaxConfig":
        """
        Build TaxConfig from the full scenario dict (expects `tax` section).
        """
        tax = _require_section(cfg, "tax")
    
        # Required keys
        corporate_tax_rate = float(_require_key(tax, "corporate_tax_rate", "tax"))
>       depreciation_method = str(_require_key(tax, "depreciation_method", "tax"))
                                  ^^^^^^^^^^^^^^^^^^^^^^^^^^^^^^^^^^^^^^^^^^^^^^^

finance/cashflow_v14_tax.py:111: 
_ _ _ _ _ _ _ _ _ _ _ _ _ _ _ _ _ _ _ _ _ _ _ _ _ _ _ _ _ _ _ _ _ _ _ _ _ _ _ _ 

section = {'corporate_tax_rate': 0.3, 'depreciation_years': 15, 'enhanced_capital_allowance_pct': 1.0, 'tax_holiday_start_year': 1, ...}
key = 'depreciation_method', ctx = 'tax'

    def _require_key(section: Mapping[str, Any], key: str, ctx: str) -> Any:
        """Return a required key from a section or raise with context."""
        if key not in section:
>           raise KeyError(f"Missing required YAML key: {ctx}.{key}")
E           KeyError: 'Missing required YAML key: tax.depreciation_method'

finance/cashflow_v14_tax.py:66: KeyError
------------------------------ Captured log call -------------------------------
WARNING  finance.cashflow_v14_params:cashflow_v14_params.py:83 Project life not found in explicit fields; using heuristic match 'returns/project_life_years' = 20 years
WARNING  finance.cashflow_v14_fx:cashflow_v14_fx.py:109 FX configuration missing; falling back to flat 375.00 LKR/USD for 20 years
_______________________ test_cashflow_basic_consistency ________________________

    def test_cashflow_basic_consistency() -> None:
        """CFADS list and annual rows should be aligned and self-consistent."""
        cfg = copy.deepcopy(BASE_CONFIG)
    
        assert validate_parameters(cfg) == []
    
>       cfads = build_annual_cfads(cfg)
                ^^^^^^^^^^^^^^^^^^^^^^^

tests/api/test_cashflow_v14.py:57: 
_ _ _ _ _ _ _ _ _ _ _ _ _ _ _ _ _ _ _ _ _ _ _ _ _ _ _ _ _ _ _ _ _ _ _ _ _ _ _ _ 

config = {'capex': {'usd_total': 120000000.0}, 'fx': {'annual_depr_pct': 3.0, 'start_lkr_per_usd': 375.0}, 'opex': {'usd_per_ye... {'capacity_factor_pct': 40.0, 'capacity_mw': 150.0, 'corporate_tax_rate_pct': 24.0, 'degradation_pct': 0.5, ...}, ...}
fx_curve = None, capex_depreciable_lkr = None, interest_expense_series = None
verbose = False

    def build_annual_cfads(
        config: Dict[str, Any],
        fx_curve: Optional[List[float]] = None,
        capex_depreciable_lkr: Optional[float] = None,
        interest_expense_series: Optional[List[float]] = None,
        verbose: bool = False,
    ) -> List[float]:
        """
        Return list of CFADS (LKR) for each project year.
    
        This is the primary numeric surface used by debt_v14 and covenant tests.
        """
    
        (
            params,
            fx_curve_resolved,
            capex_dep_resolved,
            interest_series,
            years,
            tax_profile,
            depreciation_schedule,
>       ) = _prepare_cashflow_context(
            config,
            fx_curve,
            capex_depreciable_lkr,
            interest_expense_series,
        )

finance/cashflow_v14.py:407: 
_ _ _ _ _ _ _ _ _ _ _ _ _ _ _ _ _ _ _ _ _ _ _ _ _ _ _ _ _ _ _ _ _ _ _ _ _ _ _ _ 

config = {'capex': {'usd_total': 120000000.0}, 'fx': {'annual_depr_pct': 3.0, 'start_lkr_per_usd': 375.0}, 'opex': {'usd_per_ye... {'capacity_factor_pct': 40.0, 'capacity_mw': 150.0, 'corporate_tax_rate_pct': 24.0, 'degradation_pct': 0.5, ...}, ...}
fx_curve = None, capex_depreciable_lkr = None, interest_expense_series = None

    def _prepare_cashflow_context(
        config: Dict[str, Any],
        fx_curve: Optional[List[float]],
        capex_depreciable_lkr: Optional[float],
        interest_expense_series: Optional[List[float]],
    ) -> Tuple[
        Dict[str, Any],
        List[float],
        Optional[float],
        List[float],
        int,
        TaxProfile,
        DepreciationSchedule,
    ]:
        """
        Shared context builder for build_annual_cfads and build_annual_rows.
    
        Returns
        -------
        (params_dict, fx_curve_resolved, capex_depreciable_resolved,
         interest_series, years, tax_profile, depreciation_schedule)
    
        The TaxProfile and DepreciationSchedule are now built upfront and
        reused for all years, avoiding repeated computation and ensuring
        consistent loss carry-forward tracking.
        """
        # Validate parameters before expensive calculations
        validate_parameters(config)
    
        params_obj: CashflowParams = _build_cashflow_params(config)
        params_dict: Dict[str, Any] = asdict(params_obj)
    
        years = int(params_obj.project_life_years)
    
        if fx_curve is None:
            fx_curve_resolved = _fx_curve(config, years)
        else:
            fx_curve_resolved = list(fx_curve)
    
        # Ensure we have at least `years` FX points; extend with last known.
        if len(fx_curve_resolved) < years and fx_curve_resolved:
            fx_curve_resolved = fx_curve_resolved + [fx_curve_resolved[-1]] * (
                years - len(fx_curve_resolved)
            )
        elif not fx_curve_resolved:
            fx_curve_resolved = _fx_curve(config, years)
    
        # Depreciable capex base in LKR – explicit tax base takes precedence.
        capex_dep_resolved = capex_depreciable_lkr
    
        if capex_dep_resolved is None:
            # 1) Explicit tax base if provided
            dep_lkr = as_float(get_nested(config, ["tax", "depreciable_capex_lkr"], None))
    
            if dep_lkr is None:
                dep_lkr = as_float(get_nested(config, ["tax", "dep_base_lkr"], None))
    
            if dep_lkr is not None:
                capex_dep_resolved = dep_lkr
            else:
                # 2) Project-wide LKR capex
                capex_lkr = as_float(get_nested(config, ["capex", "lkr_total"], None))
    
                if capex_lkr is not None:
                    capex_dep_resolved = capex_lkr
                else:
                    # 3) USD capex translated at year-0 FX
                    capex_usd = as_float(get_nested(config, ["capex", "usd_total"], None))
    
                    if capex_usd is not None:
                        capex_dep_resolved = capex_usd * fx_curve_resolved[0]
    
        # Interest series alignment
        if interest_expense_series is None:
            interest_series = [0.0] * years
        else:
            interest_series = list(interest_expense_series)
    
        # Pad or trim to project life
        if len(interest_series) < years:
            interest_series = interest_series + [0.0] * (years - len(interest_series))
        elif len(interest_series) > years:
            interest_series = interest_series[:years]
    
        # === NEW: Build TaxConfig and TaxProfile upfront ===
        # This avoids repeated computation and ensures consistent tax modeling
        # across all years (especially important for loss carry-forward).
    
>       tax_config = TaxConfig.from_yaml(config)
                     ^^^^^^^^^^^^^^^^^^^^^^^^^^^

finance/cashflow_v14.py:186: 
_ _ _ _ _ _ _ _ _ _ _ _ _ _ _ _ _ _ _ _ _ _ _ _ _ _ _ _ _ _ _ _ _ _ _ _ _ _ _ _ 

cls = <class 'finance.cashflow_v14_tax.TaxConfig'>
cfg = {'capex': {'usd_total': 120000000.0}, 'fx': {'annual_depr_pct': 3.0, 'start_lkr_per_usd': 375.0}, 'opex': {'usd_per_ye... {'capacity_factor_pct': 40.0, 'capacity_mw': 150.0, 'corporate_tax_rate_pct': 24.0, 'degradation_pct': 0.5, ...}, ...}

    @classmethod
    def from_yaml(cls, cfg: Mapping[str, Any]) -> "TaxConfig":
        """
        Build TaxConfig from the full scenario dict (expects `tax` section).
        """
        tax = _require_section(cfg, "tax")
    
        # Required keys
>       corporate_tax_rate = float(_require_key(tax, "corporate_tax_rate", "tax"))
                                   ^^^^^^^^^^^^^^^^^^^^^^^^^^^^^^^^^^^^^^^^^^^^^^

finance/cashflow_v14_tax.py:110: 
_ _ _ _ _ _ _ _ _ _ _ _ _ _ _ _ _ _ _ _ _ _ _ _ _ _ _ _ _ _ _ _ _ _ _ _ _ _ _ _ 

section = {'depreciation_years': 20, 'enhanced_capital_allowance_pct': 100.0, 'holiday_start_year': 1, 'holiday_years': 5}
key = 'corporate_tax_rate', ctx = 'tax'

    def _require_key(section: Mapping[str, Any], key: str, ctx: str) -> Any:
        """Return a required key from a section or raise with context."""
        if key not in section:
>           raise KeyError(f"Missing required YAML key: {ctx}.{key}")
E           KeyError: 'Missing required YAML key: tax.corporate_tax_rate'

finance/cashflow_v14_tax.py:66: KeyError
__________ test_cashflow_zero_risk_haircut_means_posttax_equals_cfads __________

    def test_cashflow_zero_risk_haircut_means_posttax_equals_cfads() -> None:
        """With zero risk haircut, CFADS should equal post-tax CFADS."""
        cfg = copy.deepcopy(BASE_CONFIG)
        cfg["risk"]["haircut_pct"] = 0.0
    
>       cfads = build_annual_cfads(cfg)
                ^^^^^^^^^^^^^^^^^^^^^^^

tests/api/test_cashflow_v14.py:80: 
_ _ _ _ _ _ _ _ _ _ _ _ _ _ _ _ _ _ _ _ _ _ _ _ _ _ _ _ _ _ _ _ _ _ _ _ _ _ _ _ 

config = {'capex': {'usd_total': 120000000.0}, 'fx': {'annual_depr_pct': 3.0, 'start_lkr_per_usd': 375.0}, 'opex': {'usd_per_ye... {'capacity_factor_pct': 40.0, 'capacity_mw': 150.0, 'corporate_tax_rate_pct': 24.0, 'degradation_pct': 0.5, ...}, ...}
fx_curve = None, capex_depreciable_lkr = None, interest_expense_series = None
verbose = False

    def build_annual_cfads(
        config: Dict[str, Any],
        fx_curve: Optional[List[float]] = None,
        capex_depreciable_lkr: Optional[float] = None,
        interest_expense_series: Optional[List[float]] = None,
        verbose: bool = False,
    ) -> List[float]:
        """
        Return list of CFADS (LKR) for each project year.
    
        This is the primary numeric surface used by debt_v14 and covenant tests.
        """
    
        (
            params,
            fx_curve_resolved,
            capex_dep_resolved,
            interest_series,
            years,
            tax_profile,
            depreciation_schedule,
>       ) = _prepare_cashflow_context(
            config,
            fx_curve,
            capex_depreciable_lkr,
            interest_expense_series,
        )

finance/cashflow_v14.py:407: 
_ _ _ _ _ _ _ _ _ _ _ _ _ _ _ _ _ _ _ _ _ _ _ _ _ _ _ _ _ _ _ _ _ _ _ _ _ _ _ _ 

config = {'capex': {'usd_total': 120000000.0}, 'fx': {'annual_depr_pct': 3.0, 'start_lkr_per_usd': 375.0}, 'opex': {'usd_per_ye... {'capacity_factor_pct': 40.0, 'capacity_mw': 150.0, 'corporate_tax_rate_pct': 24.0, 'degradation_pct': 0.5, ...}, ...}
fx_curve = None, capex_depreciable_lkr = None, interest_expense_series = None

    def _prepare_cashflow_context(
        config: Dict[str, Any],
        fx_curve: Optional[List[float]],
        capex_depreciable_lkr: Optional[float],
        interest_expense_series: Optional[List[float]],
    ) -> Tuple[
        Dict[str, Any],
        List[float],
        Optional[float],
        List[float],
        int,
        TaxProfile,
        DepreciationSchedule,
    ]:
        """
        Shared context builder for build_annual_cfads and build_annual_rows.
    
        Returns
        -------
        (params_dict, fx_curve_resolved, capex_depreciable_resolved,
         interest_series, years, tax_profile, depreciation_schedule)
    
        The TaxProfile and DepreciationSchedule are now built upfront and
        reused for all years, avoiding repeated computation and ensuring
        consistent loss carry-forward tracking.
        """
        # Validate parameters before expensive calculations
        validate_parameters(config)
    
        params_obj: CashflowParams = _build_cashflow_params(config)
        params_dict: Dict[str, Any] = asdict(params_obj)
    
        years = int(params_obj.project_life_years)
    
        if fx_curve is None:
            fx_curve_resolved = _fx_curve(config, years)
        else:
            fx_curve_resolved = list(fx_curve)
    
        # Ensure we have at least `years` FX points; extend with last known.
        if len(fx_curve_resolved) < years and fx_curve_resolved:
            fx_curve_resolved = fx_curve_resolved + [fx_curve_resolved[-1]] * (
                years - len(fx_curve_resolved)
            )
        elif not fx_curve_resolved:
            fx_curve_resolved = _fx_curve(config, years)
    
        # Depreciable capex base in LKR – explicit tax base takes precedence.
        capex_dep_resolved = capex_depreciable_lkr
    
        if capex_dep_resolved is None:
            # 1) Explicit tax base if provided
            dep_lkr = as_float(get_nested(config, ["tax", "depreciable_capex_lkr"], None))
    
            if dep_lkr is None:
                dep_lkr = as_float(get_nested(config, ["tax", "dep_base_lkr"], None))
    
            if dep_lkr is not None:
                capex_dep_resolved = dep_lkr
            else:
                # 2) Project-wide LKR capex
                capex_lkr = as_float(get_nested(config, ["capex", "lkr_total"], None))
    
                if capex_lkr is not None:
                    capex_dep_resolved = capex_lkr
                else:
                    # 3) USD capex translated at year-0 FX
                    capex_usd = as_float(get_nested(config, ["capex", "usd_total"], None))
    
                    if capex_usd is not None:
                        capex_dep_resolved = capex_usd * fx_curve_resolved[0]
    
        # Interest series alignment
        if interest_expense_series is None:
            interest_series = [0.0] * years
        else:
            interest_series = list(interest_expense_series)
    
        # Pad or trim to project life
        if len(interest_series) < years:
            interest_series = interest_series + [0.0] * (years - len(interest_series))
        elif len(interest_series) > years:
            interest_series = interest_series[:years]
    
        # === NEW: Build TaxConfig and TaxProfile upfront ===
        # This avoids repeated computation and ensures consistent tax modeling
        # across all years (especially important for loss carry-forward).
    
>       tax_config = TaxConfig.from_yaml(config)
                     ^^^^^^^^^^^^^^^^^^^^^^^^^^^

finance/cashflow_v14.py:186: 
_ _ _ _ _ _ _ _ _ _ _ _ _ _ _ _ _ _ _ _ _ _ _ _ _ _ _ _ _ _ _ _ _ _ _ _ _ _ _ _ 

cls = <class 'finance.cashflow_v14_tax.TaxConfig'>
cfg = {'capex': {'usd_total': 120000000.0}, 'fx': {'annual_depr_pct': 3.0, 'start_lkr_per_usd': 375.0}, 'opex': {'usd_per_ye... {'capacity_factor_pct': 40.0, 'capacity_mw': 150.0, 'corporate_tax_rate_pct': 24.0, 'degradation_pct': 0.5, ...}, ...}

    @classmethod
    def from_yaml(cls, cfg: Mapping[str, Any]) -> "TaxConfig":
        """
        Build TaxConfig from the full scenario dict (expects `tax` section).
        """
        tax = _require_section(cfg, "tax")
    
        # Required keys
>       corporate_tax_rate = float(_require_key(tax, "corporate_tax_rate", "tax"))
                                   ^^^^^^^^^^^^^^^^^^^^^^^^^^^^^^^^^^^^^^^^^^^^^^

finance/cashflow_v14_tax.py:110: 
_ _ _ _ _ _ _ _ _ _ _ _ _ _ _ _ _ _ _ _ _ _ _ _ _ _ _ _ _ _ _ _ _ _ _ _ _ _ _ _ 

section = {'depreciation_years': 20, 'enhanced_capital_allowance_pct': 100.0, 'holiday_start_year': 1, 'holiday_years': 5}
key = 'corporate_tax_rate', ctx = 'tax'

    def _require_key(section: Mapping[str, Any], key: str, ctx: str) -> Any:
        """Return a required key from a section or raise with context."""
        if key not in section:
>           raise KeyError(f"Missing required YAML key: {ctx}.{key}")
E           KeyError: 'Missing required YAML key: tax.corporate_tax_rate'

finance/cashflow_v14_tax.py:66: KeyError
__________________ test_cfads_increases_when_tariff_increases __________________

    def test_cfads_increases_when_tariff_increases() -> None:
        """
        Monotonic sanity: higher tariff -> higher pretax CFADS in each year.
        """
        base_cfg = copy.deepcopy(BASE_CONFIG)
        high_tariff_cfg = copy.deepcopy(BASE_CONFIG)
        high_tariff_cfg["tariff"]["lkr_per_kwh"] = 25.0
    
>       rows_base = build_annual_rows(base_cfg)
                    ^^^^^^^^^^^^^^^^^^^^^^^^^^^

tests/api/test_cashflow_v14_regression.py:59: 
_ _ _ _ _ _ _ _ _ _ _ _ _ _ _ _ _ _ _ _ _ _ _ _ _ _ _ _ _ _ _ _ _ _ _ _ _ _ _ _ 

config = {'capex': {'usd_total': 120000000.0}, 'fx': {'annual_depr_pct': 3.0, 'start_lkr_per_usd': 375.0}, 'opex': {'usd_per_ye... {'capacity_factor_pct': 40.0, 'capacity_mw': 150.0, 'corporate_tax_rate_pct': 24.0, 'degradation_pct': 0.5, ...}, ...}
fx_curve = None, capex_depreciable_lkr = None, interest_expense_series = None

    def build_annual_rows(
        config: Dict[str, Any],
        fx_curve: Optional[List[float]] = None,
        capex_depreciable_lkr: Optional[float] = None,
        interest_expense_series: Optional[List[float]] = None,
    ) -> List[Dict[str, float]]:
        """
        Return list of per-year breakdown rows including CFADS in LKR and USD.
    
        This is the canonical *row-wise* surface for:
    
        - debt_v14.plan_debt (DSCR / covenants)
        - CashflowResult (via contracts_v14)
        - analytics exports and dashboards.
    
        NOTE: This function now correctly tracks loss carry-forward across years.
        """
    
        (
            params,
            fx_curve_resolved,
            capex_dep_resolved,
            interest_series,
            years,
            tax_profile,
            depreciation_schedule,
>       ) = _prepare_cashflow_context(
            config,
            fx_curve,
            capex_depreciable_lkr,
            interest_expense_series,
        )

finance/cashflow_v14.py:475: 
_ _ _ _ _ _ _ _ _ _ _ _ _ _ _ _ _ _ _ _ _ _ _ _ _ _ _ _ _ _ _ _ _ _ _ _ _ _ _ _ 

config = {'capex': {'usd_total': 120000000.0}, 'fx': {'annual_depr_pct': 3.0, 'start_lkr_per_usd': 375.0}, 'opex': {'usd_per_ye... {'capacity_factor_pct': 40.0, 'capacity_mw': 150.0, 'corporate_tax_rate_pct': 24.0, 'degradation_pct': 0.5, ...}, ...}
fx_curve = None, capex_depreciable_lkr = None, interest_expense_series = None

    def _prepare_cashflow_context(
        config: Dict[str, Any],
        fx_curve: Optional[List[float]],
        capex_depreciable_lkr: Optional[float],
        interest_expense_series: Optional[List[float]],
    ) -> Tuple[
        Dict[str, Any],
        List[float],
        Optional[float],
        List[float],
        int,
        TaxProfile,
        DepreciationSchedule,
    ]:
        """
        Shared context builder for build_annual_cfads and build_annual_rows.
    
        Returns
        -------
        (params_dict, fx_curve_resolved, capex_depreciable_resolved,
         interest_series, years, tax_profile, depreciation_schedule)
    
        The TaxProfile and DepreciationSchedule are now built upfront and
        reused for all years, avoiding repeated computation and ensuring
        consistent loss carry-forward tracking.
        """
        # Validate parameters before expensive calculations
        validate_parameters(config)
    
        params_obj: CashflowParams = _build_cashflow_params(config)
        params_dict: Dict[str, Any] = asdict(params_obj)
    
        years = int(params_obj.project_life_years)
    
        if fx_curve is None:
            fx_curve_resolved = _fx_curve(config, years)
        else:
            fx_curve_resolved = list(fx_curve)
    
        # Ensure we have at least `years` FX points; extend with last known.
        if len(fx_curve_resolved) < years and fx_curve_resolved:
            fx_curve_resolved = fx_curve_resolved + [fx_curve_resolved[-1]] * (
                years - len(fx_curve_resolved)
            )
        elif not fx_curve_resolved:
            fx_curve_resolved = _fx_curve(config, years)
    
        # Depreciable capex base in LKR – explicit tax base takes precedence.
        capex_dep_resolved = capex_depreciable_lkr
    
        if capex_dep_resolved is None:
            # 1) Explicit tax base if provided
            dep_lkr = as_float(get_nested(config, ["tax", "depreciable_capex_lkr"], None))
    
            if dep_lkr is None:
                dep_lkr = as_float(get_nested(config, ["tax", "dep_base_lkr"], None))
    
            if dep_lkr is not None:
                capex_dep_resolved = dep_lkr
            else:
                # 2) Project-wide LKR capex
                capex_lkr = as_float(get_nested(config, ["capex", "lkr_total"], None))
    
                if capex_lkr is not None:
                    capex_dep_resolved = capex_lkr
                else:
                    # 3) USD capex translated at year-0 FX
                    capex_usd = as_float(get_nested(config, ["capex", "usd_total"], None))
    
                    if capex_usd is not None:
                        capex_dep_resolved = capex_usd * fx_curve_resolved[0]
    
        # Interest series alignment
        if interest_expense_series is None:
            interest_series = [0.0] * years
        else:
            interest_series = list(interest_expense_series)
    
        # Pad or trim to project life
        if len(interest_series) < years:
            interest_series = interest_series + [0.0] * (years - len(interest_series))
        elif len(interest_series) > years:
            interest_series = interest_series[:years]
    
        # === NEW: Build TaxConfig and TaxProfile upfront ===
        # This avoids repeated computation and ensures consistent tax modeling
        # across all years (especially important for loss carry-forward).
    
>       tax_config = TaxConfig.from_yaml(config)
                     ^^^^^^^^^^^^^^^^^^^^^^^^^^^

finance/cashflow_v14.py:186: 
_ _ _ _ _ _ _ _ _ _ _ _ _ _ _ _ _ _ _ _ _ _ _ _ _ _ _ _ _ _ _ _ _ _ _ _ _ _ _ _ 

cls = <class 'finance.cashflow_v14_tax.TaxConfig'>
cfg = {'capex': {'usd_total': 120000000.0}, 'fx': {'annual_depr_pct': 3.0, 'start_lkr_per_usd': 375.0}, 'opex': {'usd_per_ye... {'capacity_factor_pct': 40.0, 'capacity_mw': 150.0, 'corporate_tax_rate_pct': 24.0, 'degradation_pct': 0.5, ...}, ...}

    @classmethod
    def from_yaml(cls, cfg: Mapping[str, Any]) -> "TaxConfig":
        """
        Build TaxConfig from the full scenario dict (expects `tax` section).
        """
        tax = _require_section(cfg, "tax")
    
        # Required keys
>       corporate_tax_rate = float(_require_key(tax, "corporate_tax_rate", "tax"))
                                   ^^^^^^^^^^^^^^^^^^^^^^^^^^^^^^^^^^^^^^^^^^^^^^

finance/cashflow_v14_tax.py:110: 
_ _ _ _ _ _ _ _ _ _ _ _ _ _ _ _ _ _ _ _ _ _ _ _ _ _ _ _ _ _ _ _ _ _ _ _ _ _ _ _ 

section = {'depreciation_years': 20, 'enhanced_capital_allowance_pct': 100.0, 'holiday_start_year': 1, 'holiday_years': 5}
key = 'corporate_tax_rate', ctx = 'tax'

    def _require_key(section: Mapping[str, Any], key: str, ctx: str) -> Any:
        """Return a required key from a section or raise with context."""
        if key not in section:
>           raise KeyError(f"Missing required YAML key: {ctx}.{key}")
E           KeyError: 'Missing required YAML key: tax.corporate_tax_rate'

finance/cashflow_v14_tax.py:66: KeyError
_______________________ test_cfads_zero_when_tariff_zero _______________________

    def test_cfads_zero_when_tariff_zero() -> None:
        """Edge case: zero tariff means negative CFADS."""
        cfg = copy.deepcopy(BASE_CONFIG)
        cfg["tariff"]["lkr_per_kwh"] = 0.0
    
>       rows = build_annual_rows(cfg)
               ^^^^^^^^^^^^^^^^^^^^^^

tests/api/test_cashflow_v14_regression.py:80: 
_ _ _ _ _ _ _ _ _ _ _ _ _ _ _ _ _ _ _ _ _ _ _ _ _ _ _ _ _ _ _ _ _ _ _ _ _ _ _ _ 

config = {'capex': {'usd_total': 120000000.0}, 'fx': {'annual_depr_pct': 3.0, 'start_lkr_per_usd': 375.0}, 'opex': {'usd_per_ye... {'capacity_factor_pct': 40.0, 'capacity_mw': 150.0, 'corporate_tax_rate_pct': 24.0, 'degradation_pct': 0.5, ...}, ...}
fx_curve = None, capex_depreciable_lkr = None, interest_expense_series = None

    def build_annual_rows(
        config: Dict[str, Any],
        fx_curve: Optional[List[float]] = None,
        capex_depreciable_lkr: Optional[float] = None,
        interest_expense_series: Optional[List[float]] = None,
    ) -> List[Dict[str, float]]:
        """
        Return list of per-year breakdown rows including CFADS in LKR and USD.
    
        This is the canonical *row-wise* surface for:
    
        - debt_v14.plan_debt (DSCR / covenants)
        - CashflowResult (via contracts_v14)
        - analytics exports and dashboards.
    
        NOTE: This function now correctly tracks loss carry-forward across years.
        """
    
        (
            params,
            fx_curve_resolved,
            capex_dep_resolved,
            interest_series,
            years,
            tax_profile,
            depreciation_schedule,
>       ) = _prepare_cashflow_context(
            config,
            fx_curve,
            capex_depreciable_lkr,
            interest_expense_series,
        )

finance/cashflow_v14.py:475: 
_ _ _ _ _ _ _ _ _ _ _ _ _ _ _ _ _ _ _ _ _ _ _ _ _ _ _ _ _ _ _ _ _ _ _ _ _ _ _ _ 

config = {'capex': {'usd_total': 120000000.0}, 'fx': {'annual_depr_pct': 3.0, 'start_lkr_per_usd': 375.0}, 'opex': {'usd_per_ye... {'capacity_factor_pct': 40.0, 'capacity_mw': 150.0, 'corporate_tax_rate_pct': 24.0, 'degradation_pct': 0.5, ...}, ...}
fx_curve = None, capex_depreciable_lkr = None, interest_expense_series = None

    def _prepare_cashflow_context(
        config: Dict[str, Any],
        fx_curve: Optional[List[float]],
        capex_depreciable_lkr: Optional[float],
        interest_expense_series: Optional[List[float]],
    ) -> Tuple[
        Dict[str, Any],
        List[float],
        Optional[float],
        List[float],
        int,
        TaxProfile,
        DepreciationSchedule,
    ]:
        """
        Shared context builder for build_annual_cfads and build_annual_rows.
    
        Returns
        -------
        (params_dict, fx_curve_resolved, capex_depreciable_resolved,
         interest_series, years, tax_profile, depreciation_schedule)
    
        The TaxProfile and DepreciationSchedule are now built upfront and
        reused for all years, avoiding repeated computation and ensuring
        consistent loss carry-forward tracking.
        """
        # Validate parameters before expensive calculations
        validate_parameters(config)
    
        params_obj: CashflowParams = _build_cashflow_params(config)
        params_dict: Dict[str, Any] = asdict(params_obj)
    
        years = int(params_obj.project_life_years)
    
        if fx_curve is None:
            fx_curve_resolved = _fx_curve(config, years)
        else:
            fx_curve_resolved = list(fx_curve)
    
        # Ensure we have at least `years` FX points; extend with last known.
        if len(fx_curve_resolved) < years and fx_curve_resolved:
            fx_curve_resolved = fx_curve_resolved + [fx_curve_resolved[-1]] * (
                years - len(fx_curve_resolved)
            )
        elif not fx_curve_resolved:
            fx_curve_resolved = _fx_curve(config, years)
    
        # Depreciable capex base in LKR – explicit tax base takes precedence.
        capex_dep_resolved = capex_depreciable_lkr
    
        if capex_dep_resolved is None:
            # 1) Explicit tax base if provided
            dep_lkr = as_float(get_nested(config, ["tax", "depreciable_capex_lkr"], None))
    
            if dep_lkr is None:
                dep_lkr = as_float(get_nested(config, ["tax", "dep_base_lkr"], None))
    
            if dep_lkr is not None:
                capex_dep_resolved = dep_lkr
            else:
                # 2) Project-wide LKR capex
                capex_lkr = as_float(get_nested(config, ["capex", "lkr_total"], None))
    
                if capex_lkr is not None:
                    capex_dep_resolved = capex_lkr
                else:
                    # 3) USD capex translated at year-0 FX
                    capex_usd = as_float(get_nested(config, ["capex", "usd_total"], None))
    
                    if capex_usd is not None:
                        capex_dep_resolved = capex_usd * fx_curve_resolved[0]
    
        # Interest series alignment
        if interest_expense_series is None:
            interest_series = [0.0] * years
        else:
            interest_series = list(interest_expense_series)
    
        # Pad or trim to project life
        if len(interest_series) < years:
            interest_series = interest_series + [0.0] * (years - len(interest_series))
        elif len(interest_series) > years:
            interest_series = interest_series[:years]
    
        # === NEW: Build TaxConfig and TaxProfile upfront ===
        # This avoids repeated computation and ensures consistent tax modeling
        # across all years (especially important for loss carry-forward).
    
>       tax_config = TaxConfig.from_yaml(config)
                     ^^^^^^^^^^^^^^^^^^^^^^^^^^^

finance/cashflow_v14.py:186: 
_ _ _ _ _ _ _ _ _ _ _ _ _ _ _ _ _ _ _ _ _ _ _ _ _ _ _ _ _ _ _ _ _ _ _ _ _ _ _ _ 

cls = <class 'finance.cashflow_v14_tax.TaxConfig'>
cfg = {'capex': {'usd_total': 120000000.0}, 'fx': {'annual_depr_pct': 3.0, 'start_lkr_per_usd': 375.0}, 'opex': {'usd_per_ye... {'capacity_factor_pct': 40.0, 'capacity_mw': 150.0, 'corporate_tax_rate_pct': 24.0, 'degradation_pct': 0.5, ...}, ...}

    @classmethod
    def from_yaml(cls, cfg: Mapping[str, Any]) -> "TaxConfig":
        """
        Build TaxConfig from the full scenario dict (expects `tax` section).
        """
        tax = _require_section(cfg, "tax")
    
        # Required keys
>       corporate_tax_rate = float(_require_key(tax, "corporate_tax_rate", "tax"))
                                   ^^^^^^^^^^^^^^^^^^^^^^^^^^^^^^^^^^^^^^^^^^^^^^

finance/cashflow_v14_tax.py:110: 
_ _ _ _ _ _ _ _ _ _ _ _ _ _ _ _ _ _ _ _ _ _ _ _ _ _ _ _ _ _ _ _ _ _ _ _ _ _ _ _ 

section = {'depreciation_years': 20, 'enhanced_capital_allowance_pct': 100.0, 'holiday_start_year': 1, 'holiday_years': 5}
key = 'corporate_tax_rate', ctx = 'tax'

    def _require_key(section: Mapping[str, Any], key: str, ctx: str) -> Any:
        """Return a required key from a section or raise with context."""
        if key not in section:
>           raise KeyError(f"Missing required YAML key: {ctx}.{key}")
E           KeyError: 'Missing required YAML key: tax.corporate_tax_rate'

finance/cashflow_v14_tax.py:66: KeyError
________________ test_degradation_reduces_production_over_time _________________

    def test_degradation_reduces_production_over_time() -> None:
        """Production declines over time due to degradation."""
        cfg = copy.deepcopy(BASE_CONFIG)
        cfg["project"]["degradation_pct"] = 0.5
    
>       rows = build_annual_rows(cfg)
               ^^^^^^^^^^^^^^^^^^^^^^

tests/api/test_cashflow_v14_regression.py:93: 
_ _ _ _ _ _ _ _ _ _ _ _ _ _ _ _ _ _ _ _ _ _ _ _ _ _ _ _ _ _ _ _ _ _ _ _ _ _ _ _ 

config = {'capex': {'usd_total': 120000000.0}, 'fx': {'annual_depr_pct': 3.0, 'start_lkr_per_usd': 375.0}, 'opex': {'usd_per_ye... {'capacity_factor_pct': 40.0, 'capacity_mw': 150.0, 'corporate_tax_rate_pct': 24.0, 'degradation_pct': 0.5, ...}, ...}
fx_curve = None, capex_depreciable_lkr = None, interest_expense_series = None

    def build_annual_rows(
        config: Dict[str, Any],
        fx_curve: Optional[List[float]] = None,
        capex_depreciable_lkr: Optional[float] = None,
        interest_expense_series: Optional[List[float]] = None,
    ) -> List[Dict[str, float]]:
        """
        Return list of per-year breakdown rows including CFADS in LKR and USD.
    
        This is the canonical *row-wise* surface for:
    
        - debt_v14.plan_debt (DSCR / covenants)
        - CashflowResult (via contracts_v14)
        - analytics exports and dashboards.
    
        NOTE: This function now correctly tracks loss carry-forward across years.
        """
    
        (
            params,
            fx_curve_resolved,
            capex_dep_resolved,
            interest_series,
            years,
            tax_profile,
            depreciation_schedule,
>       ) = _prepare_cashflow_context(
            config,
            fx_curve,
            capex_depreciable_lkr,
            interest_expense_series,
        )

finance/cashflow_v14.py:475: 
_ _ _ _ _ _ _ _ _ _ _ _ _ _ _ _ _ _ _ _ _ _ _ _ _ _ _ _ _ _ _ _ _ _ _ _ _ _ _ _ 

config = {'capex': {'usd_total': 120000000.0}, 'fx': {'annual_depr_pct': 3.0, 'start_lkr_per_usd': 375.0}, 'opex': {'usd_per_ye... {'capacity_factor_pct': 40.0, 'capacity_mw': 150.0, 'corporate_tax_rate_pct': 24.0, 'degradation_pct': 0.5, ...}, ...}
fx_curve = None, capex_depreciable_lkr = None, interest_expense_series = None

    def _prepare_cashflow_context(
        config: Dict[str, Any],
        fx_curve: Optional[List[float]],
        capex_depreciable_lkr: Optional[float],
        interest_expense_series: Optional[List[float]],
    ) -> Tuple[
        Dict[str, Any],
        List[float],
        Optional[float],
        List[float],
        int,
        TaxProfile,
        DepreciationSchedule,
    ]:
        """
        Shared context builder for build_annual_cfads and build_annual_rows.
    
        Returns
        -------
        (params_dict, fx_curve_resolved, capex_depreciable_resolved,
         interest_series, years, tax_profile, depreciation_schedule)
    
        The TaxProfile and DepreciationSchedule are now built upfront and
        reused for all years, avoiding repeated computation and ensuring
        consistent loss carry-forward tracking.
        """
        # Validate parameters before expensive calculations
        validate_parameters(config)
    
        params_obj: CashflowParams = _build_cashflow_params(config)
        params_dict: Dict[str, Any] = asdict(params_obj)
    
        years = int(params_obj.project_life_years)
    
        if fx_curve is None:
            fx_curve_resolved = _fx_curve(config, years)
        else:
            fx_curve_resolved = list(fx_curve)
    
        # Ensure we have at least `years` FX points; extend with last known.
        if len(fx_curve_resolved) < years and fx_curve_resolved:
            fx_curve_resolved = fx_curve_resolved + [fx_curve_resolved[-1]] * (
                years - len(fx_curve_resolved)
            )
        elif not fx_curve_resolved:
            fx_curve_resolved = _fx_curve(config, years)
    
        # Depreciable capex base in LKR – explicit tax base takes precedence.
        capex_dep_resolved = capex_depreciable_lkr
    
        if capex_dep_resolved is None:
            # 1) Explicit tax base if provided
            dep_lkr = as_float(get_nested(config, ["tax", "depreciable_capex_lkr"], None))
    
            if dep_lkr is None:
                dep_lkr = as_float(get_nested(config, ["tax", "dep_base_lkr"], None))
    
            if dep_lkr is not None:
                capex_dep_resolved = dep_lkr
            else:
                # 2) Project-wide LKR capex
                capex_lkr = as_float(get_nested(config, ["capex", "lkr_total"], None))
    
                if capex_lkr is not None:
                    capex_dep_resolved = capex_lkr
                else:
                    # 3) USD capex translated at year-0 FX
                    capex_usd = as_float(get_nested(config, ["capex", "usd_total"], None))
    
                    if capex_usd is not None:
                        capex_dep_resolved = capex_usd * fx_curve_resolved[0]
    
        # Interest series alignment
        if interest_expense_series is None:
            interest_series = [0.0] * years
        else:
            interest_series = list(interest_expense_series)
    
        # Pad or trim to project life
        if len(interest_series) < years:
            interest_series = interest_series + [0.0] * (years - len(interest_series))
        elif len(interest_series) > years:
            interest_series = interest_series[:years]
    
        # === NEW: Build TaxConfig and TaxProfile upfront ===
        # This avoids repeated computation and ensures consistent tax modeling
        # across all years (especially important for loss carry-forward).
    
>       tax_config = TaxConfig.from_yaml(config)
                     ^^^^^^^^^^^^^^^^^^^^^^^^^^^

finance/cashflow_v14.py:186: 
_ _ _ _ _ _ _ _ _ _ _ _ _ _ _ _ _ _ _ _ _ _ _ _ _ _ _ _ _ _ _ _ _ _ _ _ _ _ _ _ 

cls = <class 'finance.cashflow_v14_tax.TaxConfig'>
cfg = {'capex': {'usd_total': 120000000.0}, 'fx': {'annual_depr_pct': 3.0, 'start_lkr_per_usd': 375.0}, 'opex': {'usd_per_ye... {'capacity_factor_pct': 40.0, 'capacity_mw': 150.0, 'corporate_tax_rate_pct': 24.0, 'degradation_pct': 0.5, ...}, ...}

    @classmethod
    def from_yaml(cls, cfg: Mapping[str, Any]) -> "TaxConfig":
        """
        Build TaxConfig from the full scenario dict (expects `tax` section).
        """
        tax = _require_section(cfg, "tax")
    
        # Required keys
>       corporate_tax_rate = float(_require_key(tax, "corporate_tax_rate", "tax"))
                                   ^^^^^^^^^^^^^^^^^^^^^^^^^^^^^^^^^^^^^^^^^^^^^^

finance/cashflow_v14_tax.py:110: 
_ _ _ _ _ _ _ _ _ _ _ _ _ _ _ _ _ _ _ _ _ _ _ _ _ _ _ _ _ _ _ _ _ _ _ _ _ _ _ _ 

section = {'depreciation_years': 20, 'enhanced_capital_allowance_pct': 100.0, 'holiday_start_year': 1, 'holiday_years': 5}
key = 'corporate_tax_rate', ctx = 'tax'

    def _require_key(section: Mapping[str, Any], key: str, ctx: str) -> Any:
        """Return a required key from a section or raise with context."""
        if key not in section:
>           raise KeyError(f"Missing required YAML key: {ctx}.{key}")
E           KeyError: 'Missing required YAML key: tax.corporate_tax_rate'

finance/cashflow_v14_tax.py:66: KeyError
_______________________ test_ring_fence_covenants_smoke ________________________

    @pytest.mark.smoke
    def test_ring_fence_covenants_smoke() -> None:
        """
        High-level covenant sanity check on the lender/base case.
    
        Verifies:
        - scenario_result dict is populated.
        - DSCR never breaches the minimum covenant threshold.
        - Balloon, if present, is explicitly flagged in the covenant payload.
        - LLCR/PLCR, when available, clear basic >1.0 style thresholds.
        """
        # Run the canonical v14 pipeline
>       result: Dict[str, Any] = run_v14_pipeline(
            config=BASE_CONFIG_PATH,
            validation_mode="strict",
            validation_modules=["cashflow", "debt"],
        )

tests/api/test_covenants_ring_fence_smoke_v14.py:56: 
_ _ _ _ _ _ _ _ _ _ _ _ _ _ _ _ _ _ _ _ _ _ _ _ _ _ _ _ _ _ _ _ _ _ _ _ _ _ _ _ 

config = 'scenarios/test/base_scenario.yaml', validation_mode = 'strict'
validation_modules = ['cashflow', 'debt'], allow_fx_degradation = False

    def run_v14_pipeline(
        config: str | Path | Mapping[str, Any],
        validation_mode: str = "strict",
        validation_modules: list[str] | None = None,
        allow_fx_degradation: bool = False,
    ) -> dict[str, Any]:
        """Run the v14 engine for a single scenario.
    
        Parameters
        ----------
        config
            Either:
            - Path to YAML/JSON scenario file (str or Path), or
            - A pre-loaded config mapping (dict-like).
        validation_mode : {"strict", "off"}, default "strict"
            - "strict": run schema guard before evaluation
            - "off": skip schema guard
        validation_modules : list[str] or None
            Modules to validate. Defaults to ["cashflow", "debt"].
        allow_fx_degradation : bool, default False
            If True, FX integration failures are logged but don't crash pipeline.
            If False, FX errors re-raised (stops pipeline).
    
        Returns
        -------
        dict[str, Any]
            ScenarioResult-like dict with keys (superset of legacy surface):
            - validation_mode
            - config_path
            - config
            - annual_rows
            - debt_result
            - kpis
            - wacc
            - scenario_result
            - debt_profile
            - debt_covenants
            - refinancing_result (if enabled in config)
            - equity_distribution_result (if enabled in config)
        """
        mode = validation_mode.lower()
        if mode not in {"strict", "off"}:
            raise ValueError(
                f"validation_mode must be 'strict' or 'off', got: {validation_mode!r}"
            )
    
        # ------------------------------------------------------------------
        # 1. Resolve config + label
        # ------------------------------------------------------------------
        if isinstance(config, (str, Path)):
            config_path_label = str(config)
            cfg = load_scenario_config(str(config))
        elif isinstance(config, Mapping):
            config_path_label = "<inline_config>"
            # Shallow copy to decouple from callers
            cfg = dict(config)
        else:
            raise TypeError(
                "config must be a path (str/Path) or a mapping, "
                f"got {type(config).__name__}"
            )
    
        logger.info("Pipeline starting: config_path=%s", config_path_label)
    
        # ------------------------------------------------------------------
        # 2. Pre-flight validation
        # ------------------------------------------------------------------
        if mode == "strict":
            modules = validation_modules or ["cashflow", "debt"]
            validate_config_for_v14(
                raw_config=cfg,
                config_path=config_path_label,
                modules=modules,
            )
            logger.info("Schema validation passed for modules: %s", ", ".join(modules))
        else:
            modules = validation_modules or []
            logger.info("Schema validation skipped (validation_mode=off)")
    
        # ------------------------------------------------------------------
        # 3. Canonical v14 finance engine
        # ------------------------------------------------------------------
    
        # 3a. Cashflow – build annual rows from the v14 cashflow engine.
        logger.info("Step 1/4: Building annual cashflow rows...")
>       annual_rows = build_annual_rows(cfg)
                      ^^^^^^^^^^^^^^^^^^^^^^

analytics/pipeline_v14.py:421: 
_ _ _ _ _ _ _ _ _ _ _ _ _ _ _ _ _ _ _ _ _ _ _ _ _ _ _ _ _ _ _ _ _ _ _ _ _ _ _ _ 

config = {'capex': {'contingency_pct': 0.0, 'freight_pct': 0.0, 'usd_total': 10000000.0}, 'debt': {'interest_rate': 0.08, 'prin...: {'annual_depr': 0.03, 'start_lkr_per_usd': 320.0}, 'meta': {'source_path': 'scenarios/test/base_scenario.yaml'}, ...}
fx_curve = None, capex_depreciable_lkr = None, interest_expense_series = None

    def build_annual_rows(
        config: Dict[str, Any],
        fx_curve: Optional[List[float]] = None,
        capex_depreciable_lkr: Optional[float] = None,
        interest_expense_series: Optional[List[float]] = None,
    ) -> List[Dict[str, float]]:
        """
        Return list of per-year breakdown rows including CFADS in LKR and USD.
    
        This is the canonical *row-wise* surface for:
    
        - debt_v14.plan_debt (DSCR / covenants)
        - CashflowResult (via contracts_v14)
        - analytics exports and dashboards.
    
        NOTE: This function now correctly tracks loss carry-forward across years.
        """
    
        (
            params,
            fx_curve_resolved,
            capex_dep_resolved,
            interest_series,
            years,
            tax_profile,
            depreciation_schedule,
>       ) = _prepare_cashflow_context(
            config,
            fx_curve,
            capex_depreciable_lkr,
            interest_expense_series,
        )

finance/cashflow_v14.py:475: 
_ _ _ _ _ _ _ _ _ _ _ _ _ _ _ _ _ _ _ _ _ _ _ _ _ _ _ _ _ _ _ _ _ _ _ _ _ _ _ _ 

config = {'capex': {'contingency_pct': 0.0, 'freight_pct': 0.0, 'usd_total': 10000000.0}, 'debt': {'interest_rate': 0.08, 'prin...: {'annual_depr': 0.03, 'start_lkr_per_usd': 320.0}, 'meta': {'source_path': 'scenarios/test/base_scenario.yaml'}, ...}
fx_curve = None, capex_depreciable_lkr = None, interest_expense_series = None

    def _prepare_cashflow_context(
        config: Dict[str, Any],
        fx_curve: Optional[List[float]],
        capex_depreciable_lkr: Optional[float],
        interest_expense_series: Optional[List[float]],
    ) -> Tuple[
        Dict[str, Any],
        List[float],
        Optional[float],
        List[float],
        int,
        TaxProfile,
        DepreciationSchedule,
    ]:
        """
        Shared context builder for build_annual_cfads and build_annual_rows.
    
        Returns
        -------
        (params_dict, fx_curve_resolved, capex_depreciable_resolved,
         interest_series, years, tax_profile, depreciation_schedule)
    
        The TaxProfile and DepreciationSchedule are now built upfront and
        reused for all years, avoiding repeated computation and ensuring
        consistent loss carry-forward tracking.
        """
        # Validate parameters before expensive calculations
        validate_parameters(config)
    
        params_obj: CashflowParams = _build_cashflow_params(config)
        params_dict: Dict[str, Any] = asdict(params_obj)
    
        years = int(params_obj.project_life_years)
    
        if fx_curve is None:
            fx_curve_resolved = _fx_curve(config, years)
        else:
            fx_curve_resolved = list(fx_curve)
    
        # Ensure we have at least `years` FX points; extend with last known.
        if len(fx_curve_resolved) < years and fx_curve_resolved:
            fx_curve_resolved = fx_curve_resolved + [fx_curve_resolved[-1]] * (
                years - len(fx_curve_resolved)
            )
        elif not fx_curve_resolved:
            fx_curve_resolved = _fx_curve(config, years)
    
        # Depreciable capex base in LKR – explicit tax base takes precedence.
        capex_dep_resolved = capex_depreciable_lkr
    
        if capex_dep_resolved is None:
            # 1) Explicit tax base if provided
            dep_lkr = as_float(get_nested(config, ["tax", "depreciable_capex_lkr"], None))
    
            if dep_lkr is None:
                dep_lkr = as_float(get_nested(config, ["tax", "dep_base_lkr"], None))
    
            if dep_lkr is not None:
                capex_dep_resolved = dep_lkr
            else:
                # 2) Project-wide LKR capex
                capex_lkr = as_float(get_nested(config, ["capex", "lkr_total"], None))
    
                if capex_lkr is not None:
                    capex_dep_resolved = capex_lkr
                else:
                    # 3) USD capex translated at year-0 FX
                    capex_usd = as_float(get_nested(config, ["capex", "usd_total"], None))
    
                    if capex_usd is not None:
                        capex_dep_resolved = capex_usd * fx_curve_resolved[0]
    
        # Interest series alignment
        if interest_expense_series is None:
            interest_series = [0.0] * years
        else:
            interest_series = list(interest_expense_series)
    
        # Pad or trim to project life
        if len(interest_series) < years:
            interest_series = interest_series + [0.0] * (years - len(interest_series))
        elif len(interest_series) > years:
            interest_series = interest_series[:years]
    
        # === NEW: Build TaxConfig and TaxProfile upfront ===
        # This avoids repeated computation and ensures consistent tax modeling
        # across all years (especially important for loss carry-forward).
    
>       tax_config = TaxConfig.from_yaml(config)
                     ^^^^^^^^^^^^^^^^^^^^^^^^^^^

finance/cashflow_v14.py:186: 
_ _ _ _ _ _ _ _ _ _ _ _ _ _ _ _ _ _ _ _ _ _ _ _ _ _ _ _ _ _ _ _ _ _ _ _ _ _ _ _ 

cls = <class 'finance.cashflow_v14_tax.TaxConfig'>
cfg = {'capex': {'contingency_pct': 0.0, 'freight_pct': 0.0, 'usd_total': 10000000.0}, 'debt': {'interest_rate': 0.08, 'prin...: {'annual_depr': 0.03, 'start_lkr_per_usd': 320.0}, 'meta': {'source_path': 'scenarios/test/base_scenario.yaml'}, ...}

    @classmethod
    def from_yaml(cls, cfg: Mapping[str, Any]) -> "TaxConfig":
        """
        Build TaxConfig from the full scenario dict (expects `tax` section).
        """
        tax = _require_section(cfg, "tax")
    
        # Required keys
        corporate_tax_rate = float(_require_key(tax, "corporate_tax_rate", "tax"))
>       depreciation_method = str(_require_key(tax, "depreciation_method", "tax"))
                                  ^^^^^^^^^^^^^^^^^^^^^^^^^^^^^^^^^^^^^^^^^^^^^^^

finance/cashflow_v14_tax.py:111: 
_ _ _ _ _ _ _ _ _ _ _ _ _ _ _ _ _ _ _ _ _ _ _ _ _ _ _ _ _ _ _ _ _ _ _ _ _ _ _ _ 

section = {'corporate_tax_rate': 0.24}, key = 'depreciation_method', ctx = 'tax'

    def _require_key(section: Mapping[str, Any], key: str, ctx: str) -> Any:
        """Return a required key from a section or raise with context."""
        if key not in section:
>           raise KeyError(f"Missing required YAML key: {ctx}.{key}")
E           KeyError: 'Missing required YAML key: tax.depreciation_method'

finance/cashflow_v14_tax.py:66: KeyError
__________________ test_covenants_basecase_dscr_and_balances ___________________

    def test_covenants_basecase_dscr_and_balances():
        """
        Base-case configuration should produce sane covenants and balances.
    
        We check:
    
        - Non-negative debt outstanding and total service.
        - Timeline > 0 and series lengths consistent.
        - Min DSCR is finite (not NaN/inf) and within a numerically sane band.
        - IDC is strictly positive.
        """
        config = _build_base_config()
    
>       annual_rows = build_annual_rows(config)
                      ^^^^^^^^^^^^^^^^^^^^^^^^^

tests/api/test_covenants_v14.py:162: 
_ _ _ _ _ _ _ _ _ _ _ _ _ _ _ _ _ _ _ _ _ _ _ _ _ _ _ _ _ _ _ _ _ _ _ _ _ _ _ _ 

config = {'Financing_Terms': {'amortization_style': 'sculpted', 'construction_periods': 2, 'construction_schedule': [40.0, 60.0....}, 'capex': {'usd_total': 150000000.0}, 'fx': {'start_lkr_per_usd': 375.0}, 'opex': {'usd_per_year': 12000000.0}, ...}
fx_curve = None, capex_depreciable_lkr = None, interest_expense_series = None

    def build_annual_rows(
        config: Dict[str, Any],
        fx_curve: Optional[List[float]] = None,
        capex_depreciable_lkr: Optional[float] = None,
        interest_expense_series: Optional[List[float]] = None,
    ) -> List[Dict[str, float]]:
        """
        Return list of per-year breakdown rows including CFADS in LKR and USD.
    
        This is the canonical *row-wise* surface for:
    
        - debt_v14.plan_debt (DSCR / covenants)
        - CashflowResult (via contracts_v14)
        - analytics exports and dashboards.
    
        NOTE: This function now correctly tracks loss carry-forward across years.
        """
    
        (
            params,
            fx_curve_resolved,
            capex_dep_resolved,
            interest_series,
            years,
            tax_profile,
            depreciation_schedule,
>       ) = _prepare_cashflow_context(
            config,
            fx_curve,
            capex_depreciable_lkr,
            interest_expense_series,
        )

finance/cashflow_v14.py:475: 
_ _ _ _ _ _ _ _ _ _ _ _ _ _ _ _ _ _ _ _ _ _ _ _ _ _ _ _ _ _ _ _ _ _ _ _ _ _ _ _ 

config = {'Financing_Terms': {'amortization_style': 'sculpted', 'construction_periods': 2, 'construction_schedule': [40.0, 60.0....}, 'capex': {'usd_total': 150000000.0}, 'fx': {'start_lkr_per_usd': 375.0}, 'opex': {'usd_per_year': 12000000.0}, ...}
fx_curve = None, capex_depreciable_lkr = None, interest_expense_series = None

    def _prepare_cashflow_context(
        config: Dict[str, Any],
        fx_curve: Optional[List[float]],
        capex_depreciable_lkr: Optional[float],
        interest_expense_series: Optional[List[float]],
    ) -> Tuple[
        Dict[str, Any],
        List[float],
        Optional[float],
        List[float],
        int,
        TaxProfile,
        DepreciationSchedule,
    ]:
        """
        Shared context builder for build_annual_cfads and build_annual_rows.
    
        Returns
        -------
        (params_dict, fx_curve_resolved, capex_depreciable_resolved,
         interest_series, years, tax_profile, depreciation_schedule)
    
        The TaxProfile and DepreciationSchedule are now built upfront and
        reused for all years, avoiding repeated computation and ensuring
        consistent loss carry-forward tracking.
        """
        # Validate parameters before expensive calculations
        validate_parameters(config)
    
        params_obj: CashflowParams = _build_cashflow_params(config)
        params_dict: Dict[str, Any] = asdict(params_obj)
    
        years = int(params_obj.project_life_years)
    
        if fx_curve is None:
            fx_curve_resolved = _fx_curve(config, years)
        else:
            fx_curve_resolved = list(fx_curve)
    
        # Ensure we have at least `years` FX points; extend with last known.
        if len(fx_curve_resolved) < years and fx_curve_resolved:
            fx_curve_resolved = fx_curve_resolved + [fx_curve_resolved[-1]] * (
                years - len(fx_curve_resolved)
            )
        elif not fx_curve_resolved:
            fx_curve_resolved = _fx_curve(config, years)
    
        # Depreciable capex base in LKR – explicit tax base takes precedence.
        capex_dep_resolved = capex_depreciable_lkr
    
        if capex_dep_resolved is None:
            # 1) Explicit tax base if provided
            dep_lkr = as_float(get_nested(config, ["tax", "depreciable_capex_lkr"], None))
    
            if dep_lkr is None:
                dep_lkr = as_float(get_nested(config, ["tax", "dep_base_lkr"], None))
    
            if dep_lkr is not None:
                capex_dep_resolved = dep_lkr
            else:
                # 2) Project-wide LKR capex
                capex_lkr = as_float(get_nested(config, ["capex", "lkr_total"], None))
    
                if capex_lkr is not None:
                    capex_dep_resolved = capex_lkr
                else:
                    # 3) USD capex translated at year-0 FX
                    capex_usd = as_float(get_nested(config, ["capex", "usd_total"], None))
    
                    if capex_usd is not None:
                        capex_dep_resolved = capex_usd * fx_curve_resolved[0]
    
        # Interest series alignment
        if interest_expense_series is None:
            interest_series = [0.0] * years
        else:
            interest_series = list(interest_expense_series)
    
        # Pad or trim to project life
        if len(interest_series) < years:
            interest_series = interest_series + [0.0] * (years - len(interest_series))
        elif len(interest_series) > years:
            interest_series = interest_series[:years]
    
        # === NEW: Build TaxConfig and TaxProfile upfront ===
        # This avoids repeated computation and ensures consistent tax modeling
        # across all years (especially important for loss carry-forward).
    
>       tax_config = TaxConfig.from_yaml(config)
                     ^^^^^^^^^^^^^^^^^^^^^^^^^^^

finance/cashflow_v14.py:186: 
_ _ _ _ _ _ _ _ _ _ _ _ _ _ _ _ _ _ _ _ _ _ _ _ _ _ _ _ _ _ _ _ _ _ _ _ _ _ _ _ 

cls = <class 'finance.cashflow_v14_tax.TaxConfig'>
cfg = {'Financing_Terms': {'amortization_style': 'sculpted', 'construction_periods': 2, 'construction_schedule': [40.0, 60.0....}, 'capex': {'usd_total': 150000000.0}, 'fx': {'start_lkr_per_usd': 375.0}, 'opex': {'usd_per_year': 12000000.0}, ...}

    @classmethod
    def from_yaml(cls, cfg: Mapping[str, Any]) -> "TaxConfig":
        """
        Build TaxConfig from the full scenario dict (expects `tax` section).
        """
        tax = _require_section(cfg, "tax")
    
        # Required keys
>       corporate_tax_rate = float(_require_key(tax, "corporate_tax_rate", "tax"))
                                   ^^^^^^^^^^^^^^^^^^^^^^^^^^^^^^^^^^^^^^^^^^^^^^

finance/cashflow_v14_tax.py:110: 
_ _ _ _ _ _ _ _ _ _ _ _ _ _ _ _ _ _ _ _ _ _ _ _ _ _ _ _ _ _ _ _ _ _ _ _ _ _ _ _ 

section = {'corporate_tax_rate_pct': 24.0, 'depreciation_years': 20, 'enhanced_capital_allowance_pct': 150.0, 'tax_holiday_start_year': 1, ...}
key = 'corporate_tax_rate', ctx = 'tax'

    def _require_key(section: Mapping[str, Any], key: str, ctx: str) -> Any:
        """Return a required key from a section or raise with context."""
        if key not in section:
>           raise KeyError(f"Missing required YAML key: {ctx}.{key}")
E           KeyError: 'Missing required YAML key: tax.corporate_tax_rate'

finance/cashflow_v14_tax.py:66: KeyError
____________ test_covenants_stresscase_flags_review_when_cover_thin ____________

    def test_covenants_stresscase_flags_review_when_cover_thin():
        """
        Under a stressed configuration, cover should thin out and audit_status
        should typically be 'REVIEW'.
    
        We **do not** pin a strict numeric ordering of min_dscr between base and
        stress cases, because synthetic configs can push both into negative DSCR
        territory where "more negative" vs "less negative" is not a useful
        covenant distinction.
    
        Instead we assert:
    
        - Pipeline remains stable (no exceptions).
        - Both DSCRs remain finite and numerically sane.
        - Stress-case audit_status is 'REVIEW' (case-insensitive).
        """
        base_cfg = _build_base_config()
        stress_cfg = _build_stress_config()
    
>       base_rows = build_annual_rows(base_cfg)
                    ^^^^^^^^^^^^^^^^^^^^^^^^^^^

tests/api/test_covenants_v14.py:213: 
_ _ _ _ _ _ _ _ _ _ _ _ _ _ _ _ _ _ _ _ _ _ _ _ _ _ _ _ _ _ _ _ _ _ _ _ _ _ _ _ 

config = {'Financing_Terms': {'amortization_style': 'sculpted', 'construction_periods': 2, 'construction_schedule': [40.0, 60.0....}, 'capex': {'usd_total': 150000000.0}, 'fx': {'start_lkr_per_usd': 375.0}, 'opex': {'usd_per_year': 12000000.0}, ...}
fx_curve = None, capex_depreciable_lkr = None, interest_expense_series = None

    def build_annual_rows(
        config: Dict[str, Any],
        fx_curve: Optional[List[float]] = None,
        capex_depreciable_lkr: Optional[float] = None,
        interest_expense_series: Optional[List[float]] = None,
    ) -> List[Dict[str, float]]:
        """
        Return list of per-year breakdown rows including CFADS in LKR and USD.
    
        This is the canonical *row-wise* surface for:
    
        - debt_v14.plan_debt (DSCR / covenants)
        - CashflowResult (via contracts_v14)
        - analytics exports and dashboards.
    
        NOTE: This function now correctly tracks loss carry-forward across years.
        """
    
        (
            params,
            fx_curve_resolved,
            capex_dep_resolved,
            interest_series,
            years,
            tax_profile,
            depreciation_schedule,
>       ) = _prepare_cashflow_context(
            config,
            fx_curve,
            capex_depreciable_lkr,
            interest_expense_series,
        )

finance/cashflow_v14.py:475: 
_ _ _ _ _ _ _ _ _ _ _ _ _ _ _ _ _ _ _ _ _ _ _ _ _ _ _ _ _ _ _ _ _ _ _ _ _ _ _ _ 

config = {'Financing_Terms': {'amortization_style': 'sculpted', 'construction_periods': 2, 'construction_schedule': [40.0, 60.0....}, 'capex': {'usd_total': 150000000.0}, 'fx': {'start_lkr_per_usd': 375.0}, 'opex': {'usd_per_year': 12000000.0}, ...}
fx_curve = None, capex_depreciable_lkr = None, interest_expense_series = None

    def _prepare_cashflow_context(
        config: Dict[str, Any],
        fx_curve: Optional[List[float]],
        capex_depreciable_lkr: Optional[float],
        interest_expense_series: Optional[List[float]],
    ) -> Tuple[
        Dict[str, Any],
        List[float],
        Optional[float],
        List[float],
        int,
        TaxProfile,
        DepreciationSchedule,
    ]:
        """
        Shared context builder for build_annual_cfads and build_annual_rows.
    
        Returns
        -------
        (params_dict, fx_curve_resolved, capex_depreciable_resolved,
         interest_series, years, tax_profile, depreciation_schedule)
    
        The TaxProfile and DepreciationSchedule are now built upfront and
        reused for all years, avoiding repeated computation and ensuring
        consistent loss carry-forward tracking.
        """
        # Validate parameters before expensive calculations
        validate_parameters(config)
    
        params_obj: CashflowParams = _build_cashflow_params(config)
        params_dict: Dict[str, Any] = asdict(params_obj)
    
        years = int(params_obj.project_life_years)
    
        if fx_curve is None:
            fx_curve_resolved = _fx_curve(config, years)
        else:
            fx_curve_resolved = list(fx_curve)
    
        # Ensure we have at least `years` FX points; extend with last known.
        if len(fx_curve_resolved) < years and fx_curve_resolved:
            fx_curve_resolved = fx_curve_resolved + [fx_curve_resolved[-1]] * (
                years - len(fx_curve_resolved)
            )
        elif not fx_curve_resolved:
            fx_curve_resolved = _fx_curve(config, years)
    
        # Depreciable capex base in LKR – explicit tax base takes precedence.
        capex_dep_resolved = capex_depreciable_lkr
    
        if capex_dep_resolved is None:
            # 1) Explicit tax base if provided
            dep_lkr = as_float(get_nested(config, ["tax", "depreciable_capex_lkr"], None))
    
            if dep_lkr is None:
                dep_lkr = as_float(get_nested(config, ["tax", "dep_base_lkr"], None))
    
            if dep_lkr is not None:
                capex_dep_resolved = dep_lkr
            else:
                # 2) Project-wide LKR capex
                capex_lkr = as_float(get_nested(config, ["capex", "lkr_total"], None))
    
                if capex_lkr is not None:
                    capex_dep_resolved = capex_lkr
                else:
                    # 3) USD capex translated at year-0 FX
                    capex_usd = as_float(get_nested(config, ["capex", "usd_total"], None))
    
                    if capex_usd is not None:
                        capex_dep_resolved = capex_usd * fx_curve_resolved[0]
    
        # Interest series alignment
        if interest_expense_series is None:
            interest_series = [0.0] * years
        else:
            interest_series = list(interest_expense_series)
    
        # Pad or trim to project life
        if len(interest_series) < years:
            interest_series = interest_series + [0.0] * (years - len(interest_series))
        elif len(interest_series) > years:
            interest_series = interest_series[:years]
    
        # === NEW: Build TaxConfig and TaxProfile upfront ===
        # This avoids repeated computation and ensures consistent tax modeling
        # across all years (especially important for loss carry-forward).
    
>       tax_config = TaxConfig.from_yaml(config)
                     ^^^^^^^^^^^^^^^^^^^^^^^^^^^

finance/cashflow_v14.py:186: 
_ _ _ _ _ _ _ _ _ _ _ _ _ _ _ _ _ _ _ _ _ _ _ _ _ _ _ _ _ _ _ _ _ _ _ _ _ _ _ _ 

cls = <class 'finance.cashflow_v14_tax.TaxConfig'>
cfg = {'Financing_Terms': {'amortization_style': 'sculpted', 'construction_periods': 2, 'construction_schedule': [40.0, 60.0....}, 'capex': {'usd_total': 150000000.0}, 'fx': {'start_lkr_per_usd': 375.0}, 'opex': {'usd_per_year': 12000000.0}, ...}

    @classmethod
    def from_yaml(cls, cfg: Mapping[str, Any]) -> "TaxConfig":
        """
        Build TaxConfig from the full scenario dict (expects `tax` section).
        """
        tax = _require_section(cfg, "tax")
    
        # Required keys
>       corporate_tax_rate = float(_require_key(tax, "corporate_tax_rate", "tax"))
                                   ^^^^^^^^^^^^^^^^^^^^^^^^^^^^^^^^^^^^^^^^^^^^^^

finance/cashflow_v14_tax.py:110: 
_ _ _ _ _ _ _ _ _ _ _ _ _ _ _ _ _ _ _ _ _ _ _ _ _ _ _ _ _ _ _ _ _ _ _ _ _ _ _ _ 

section = {'corporate_tax_rate_pct': 24.0, 'depreciation_years': 20, 'enhanced_capital_allowance_pct': 150.0, 'tax_holiday_start_year': 1, ...}
key = 'corporate_tax_rate', ctx = 'tax'

    def _require_key(section: Mapping[str, Any], key: str, ctx: str) -> Any:
        """Return a required key from a section or raise with context."""
        if key not in section:
>           raise KeyError(f"Missing required YAML key: {ctx}.{key}")
E           KeyError: 'Missing required YAML key: tax.corporate_tax_rate'

finance/cashflow_v14_tax.py:66: KeyError
_________________ test_plan_debt_construction_timeline_and_idc _________________

    def test_plan_debt_construction_timeline_and_idc():
        """
        v14 API: Verify plan_debt returns correct construction timeline and aggregates.
    
        The v14 API returns aggregated tranche data instead of flat time-series.
        We verify the timeline shape and that tranche aggregates are internally
        consistent.
        """
        cfg = _make_simple_financing_config()
>       annual_rows = _make_simple_annual_rows()
                      ^^^^^^^^^^^^^^^^^^^^^^^^^^

tests/api/test_debt_v14_construction.py:106: 
_ _ _ _ _ _ _ _ _ _ _ _ _ _ _ _ _ _ _ _ _ _ _ _ _ _ _ _ _ _ _ _ _ _ _ _ _ _ _ _ 

    def _make_simple_annual_rows() -> list:
        """Create synthetic annual CFADS rows for testing."""
        cfg = _make_simple_financing_config()
>       return build_annual_rows(cfg)
               ^^^^^^^^^^^^^^^^^^^^^^

tests/api/test_debt_v14_construction.py:89: 
_ _ _ _ _ _ _ _ _ _ _ _ _ _ _ _ _ _ _ _ _ _ _ _ _ _ _ _ _ _ _ _ _ _ _ _ _ _ _ _ 

config = {'Financing_Terms': {'amortization_style': 'sculpted', 'construction_periods': 2, 'construction_schedule': [50.0, 50.0....}, 'capex': {'usd_total': 150000000.0}, 'fx': {'start_lkr_per_usd': 375.0}, 'opex': {'usd_per_year': 12000000.0}, ...}
fx_curve = None, capex_depreciable_lkr = None, interest_expense_series = None

    def build_annual_rows(
        config: Dict[str, Any],
        fx_curve: Optional[List[float]] = None,
        capex_depreciable_lkr: Optional[float] = None,
        interest_expense_series: Optional[List[float]] = None,
    ) -> List[Dict[str, float]]:
        """
        Return list of per-year breakdown rows including CFADS in LKR and USD.
    
        This is the canonical *row-wise* surface for:
    
        - debt_v14.plan_debt (DSCR / covenants)
        - CashflowResult (via contracts_v14)
        - analytics exports and dashboards.
    
        NOTE: This function now correctly tracks loss carry-forward across years.
        """
    
        (
            params,
            fx_curve_resolved,
            capex_dep_resolved,
            interest_series,
            years,
            tax_profile,
            depreciation_schedule,
>       ) = _prepare_cashflow_context(
            config,
            fx_curve,
            capex_depreciable_lkr,
            interest_expense_series,
        )

finance/cashflow_v14.py:475: 
_ _ _ _ _ _ _ _ _ _ _ _ _ _ _ _ _ _ _ _ _ _ _ _ _ _ _ _ _ _ _ _ _ _ _ _ _ _ _ _ 

config = {'Financing_Terms': {'amortization_style': 'sculpted', 'construction_periods': 2, 'construction_schedule': [50.0, 50.0....}, 'capex': {'usd_total': 150000000.0}, 'fx': {'start_lkr_per_usd': 375.0}, 'opex': {'usd_per_year': 12000000.0}, ...}
fx_curve = None, capex_depreciable_lkr = None, interest_expense_series = None

    def _prepare_cashflow_context(
        config: Dict[str, Any],
        fx_curve: Optional[List[float]],
        capex_depreciable_lkr: Optional[float],
        interest_expense_series: Optional[List[float]],
    ) -> Tuple[
        Dict[str, Any],
        List[float],
        Optional[float],
        List[float],
        int,
        TaxProfile,
        DepreciationSchedule,
    ]:
        """
        Shared context builder for build_annual_cfads and build_annual_rows.
    
        Returns
        -------
        (params_dict, fx_curve_resolved, capex_depreciable_resolved,
         interest_series, years, tax_profile, depreciation_schedule)
    
        The TaxProfile and DepreciationSchedule are now built upfront and
        reused for all years, avoiding repeated computation and ensuring
        consistent loss carry-forward tracking.
        """
        # Validate parameters before expensive calculations
        validate_parameters(config)
    
        params_obj: CashflowParams = _build_cashflow_params(config)
        params_dict: Dict[str, Any] = asdict(params_obj)
    
        years = int(params_obj.project_life_years)
    
        if fx_curve is None:
            fx_curve_resolved = _fx_curve(config, years)
        else:
            fx_curve_resolved = list(fx_curve)
    
        # Ensure we have at least `years` FX points; extend with last known.
        if len(fx_curve_resolved) < years and fx_curve_resolved:
            fx_curve_resolved = fx_curve_resolved + [fx_curve_resolved[-1]] * (
                years - len(fx_curve_resolved)
            )
        elif not fx_curve_resolved:
            fx_curve_resolved = _fx_curve(config, years)
    
        # Depreciable capex base in LKR – explicit tax base takes precedence.
        capex_dep_resolved = capex_depreciable_lkr
    
        if capex_dep_resolved is None:
            # 1) Explicit tax base if provided
            dep_lkr = as_float(get_nested(config, ["tax", "depreciable_capex_lkr"], None))
    
            if dep_lkr is None:
                dep_lkr = as_float(get_nested(config, ["tax", "dep_base_lkr"], None))
    
            if dep_lkr is not None:
                capex_dep_resolved = dep_lkr
            else:
                # 2) Project-wide LKR capex
                capex_lkr = as_float(get_nested(config, ["capex", "lkr_total"], None))
    
                if capex_lkr is not None:
                    capex_dep_resolved = capex_lkr
                else:
                    # 3) USD capex translated at year-0 FX
                    capex_usd = as_float(get_nested(config, ["capex", "usd_total"], None))
    
                    if capex_usd is not None:
                        capex_dep_resolved = capex_usd * fx_curve_resolved[0]
    
        # Interest series alignment
        if interest_expense_series is None:
            interest_series = [0.0] * years
        else:
            interest_series = list(interest_expense_series)
    
        # Pad or trim to project life
        if len(interest_series) < years:
            interest_series = interest_series + [0.0] * (years - len(interest_series))
        elif len(interest_series) > years:
            interest_series = interest_series[:years]
    
        # === NEW: Build TaxConfig and TaxProfile upfront ===
        # This avoids repeated computation and ensures consistent tax modeling
        # across all years (especially important for loss carry-forward).
    
>       tax_config = TaxConfig.from_yaml(config)
                     ^^^^^^^^^^^^^^^^^^^^^^^^^^^

finance/cashflow_v14.py:186: 
_ _ _ _ _ _ _ _ _ _ _ _ _ _ _ _ _ _ _ _ _ _ _ _ _ _ _ _ _ _ _ _ _ _ _ _ _ _ _ _ 

cls = <class 'finance.cashflow_v14_tax.TaxConfig'>
cfg = {'Financing_Terms': {'amortization_style': 'sculpted', 'construction_periods': 2, 'construction_schedule': [50.0, 50.0....}, 'capex': {'usd_total': 150000000.0}, 'fx': {'start_lkr_per_usd': 375.0}, 'opex': {'usd_per_year': 12000000.0}, ...}

    @classmethod
    def from_yaml(cls, cfg: Mapping[str, Any]) -> "TaxConfig":
        """
        Build TaxConfig from the full scenario dict (expects `tax` section).
        """
        tax = _require_section(cfg, "tax")
    
        # Required keys
        corporate_tax_rate = float(_require_key(tax, "corporate_tax_rate", "tax"))
>       depreciation_method = str(_require_key(tax, "depreciation_method", "tax"))
                                  ^^^^^^^^^^^^^^^^^^^^^^^^^^^^^^^^^^^^^^^^^^^^^^^

finance/cashflow_v14_tax.py:111: 
_ _ _ _ _ _ _ _ _ _ _ _ _ _ _ _ _ _ _ _ _ _ _ _ _ _ _ _ _ _ _ _ _ _ _ _ _ _ _ _ 

section = {'corporate_tax_rate': 0.24, 'depreciation_years': 20, 'enhanced_capital_allowance_pct': 150.0, 'tax_holiday_start_year': 1, ...}
key = 'depreciation_method', ctx = 'tax'

    def _require_key(section: Mapping[str, Any], key: str, ctx: str) -> Any:
        """Return a required key from a section or raise with context."""
        if key not in section:
>           raise KeyError(f"Missing required YAML key: {ctx}.{key}")
E           KeyError: 'Missing required YAML key: tax.depreciation_method'

finance/cashflow_v14_tax.py:66: KeyError
_____________________ test_plan_debt_dscr_and_audit_status _____________________

    def test_plan_debt_dscr_and_audit_status():
        """
        v14 API: Verify min_dscr and audit_status are present and numerically sane.
        """
        cfg = _make_simple_financing_config()
>       annual_rows = _make_simple_annual_rows()
                      ^^^^^^^^^^^^^^^^^^^^^^^^^^

tests/api/test_debt_v14_construction.py:134: 
_ _ _ _ _ _ _ _ _ _ _ _ _ _ _ _ _ _ _ _ _ _ _ _ _ _ _ _ _ _ _ _ _ _ _ _ _ _ _ _ 

    def _make_simple_annual_rows() -> list:
        """Create synthetic annual CFADS rows for testing."""
        cfg = _make_simple_financing_config()
>       return build_annual_rows(cfg)
               ^^^^^^^^^^^^^^^^^^^^^^

tests/api/test_debt_v14_construction.py:89: 
_ _ _ _ _ _ _ _ _ _ _ _ _ _ _ _ _ _ _ _ _ _ _ _ _ _ _ _ _ _ _ _ _ _ _ _ _ _ _ _ 

config = {'Financing_Terms': {'amortization_style': 'sculpted', 'construction_periods': 2, 'construction_schedule': [50.0, 50.0....}, 'capex': {'usd_total': 150000000.0}, 'fx': {'start_lkr_per_usd': 375.0}, 'opex': {'usd_per_year': 12000000.0}, ...}
fx_curve = None, capex_depreciable_lkr = None, interest_expense_series = None

    def build_annual_rows(
        config: Dict[str, Any],
        fx_curve: Optional[List[float]] = None,
        capex_depreciable_lkr: Optional[float] = None,
        interest_expense_series: Optional[List[float]] = None,
    ) -> List[Dict[str, float]]:
        """
        Return list of per-year breakdown rows including CFADS in LKR and USD.
    
        This is the canonical *row-wise* surface for:
    
        - debt_v14.plan_debt (DSCR / covenants)
        - CashflowResult (via contracts_v14)
        - analytics exports and dashboards.
    
        NOTE: This function now correctly tracks loss carry-forward across years.
        """
    
        (
            params,
            fx_curve_resolved,
            capex_dep_resolved,
            interest_series,
            years,
            tax_profile,
            depreciation_schedule,
>       ) = _prepare_cashflow_context(
            config,
            fx_curve,
            capex_depreciable_lkr,
            interest_expense_series,
        )

finance/cashflow_v14.py:475: 
_ _ _ _ _ _ _ _ _ _ _ _ _ _ _ _ _ _ _ _ _ _ _ _ _ _ _ _ _ _ _ _ _ _ _ _ _ _ _ _ 

config = {'Financing_Terms': {'amortization_style': 'sculpted', 'construction_periods': 2, 'construction_schedule': [50.0, 50.0....}, 'capex': {'usd_total': 150000000.0}, 'fx': {'start_lkr_per_usd': 375.0}, 'opex': {'usd_per_year': 12000000.0}, ...}
fx_curve = None, capex_depreciable_lkr = None, interest_expense_series = None

    def _prepare_cashflow_context(
        config: Dict[str, Any],
        fx_curve: Optional[List[float]],
        capex_depreciable_lkr: Optional[float],
        interest_expense_series: Optional[List[float]],
    ) -> Tuple[
        Dict[str, Any],
        List[float],
        Optional[float],
        List[float],
        int,
        TaxProfile,
        DepreciationSchedule,
    ]:
        """
        Shared context builder for build_annual_cfads and build_annual_rows.
    
        Returns
        -------
        (params_dict, fx_curve_resolved, capex_depreciable_resolved,
         interest_series, years, tax_profile, depreciation_schedule)
    
        The TaxProfile and DepreciationSchedule are now built upfront and
        reused for all years, avoiding repeated computation and ensuring
        consistent loss carry-forward tracking.
        """
        # Validate parameters before expensive calculations
        validate_parameters(config)
    
        params_obj: CashflowParams = _build_cashflow_params(config)
        params_dict: Dict[str, Any] = asdict(params_obj)
    
        years = int(params_obj.project_life_years)
    
        if fx_curve is None:
            fx_curve_resolved = _fx_curve(config, years)
        else:
            fx_curve_resolved = list(fx_curve)
    
        # Ensure we have at least `years` FX points; extend with last known.
        if len(fx_curve_resolved) < years and fx_curve_resolved:
            fx_curve_resolved = fx_curve_resolved + [fx_curve_resolved[-1]] * (
                years - len(fx_curve_resolved)
            )
        elif not fx_curve_resolved:
            fx_curve_resolved = _fx_curve(config, years)
    
        # Depreciable capex base in LKR – explicit tax base takes precedence.
        capex_dep_resolved = capex_depreciable_lkr
    
        if capex_dep_resolved is None:
            # 1) Explicit tax base if provided
            dep_lkr = as_float(get_nested(config, ["tax", "depreciable_capex_lkr"], None))
    
            if dep_lkr is None:
                dep_lkr = as_float(get_nested(config, ["tax", "dep_base_lkr"], None))
    
            if dep_lkr is not None:
                capex_dep_resolved = dep_lkr
            else:
                # 2) Project-wide LKR capex
                capex_lkr = as_float(get_nested(config, ["capex", "lkr_total"], None))
    
                if capex_lkr is not None:
                    capex_dep_resolved = capex_lkr
                else:
                    # 3) USD capex translated at year-0 FX
                    capex_usd = as_float(get_nested(config, ["capex", "usd_total"], None))
    
                    if capex_usd is not None:
                        capex_dep_resolved = capex_usd * fx_curve_resolved[0]
    
        # Interest series alignment
        if interest_expense_series is None:
            interest_series = [0.0] * years
        else:
            interest_series = list(interest_expense_series)
    
        # Pad or trim to project life
        if len(interest_series) < years:
            interest_series = interest_series + [0.0] * (years - len(interest_series))
        elif len(interest_series) > years:
            interest_series = interest_series[:years]
    
        # === NEW: Build TaxConfig and TaxProfile upfront ===
        # This avoids repeated computation and ensures consistent tax modeling
        # across all years (especially important for loss carry-forward).
    
>       tax_config = TaxConfig.from_yaml(config)
                     ^^^^^^^^^^^^^^^^^^^^^^^^^^^

finance/cashflow_v14.py:186: 
_ _ _ _ _ _ _ _ _ _ _ _ _ _ _ _ _ _ _ _ _ _ _ _ _ _ _ _ _ _ _ _ _ _ _ _ _ _ _ _ 

cls = <class 'finance.cashflow_v14_tax.TaxConfig'>
cfg = {'Financing_Terms': {'amortization_style': 'sculpted', 'construction_periods': 2, 'construction_schedule': [50.0, 50.0....}, 'capex': {'usd_total': 150000000.0}, 'fx': {'start_lkr_per_usd': 375.0}, 'opex': {'usd_per_year': 12000000.0}, ...}

    @classmethod
    def from_yaml(cls, cfg: Mapping[str, Any]) -> "TaxConfig":
        """
        Build TaxConfig from the full scenario dict (expects `tax` section).
        """
        tax = _require_section(cfg, "tax")
    
        # Required keys
        corporate_tax_rate = float(_require_key(tax, "corporate_tax_rate", "tax"))
>       depreciation_method = str(_require_key(tax, "depreciation_method", "tax"))
                                  ^^^^^^^^^^^^^^^^^^^^^^^^^^^^^^^^^^^^^^^^^^^^^^^

finance/cashflow_v14_tax.py:111: 
_ _ _ _ _ _ _ _ _ _ _ _ _ _ _ _ _ _ _ _ _ _ _ _ _ _ _ _ _ _ _ _ _ _ _ _ _ _ _ _ 

section = {'corporate_tax_rate': 0.24, 'depreciation_years': 20, 'enhanced_capital_allowance_pct': 150.0, 'tax_holiday_start_year': 1, ...}
key = 'depreciation_method', ctx = 'tax'

    def _require_key(section: Mapping[str, Any], key: str, ctx: str) -> Any:
        """Return a required key from a section or raise with context."""
        if key not in section:
>           raise KeyError(f"Missing required YAML key: {ctx}.{key}")
E           KeyError: 'Missing required YAML key: tax.depreciation_method'

finance/cashflow_v14_tax.py:66: KeyError
_____ TestEquityDistributionIntegration.test_distribution_enabled_scenario _____

self = <test_equity_distribution_v14_regression.TestEquityDistributionIntegration object at 0x10d23a810>

    def test_distribution_enabled_scenario(self) -> None:
        """Test full distribution workflow when distributions enabled."""
        config = EquityDistributionConfig(
            enabled=True,
            distributions_allowed_after_year=5,
            min_dscr_for_distribution=1.20,
            min_llcr_for_distribution=1.50,
            covenant_gating_strict=True,
        )
    
        result = calculate_equity_distribution(
            config=config,
            year=8,
            annual_cashflow=50.0,
            debt_service_required=20.0,
            monthly_debt_service=1.67,
            monthly_operating_costs=1.0,
            current_dscr=1.50,
            current_llcr=1.75,
            class_a_invested=50.0,
            class_b_invested=30.0,
        )
    
        assert isinstance(result, EquityDistributionOutput)
        assert result.distribution_year == 8
>       assert result.distribution_enabled is True
E       AssertionError: assert False is True
E        +  where False = EquityDistributionOutput(distribution_year=8, distribution_enabled=False, required_debt_service=20.0, available_cashflow=30.0, reserve_deficit=13.02, available_for_equity=0.0, covenant_gates_passed=False, covenant_gate_details={'dscr': (True, 'DSCR gate PASS: 1.651 >= 1.200'), 'llcr': (False, 'LLCR gate FAIL: Post-distribution LLCR 1.156 < threshold 1.500')}, distributions_to_tiers={'class_a': {'preferred_return': 0.0, 'principal_recovery': 0.0, 'total': 0.0}, 'class_b': {'preferred_return': 0.0, 'principal_recovery': 0.0, 'total': 0.0}, 'common': {'distribution': 0.0, 'total': 0.0}}, total_equity_distribution=0.0, remaining_cashflow=30.0, timestamp=datetime.datetime(2025, 12, 20, 3, 49, 3, 65275)).distribution_enabled

tests/api/test_equity_distribution_v14_regression.py:200: AssertionError
------------------------------ Captured log call -------------------------------
WARNING  finance.equity_distribution_v14:equity_distribution_v14.py:688 Covenant gates failed in year 8; distributions suppressed
_______________________ test_refinancing_config_creation _______________________

    def test_refinancing_config_creation() -> None:
        """Test RefinancingConfig dataclass creation.
    
        Validates: Dataclass structure, default values
        """
>       cfg = RefinancingConfig(
            scenario_name='test',
            trigger_date='2028-01-01',
            trigger_dscr_threshold=1.25,
            refi_structure='extend',
            new_spread_bps=250.0,
            new_tenor_years=10,
            upfront_fee_pct=1.5,
        )
E       TypeError: RefinancingConfig.__init__() got an unexpected keyword argument 'scenario_name'

tests/api/test_refinancing_v14.py:104: TypeError
_________________________ test_refinancing_engine_init _________________________

base_config = {'scenario_name': 'test_base', 'refinancing': {'scenario_name': 'test_base', 'trigger_date': '2028-01-01', 'trigger_ds...cipal_usd': 105000000.0}, 'fx': {'start_lkr_per_usd': 325.5, 'annual_depr': 0.02}, 'tax': {'corporate_tax_pct': 28.0}}}

    def test_refinancing_engine_init(base_config: DictConfig) -> None:
        """Test RefinancingEngine initialization.
    
        Validates: Config loading, type hints, logger setup
        """
>       engine = RefinancingEngine(base_config)
                 ^^^^^^^^^^^^^^^^^^^^^^^^^^^^^^
E       TypeError: RefinancingEngine() takes no arguments

tests/api/test_refinancing_v14.py:148: TypeError
_________________ test_refinancing_engine_init_missing_config __________________

    def test_refinancing_engine_init_missing_config() -> None:
        """Test RefinancingEngine raises on missing refinancing config.
    
        Validates: Error handling (FIN-01)
        Raises: ValueError
        """
        bad_cfg = OmegaConf.create({
            'financial': {
                'debt': {'principal_usd': 100e6},
                'fx': {'start_lkr_per_usd': 325.5, 'annual_depr': 0.02},
                'tax': {'corporate_tax_pct': 28.0},
            },
            # Missing 'refinancing' key
        })
    
        with pytest.raises(ValueError, match="refinancing"):
>           RefinancingEngine(bad_cfg)
E           TypeError: RefinancingEngine() takes no arguments

tests/api/test_refinancing_v14.py:171: TypeError
_____________________ test_refinancing_impact_calculation ______________________

base_config = {'scenario_name': 'test_base', 'refinancing': {'scenario_name': 'test_base', 'trigger_date': '2028-01-01', 'trigger_ds...cipal_usd': 105000000.0}, 'fx': {'start_lkr_per_usd': 325.5, 'annual_depr': 0.02}, 'tax': {'corporate_tax_pct': 28.0}}}

    def test_refinancing_impact_calculation(base_config: DictConfig) -> None:
        """Test impact calculation with base scenario.
    
        Validates: Metric calculation, unit suffixes (FIN-02),
        regression pins (TEST-01)
    
        Calculations:
            - refi_cost_usd: 1.5% of 100M = 1.5M ✓
            - spread_delta_bps: new_spread_bps (250) - (current_wacc_pct * 100) = 250 - 950 = -700 bps
            - tenor_delta_years: new_tenor (10) - current_tenor (5) = 5 years ✓
        """
>       engine = RefinancingEngine(base_config)
                 ^^^^^^^^^^^^^^^^^^^^^^^^^^^^^^
E       TypeError: RefinancingEngine() takes no arguments

tests/api/test_refinancing_v14.py:189: TypeError
________________________ test_refinancing_impact_stress ________________________

stress_config = {'scenario_name': 'test_stress', 'refinancing': {'scenario_name': 'test_stress', 'trigger_date': '2027-06-01', 'trigge...cipal_usd': 105000000.0}, 'fx': {'start_lkr_per_usd': 325.5, 'annual_depr': 0.02}, 'tax': {'corporate_tax_pct': 28.0}}}

    def test_refinancing_impact_stress(stress_config: DictConfig) -> None:
        """Test impact calculation with stress scenario.
    
        Validates: Stress scenario handling, higher spreads
    
        Calculations:
            - refi_cost_usd: 2.0% of 100M = 2.0M ✓
            - spread_delta_bps: new_spread_bps (400) - (current_wacc_pct * 100) = 400 - 950 = -550 bps
            - tenor_delta_years: new_tenor (8) - current_tenor (8) = 0 years ✓
        """
>       engine = RefinancingEngine(stress_config)
                 ^^^^^^^^^^^^^^^^^^^^^^^^^^^^^^^^
E       TypeError: RefinancingEngine() takes no arguments

tests/api/test_refinancing_v14.py:214: TypeError
____________________ test_refinancing_impact_unit_suffixes _____________________

base_config = {'scenario_name': 'test_base', 'refinancing': {'scenario_name': 'test_base', 'trigger_date': '2028-01-01', 'trigger_ds...cipal_usd': 105000000.0}, 'fx': {'start_lkr_per_usd': 325.5, 'annual_depr': 0.02}, 'tax': {'corporate_tax_pct': 28.0}}}

    def test_refinancing_impact_unit_suffixes(base_config: DictConfig) -> None:
        """Test FIN-02: Unit suffixes in output (explicit units).
    
        Validates: *_usd, *_bps, *_years suffixes present
        """
>       engine = RefinancingEngine(base_config)
                 ^^^^^^^^^^^^^^^^^^^^^^^^^^^^^^
E       TypeError: RefinancingEngine() takes no arguments

tests/api/test_refinancing_v14.py:233: TypeError
_________________________ test_refinancing_engine_run __________________________

base_config = {'scenario_name': 'test_base', 'refinancing': {'scenario_name': 'test_base', 'trigger_date': '2028-01-01', 'trigger_ds...cipal_usd': 105000000.0}, 'fx': {'start_lkr_per_usd': 325.5, 'annual_depr': 0.02}, 'tax': {'corporate_tax_pct': 28.0}}}

    def test_refinancing_engine_run(base_config: DictConfig) -> None:
        """Test RefinancingEngine.run() execution.
    
        Validates: Main execution flow, JSON output format,
        tranches and aggregate results
        """
>       engine = RefinancingEngine(base_config)
                 ^^^^^^^^^^^^^^^^^^^^^^^^^^^^^^
E       TypeError: RefinancingEngine() takes no arguments

tests/api/test_refinancing_v14.py:257: TypeError
______________________ test_refinancing_engine_run_stress ______________________

stress_config = {'scenario_name': 'test_stress', 'refinancing': {'scenario_name': 'test_stress', 'trigger_date': '2027-06-01', 'trigge...cipal_usd': 105000000.0}, 'fx': {'start_lkr_per_usd': 325.5, 'annual_depr': 0.02}, 'tax': {'corporate_tax_pct': 28.0}}}

    def test_refinancing_engine_run_stress(stress_config: DictConfig) -> None:
        """Test RefinancingEngine.run() with stress scenario.
    
        Validates: Stress scenario execution
        """
>       engine = RefinancingEngine(stress_config)
                 ^^^^^^^^^^^^^^^^^^^^^^^^^^^^^^^^
E       TypeError: RefinancingEngine() takes no arguments

tests/api/test_refinancing_v14.py:282: TypeError
_____________________ test_refinancing_invalid_date_format _____________________

base_config = {'scenario_name': 'test_base', 'refinancing': {'scenario_name': 'test_base', 'trigger_date': '2028-01-01', 'trigger_ds...cipal_usd': 105000000.0}, 'fx': {'start_lkr_per_usd': 325.5, 'annual_depr': 0.02}, 'tax': {'corporate_tax_pct': 28.0}}}

    def test_refinancing_invalid_date_format(base_config: DictConfig) -> None:
        """Test FIN-01: Error handling for invalid date format.
    
        Validates: Graceful error handling, logging
        """
        # Create config with invalid date
        bad_cfg = OmegaConf.create({
            'scenario_name': 'test_bad_date',
            'refinancing': {
                'scenario_name': 'test_bad_date',
                'trigger_date': 'invalid-date',  # Bad format
                'trigger_dscr_threshold': 1.25,
                'refi_structure': 'extend',
                'new_spread_bps': 250.0,
                'new_tenor_years': 10,
                'upfront_fee_pct': 1.5,
                'success': True,
            },
            'financial': base_config.financial,
        })
    
>       engine = RefinancingEngine(bad_cfg)
                 ^^^^^^^^^^^^^^^^^^^^^^^^^^
E       TypeError: RefinancingEngine() takes no arguments

tests/api/test_refinancing_v14.py:316: TypeError
__________________ test_refinancing_result_json_serializable ___________________

base_config = {'scenario_name': 'test_base', 'refinancing': {'scenario_name': 'test_base', 'trigger_date': '2028-01-01', 'trigger_ds...cipal_usd': 105000000.0}, 'fx': {'start_lkr_per_usd': 325.5, 'annual_depr': 0.02}, 'tax': {'corporate_tax_pct': 28.0}}}

    def test_refinancing_result_json_serializable(base_config: DictConfig) -> None:
        """Test CLI-03: Result is JSON serializable.
    
        Validates: JSON output format for downstream automation
        """
        import json
    
>       engine = RefinancingEngine(base_config)
                 ^^^^^^^^^^^^^^^^^^^^^^^^^^^^^^
E       TypeError: RefinancingEngine() takes no arguments

tests/api/test_refinancing_v14.py:335: TypeError
_________________________ test_refinancing_type_hints __________________________

    def test_refinancing_type_hints() -> None:
        """Test TYPE-01: Functions have type hints.
    
        Validates: Type hint coverage
        """
        import inspect
        from finance.refinancing_v14_hydra import RefinancingEngine
    
        # Check key public methods exist and are callable
>       assert hasattr(RefinancingEngine, 'calculate_refinancing_impact')
E       AssertionError: assert False
E        +  where False = hasattr(<class 'finance.refinancing_v14_hydra.RefinancingEngine'>, 'calculate_refinancing_impact')

tests/api/test_refinancing_v14.py:359: AssertionError
_______ TestRefinancingCalculator.test_recalculate_schedule_refinancing ________

self = <test_refinancing_v14_regression.TestRefinancingCalculator object at 0x10e068a50>

    def test_recalculate_schedule_refinancing(self) -> None:
        """Test debt schedule recalculation post-refinancing."""
        config = RefinancingConfig(
            new_interest_rate=0.05,
            new_tenor=15,
            upfront_cost_pct=0.02,
        )
        calc = RefinancingCalculator(config)
    
>       result = calc.recalculate_schedule(
            current_balance=100.0,
            current_year=8,
            remaining_years=17,
        )
E       TypeError: RefinancingCalculator.recalculate_schedule() missing 1 required positional argument: 'current_interest_rate'

tests/api/test_refinancing_v14_regression.py:169: TypeError
_______________________ test_cashflow_basic_consistency ________________________

    def test_cashflow_basic_consistency() -> None:
        """CFADS list and annual rows should be aligned and self-consistent."""
        cfg = copy.deepcopy(BASE_CONFIG)
    
        # Should validate cleanly
        assert validate_parameters(cfg) == []
    
>       cfads = build_annual_cfads(cfg)
                ^^^^^^^^^^^^^^^^^^^^^^^

tests/api/test_risk_haircut.py:58: 
_ _ _ _ _ _ _ _ _ _ _ _ _ _ _ _ _ _ _ _ _ _ _ _ _ _ _ _ _ _ _ _ _ _ _ _ _ _ _ _ 

config = {'capex': {'usd_total': 120000000.0}, 'fx': {'annual_depr_pct': 3.0, 'start_lkr_per_usd': 375.0}, 'opex': {'usd_per_ye... {'capacity_factor_pct': 40.0, 'capacity_mw': 150.0, 'corporate_tax_rate_pct': 24.0, 'degradation_pct': 0.5, ...}, ...}
fx_curve = None, capex_depreciable_lkr = None, interest_expense_series = None
verbose = False

    def build_annual_cfads(
        config: Dict[str, Any],
        fx_curve: Optional[List[float]] = None,
        capex_depreciable_lkr: Optional[float] = None,
        interest_expense_series: Optional[List[float]] = None,
        verbose: bool = False,
    ) -> List[float]:
        """
        Return list of CFADS (LKR) for each project year.
    
        This is the primary numeric surface used by debt_v14 and covenant tests.
        """
    
        (
            params,
            fx_curve_resolved,
            capex_dep_resolved,
            interest_series,
            years,
            tax_profile,
            depreciation_schedule,
>       ) = _prepare_cashflow_context(
            config,
            fx_curve,
            capex_depreciable_lkr,
            interest_expense_series,
        )

finance/cashflow_v14.py:407: 
_ _ _ _ _ _ _ _ _ _ _ _ _ _ _ _ _ _ _ _ _ _ _ _ _ _ _ _ _ _ _ _ _ _ _ _ _ _ _ _ 

config = {'capex': {'usd_total': 120000000.0}, 'fx': {'annual_depr_pct': 3.0, 'start_lkr_per_usd': 375.0}, 'opex': {'usd_per_ye... {'capacity_factor_pct': 40.0, 'capacity_mw': 150.0, 'corporate_tax_rate_pct': 24.0, 'degradation_pct': 0.5, ...}, ...}
fx_curve = None, capex_depreciable_lkr = None, interest_expense_series = None

    def _prepare_cashflow_context(
        config: Dict[str, Any],
        fx_curve: Optional[List[float]],
        capex_depreciable_lkr: Optional[float],
        interest_expense_series: Optional[List[float]],
    ) -> Tuple[
        Dict[str, Any],
        List[float],
        Optional[float],
        List[float],
        int,
        TaxProfile,
        DepreciationSchedule,
    ]:
        """
        Shared context builder for build_annual_cfads and build_annual_rows.
    
        Returns
        -------
        (params_dict, fx_curve_resolved, capex_depreciable_resolved,
         interest_series, years, tax_profile, depreciation_schedule)
    
        The TaxProfile and DepreciationSchedule are now built upfront and
        reused for all years, avoiding repeated computation and ensuring
        consistent loss carry-forward tracking.
        """
        # Validate parameters before expensive calculations
        validate_parameters(config)
    
        params_obj: CashflowParams = _build_cashflow_params(config)
        params_dict: Dict[str, Any] = asdict(params_obj)
    
        years = int(params_obj.project_life_years)
    
        if fx_curve is None:
            fx_curve_resolved = _fx_curve(config, years)
        else:
            fx_curve_resolved = list(fx_curve)
    
        # Ensure we have at least `years` FX points; extend with last known.
        if len(fx_curve_resolved) < years and fx_curve_resolved:
            fx_curve_resolved = fx_curve_resolved + [fx_curve_resolved[-1]] * (
                years - len(fx_curve_resolved)
            )
        elif not fx_curve_resolved:
            fx_curve_resolved = _fx_curve(config, years)
    
        # Depreciable capex base in LKR – explicit tax base takes precedence.
        capex_dep_resolved = capex_depreciable_lkr
    
        if capex_dep_resolved is None:
            # 1) Explicit tax base if provided
            dep_lkr = as_float(get_nested(config, ["tax", "depreciable_capex_lkr"], None))
    
            if dep_lkr is None:
                dep_lkr = as_float(get_nested(config, ["tax", "dep_base_lkr"], None))
    
            if dep_lkr is not None:
                capex_dep_resolved = dep_lkr
            else:
                # 2) Project-wide LKR capex
                capex_lkr = as_float(get_nested(config, ["capex", "lkr_total"], None))
    
                if capex_lkr is not None:
                    capex_dep_resolved = capex_lkr
                else:
                    # 3) USD capex translated at year-0 FX
                    capex_usd = as_float(get_nested(config, ["capex", "usd_total"], None))
    
                    if capex_usd is not None:
                        capex_dep_resolved = capex_usd * fx_curve_resolved[0]
    
        # Interest series alignment
        if interest_expense_series is None:
            interest_series = [0.0] * years
        else:
            interest_series = list(interest_expense_series)
    
        # Pad or trim to project life
        if len(interest_series) < years:
            interest_series = interest_series + [0.0] * (years - len(interest_series))
        elif len(interest_series) > years:
            interest_series = interest_series[:years]
    
        # === NEW: Build TaxConfig and TaxProfile upfront ===
        # This avoids repeated computation and ensures consistent tax modeling
        # across all years (especially important for loss carry-forward).
    
>       tax_config = TaxConfig.from_yaml(config)
                     ^^^^^^^^^^^^^^^^^^^^^^^^^^^

finance/cashflow_v14.py:186: 
_ _ _ _ _ _ _ _ _ _ _ _ _ _ _ _ _ _ _ _ _ _ _ _ _ _ _ _ _ _ _ _ _ _ _ _ _ _ _ _ 

cls = <class 'finance.cashflow_v14_tax.TaxConfig'>
cfg = {'capex': {'usd_total': 120000000.0}, 'fx': {'annual_depr_pct': 3.0, 'start_lkr_per_usd': 375.0}, 'opex': {'usd_per_ye... {'capacity_factor_pct': 40.0, 'capacity_mw': 150.0, 'corporate_tax_rate_pct': 24.0, 'degradation_pct': 0.5, ...}, ...}

    @classmethod
    def from_yaml(cls, cfg: Mapping[str, Any]) -> "TaxConfig":
        """
        Build TaxConfig from the full scenario dict (expects `tax` section).
        """
        tax = _require_section(cfg, "tax")
    
        # Required keys
>       corporate_tax_rate = float(_require_key(tax, "corporate_tax_rate", "tax"))
                                   ^^^^^^^^^^^^^^^^^^^^^^^^^^^^^^^^^^^^^^^^^^^^^^

finance/cashflow_v14_tax.py:110: 
_ _ _ _ _ _ _ _ _ _ _ _ _ _ _ _ _ _ _ _ _ _ _ _ _ _ _ _ _ _ _ _ _ _ _ _ _ _ _ _ 

section = {'depreciation_years': 20, 'enhanced_capital_allowance_pct': 100.0, 'holiday_start_year': 1, 'holiday_years': 5}
key = 'corporate_tax_rate', ctx = 'tax'

    def _require_key(section: Mapping[str, Any], key: str, ctx: str) -> Any:
        """Return a required key from a section or raise with context."""
        if key not in section:
>           raise KeyError(f"Missing required YAML key: {ctx}.{key}")
E           KeyError: 'Missing required YAML key: tax.corporate_tax_rate'

finance/cashflow_v14_tax.py:66: KeyError
__________ test_cashflow_zero_risk_haircut_means_posttax_equals_cfads __________

    def test_cashflow_zero_risk_haircut_means_posttax_equals_cfads() -> None:
        """With zero risk haircut, CFADS should equal post-tax CFADS."""
        cfg = copy.deepcopy(BASE_CONFIG)
        cfg["risk"]["haircut_pct"] = 0.0
    
>       cfads = build_annual_cfads(cfg)
                ^^^^^^^^^^^^^^^^^^^^^^^

tests/api/test_risk_haircut.py:85: 
_ _ _ _ _ _ _ _ _ _ _ _ _ _ _ _ _ _ _ _ _ _ _ _ _ _ _ _ _ _ _ _ _ _ _ _ _ _ _ _ 

config = {'capex': {'usd_total': 120000000.0}, 'fx': {'annual_depr_pct': 3.0, 'start_lkr_per_usd': 375.0}, 'opex': {'usd_per_ye... {'capacity_factor_pct': 40.0, 'capacity_mw': 150.0, 'corporate_tax_rate_pct': 24.0, 'degradation_pct': 0.5, ...}, ...}
fx_curve = None, capex_depreciable_lkr = None, interest_expense_series = None
verbose = False

    def build_annual_cfads(
        config: Dict[str, Any],
        fx_curve: Optional[List[float]] = None,
        capex_depreciable_lkr: Optional[float] = None,
        interest_expense_series: Optional[List[float]] = None,
        verbose: bool = False,
    ) -> List[float]:
        """
        Return list of CFADS (LKR) for each project year.
    
        This is the primary numeric surface used by debt_v14 and covenant tests.
        """
    
        (
            params,
            fx_curve_resolved,
            capex_dep_resolved,
            interest_series,
            years,
            tax_profile,
            depreciation_schedule,
>       ) = _prepare_cashflow_context(
            config,
            fx_curve,
            capex_depreciable_lkr,
            interest_expense_series,
        )

finance/cashflow_v14.py:407: 
_ _ _ _ _ _ _ _ _ _ _ _ _ _ _ _ _ _ _ _ _ _ _ _ _ _ _ _ _ _ _ _ _ _ _ _ _ _ _ _ 

config = {'capex': {'usd_total': 120000000.0}, 'fx': {'annual_depr_pct': 3.0, 'start_lkr_per_usd': 375.0}, 'opex': {'usd_per_ye... {'capacity_factor_pct': 40.0, 'capacity_mw': 150.0, 'corporate_tax_rate_pct': 24.0, 'degradation_pct': 0.5, ...}, ...}
fx_curve = None, capex_depreciable_lkr = None, interest_expense_series = None

    def _prepare_cashflow_context(
        config: Dict[str, Any],
        fx_curve: Optional[List[float]],
        capex_depreciable_lkr: Optional[float],
        interest_expense_series: Optional[List[float]],
    ) -> Tuple[
        Dict[str, Any],
        List[float],
        Optional[float],
        List[float],
        int,
        TaxProfile,
        DepreciationSchedule,
    ]:
        """
        Shared context builder for build_annual_cfads and build_annual_rows.
    
        Returns
        -------
        (params_dict, fx_curve_resolved, capex_depreciable_resolved,
         interest_series, years, tax_profile, depreciation_schedule)
    
        The TaxProfile and DepreciationSchedule are now built upfront and
        reused for all years, avoiding repeated computation and ensuring
        consistent loss carry-forward tracking.
        """
        # Validate parameters before expensive calculations
        validate_parameters(config)
    
        params_obj: CashflowParams = _build_cashflow_params(config)
        params_dict: Dict[str, Any] = asdict(params_obj)
    
        years = int(params_obj.project_life_years)
    
        if fx_curve is None:
            fx_curve_resolved = _fx_curve(config, years)
        else:
            fx_curve_resolved = list(fx_curve)
    
        # Ensure we have at least `years` FX points; extend with last known.
        if len(fx_curve_resolved) < years and fx_curve_resolved:
            fx_curve_resolved = fx_curve_resolved + [fx_curve_resolved[-1]] * (
                years - len(fx_curve_resolved)
            )
        elif not fx_curve_resolved:
            fx_curve_resolved = _fx_curve(config, years)
    
        # Depreciable capex base in LKR – explicit tax base takes precedence.
        capex_dep_resolved = capex_depreciable_lkr
    
        if capex_dep_resolved is None:
            # 1) Explicit tax base if provided
            dep_lkr = as_float(get_nested(config, ["tax", "depreciable_capex_lkr"], None))
    
            if dep_lkr is None:
                dep_lkr = as_float(get_nested(config, ["tax", "dep_base_lkr"], None))
    
            if dep_lkr is not None:
                capex_dep_resolved = dep_lkr
            else:
                # 2) Project-wide LKR capex
                capex_lkr = as_float(get_nested(config, ["capex", "lkr_total"], None))
    
                if capex_lkr is not None:
                    capex_dep_resolved = capex_lkr
                else:
                    # 3) USD capex translated at year-0 FX
                    capex_usd = as_float(get_nested(config, ["capex", "usd_total"], None))
    
                    if capex_usd is not None:
                        capex_dep_resolved = capex_usd * fx_curve_resolved[0]
    
        # Interest series alignment
        if interest_expense_series is None:
            interest_series = [0.0] * years
        else:
            interest_series = list(interest_expense_series)
    
        # Pad or trim to project life
        if len(interest_series) < years:
            interest_series = interest_series + [0.0] * (years - len(interest_series))
        elif len(interest_series) > years:
            interest_series = interest_series[:years]
    
        # === NEW: Build TaxConfig and TaxProfile upfront ===
        # This avoids repeated computation and ensures consistent tax modeling
        # across all years (especially important for loss carry-forward).
    
>       tax_config = TaxConfig.from_yaml(config)
                     ^^^^^^^^^^^^^^^^^^^^^^^^^^^

finance/cashflow_v14.py:186: 
_ _ _ _ _ _ _ _ _ _ _ _ _ _ _ _ _ _ _ _ _ _ _ _ _ _ _ _ _ _ _ _ _ _ _ _ _ _ _ _ 

cls = <class 'finance.cashflow_v14_tax.TaxConfig'>
cfg = {'capex': {'usd_total': 120000000.0}, 'fx': {'annual_depr_pct': 3.0, 'start_lkr_per_usd': 375.0}, 'opex': {'usd_per_ye... {'capacity_factor_pct': 40.0, 'capacity_mw': 150.0, 'corporate_tax_rate_pct': 24.0, 'degradation_pct': 0.5, ...}, ...}

    @classmethod
    def from_yaml(cls, cfg: Mapping[str, Any]) -> "TaxConfig":
        """
        Build TaxConfig from the full scenario dict (expects `tax` section).
        """
        tax = _require_section(cfg, "tax")
    
        # Required keys
>       corporate_tax_rate = float(_require_key(tax, "corporate_tax_rate", "tax"))
                                   ^^^^^^^^^^^^^^^^^^^^^^^^^^^^^^^^^^^^^^^^^^^^^^

finance/cashflow_v14_tax.py:110: 
_ _ _ _ _ _ _ _ _ _ _ _ _ _ _ _ _ _ _ _ _ _ _ _ _ _ _ _ _ _ _ _ _ _ _ _ _ _ _ _ 

section = {'depreciation_years': 20, 'enhanced_capital_allowance_pct': 100.0, 'holiday_start_year': 1, 'holiday_years': 5}
key = 'corporate_tax_rate', ctx = 'tax'

    def _require_key(section: Mapping[str, Any], key: str, ctx: str) -> Any:
        """Return a required key from a section or raise with context."""
        if key not in section:
>           raise KeyError(f"Missing required YAML key: {ctx}.{key}")
E           KeyError: 'Missing required YAML key: tax.corporate_tax_rate'

finance/cashflow_v14_tax.py:66: KeyError
____________ test_scenario_analytics_stops_on_missing_corporate_tax ____________

tmp_path = PosixPath('/private/var/folders/s7/bjx1cll14tl2dnwsg35cnw9w0000gn/T/pytest-of-aruna/pytest-7/test_scenario_analytics_stops_0')

    def test_scenario_analytics_stops_on_missing_corporate_tax(tmp_path):
        """
        Go With The Flow R5/R22: Schema guard catches missing tax during batch run.
    
        The batch runner processes all scenarios and reports failures in batch_metadata.
        Good scenarios pass through; bad ones are logged and excluded from results.
    
        Expected:
        - good_case passes schema guard and flows through to analytics
        - bad_missing_tax fails schema validation, recorded in batch_metadata.failed
        - Batch returns results from good_case only
        """
        scenarios_dir = tmp_path / "scenarios"
        scenarios_dir.mkdir()
        good_path = scenarios_dir / "good_case.json"
        bad_path = scenarios_dir / "bad_missing_tax.json"
    
        good_cfg = _make_good_config()
        bad_cfg = _make_bad_config()
    
        good_path.write_text(json.dumps(good_cfg), encoding="utf-8")
        bad_path.write_text(json.dumps(bad_cfg), encoding="utf-8")
    
        # ✅ R5: Schema validation always enforced (no strict parameter)
        sa = ScenarioAnalytics(
            scenarios_dir=scenarios_dir,
            output_path=None,
        )
    
        # Run batch - bad scenario should fail gracefully
>       summary_df, timeseries_df, batch_meta = sa.run(export_excel=False)
                                                ^^^^^^^^^^^^^^^^^^^^^^^^^^

tests/api/test_scenario_analytics_schema_guard_integration.py:86: 
_ _ _ _ _ _ _ _ _ _ _ _ _ _ _ _ _ _ _ _ _ _ _ _ _ _ _ _ _ _ _ _ _ _ _ _ _ _ _ _ 

self = <analytics.scenario_analytics.ScenarioAnalytics object at 0x1182e7bd0>
export_excel = False, export_charts = False, output_summary_json = None

    def run(
        self,
        export_excel: bool = False,
        export_charts: bool = False,
        output_summary_json: Optional[Path] = None,
    ) -> Tuple[pd.DataFrame, pd.DataFrame, BatchResultSummary]:
        """
        Run analytics across all scenarios in scenarios_dir.
    
        Returns:
            summary_df: per-scenario summary (index: scenario_name)
            timeseries_df: annual rows (column: scenario_name)
            batch_metadata: BatchResultSummary with success/failure lists
    
        Behaviour:
        - Bad scenarios do not crash the batch; they are logged and included
          in batch_metadata.failed but excluded from result DataFrames.
        - If *all* scenarios fail, raises RuntimeError.
        """
        scenario_paths = self.discover_scenarios()
        if not scenario_paths:
            raise RuntimeError(f"No scenario configs found under {self.scenarios_dir}")
    
        from concurrent.futures import ThreadPoolExecutor, as_completed
    
        results: List[ScenarioResult] = []
        failures: List[ScenarioResult] = []
    
        batch_run = self.parallel and len(scenario_paths) > 4
        logger.info(
            "Running %d scenario(s) %s. strict=%s",
            len(scenario_paths),
            "in parallel" if batch_run else "serially",
            self.strict,
        )
    
        if batch_run:
            with ThreadPoolExecutor() as executor:
                future_to_path = {
                    executor.submit(self._run_single, path): path
                    for path in scenario_paths
                }
                for future in as_completed(future_to_path):
                    res = future.result()
                    if res.kpis:
                        results.append(res)
                    else:
                        failures.append(res)
        else:
            for path in scenario_paths:
                res = self._run_single(path)
                if res.kpis:
                    results.append(res)
                else:
                    failures.append(res)
    
        if not results:
            # All scenarios invalid → hard failure (VAL-02)
>           raise RuntimeError("All scenarios failed; no results to summarise")
E           RuntimeError: All scenarios failed; no results to summarise

analytics/scenario_analytics.py:337: RuntimeError
----------------------------- Captured stderr call -----------------------------
Running 2 scenario(s) serially. strict=True
Processing scenario: bad_missing_tax
Scenario bad_missing_tax failed: Config '/private/var/folders/s7/bjx1cll14tl2dnwsg35cnw9w0000gn/T/pytest-of-aruna/pytest-7/test_scenario_analytics_stops_0/scenarios/bad_missing_tax.json' is missing or has invalid required fields: corporate_tax_rate (paths: tax.corporate_tax_rate_pct, tax.corporate_tax_rate, project.corporate_tax_rate_pct, project.corporate_tax_rate, parameters.corporate_tax_rate_pct, parameters.corporate_tax_rate, corporate_tax_rate_pct, corporate_tax_rate)
Processing scenario: good_case
  Using discount rate: 10.000%
Scenario good_case failed: 'Missing required YAML key: tax.corporate_tax_rate'
------------------------------ Captured log call -------------------------------
INFO     analytics.scenario_analytics:scenario_analytics.py:308 Running 2 scenario(s) serially. strict=True
INFO     analytics.scenario_analytics:scenario_analytics.py:212 Processing scenario: bad_missing_tax
ERROR    analytics.scenario_analytics:scenario_analytics.py:261 Scenario bad_missing_tax failed: Config '/private/var/folders/s7/bjx1cll14tl2dnwsg35cnw9w0000gn/T/pytest-of-aruna/pytest-7/test_scenario_analytics_stops_0/scenarios/bad_missing_tax.json' is missing or has invalid required fields: corporate_tax_rate (paths: tax.corporate_tax_rate_pct, tax.corporate_tax_rate, project.corporate_tax_rate_pct, project.corporate_tax_rate, parameters.corporate_tax_rate_pct, parameters.corporate_tax_rate, corporate_tax_rate_pct, corporate_tax_rate)
INFO     analytics.scenario_analytics:scenario_analytics.py:212 Processing scenario: good_case
INFO     analytics.scenario_analytics:scenario_analytics.py:227   Using discount rate: 10.000%
ERROR    analytics.scenario_analytics:scenario_analytics.py:261 Scenario good_case failed: 'Missing required YAML key: tax.corporate_tax_rate'
__________________ test_scenario_analytics_labels_and_shapes ___________________

tmp_path = PosixPath('/private/var/folders/s7/bjx1cll14tl2dnwsg35cnw9w0000gn/T/pytest-of-aruna/pytest-7/test_scenario_analytics_labels0')

    def test_scenario_analytics_labels_and_shapes(tmp_path):
        """
        Go With The Flow: Confirm sa.run() returns correct DataFrame shapes and labels.
    
        Canonical API contract:
          summary_df: per-scenario summary with scenario_name index/column
          timeseries_df: annual rows with scenario_name column
          batch_metadata: BatchResultSummary with successful/failed lists
    
        Schema Compliance (v3.0):
          - Includes FX mapping per R6 (start_lkr_per_usd, annual_depr)
          - All required fields present per R5 schema guard
          - Minimal but valid v14 configuration (R22)
        """
        scenarios_dir = tmp_path / "scenarios"
        scenarios_dir.mkdir()
    
        # ✅ Minimal v14-compliant config (includes required FX section)
        lendercase_config = {
            "project": {
                "capacity_mw": 150,
                "capacity_factor_pct": 30.0,
                "life_years": 20,
            },
            "capex": {
                "epc_usd": 225_000_000,
            },
            "tax": {
                "corporate_tax_rate_pct": 28,
            },
            "opex": {
                "usd_per_year": 2_500_000,
            },
            "tariff": {
                "tariff_lkr_per_kwh": 6.5,
            },
            "Financing_Terms": {
                "debt_ratio": 0.70,
                "tenor_years": 15,
            },
            # ✅ R6 COMPLIANCE: FX as mapping with required keys
            "fx": {
                "start_lkr_per_usd": 300.0,
                "annual_depr": 0.03,
            },
            "parameters": {},
        }
    
        import json
    
        config_path = scenarios_dir / "dutchbay_lendercase_2025Q4.json"
        config_path.write_text(json.dumps(lendercase_config), encoding="utf-8")
    
        output_path = tmp_path / "analytics_output.xlsx"
    
        # ✅ R5 COMPLIANCE: strict removed - validation always enforced
        sa = ScenarioAnalytics(
            scenarios_dir=scenarios_dir,
            output_path=output_path,
        )
    
        # CANONICAL API: unpack all three return values
>       summary_df, timeseries_df, batch_metadata = sa.run(export_excel=False)
                                                    ^^^^^^^^^^^^^^^^^^^^^^^^^^

tests/api/test_scenario_analytics_unit_scenario_name.py:79: 
_ _ _ _ _ _ _ _ _ _ _ _ _ _ _ _ _ _ _ _ _ _ _ _ _ _ _ _ _ _ _ _ _ _ _ _ _ _ _ _ 

self = <analytics.scenario_analytics.ScenarioAnalytics object at 0x10e424990>
export_excel = False, export_charts = False, output_summary_json = None

    def run(
        self,
        export_excel: bool = False,
        export_charts: bool = False,
        output_summary_json: Optional[Path] = None,
    ) -> Tuple[pd.DataFrame, pd.DataFrame, BatchResultSummary]:
        """
        Run analytics across all scenarios in scenarios_dir.
    
        Returns:
            summary_df: per-scenario summary (index: scenario_name)
            timeseries_df: annual rows (column: scenario_name)
            batch_metadata: BatchResultSummary with success/failure lists
    
        Behaviour:
        - Bad scenarios do not crash the batch; they are logged and included
          in batch_metadata.failed but excluded from result DataFrames.
        - If *all* scenarios fail, raises RuntimeError.
        """
        scenario_paths = self.discover_scenarios()
        if not scenario_paths:
            raise RuntimeError(f"No scenario configs found under {self.scenarios_dir}")
    
        from concurrent.futures import ThreadPoolExecutor, as_completed
    
        results: List[ScenarioResult] = []
        failures: List[ScenarioResult] = []
    
        batch_run = self.parallel and len(scenario_paths) > 4
        logger.info(
            "Running %d scenario(s) %s. strict=%s",
            len(scenario_paths),
            "in parallel" if batch_run else "serially",
            self.strict,
        )
    
        if batch_run:
            with ThreadPoolExecutor() as executor:
                future_to_path = {
                    executor.submit(self._run_single, path): path
                    for path in scenario_paths
                }
                for future in as_completed(future_to_path):
                    res = future.result()
                    if res.kpis:
                        results.append(res)
                    else:
                        failures.append(res)
        else:
            for path in scenario_paths:
                res = self._run_single(path)
                if res.kpis:
                    results.append(res)
                else:
                    failures.append(res)
    
        if not results:
            # All scenarios invalid → hard failure (VAL-02)
>           raise RuntimeError("All scenarios failed; no results to summarise")
E           RuntimeError: All scenarios failed; no results to summarise

analytics/scenario_analytics.py:337: RuntimeError
----------------------------- Captured stderr call -----------------------------
Running 1 scenario(s) serially. strict=True
Processing scenario: dutchbay_lendercase_2025Q4
  Using discount rate: 10.000%
Scenario dutchbay_lendercase_2025Q4 failed: 'Missing required YAML key: tax.corporate_tax_rate'
------------------------------ Captured log call -------------------------------
INFO     analytics.scenario_analytics:scenario_analytics.py:308 Running 1 scenario(s) serially. strict=True
INFO     analytics.scenario_analytics:scenario_analytics.py:212 Processing scenario: dutchbay_lendercase_2025Q4
INFO     analytics.scenario_analytics:scenario_analytics.py:227   Using discount rate: 10.000%
ERROR    analytics.scenario_analytics:scenario_analytics.py:261 Scenario dutchbay_lendercase_2025Q4 failed: 'Missing required YAML key: tax.corporate_tax_rate'
__________________ test_scenario_analytics_labels_and_shapes ___________________

tmp_path = PosixPath('/private/var/folders/s7/bjx1cll14tl2dnwsg35cnw9w0000gn/T/pytest-of-aruna/pytest-7/test_scenario_analytics_labels1')

    def test_scenario_analytics_labels_and_shapes(tmp_path):
        """
        Go With The Flow: Confirm sa.run() returns correct DataFrame shapes and labels.
    
        Canonical API contract:
          summary_df: per-scenario summary with scenario_name index/column
          timeseries_df: annual rows with scenario_name column
          batch_metadata: BatchResultSummary with successful/failed lists
        """
        scenarios_dir = tmp_path / "scenarios"
        scenarios_dir.mkdir()
    
        # Create a complete, valid config
        lendercase_config = _make_complete_config()
    
        config_path = scenarios_dir / "dutchbay_lendercase_2025Q4.json"
        config_path.write_text(json.dumps(lendercase_config), encoding="utf-8")
    
        output_path = tmp_path / "analytics_output.xlsx"
    
        sa = ScenarioAnalytics(
            scenarios_dir=scenarios_dir,
            output_path=output_path,
            # strict removed per R5
        )
    
        # CANONICAL API: unpack all three return values
>       summary_df, timeseries_df, batch_metadata = sa.run(export_excel=False)
                                                    ^^^^^^^^^^^^^^^^^^^^^^^^^^

tests/api/test_scenario_analytics_unit_scenario_name_refactored.py:109: 
_ _ _ _ _ _ _ _ _ _ _ _ _ _ _ _ _ _ _ _ _ _ _ _ _ _ _ _ _ _ _ _ _ _ _ _ _ _ _ _ 

self = <analytics.scenario_analytics.ScenarioAnalytics object at 0x107ee7d90>
export_excel = False, export_charts = False, output_summary_json = None

    def run(
        self,
        export_excel: bool = False,
        export_charts: bool = False,
        output_summary_json: Optional[Path] = None,
    ) -> Tuple[pd.DataFrame, pd.DataFrame, BatchResultSummary]:
        """
        Run analytics across all scenarios in scenarios_dir.
    
        Returns:
            summary_df: per-scenario summary (index: scenario_name)
            timeseries_df: annual rows (column: scenario_name)
            batch_metadata: BatchResultSummary with success/failure lists
    
        Behaviour:
        - Bad scenarios do not crash the batch; they are logged and included
          in batch_metadata.failed but excluded from result DataFrames.
        - If *all* scenarios fail, raises RuntimeError.
        """
        scenario_paths = self.discover_scenarios()
        if not scenario_paths:
            raise RuntimeError(f"No scenario configs found under {self.scenarios_dir}")
    
        from concurrent.futures import ThreadPoolExecutor, as_completed
    
        results: List[ScenarioResult] = []
        failures: List[ScenarioResult] = []
    
        batch_run = self.parallel and len(scenario_paths) > 4
        logger.info(
            "Running %d scenario(s) %s. strict=%s",
            len(scenario_paths),
            "in parallel" if batch_run else "serially",
            self.strict,
        )
    
        if batch_run:
            with ThreadPoolExecutor() as executor:
                future_to_path = {
                    executor.submit(self._run_single, path): path
                    for path in scenario_paths
                }
                for future in as_completed(future_to_path):
                    res = future.result()
                    if res.kpis:
                        results.append(res)
                    else:
                        failures.append(res)
        else:
            for path in scenario_paths:
                res = self._run_single(path)
                if res.kpis:
                    results.append(res)
                else:
                    failures.append(res)
    
        if not results:
            # All scenarios invalid → hard failure (VAL-02)
>           raise RuntimeError("All scenarios failed; no results to summarise")
E           RuntimeError: All scenarios failed; no results to summarise

analytics/scenario_analytics.py:337: RuntimeError
----------------------------- Captured stderr call -----------------------------
Running 1 scenario(s) serially. strict=True
Processing scenario: dutchbay_lendercase_2025Q4
  Using discount rate: 10.000%
Scenario dutchbay_lendercase_2025Q4 failed: 'Missing required YAML key: tax.corporate_tax_rate'
------------------------------ Captured log call -------------------------------
INFO     analytics.scenario_analytics:scenario_analytics.py:308 Running 1 scenario(s) serially. strict=True
INFO     analytics.scenario_analytics:scenario_analytics.py:212 Processing scenario: dutchbay_lendercase_2025Q4
INFO     analytics.scenario_analytics:scenario_analytics.py:227   Using discount rate: 10.000%
ERROR    analytics.scenario_analytics:scenario_analytics.py:261 Scenario dutchbay_lendercase_2025Q4 failed: 'Missing required YAML key: tax.corporate_tax_rate'
_______________ test_scenario_analytics_runs_multiple_scenarios ________________

tmp_path = PosixPath('/private/var/folders/s7/bjx1cll14tl2dnwsg35cnw9w0000gn/T/pytest-of-aruna/pytest-7/test_scenario_analytics_runs_m0')

    def test_scenario_analytics_runs_multiple_scenarios(tmp_path):
        """
        Go With The Flow: Confirm sa.run() handles multiple scenarios correctly.
        """
        scenarios_dir = tmp_path / "scenarios"
        scenarios_dir.mkdir()
    
        base_config = _make_complete_config()
    
        # Create two scenarios
        for i, name in enumerate(["scenario_base", "scenario_stress"]):
            config = base_config.copy()
            config["project"]["name"] = name
    
            # Stress: lower capacity factor
            if i == 1:
                config["project"]["capacity_factor_pct"] = 35.0
    
            config_path = scenarios_dir / f"{name}.json"
            config_path.write_text(json.dumps(config), encoding="utf-8")
    
        output_path = tmp_path / "analytics_output.xlsx"
    
        sa = ScenarioAnalytics(
            scenarios_dir=scenarios_dir,
            output_path=output_path,
            # strict removed per R5
        )
    
>       summary_df, timeseries_df, batch_metadata = sa.run(export_excel=False)
                                                    ^^^^^^^^^^^^^^^^^^^^^^^^^^

tests/api/test_scenario_analytics_unit_scenario_name_refactored.py:162: 
_ _ _ _ _ _ _ _ _ _ _ _ _ _ _ _ _ _ _ _ _ _ _ _ _ _ _ _ _ _ _ _ _ _ _ _ _ _ _ _ 

self = <analytics.scenario_analytics.ScenarioAnalytics object at 0x111cda290>
export_excel = False, export_charts = False, output_summary_json = None

    def run(
        self,
        export_excel: bool = False,
        export_charts: bool = False,
        output_summary_json: Optional[Path] = None,
    ) -> Tuple[pd.DataFrame, pd.DataFrame, BatchResultSummary]:
        """
        Run analytics across all scenarios in scenarios_dir.
    
        Returns:
            summary_df: per-scenario summary (index: scenario_name)
            timeseries_df: annual rows (column: scenario_name)
            batch_metadata: BatchResultSummary with success/failure lists
    
        Behaviour:
        - Bad scenarios do not crash the batch; they are logged and included
          in batch_metadata.failed but excluded from result DataFrames.
        - If *all* scenarios fail, raises RuntimeError.
        """
        scenario_paths = self.discover_scenarios()
        if not scenario_paths:
            raise RuntimeError(f"No scenario configs found under {self.scenarios_dir}")
    
        from concurrent.futures import ThreadPoolExecutor, as_completed
    
        results: List[ScenarioResult] = []
        failures: List[ScenarioResult] = []
    
        batch_run = self.parallel and len(scenario_paths) > 4
        logger.info(
            "Running %d scenario(s) %s. strict=%s",
            len(scenario_paths),
            "in parallel" if batch_run else "serially",
            self.strict,
        )
    
        if batch_run:
            with ThreadPoolExecutor() as executor:
                future_to_path = {
                    executor.submit(self._run_single, path): path
                    for path in scenario_paths
                }
                for future in as_completed(future_to_path):
                    res = future.result()
                    if res.kpis:
                        results.append(res)
                    else:
                        failures.append(res)
        else:
            for path in scenario_paths:
                res = self._run_single(path)
                if res.kpis:
                    results.append(res)
                else:
                    failures.append(res)
    
        if not results:
            # All scenarios invalid → hard failure (VAL-02)
>           raise RuntimeError("All scenarios failed; no results to summarise")
E           RuntimeError: All scenarios failed; no results to summarise

analytics/scenario_analytics.py:337: RuntimeError
----------------------------- Captured stderr call -----------------------------
Running 2 scenario(s) serially. strict=True
Processing scenario: scenario_base
  Using discount rate: 10.000%
Scenario scenario_base failed: 'Missing required YAML key: tax.corporate_tax_rate'
Processing scenario: scenario_stress
  Using discount rate: 10.000%
Scenario scenario_stress failed: 'Missing required YAML key: tax.corporate_tax_rate'
------------------------------ Captured log call -------------------------------
INFO     analytics.scenario_analytics:scenario_analytics.py:308 Running 2 scenario(s) serially. strict=True
INFO     analytics.scenario_analytics:scenario_analytics.py:212 Processing scenario: scenario_base
INFO     analytics.scenario_analytics:scenario_analytics.py:227   Using discount rate: 10.000%
ERROR    analytics.scenario_analytics:scenario_analytics.py:261 Scenario scenario_base failed: 'Missing required YAML key: tax.corporate_tax_rate'
INFO     analytics.scenario_analytics:scenario_analytics.py:212 Processing scenario: scenario_stress
INFO     analytics.scenario_analytics:scenario_analytics.py:227   Using discount rate: 10.000%
ERROR    analytics.scenario_analytics:scenario_analytics.py:261 Scenario scenario_stress failed: 'Missing required YAML key: tax.corporate_tax_rate'
_____________________ test_parameter_range_config_minimal ______________________

    def test_parameter_range_config_minimal():
>       cfg = ParameterRangeConfig(
            variable_name="project.capex_usd_per_kw",
            base_value=1000,
            low_pct=-20,
            high_pct=20,
            steps=5,
        )
E       TypeError: ParameterRangeConfig.__init__() got an unexpected keyword argument 'steps'

tests/contracts/test_sensitivity_contracts.py:22: TypeError
________________________ test_tornado_result_properties ________________________

    def test_tornado_result_properties():
>       res = TornadoResult(
            variable="project.capex_usd_per_kw",
            base_irr=0.10,
            low_irr=0.08,
            high_irr=0.12,
        )
E       TypeError: TornadoResult.__init__() got an unexpected keyword argument 'variable'

tests/contracts/test_sensitivity_contracts.py:34: TypeError
_____________________ test_sensitivity_suite_instantiation _____________________

    def test_sensitivity_suite_instantiation():
        # Minimal suite with a single result
>       result = TornadoResult(variable="foo", base_irr=0.1, low_irr=0.08, high_irr=0.12)
                 ^^^^^^^^^^^^^^^^^^^^^^^^^^^^^^^^^^^^^^^^^^^^^^^^^^^^^^^^^^^^^^^^^^^^^^^^
E       TypeError: TornadoResult.__init__() got an unexpected keyword argument 'variable'

tests/contracts/test_sensitivity_contracts.py:45: TypeError
____________________________ test_breakeven_result _____________________________

    def test_breakeven_result():
>       br = BreakevenResult(
            variable="project.capex_usd_per_kw",
            breakeven_value=950.0,
            bracket=(800.0, 1200.0),
            status="success",
        )
E       TypeError: BreakevenResult.__init__() got an unexpected keyword argument 'variable'

tests/contracts/test_sensitivity_contracts.py:56: TypeError
______________________ test_multimetric_tornado_and_suite ______________________

    def test_multimetric_tornado_and_suite():
>       mres = MultiMetricTornadoResult(
            variable="project.capex_usd_per_kw",
            label="Capex",
            base_values={"project_irr": 0.1, "npv": 1e6},
            low_values={"project_irr": 0.08, "npv": 0.7e6},
            high_values={"project_irr": 0.12, "npv": 1.2e6},
            impacts={"project_irr": 0.04, "npv": 0.5e6},
            impact_dirs={"project_irr": 1, "npv": 1},
        )
E       TypeError: MultiMetricTornadoResult.__init__() got an unexpected keyword argument 'variable'

tests/contracts/test_sensitivity_contracts.py:66: TypeError
_________________________ test_pareto_frontier_result __________________________

    def test_pareto_frontier_result():
>       pf = ParetoFrontierResult(
            frontier_points=[{"project_irr": 0.12, "dscr_min": 1.32}],
            objectives=["project_irr", "dscr_min"],
        )
E       TypeError: ParetoFrontierResult.__init__() got an unexpected keyword argument 'objectives'

tests/contracts/test_sensitivity_contracts.py:86: TypeError
___________ TestParameterRangeConfig.test_valid_basic_configuration ____________

self = <test_contracts.TestParameterRangeConfig object at 0x10e0ece90>

    def test_valid_basic_configuration(self):
        """Test creation with valid parameters."""
>       config = ParameterRangeConfig(
            variable_name="project.capex_usd_per_kw",
            base_value=850.0,
            low_pct=-20.0,
            high_pct=20.0,
            steps=5,
        )
E       TypeError: ParameterRangeConfig.__init__() got an unexpected keyword argument 'steps'

tests/finance/test_contracts.py:25: TypeError
_________________ TestParameterRangeConfig.test_default_steps __________________

self = <test_contracts.TestParameterRangeConfig object at 0x10e0ed250>

    def test_default_steps(self):
        """Test that steps defaults to 5."""
        config = ParameterRangeConfig(
            variable_name="test_param", base_value=100.0, low_pct=-10.0, high_pct=10.0
        )
    
>       assert config.steps == 5
               ^^^^^^^^^^^^
E       AttributeError: 'ParameterRangeConfig' object has no attribute 'steps'

tests/finance/test_contracts.py:45: AttributeError
_____________ TestParameterRangeConfig.test_low_value_calculation ______________

self = <test_contracts.TestParameterRangeConfig object at 0x10e0ed890>

    def test_low_value_calculation(self):
        """Test low_value property calculation."""
        config = ParameterRangeConfig(
            variable_name="test", base_value=100.0, low_pct=-20.0, high_pct=20.0
        )
    
        # base * (1 + low_pct/100) = 100 * (1 - 0.20) = 80.0
>       assert config.low_value == 80.0
E       AssertionError: assert None == 80.0
E        +  where None = ParameterRangeConfig(variable_name='test', base_value=100.0, low_value=None, high_value=None, low_pct=-20.0, high_pct=20.0, label=None, shock_type='scalar').low_value

tests/finance/test_contracts.py:54: AssertionError
_____________ TestParameterRangeConfig.test_high_value_calculation _____________

self = <test_contracts.TestParameterRangeConfig object at 0x10e0edf10>

    def test_high_value_calculation(self):
        """Test high_value property calculation."""
        config = ParameterRangeConfig(
            variable_name="test", base_value=100.0, low_pct=-20.0, high_pct=20.0
        )
    
        # base * (1 + high_pct/100) = 100 * (1 + 0.20) = 120.0
>       assert config.high_value == 120.0
E       AssertionError: assert None == 120.0
E        +  where None = ParameterRangeConfig(variable_name='test', base_value=100.0, low_value=None, high_value=None, low_pct=-20.0, high_pct=20.0, label=None, shock_type='scalar').high_value

tests/finance/test_contracts.py:63: AssertionError
______________ TestParameterRangeConfig.test_whitespace_stripping ______________

self = <test_contracts.TestParameterRangeConfig object at 0x10e0ee550>

    def test_whitespace_stripping(self):
        """Test that variable_name whitespace is stripped."""
        config = ParameterRangeConfig(
            variable_name="  project.capex  ",
            base_value=100.0,
            low_pct=-10.0,
            high_pct=10.0,
        )
    
>       assert config.variable_name == "project.capex"
E       AssertionError: assert '  project.capex  ' == 'project.capex'
E         
E         - project.capex
E         +   project.capex  
E         ? ++             ++

tests/finance/test_contracts.py:74: AssertionError
__________ TestParameterRangeConfig.test_empty_variable_name_rejected __________

self = <test_contracts.TestParameterRangeConfig object at 0x10e0eeb90>

    def test_empty_variable_name_rejected(self):
        """Test that empty variable name is rejected."""
>       with pytest.raises(ValidationError) as exc_info:
E       Failed: DID NOT RAISE <class 'pydantic_core._pydantic_core.ValidationError'>

tests/finance/test_contracts.py:80: Failed
____________ TestParameterRangeConfig.test_zero_base_value_rejected ____________

self = <test_contracts.TestParameterRangeConfig object at 0x10e0ef1d0>

    def test_zero_base_value_rejected(self):
        """Test that base_value must be > 0."""
>       with pytest.raises(ValidationError) as exc_info:
E       Failed: DID NOT RAISE <class 'pydantic_core._pydantic_core.ValidationError'>

tests/finance/test_contracts.py:89: Failed
__________ TestParameterRangeConfig.test_negative_base_value_rejected __________

self = <test_contracts.TestParameterRangeConfig object at 0x10e0ef810>

    def test_negative_base_value_rejected(self):
        """Test that negative base_value is rejected."""
>       with pytest.raises(ValidationError) as exc_info:
E       Failed: DID NOT RAISE <class 'pydantic_core._pydantic_core.ValidationError'>

tests/finance/test_contracts.py:98: Failed
_________ TestParameterRangeConfig.test_low_pct_too_negative_rejected __________

self = <test_contracts.TestParameterRangeConfig object at 0x10e0efe50>

    def test_low_pct_too_negative_rejected(self):
        """Test that low_pct < -50 is rejected."""
>       with pytest.raises(ValidationError) as exc_info:
E       Failed: DID NOT RAISE <class 'pydantic_core._pydantic_core.ValidationError'>

tests/finance/test_contracts.py:107: Failed
___________ TestParameterRangeConfig.test_low_pct_positive_rejected ____________

self = <test_contracts.TestParameterRangeConfig object at 0x10e0f8490>

    def test_low_pct_positive_rejected(self):
        """Test that low_pct > 0 is rejected."""
>       with pytest.raises(ValidationError) as exc_info:
E       Failed: DID NOT RAISE <class 'pydantic_core._pydantic_core.ValidationError'>

tests/finance/test_contracts.py:119: Failed
___________ TestParameterRangeConfig.test_high_pct_negative_rejected ___________

self = <test_contracts.TestParameterRangeConfig object at 0x10e0ee6d0>

    def test_high_pct_negative_rejected(self):
        """Test that high_pct < 0 is rejected."""
>       with pytest.raises(ValidationError) as exc_info:
E       Failed: DID NOT RAISE <class 'pydantic_core._pydantic_core.ValidationError'>

tests/finance/test_contracts.py:131: Failed
__________ TestParameterRangeConfig.test_high_pct_too_large_rejected ___________

self = <test_contracts.TestParameterRangeConfig object at 0x10e0e1c10>

    def test_high_pct_too_large_rejected(self):
        """Test that high_pct > 100 is rejected."""
>       with pytest.raises(ValidationError) as exc_info:
E       Failed: DID NOT RAISE <class 'pydantic_core._pydantic_core.ValidationError'>

tests/finance/test_contracts.py:143: Failed
________ TestParameterRangeConfig.test_high_less_than_abs_low_rejected _________

self = <test_contracts.TestParameterRangeConfig object at 0x10e0f8890>

    def test_high_less_than_abs_low_rejected(self):
        """Test that high_pct must exceed abs(low_pct)."""
>       with pytest.raises(ValidationError) as exc_info:
E       Failed: DID NOT RAISE <class 'pydantic_core._pydantic_core.ValidationError'>

tests/finance/test_contracts.py:155: Failed
_____________ TestParameterRangeConfig.test_steps_too_few_rejected _____________

self = <test_contracts.TestParameterRangeConfig object at 0x10e0f8bd0>

    def test_steps_too_few_rejected(self):
        """Test that steps < 3 is rejected."""
        with pytest.raises(ValidationError) as exc_info:
>           ParameterRangeConfig(
                variable_name="test",
                base_value=100.0,
                low_pct=-10.0,
                high_pct=10.0,
                steps=2,  # Below minimum
            )
E           TypeError: ParameterRangeConfig.__init__() got an unexpected keyword argument 'steps'

tests/finance/test_contracts.py:169: TypeError
____________ TestParameterRangeConfig.test_steps_too_many_rejected _____________

self = <test_contracts.TestParameterRangeConfig object at 0x10e0f8f10>

    def test_steps_too_many_rejected(self):
        """Test that steps > 20 is rejected."""
        with pytest.raises(ValidationError) as exc_info:
>           ParameterRangeConfig(
                variable_name="test",
                base_value=100.0,
                low_pct=-10.0,
                high_pct=10.0,
                steps=25,  # Above maximum
            )
E           TypeError: ParameterRangeConfig.__init__() got an unexpected keyword argument 'steps'

tests/finance/test_contracts.py:182: TypeError
_ TestParameterRangeConfig.test_parametrized_value_calculations[1000--15-25-850-1250] _

self = <test_contracts.TestParameterRangeConfig object at 0x10e0fa050>
base = 1000, low_pct = -15, high_pct = 25, expected_low = 850
expected_high = 1250

    @pytest.mark.parametrize(
        "base,low_pct,high_pct,expected_low,expected_high",
        [
            (1000, -15, 25, 850, 1250),
            (50, -10, 10, 45, 55),
            (200, -5, 15, 190, 230),
            (75, -20, 30, 60, 97.5),
        ],
    )
    def test_parametrized_value_calculations(
        self, base, low_pct, high_pct, expected_low, expected_high
    ):
        """Test low/high value calculations with multiple scenarios."""
        config = ParameterRangeConfig(
            variable_name="test", base_value=base, low_pct=low_pct, high_pct=high_pct
        )
    
>       assert np.isclose(config.low_value, expected_low, atol=0.01)
               ^^^^^^^^^^^^^^^^^^^^^^^^^^^^^^^^^^^^^^^^^^^^^^^^^^^^^

tests/finance/test_contracts.py:209: 
_ _ _ _ _ _ _ _ _ _ _ _ _ _ _ _ _ _ _ _ _ _ _ _ _ _ _ _ _ _ _ _ _ _ _ _ _ _ _ _ 

a = None, b = 850, rtol = 1e-05, atol = 0.01, equal_nan = False

    @array_function_dispatch(_isclose_dispatcher)
    def isclose(a, b, rtol=1.e-5, atol=1.e-8, equal_nan=False):
        """
        Returns a boolean array where two arrays are element-wise equal within a
        tolerance.
    
        The tolerance values are positive, typically very small numbers.  The
        relative difference (`rtol` * abs(`b`)) and the absolute difference
        `atol` are added together to compare against the absolute difference
        between `a` and `b`.
    
        .. warning:: The default `atol` is not appropriate for comparing numbers
                     with magnitudes much smaller than one (see Notes).
    
        Parameters
        ----------
        a, b : array_like
            Input arrays to compare.
        rtol : array_like
            The relative tolerance parameter (see Notes).
        atol : array_like
            The absolute tolerance parameter (see Notes).
        equal_nan : bool
            Whether to compare NaN's as equal.  If True, NaN's in `a` will be
            considered equal to NaN's in `b` in the output array.
    
        Returns
        -------
        y : array_like
            Returns a boolean array of where `a` and `b` are equal within the
            given tolerance. If both `a` and `b` are scalars, returns a single
            boolean value.
    
        See Also
        --------
        allclose
        math.isclose
    
        Notes
        -----
        For finite values, isclose uses the following equation to test whether
        two floating point values are equivalent.::
    
         absolute(a - b) <= (atol + rtol * absolute(b))
    
        Unlike the built-in `math.isclose`, the above equation is not symmetric
        in `a` and `b` -- it assumes `b` is the reference value -- so that
        `isclose(a, b)` might be different from `isclose(b, a)`.
    
        The default value of `atol` is not appropriate when the reference value
        `b` has magnitude smaller than one. For example, it is unlikely that
        ``a = 1e-9`` and ``b = 2e-9`` should be considered "close", yet
        ``isclose(1e-9, 2e-9)`` is ``True`` with default settings. Be sure
        to select `atol` for the use case at hand, especially for defining the
        threshold below which a non-zero value in `a` will be considered "close"
        to a very small or zero value in `b`.
    
        `isclose` is not defined for non-numeric data types.
        :class:`bool` is considered a numeric data-type for this purpose.
    
        Examples
        --------
        >>> import numpy as np
        >>> np.isclose([1e10,1e-7], [1.00001e10,1e-8])
        array([ True, False])
    
        >>> np.isclose([1e10,1e-8], [1.00001e10,1e-9])
        array([ True, True])
    
        >>> np.isclose([1e10,1e-8], [1.0001e10,1e-9])
        array([False,  True])
    
        >>> np.isclose([1.0, np.nan], [1.0, np.nan])
        array([ True, False])
    
        >>> np.isclose([1.0, np.nan], [1.0, np.nan], equal_nan=True)
        array([ True, True])
    
        >>> np.isclose([1e-8, 1e-7], [0.0, 0.0])
        array([ True, False])
    
        >>> np.isclose([1e-100, 1e-7], [0.0, 0.0], atol=0.0)
        array([False, False])
    
        >>> np.isclose([1e-10, 1e-10], [1e-20, 0.0])
        array([ True,  True])
    
        >>> np.isclose([1e-10, 1e-10], [1e-20, 0.999999e-10], atol=0.0)
        array([False,  True])
    
        """
        # Turn all but python scalars into arrays.
        x, y, atol, rtol = (
            a if isinstance(a, (int, float, complex)) else asanyarray(a)
            for a in (a, b, atol, rtol))
    
        # Make sure y is an inexact type to avoid bad behavior on abs(MIN_INT).
        # This will cause casting of x later. Also, make sure to allow subclasses
        # (e.g., for numpy.ma).
        # NOTE: We explicitly allow timedelta, which used to work. This could
        #       possibly be deprecated. See also gh-18286.
        #       timedelta works if `atol` is an integer or also a timedelta.
        #       Although, the default tolerances are unlikely to be useful
        if (dtype := getattr(y, "dtype", None)) is not None and dtype.kind != "m":
            dt = multiarray.result_type(y, 1.)
            y = asanyarray(y, dtype=dt)
        elif isinstance(y, int):
            y = float(y)
    
        # atol and rtol can be arrays
        if not (np.all(np.isfinite(atol)) and np.all(np.isfinite(rtol))):
            err_s = np.geterr()["invalid"]
            err_msg = f"One of rtol or atol is not valid, atol: {atol}, rtol: {rtol}"
    
            if err_s == "warn":
                warnings.warn(err_msg, RuntimeWarning, stacklevel=2)
            elif err_s == "raise":
                raise FloatingPointError(err_msg)
            elif err_s == "print":
                print(err_msg)
    
        with errstate(invalid='ignore'):
    
>           result = (less_equal(abs(x - y), atol + rtol * abs(y))
                                     ^^^^^
                      & isfinite(y)
                      | (x == y))
E           TypeError: unsupported operand type(s) for -: 'NoneType' and 'float'

.venv311/lib/python3.11/site-packages/numpy/_core/numeric.py:2496: TypeError
_ TestParameterRangeConfig.test_parametrized_value_calculations[50--10-10-45-55] _

self = <test_contracts.TestParameterRangeConfig object at 0x10e0fa190>
base = 50, low_pct = -10, high_pct = 10, expected_low = 45, expected_high = 55

    @pytest.mark.parametrize(
        "base,low_pct,high_pct,expected_low,expected_high",
        [
            (1000, -15, 25, 850, 1250),
            (50, -10, 10, 45, 55),
            (200, -5, 15, 190, 230),
            (75, -20, 30, 60, 97.5),
        ],
    )
    def test_parametrized_value_calculations(
        self, base, low_pct, high_pct, expected_low, expected_high
    ):
        """Test low/high value calculations with multiple scenarios."""
        config = ParameterRangeConfig(
            variable_name="test", base_value=base, low_pct=low_pct, high_pct=high_pct
        )
    
>       assert np.isclose(config.low_value, expected_low, atol=0.01)
               ^^^^^^^^^^^^^^^^^^^^^^^^^^^^^^^^^^^^^^^^^^^^^^^^^^^^^

tests/finance/test_contracts.py:209: 
_ _ _ _ _ _ _ _ _ _ _ _ _ _ _ _ _ _ _ _ _ _ _ _ _ _ _ _ _ _ _ _ _ _ _ _ _ _ _ _ 

a = None, b = 45, rtol = 1e-05, atol = 0.01, equal_nan = False

    @array_function_dispatch(_isclose_dispatcher)
    def isclose(a, b, rtol=1.e-5, atol=1.e-8, equal_nan=False):
        """
        Returns a boolean array where two arrays are element-wise equal within a
        tolerance.
    
        The tolerance values are positive, typically very small numbers.  The
        relative difference (`rtol` * abs(`b`)) and the absolute difference
        `atol` are added together to compare against the absolute difference
        between `a` and `b`.
    
        .. warning:: The default `atol` is not appropriate for comparing numbers
                     with magnitudes much smaller than one (see Notes).
    
        Parameters
        ----------
        a, b : array_like
            Input arrays to compare.
        rtol : array_like
            The relative tolerance parameter (see Notes).
        atol : array_like
            The absolute tolerance parameter (see Notes).
        equal_nan : bool
            Whether to compare NaN's as equal.  If True, NaN's in `a` will be
            considered equal to NaN's in `b` in the output array.
    
        Returns
        -------
        y : array_like
            Returns a boolean array of where `a` and `b` are equal within the
            given tolerance. If both `a` and `b` are scalars, returns a single
            boolean value.
    
        See Also
        --------
        allclose
        math.isclose
    
        Notes
        -----
        For finite values, isclose uses the following equation to test whether
        two floating point values are equivalent.::
    
         absolute(a - b) <= (atol + rtol * absolute(b))
    
        Unlike the built-in `math.isclose`, the above equation is not symmetric
        in `a` and `b` -- it assumes `b` is the reference value -- so that
        `isclose(a, b)` might be different from `isclose(b, a)`.
    
        The default value of `atol` is not appropriate when the reference value
        `b` has magnitude smaller than one. For example, it is unlikely that
        ``a = 1e-9`` and ``b = 2e-9`` should be considered "close", yet
        ``isclose(1e-9, 2e-9)`` is ``True`` with default settings. Be sure
        to select `atol` for the use case at hand, especially for defining the
        threshold below which a non-zero value in `a` will be considered "close"
        to a very small or zero value in `b`.
    
        `isclose` is not defined for non-numeric data types.
        :class:`bool` is considered a numeric data-type for this purpose.
    
        Examples
        --------
        >>> import numpy as np
        >>> np.isclose([1e10,1e-7], [1.00001e10,1e-8])
        array([ True, False])
    
        >>> np.isclose([1e10,1e-8], [1.00001e10,1e-9])
        array([ True, True])
    
        >>> np.isclose([1e10,1e-8], [1.0001e10,1e-9])
        array([False,  True])
    
        >>> np.isclose([1.0, np.nan], [1.0, np.nan])
        array([ True, False])
    
        >>> np.isclose([1.0, np.nan], [1.0, np.nan], equal_nan=True)
        array([ True, True])
    
        >>> np.isclose([1e-8, 1e-7], [0.0, 0.0])
        array([ True, False])
    
        >>> np.isclose([1e-100, 1e-7], [0.0, 0.0], atol=0.0)
        array([False, False])
    
        >>> np.isclose([1e-10, 1e-10], [1e-20, 0.0])
        array([ True,  True])
    
        >>> np.isclose([1e-10, 1e-10], [1e-20, 0.999999e-10], atol=0.0)
        array([False,  True])
    
        """
        # Turn all but python scalars into arrays.
        x, y, atol, rtol = (
            a if isinstance(a, (int, float, complex)) else asanyarray(a)
            for a in (a, b, atol, rtol))
    
        # Make sure y is an inexact type to avoid bad behavior on abs(MIN_INT).
        # This will cause casting of x later. Also, make sure to allow subclasses
        # (e.g., for numpy.ma).
        # NOTE: We explicitly allow timedelta, which used to work. This could
        #       possibly be deprecated. See also gh-18286.
        #       timedelta works if `atol` is an integer or also a timedelta.
        #       Although, the default tolerances are unlikely to be useful
        if (dtype := getattr(y, "dtype", None)) is not None and dtype.kind != "m":
            dt = multiarray.result_type(y, 1.)
            y = asanyarray(y, dtype=dt)
        elif isinstance(y, int):
            y = float(y)
    
        # atol and rtol can be arrays
        if not (np.all(np.isfinite(atol)) and np.all(np.isfinite(rtol))):
            err_s = np.geterr()["invalid"]
            err_msg = f"One of rtol or atol is not valid, atol: {atol}, rtol: {rtol}"
    
            if err_s == "warn":
                warnings.warn(err_msg, RuntimeWarning, stacklevel=2)
            elif err_s == "raise":
                raise FloatingPointError(err_msg)
            elif err_s == "print":
                print(err_msg)
    
        with errstate(invalid='ignore'):
    
>           result = (less_equal(abs(x - y), atol + rtol * abs(y))
                                     ^^^^^
                      & isfinite(y)
                      | (x == y))
E           TypeError: unsupported operand type(s) for -: 'NoneType' and 'float'

.venv311/lib/python3.11/site-packages/numpy/_core/numeric.py:2496: TypeError
_ TestParameterRangeConfig.test_parametrized_value_calculations[200--5-15-190-230] _

self = <test_contracts.TestParameterRangeConfig object at 0x10e0fa2d0>
base = 200, low_pct = -5, high_pct = 15, expected_low = 190, expected_high = 230

    @pytest.mark.parametrize(
        "base,low_pct,high_pct,expected_low,expected_high",
        [
            (1000, -15, 25, 850, 1250),
            (50, -10, 10, 45, 55),
            (200, -5, 15, 190, 230),
            (75, -20, 30, 60, 97.5),
        ],
    )
    def test_parametrized_value_calculations(
        self, base, low_pct, high_pct, expected_low, expected_high
    ):
        """Test low/high value calculations with multiple scenarios."""
        config = ParameterRangeConfig(
            variable_name="test", base_value=base, low_pct=low_pct, high_pct=high_pct
        )
    
>       assert np.isclose(config.low_value, expected_low, atol=0.01)
               ^^^^^^^^^^^^^^^^^^^^^^^^^^^^^^^^^^^^^^^^^^^^^^^^^^^^^

tests/finance/test_contracts.py:209: 
_ _ _ _ _ _ _ _ _ _ _ _ _ _ _ _ _ _ _ _ _ _ _ _ _ _ _ _ _ _ _ _ _ _ _ _ _ _ _ _ 

a = None, b = 190, rtol = 1e-05, atol = 0.01, equal_nan = False

    @array_function_dispatch(_isclose_dispatcher)
    def isclose(a, b, rtol=1.e-5, atol=1.e-8, equal_nan=False):
        """
        Returns a boolean array where two arrays are element-wise equal within a
        tolerance.
    
        The tolerance values are positive, typically very small numbers.  The
        relative difference (`rtol` * abs(`b`)) and the absolute difference
        `atol` are added together to compare against the absolute difference
        between `a` and `b`.
    
        .. warning:: The default `atol` is not appropriate for comparing numbers
                     with magnitudes much smaller than one (see Notes).
    
        Parameters
        ----------
        a, b : array_like
            Input arrays to compare.
        rtol : array_like
            The relative tolerance parameter (see Notes).
        atol : array_like
            The absolute tolerance parameter (see Notes).
        equal_nan : bool
            Whether to compare NaN's as equal.  If True, NaN's in `a` will be
            considered equal to NaN's in `b` in the output array.
    
        Returns
        -------
        y : array_like
            Returns a boolean array of where `a` and `b` are equal within the
            given tolerance. If both `a` and `b` are scalars, returns a single
            boolean value.
    
        See Also
        --------
        allclose
        math.isclose
    
        Notes
        -----
        For finite values, isclose uses the following equation to test whether
        two floating point values are equivalent.::
    
         absolute(a - b) <= (atol + rtol * absolute(b))
    
        Unlike the built-in `math.isclose`, the above equation is not symmetric
        in `a` and `b` -- it assumes `b` is the reference value -- so that
        `isclose(a, b)` might be different from `isclose(b, a)`.
    
        The default value of `atol` is not appropriate when the reference value
        `b` has magnitude smaller than one. For example, it is unlikely that
        ``a = 1e-9`` and ``b = 2e-9`` should be considered "close", yet
        ``isclose(1e-9, 2e-9)`` is ``True`` with default settings. Be sure
        to select `atol` for the use case at hand, especially for defining the
        threshold below which a non-zero value in `a` will be considered "close"
        to a very small or zero value in `b`.
    
        `isclose` is not defined for non-numeric data types.
        :class:`bool` is considered a numeric data-type for this purpose.
    
        Examples
        --------
        >>> import numpy as np
        >>> np.isclose([1e10,1e-7], [1.00001e10,1e-8])
        array([ True, False])
    
        >>> np.isclose([1e10,1e-8], [1.00001e10,1e-9])
        array([ True, True])
    
        >>> np.isclose([1e10,1e-8], [1.0001e10,1e-9])
        array([False,  True])
    
        >>> np.isclose([1.0, np.nan], [1.0, np.nan])
        array([ True, False])
    
        >>> np.isclose([1.0, np.nan], [1.0, np.nan], equal_nan=True)
        array([ True, True])
    
        >>> np.isclose([1e-8, 1e-7], [0.0, 0.0])
        array([ True, False])
    
        >>> np.isclose([1e-100, 1e-7], [0.0, 0.0], atol=0.0)
        array([False, False])
    
        >>> np.isclose([1e-10, 1e-10], [1e-20, 0.0])
        array([ True,  True])
    
        >>> np.isclose([1e-10, 1e-10], [1e-20, 0.999999e-10], atol=0.0)
        array([False,  True])
    
        """
        # Turn all but python scalars into arrays.
        x, y, atol, rtol = (
            a if isinstance(a, (int, float, complex)) else asanyarray(a)
            for a in (a, b, atol, rtol))
    
        # Make sure y is an inexact type to avoid bad behavior on abs(MIN_INT).
        # This will cause casting of x later. Also, make sure to allow subclasses
        # (e.g., for numpy.ma).
        # NOTE: We explicitly allow timedelta, which used to work. This could
        #       possibly be deprecated. See also gh-18286.
        #       timedelta works if `atol` is an integer or also a timedelta.
        #       Although, the default tolerances are unlikely to be useful
        if (dtype := getattr(y, "dtype", None)) is not None and dtype.kind != "m":
            dt = multiarray.result_type(y, 1.)
            y = asanyarray(y, dtype=dt)
        elif isinstance(y, int):
            y = float(y)
    
        # atol and rtol can be arrays
        if not (np.all(np.isfinite(atol)) and np.all(np.isfinite(rtol))):
            err_s = np.geterr()["invalid"]
            err_msg = f"One of rtol or atol is not valid, atol: {atol}, rtol: {rtol}"
    
            if err_s == "warn":
                warnings.warn(err_msg, RuntimeWarning, stacklevel=2)
            elif err_s == "raise":
                raise FloatingPointError(err_msg)
            elif err_s == "print":
                print(err_msg)
    
        with errstate(invalid='ignore'):
    
>           result = (less_equal(abs(x - y), atol + rtol * abs(y))
                                     ^^^^^
                      & isfinite(y)
                      | (x == y))
E           TypeError: unsupported operand type(s) for -: 'NoneType' and 'float'

.venv311/lib/python3.11/site-packages/numpy/_core/numeric.py:2496: TypeError
_ TestParameterRangeConfig.test_parametrized_value_calculations[75--20-30-60-97.5] _

self = <test_contracts.TestParameterRangeConfig object at 0x10e0fa510>
base = 75, low_pct = -20, high_pct = 30, expected_low = 60, expected_high = 97.5

    @pytest.mark.parametrize(
        "base,low_pct,high_pct,expected_low,expected_high",
        [
            (1000, -15, 25, 850, 1250),
            (50, -10, 10, 45, 55),
            (200, -5, 15, 190, 230),
            (75, -20, 30, 60, 97.5),
        ],
    )
    def test_parametrized_value_calculations(
        self, base, low_pct, high_pct, expected_low, expected_high
    ):
        """Test low/high value calculations with multiple scenarios."""
        config = ParameterRangeConfig(
            variable_name="test", base_value=base, low_pct=low_pct, high_pct=high_pct
        )
    
>       assert np.isclose(config.low_value, expected_low, atol=0.01)
               ^^^^^^^^^^^^^^^^^^^^^^^^^^^^^^^^^^^^^^^^^^^^^^^^^^^^^

tests/finance/test_contracts.py:209: 
_ _ _ _ _ _ _ _ _ _ _ _ _ _ _ _ _ _ _ _ _ _ _ _ _ _ _ _ _ _ _ _ _ _ _ _ _ _ _ _ 

a = None, b = 60, rtol = 1e-05, atol = 0.01, equal_nan = False

    @array_function_dispatch(_isclose_dispatcher)
    def isclose(a, b, rtol=1.e-5, atol=1.e-8, equal_nan=False):
        """
        Returns a boolean array where two arrays are element-wise equal within a
        tolerance.
    
        The tolerance values are positive, typically very small numbers.  The
        relative difference (`rtol` * abs(`b`)) and the absolute difference
        `atol` are added together to compare against the absolute difference
        between `a` and `b`.
    
        .. warning:: The default `atol` is not appropriate for comparing numbers
                     with magnitudes much smaller than one (see Notes).
    
        Parameters
        ----------
        a, b : array_like
            Input arrays to compare.
        rtol : array_like
            The relative tolerance parameter (see Notes).
        atol : array_like
            The absolute tolerance parameter (see Notes).
        equal_nan : bool
            Whether to compare NaN's as equal.  If True, NaN's in `a` will be
            considered equal to NaN's in `b` in the output array.
    
        Returns
        -------
        y : array_like
            Returns a boolean array of where `a` and `b` are equal within the
            given tolerance. If both `a` and `b` are scalars, returns a single
            boolean value.
    
        See Also
        --------
        allclose
        math.isclose
    
        Notes
        -----
        For finite values, isclose uses the following equation to test whether
        two floating point values are equivalent.::
    
         absolute(a - b) <= (atol + rtol * absolute(b))
    
        Unlike the built-in `math.isclose`, the above equation is not symmetric
        in `a` and `b` -- it assumes `b` is the reference value -- so that
        `isclose(a, b)` might be different from `isclose(b, a)`.
    
        The default value of `atol` is not appropriate when the reference value
        `b` has magnitude smaller than one. For example, it is unlikely that
        ``a = 1e-9`` and ``b = 2e-9`` should be considered "close", yet
        ``isclose(1e-9, 2e-9)`` is ``True`` with default settings. Be sure
        to select `atol` for the use case at hand, especially for defining the
        threshold below which a non-zero value in `a` will be considered "close"
        to a very small or zero value in `b`.
    
        `isclose` is not defined for non-numeric data types.
        :class:`bool` is considered a numeric data-type for this purpose.
    
        Examples
        --------
        >>> import numpy as np
        >>> np.isclose([1e10,1e-7], [1.00001e10,1e-8])
        array([ True, False])
    
        >>> np.isclose([1e10,1e-8], [1.00001e10,1e-9])
        array([ True, True])
    
        >>> np.isclose([1e10,1e-8], [1.0001e10,1e-9])
        array([False,  True])
    
        >>> np.isclose([1.0, np.nan], [1.0, np.nan])
        array([ True, False])
    
        >>> np.isclose([1.0, np.nan], [1.0, np.nan], equal_nan=True)
        array([ True, True])
    
        >>> np.isclose([1e-8, 1e-7], [0.0, 0.0])
        array([ True, False])
    
        >>> np.isclose([1e-100, 1e-7], [0.0, 0.0], atol=0.0)
        array([False, False])
    
        >>> np.isclose([1e-10, 1e-10], [1e-20, 0.0])
        array([ True,  True])
    
        >>> np.isclose([1e-10, 1e-10], [1e-20, 0.999999e-10], atol=0.0)
        array([False,  True])
    
        """
        # Turn all but python scalars into arrays.
        x, y, atol, rtol = (
            a if isinstance(a, (int, float, complex)) else asanyarray(a)
            for a in (a, b, atol, rtol))
    
        # Make sure y is an inexact type to avoid bad behavior on abs(MIN_INT).
        # This will cause casting of x later. Also, make sure to allow subclasses
        # (e.g., for numpy.ma).
        # NOTE: We explicitly allow timedelta, which used to work. This could
        #       possibly be deprecated. See also gh-18286.
        #       timedelta works if `atol` is an integer or also a timedelta.
        #       Although, the default tolerances are unlikely to be useful
        if (dtype := getattr(y, "dtype", None)) is not None and dtype.kind != "m":
            dt = multiarray.result_type(y, 1.)
            y = asanyarray(y, dtype=dt)
        elif isinstance(y, int):
            y = float(y)
    
        # atol and rtol can be arrays
        if not (np.all(np.isfinite(atol)) and np.all(np.isfinite(rtol))):
            err_s = np.geterr()["invalid"]
            err_msg = f"One of rtol or atol is not valid, atol: {atol}, rtol: {rtol}"
    
            if err_s == "warn":
                warnings.warn(err_msg, RuntimeWarning, stacklevel=2)
            elif err_s == "raise":
                raise FloatingPointError(err_msg)
            elif err_s == "print":
                print(err_msg)
    
        with errstate(invalid='ignore'):
    
>           result = (less_equal(abs(x - y), atol + rtol * abs(y))
                                     ^^^^^
                      & isfinite(y)
                      | (x == y))
E           TypeError: unsupported operand type(s) for -: 'NoneType' and 'float'

.venv311/lib/python3.11/site-packages/numpy/_core/numeric.py:2496: TypeError
____________________ TestTornadoResult.test_basic_creation _____________________

self = <test_contracts.TestTornadoResult object at 0x10e0fab50>

    def test_basic_creation(self):
        """Test creation with valid data."""
>       result = TornadoResult(
            variable="capex_usd_per_kw", base_irr=0.12, low_irr=0.10, high_irr=0.14
        )
E       TypeError: TornadoResult.__init__() got an unexpected keyword argument 'variable'

tests/finance/test_contracts.py:218: TypeError
________________ TestTornadoResult.test_impact_pct_calculation _________________

self = <test_contracts.TestTornadoResult object at 0x10e0fb190>

    def test_impact_pct_calculation(self):
        """Test impact_pct property calculation."""
>       result = TornadoResult(
            variable="test", base_irr=0.10, low_irr=0.08, high_irr=0.12
        )
E       TypeError: TornadoResult.__init__() got an unexpected keyword argument 'variable'

tests/finance/test_contracts.py:229: TypeError
________________ TestTornadoResult.test_impact_abs_calculation _________________

self = <test_contracts.TestTornadoResult object at 0x10e0fb7d0>

    def test_impact_abs_calculation(self):
        """Test impact_abs property calculation."""
>       result = TornadoResult(
            variable="test", base_irr=0.10, low_irr=0.08, high_irr=0.12
        )
E       TypeError: TornadoResult.__init__() got an unexpected keyword argument 'variable'

tests/finance/test_contracts.py:238: TypeError
_________________ TestTornadoResult.test_impact_pct_zero_base __________________

self = <test_contracts.TestTornadoResult object at 0x10e0fbe50>

    def test_impact_pct_zero_base(self):
        """Test that impact_pct handles zero base gracefully."""
>       result = TornadoResult(
            variable="test", base_irr=0.0, low_irr=-0.05, high_irr=0.05
        )
E       TypeError: TornadoResult.__init__() got an unexpected keyword argument 'variable'

tests/finance/test_contracts.py:247: TypeError
____________________ TestTornadoResult.test_negative_impact ____________________

self = <test_contracts.TestTornadoResult object at 0x10e1004d0>

    def test_negative_impact(self):
        """Test handling of inverted sensitivity (high < low)."""
>       result = TornadoResult(
            variable="test",
            base_irr=0.10,
            low_irr=0.12,  # Higher IRR at low input
            high_irr=0.08,  # Lower IRR at high input
        )
E       TypeError: TornadoResult.__init__() got an unexpected keyword argument 'variable'

tests/finance/test_contracts.py:256: TypeError
_____________________ TestTornadoResult.test_nan_handling ______________________

self = <test_contracts.TestTornadoResult object at 0x10e100b10>

    def test_nan_handling(self):
        """Test that NaN values are preserved in calculations."""
>       result = TornadoResult(
            variable="test", base_irr=0.10, low_irr=np.nan, high_irr=0.12
        )
E       TypeError: TornadoResult.__init__() got an unexpected keyword argument 'variable'

tests/finance/test_contracts.py:271: TypeError
_ TestTornadoResult.test_parametrized_impact_calculations[0.1-0.08-0.12-40.0-0.04] _

self = <test_contracts.TestTornadoResult object at 0x10e102090>, base = 0.1
low = 0.08, high = 0.12, expected_pct = 40.0, expected_abs = 0.04

    @pytest.mark.parametrize(
        "base,low,high,expected_pct,expected_abs",
        [
            (0.10, 0.08, 0.12, 40.0, 0.04),
            (0.15, 0.10, 0.20, 66.67, 0.10),
            (0.08, 0.06, 0.10, 50.0, 0.04),
            (0.12, 0.11, 0.13, 16.67, 0.02),
        ],
    )
    def test_parametrized_impact_calculations(
        self, base, low, high, expected_pct, expected_abs
    ):
        """Test impact calculations with multiple scenarios."""
>       result = TornadoResult(
            variable="test", base_irr=base, low_irr=low, high_irr=high
        )
E       TypeError: TornadoResult.__init__() got an unexpected keyword argument 'variable'

tests/finance/test_contracts.py:292: TypeError
_ TestTornadoResult.test_parametrized_impact_calculations[0.15-0.1-0.2-66.67-0.1] _

self = <test_contracts.TestTornadoResult object at 0x10e102310>, base = 0.15
low = 0.1, high = 0.2, expected_pct = 66.67, expected_abs = 0.1

    @pytest.mark.parametrize(
        "base,low,high,expected_pct,expected_abs",
        [
            (0.10, 0.08, 0.12, 40.0, 0.04),
            (0.15, 0.10, 0.20, 66.67, 0.10),
            (0.08, 0.06, 0.10, 50.0, 0.04),
            (0.12, 0.11, 0.13, 16.67, 0.02),
        ],
    )
    def test_parametrized_impact_calculations(
        self, base, low, high, expected_pct, expected_abs
    ):
        """Test impact calculations with multiple scenarios."""
>       result = TornadoResult(
            variable="test", base_irr=base, low_irr=low, high_irr=high
        )
E       TypeError: TornadoResult.__init__() got an unexpected keyword argument 'variable'

tests/finance/test_contracts.py:292: TypeError
_ TestTornadoResult.test_parametrized_impact_calculations[0.08-0.06-0.1-50.0-0.04] _

self = <test_contracts.TestTornadoResult object at 0x10e102590>, base = 0.08
low = 0.06, high = 0.1, expected_pct = 50.0, expected_abs = 0.04

    @pytest.mark.parametrize(
        "base,low,high,expected_pct,expected_abs",
        [
            (0.10, 0.08, 0.12, 40.0, 0.04),
            (0.15, 0.10, 0.20, 66.67, 0.10),
            (0.08, 0.06, 0.10, 50.0, 0.04),
            (0.12, 0.11, 0.13, 16.67, 0.02),
        ],
    )
    def test_parametrized_impact_calculations(
        self, base, low, high, expected_pct, expected_abs
    ):
        """Test impact calculations with multiple scenarios."""
>       result = TornadoResult(
            variable="test", base_irr=base, low_irr=low, high_irr=high
        )
E       TypeError: TornadoResult.__init__() got an unexpected keyword argument 'variable'

tests/finance/test_contracts.py:292: TypeError
_ TestTornadoResult.test_parametrized_impact_calculations[0.12-0.11-0.13-16.67-0.02] _

self = <test_contracts.TestTornadoResult object at 0x10e102810>, base = 0.12
low = 0.11, high = 0.13, expected_pct = 16.67, expected_abs = 0.02

    @pytest.mark.parametrize(
        "base,low,high,expected_pct,expected_abs",
        [
            (0.10, 0.08, 0.12, 40.0, 0.04),
            (0.15, 0.10, 0.20, 66.67, 0.10),
            (0.08, 0.06, 0.10, 50.0, 0.04),
            (0.12, 0.11, 0.13, 16.67, 0.02),
        ],
    )
    def test_parametrized_impact_calculations(
        self, base, low, high, expected_pct, expected_abs
    ):
        """Test impact calculations with multiple scenarios."""
>       result = TornadoResult(
            variable="test", base_irr=base, low_irr=low, high_irr=high
        )
E       TypeError: TornadoResult.__init__() got an unexpected keyword argument 'variable'

tests/finance/test_contracts.py:292: TypeError
_________________ TestTornadoResult.test_sorting_by_impact_abs _________________

self = <test_contracts.TestTornadoResult object at 0x10e102d50>

    def test_sorting_by_impact_abs(self):
        """Test that results can be sorted by impact magnitude."""
        results = [
            TornadoResult("var1", 0.10, 0.09, 0.11),  # impact_abs = 0.02
            TornadoResult("var2", 0.10, 0.08, 0.14),  # impact_abs = 0.06
            TornadoResult("var3", 0.10, 0.095, 0.105),  # impact_abs = 0.01
        ]
    
>       sorted_results = sorted(results, key=lambda r: r.impact_abs, reverse=True)
                         ^^^^^^^^^^^^^^^^^^^^^^^^^^^^^^^^^^^^^^^^^^^^^^^^^^^^^^^^^

tests/finance/test_contracts.py:307: 
_ _ _ _ _ _ _ _ _ _ _ _ _ _ _ _ _ _ _ _ _ _ _ _ _ _ _ _ _ _ _ _ _ _ _ _ _ _ _ _ 

r = TornadoResult(metric_name='var1', base_metric=0.1, shock_results=0.09, low_case_metric=0.11, high_case_metric=None)

>   sorted_results = sorted(results, key=lambda r: r.impact_abs, reverse=True)
                                                   ^^^^^^^^^^^^
E   AttributeError: 'TornadoResult' object has no attribute 'impact_abs'

tests/finance/test_contracts.py:307: AttributeError
_____________ TestIntegration.test_end_to_end_sensitivity_workflow _____________

self = <test_contracts.TestIntegration object at 0x10e0f9150>

    def test_end_to_end_sensitivity_workflow(self):
        """Test complete workflow: config → calculation → result."""
        # Define sensitivity parameters
>       param_config = ParameterRangeConfig(
            variable_name="project.capex_usd_per_kw",
            base_value=850.0,
            low_pct=-20.0,
            high_pct=20.0,
            steps=5,
        )
E       TypeError: ParameterRangeConfig.__init__() got an unexpected keyword argument 'steps'

tests/finance/test_contracts.py:320: TypeError
_____________________ TestIntegration.test_tornado_ranking _____________________

self = <test_contracts.TestIntegration object at 0x10e100e10>

    def test_tornado_ranking(self):
        """Test ranking tornado results by impact."""
        results = [
            TornadoResult("capex", 0.10, 0.08, 0.12),  # High impact
            TornadoResult("opex", 0.10, 0.095, 0.105),  # Low impact
            TornadoResult("tariff", 0.10, 0.07, 0.13),  # Highest impact
            TornadoResult("discount", 0.10, 0.09, 0.11),  # Medium impact
        ]
    
        # Sort by absolute impact
>       ranked = sorted(results, key=lambda r: r.impact_abs, reverse=True)
                 ^^^^^^^^^^^^^^^^^^^^^^^^^^^^^^^^^^^^^^^^^^^^^^^^^^^^^^^^^

tests/finance/test_contracts.py:384: 
_ _ _ _ _ _ _ _ _ _ _ _ _ _ _ _ _ _ _ _ _ _ _ _ _ _ _ _ _ _ _ _ _ _ _ _ _ _ _ _ 

r = TornadoResult(metric_name='capex', base_metric=0.1, shock_results=0.08, low_case_metric=0.12, high_case_metric=None)

>   ranked = sorted(results, key=lambda r: r.impact_abs, reverse=True)
                                           ^^^^^^^^^^^^
E   AttributeError: 'TornadoResult' object has no attribute 'impact_abs'

tests/finance/test_contracts.py:384: AttributeError
_______________ TestFXSampling.test_fx_factor_applied_to_revenue _______________

self = <test_fx_monte_carlo_integration.TestFXSampling object at 0x10e103b50>

    def test_fx_factor_applied_to_revenue(self) -> None:
        """
        Verify FX factor sampled and applied to revenue.
        (FIX #5 verification)
        """
        cfg_dict = {
            "monte_carlo": {
                "iterations": 10,
                "capex_total_usd": 50e6,
                "revenue_mean_usd": 100e6,
                "revenue_std_pct": 0.0,  # No revenue variance
                "cost_mean_usd": 60e6,
                "cost_std_pct": 0.0,  # No cost variance
                "fx_mean_rate": 325.0,
                "fx_std_pct": 10.0,  # 10% FX volatility
            },
            "FX": {  # Enable FX
                "strategy": "natural_hedge",
                "spot_rate": 325.0,
            },
        }
        cfg = OmegaConf.create(cfg_dict)
        engine = MonteCarloEngine(cfg, n_iterations=10)
    
        # Run iterations and check FX values vary
        results = []
        for _ in range(10):
            result = engine.simulate_iteration()
            results.append(result)
    
        # Extract revenue values (should vary due to FX)
        revenues = [r["revenue_usd"] for r in results]
        unique_revenues = len(set(revenues))
    
        # Should have variation due to FX sampling
>       assert unique_revenues > 1, "FX not sampled in MC iterations"
E       AssertionError: FX not sampled in MC iterations
E       assert 1 > 1

tests/integration/test_fx_monte_carlo_integration.py:177: AssertionError
________________ TestGWTFCompliance.test_uses_logging_not_print ________________

self = <test_equity_distribution_compliance.TestGWTFCompliance object at 0x10e123f50>

    def test_uses_logging_not_print(self) -> None:
        """CST-01: Module should use logging, not print (except __main__)."""
        content = MODULE_PATH.read_text(encoding="utf-8")
        lines = content.split('\n')
    
        in_main_block = False
        for line in lines:
            # Track if we're in __main__ block
            if 'if __name__ ==' in line:
                in_main_block = True
    
            # Allow print() in __main__ for testing
            if in_main_block:
                continue
    
            # Disallow print() outside __main__
            if re.search(r'\bprint\s*\(', line) and not line.strip().startswith('#'):
>               assert False, (
                    f"Found print() outside __main__ block (CST-01): {line.strip()}. "
                    "Use logger.info/debug instead."
                )
E               AssertionError: Found print() outside __main__ block (CST-01): print(json_output). Use logger.info/debug instead.
E               assert False

tests/lint/test_equity_distribution_compliance.py:169: AssertionError
_________________ TestGWTFCompliance.test_imports_from_future __________________

self = <test_equity_distribution_compliance.TestGWTFCompliance object at 0x10e12c650>

    def test_imports_from_future(self) -> None:
        """CST-01: Module should use future annotations for cleaner types."""
        content = MODULE_PATH.read_text(encoding="utf-8")
        lines = content.split('\n')
    
        # Check first 30 lines for future import (accommodate longer docstrings)
        first_30_lines = '\n'.join(lines[:30])
>       assert "from __future__ import annotations" in first_30_lines, (
            "Module should import annotations from __future__ (CST-01). "
            "Import should appear in first 30 lines (after docstring)."
        )
E       AssertionError: Module should import annotations from __future__ (CST-01). Import should appear in first 30 lines (after docstring).
E       assert 'from __future__ import annotations' in '#!/usr/bin/env python\n"""Equity Distribution Module – GWTF v3.0 Compliant.\n\nCore responsibility: Calculate equity distributions, enforce covenants,\nmanage waterfall logic for renewable energy project finance structures.\n\nComputes distributions across LKR, USD, and DFI tranches with priority rules.\n\nConfiguration Path:\n    scenarios/dutchbay_lendercase_2025Q4.yaml::equity_distribution\n\nGWTF Compliance:\n    ✓ ARCH-01: Config-first (thresholds from config, not hardcoded)\n    ✓ VAL-01: Pydantic v2 with field_validator\n    ✓ TYPE-01: Full type hints\n    ✓ CST-01: Logging, no print in lib code\n    ✓ CLI-01: Hydra-based CLI (no argparse)\n    ✓ DOC-01: Complete docstrings\n\nUsage:\n    python -m finance.equity_distribution_v14_hydra --config scenarios/equity_base.yaml\n\nAction:\n    1. Load Hydra config\n    2. Validate schema (R5, R22)\n    3. Model equity distributions:\n       - Calculate distributable cash\n       - Apply priority waterfall\n       - Compute IRR, MOIC, payback period\n    4. Export results (JSON, summary, tranches)'

tests/lint/test_equity_distribution_compliance.py:212: AssertionError
______________ TestGWTFCompliance.test_no_hardcoded_magic_numbers ______________

self = <test_equity_distribution_compliance.TestGWTFCompliance object at 0x10e12cc10>

    def test_no_hardcoded_magic_numbers(self) -> None:
        """ARCH-01: Business logic should use config, not magic numbers."""
        content = MODULE_PATH.read_text(encoding="utf-8")
    
        # Check that thresholds come from config, not hardcoded
        # This is a heuristic check for common patterns
>       assert "self.config.min_dscr_threshold" in content, (
            "DSCR threshold should come from config (ARCH-01)"
        )
E       AssertionError: DSCR threshold should come from config (ARCH-01)
E       assert 'self.config.min_dscr_threshold' in '#!/usr/bin/env python\n"""Equity Distribution Module – GWTF v3.0 Compliant.\n\nCore responsibility: Calculate equity distributions, enforce covenants,\nmanage waterfall logic for renewable energy project finance structures.\n\nComputes distributions across LKR, USD, and DFI tranches with priority rules.\n\nConfiguration Path:\n    scenarios/dutchbay_lendercase_2025Q4.yaml::equity_distribution\n\nGWTF Compliance:\n    ✓ ARCH-01: Config-first (thresholds from config, not hardcoded)\n    ✓ VAL-01: Pydantic v2 with field_validator\n    ✓ TYPE-01: Full type hints\n    ✓ CST-01: Logging, no print in lib code\n    ✓ CLI-01: Hydra-based CLI (no argparse)\n    ✓ DOC-01: Complete docstrings\n\nUsage:\n    python -m finance.equity_distribution_v14_hydra --config scenarios/equity_base.yaml\n\nAction:\n    1. Load Hydra config\n    2. Validate schema (R5, R22)\n    3. Model equity distributions:\n       - Calculate distributable cash\n       - Apply priority waterfall\n       - Compute IRR, MOIC, payback period\n    4. Export results (JSON, summary, tranches)\n\nSpecifications:\n    - Type hints: 100% (TYPE-01 compliance)\n    - Tests: 8+ cases with regression pins (TEST-01)\n    - Mypy: cle...to Hydra configuration file.\n\n    Raises:\n        Exception: If execution fails.\n    """\n    logging.basicConfig(\n        level=logging.INFO,\n        format="%(asctime)s - %(name)s - %(levelname)s - %(message)s",\n    )\n    logger_main = logging.getLogger("equity_main")\n\n    try:\n        logger_main.info(f"Loading config: {config_path}")\n        cfg = load_config(config_path)\n        engine = EquityDistributionEngine(cfg)\n        result = engine.run()\n        json_output = json.dumps(result, indent=2)\n        logger_main.info("Results computed successfully")\n        print(json_output)\n        logger_main.info("Results output to stdout (JSON)")\n\n    except Exception as e:\n        logger_main.error(f"Fatal error: {str(e)}", exc_info=True)\n        error_result = {\n            "success": False,\n            "error": str(e),\n        }\n        print(json.dumps(error_result, indent=2))\n        raise\n\n\nif __name__ == "__main__":\n    from hydra import main as hydra_main\n\n    @hydra_main(config_path="conf", config_name="equity", version_base="1.1")\n    def cli(cfg: DictConfig) -> None:\n        """CLI entry point via Hydra."""\n        main()\n\n    cli()\n'

tests/lint/test_equity_distribution_compliance.py:223: AssertionError
_________________ TestTypeHints.test_refinancing_config_typed __________________

self = <test_refinancing_module_compliance.TestTypeHints object at 0x10e154c90>

    def test_refinancing_config_typed(self) -> None:
        """Test RefinancingConfig is properly typed."""
        config = RefinancingConfig()
        assert hasattr(config, 'enabled')
>       assert hasattr(config, 'trigger_year_min')
E       AssertionError: assert False
E        +  where False = hasattr(RefinancingConfig(enabled=False, triggers=[], new_coupon_pct=None, refinancing_cost_pct=0.5, new_tenor_years=None, principal_repayment_pct=0.0, metadata={}), 'trigger_year_min')

tests/lint/test_refinancing_module_compliance.py:28: AssertionError
_____________ TestTypeHints.test_refinancing_trigger_methods_typed _____________

self = <test_refinancing_module_compliance.TestTypeHints object at 0x10e155010>

    def test_refinancing_trigger_methods_typed(self) -> None:
        """Test RefinancingTrigger methods have type hints."""
        config = RefinancingConfig()
        trigger = RefinancingTrigger(config)
    
        # Check should_refinance signature has return annotation
>       method_sig = signature(trigger.should_refinance)
                               ^^^^^^^^^^^^^^^^^^^^^^^^
E       AttributeError: 'RefinancingTrigger' object has no attribute 'should_refinance'

tests/lint/test_refinancing_module_compliance.py:37: AttributeError
_______________ TestTypeHints.test_refinancing_v14_methods_typed _______________

self = <test_refinancing_module_compliance.TestTypeHints object at 0x10e155510>

    def test_refinancing_v14_methods_typed(self) -> None:
        """Test RefinancingV14 methods have type hints."""
        config = RefinancingConfig()
>       calc = RefinancingV14(config)
               ^^^^^^^^^^^^^^^^^^^^^^
E       TypeError: RefinancingV14() takes no arguments

tests/lint/test_refinancing_module_compliance.py:45: TypeError
____________ TestDocstrings.test_calculator_methods_have_docstrings ____________

self = <test_refinancing_module_compliance.TestDocstrings object at 0x10e157650>

    def test_calculator_methods_have_docstrings(self) -> None:
        """Test calculator methods have docstrings."""
        assert RefinancingV14.__init__.__doc__ is not None
>       assert RefinancingV14.calculate.__doc__ is not None
               ^^^^^^^^^^^^^^^^^^^^^^^^
E       AttributeError: type object 'RefinancingV14' has no attribute 'calculate'

tests/lint/test_refinancing_module_compliance.py:78: AttributeError
_______________ TestNoHardcoding.test_trigger_uses_config_values _______________

self = <test_refinancing_module_compliance.TestNoHardcoding object at 0x10e157e50>

    def test_trigger_uses_config_values(self) -> None:
        """Test trigger uses config instead of hardcoded thresholds."""
>       config1 = RefinancingConfig(trigger_year_min=8)
                  ^^^^^^^^^^^^^^^^^^^^^^^^^^^^^^^^^^^^^
E       TypeError: RefinancingConfig.__init__() got an unexpected keyword argument 'trigger_year_min'

tests/lint/test_refinancing_module_compliance.py:86: TypeError
__________________ TestErrorHandling.test_invalid_dscr_raises __________________

self = <test_refinancing_module_compliance.TestErrorHandling object at 0x10e1606d0>

    def test_invalid_dscr_raises(self) -> None:
        """Test invalid DSCR raises exception."""
        with pytest.raises(ValueError):
>           RefinancingConfig(dscr_threshold=-1.0)
E           TypeError: RefinancingConfig.__init__() got an unexpected keyword argument 'dscr_threshold'

tests/lint/test_refinancing_module_compliance.py:107: TypeError
__________________ TestErrorHandling.test_invalid_rate_raises __________________

self = <test_refinancing_module_compliance.TestErrorHandling object at 0x10e1560d0>

    def test_invalid_rate_raises(self) -> None:
        """Test invalid interest rate raises exception."""
        with pytest.raises(ValueError):
>           RefinancingConfig(new_rate=-5.0)
E           TypeError: RefinancingConfig.__init__() got an unexpected keyword argument 'new_rate'

tests/lint/test_refinancing_module_compliance.py:112: TypeError
_________________ TestErrorHandling.test_invalid_tenor_raises __________________

self = <test_refinancing_module_compliance.TestErrorHandling object at 0x10e1604d0>

    def test_invalid_tenor_raises(self) -> None:
        """Test invalid tenor raises exception."""
        with pytest.raises(ValueError):
>           RefinancingConfig(new_tenor=-1)
E           TypeError: RefinancingConfig.__init__() got an unexpected keyword argument 'new_tenor'

tests/lint/test_refinancing_module_compliance.py:117: TypeError
_________________________ TestEdgeCases.test_year_zero _________________________

self = <test_refinancing_module_compliance.TestEdgeCases object at 0x10e160e90>

    def test_year_zero(self) -> None:
        """Test year 0 handled correctly."""
        config = RefinancingConfig()
        trigger = RefinancingTrigger(config)
>       should_refi, conditions = trigger.should_refinance(
                                  ^^^^^^^^^^^^^^^^^^^^^^^^
            year=0,
            current_rate=8.0,
            dscr=1.5,
            debt_balance=100_000_000,
        )
E       AttributeError: 'RefinancingTrigger' object has no attribute 'should_refinance'

tests/lint/test_refinancing_module_compliance.py:127: AttributeError
_______________________ TestEdgeCases.test_minimum_dscr ________________________

self = <test_refinancing_module_compliance.TestEdgeCases object at 0x10e161210>

    def test_minimum_dscr(self) -> None:
        """Test minimum DSCR value."""
>       config = RefinancingConfig(dscr_threshold=1.0)
                 ^^^^^^^^^^^^^^^^^^^^^^^^^^^^^^^^^^^^^
E       TypeError: RefinancingConfig.__init__() got an unexpected keyword argument 'dscr_threshold'

tests/lint/test_refinancing_module_compliance.py:137: TypeError
_____________________ TestEdgeCases.test_zero_debt_balance _____________________

self = <test_refinancing_module_compliance.TestEdgeCases object at 0x10e161590>

    def test_zero_debt_balance(self) -> None:
        """Test zero debt balance edge case."""
        config = RefinancingConfig()
        trigger = RefinancingTrigger(config)
        # Should handle gracefully - likely no refinancing
>       should_refi, conditions = trigger.should_refinance(
                                  ^^^^^^^^^^^^^^^^^^^^^^^^
            year=10,
            current_rate=8.0,
            dscr=1.5,
            debt_balance=0.001,
        )
E       AttributeError: 'RefinancingTrigger' object has no attribute 'should_refinance'

tests/lint/test_refinancing_module_compliance.py:152: AttributeError
_________ TestTypeHints.test_refinancing_calculator_methods_type_hints _________

self = <test_refinancing_v14_compliance.TestTypeHints object at 0x10e163590>

    def test_refinancing_calculator_methods_type_hints(self) -> None:
        """Test RefinancingCalculator methods have type hints."""
        calc_methods = inspect.getmembers(
            RefinancingCalculator, predicate=inspect.ismethod
        )
        # Should have type hints in method signatures
>       assert len(calc_methods) > 0
E       assert 0 > 0
E        +  where 0 = len([])

tests/lint/test_refinancing_v14_compliance.py:41: AssertionError
_______________ TestConfigDriven.test_debt_schedule_uses_config ________________

self = <test_refinancing_v14_compliance.TestConfigDriven object at 0x10e16cc50>

    def test_debt_schedule_uses_config(self) -> None:
        """Test debt schedule recalculation uses config values."""
        config = RefinancingConfig(
            new_interest_rate=0.048,
            new_tenor=16,
            upfront_cost_pct=0.015,
        )
        calc = RefinancingCalculator(config)
    
>       result = calc.recalculate_schedule(
            current_balance=100.0,
            current_year=8,
            remaining_years=17,
        )
E       TypeError: RefinancingCalculator.recalculate_schedule() missing 1 required positional argument: 'current_interest_rate'

tests/lint/test_refinancing_v14_compliance.py:150: TypeError
_______________________ test_cli_v14_pipeline_invocation _______________________

    def test_cli_v14_pipeline_invocation():
        assert SCRIPT.exists(), f"Pipeline script not found: {SCRIPT}"
        assert LENDERCASE_CONFIG.exists(), f"Missing lendercase config: {LENDERCASE_CONFIG}"
    
>       result = subprocess.run(
            [
                sys.executable,
                str(SCRIPT),
                f"config={LENDERCASE_CONFIG}",
            ],
            capture_output=True,
            text=True,
            check=True,
        )

tests/test_cli_v14_smoke.py:18: 
_ _ _ _ _ _ _ _ _ _ _ _ _ _ _ _ _ _ _ _ _ _ _ _ _ _ _ _ _ _ _ _ _ _ _ _ _ _ _ _ 

input = None, capture_output = True, timeout = None, check = True
popenargs = (['/Users/aruna/Desktop/DutchBay_EPC_Extracted/DutchBay_EPC_Model/.venv311/bin/python3.11', '/Users/aruna/Desktop/Dutc...', 'config=/Users/aruna/Desktop/DutchBay_EPC_Extracted/DutchBay_EPC_Model/scenarios/dutchbay_lendercase_2025Q4.yaml'],)
kwargs = {'stderr': -1, 'stdout': -1, 'text': True}
process = <Popen: returncode: 1 args: ['/Users/aruna/Desktop/DutchBay_EPC_Extracted/Du...>
stdout = "[2025-12-20 03:49:07,333][analytics.pipeline_v14][INFO] - Pipeline starting: config_path=/Users/aruna/Desktop/DutchBa...14][ERROR] - Annual rows validation failed: annual_rows missing required keys: {'cf_pre_debt', 'debt_service_total'}\n"
stderr = "Error executing job with overrides: ['config=/Users/aruna/Desktop/DutchBay_EPC_Extracted/DutchBay_EPC_Model/scenarios...{'cf_pre_debt', 'debt_service_total'}\n\nSet the environment variable HYDRA_FULL_ERROR=1 for a complete stack trace.\n"
retcode = 1

    def run(*popenargs,
            input=None, capture_output=False, timeout=None, check=False, **kwargs):
        """Run command with arguments and return a CompletedProcess instance.
    
        The returned instance will have attributes args, returncode, stdout and
        stderr. By default, stdout and stderr are not captured, and those attributes
        will be None. Pass stdout=PIPE and/or stderr=PIPE in order to capture them,
        or pass capture_output=True to capture both.
    
        If check is True and the exit code was non-zero, it raises a
        CalledProcessError. The CalledProcessError object will have the return code
        in the returncode attribute, and output & stderr attributes if those streams
        were captured.
    
        If timeout is given, and the process takes too long, a TimeoutExpired
        exception will be raised.
    
        There is an optional argument "input", allowing you to
        pass bytes or a string to the subprocess's stdin.  If you use this argument
        you may not also use the Popen constructor's "stdin" argument, as
        it will be used internally.
    
        By default, all communication is in bytes, and therefore any "input" should
        be bytes, and the stdout and stderr will be bytes. If in text mode, any
        "input" should be a string, and stdout and stderr will be strings decoded
        according to locale encoding, or by "encoding" if set. Text mode is
        triggered by setting any of text, encoding, errors or universal_newlines.
    
        The other arguments are the same as for the Popen constructor.
        """
        if input is not None:
            if kwargs.get('stdin') is not None:
                raise ValueError('stdin and input arguments may not both be used.')
            kwargs['stdin'] = PIPE
    
        if capture_output:
            if kwargs.get('stdout') is not None or kwargs.get('stderr') is not None:
                raise ValueError('stdout and stderr arguments may not be used '
                                 'with capture_output.')
            kwargs['stdout'] = PIPE
            kwargs['stderr'] = PIPE
    
        with Popen(*popenargs, **kwargs) as process:
            try:
                stdout, stderr = process.communicate(input, timeout=timeout)
            except TimeoutExpired as exc:
                process.kill()
                if _mswindows:
                    # Windows accumulates the output in a single blocking
                    # read() call run on child threads, with the timeout
                    # being done in a join() on those threads.  communicate()
                    # _after_ kill() is required to collect that and add it
                    # to the exception.
                    exc.stdout, exc.stderr = process.communicate()
                else:
                    # POSIX _communicate already populated the output so
                    # far into the TimeoutExpired exception.
                    process.wait()
                raise
            except:  # Including KeyboardInterrupt, communicate handled that.
                process.kill()
                # We don't call process.wait() as .__exit__ does that for us.
                raise
            retcode = process.poll()
            if check and retcode:
>               raise CalledProcessError(retcode, process.args,
                                         output=stdout, stderr=stderr)
E               subprocess.CalledProcessError: Command '['/Users/aruna/Desktop/DutchBay_EPC_Extracted/DutchBay_EPC_Model/.venv311/bin/python3.11', '/Users/aruna/Desktop/DutchBay_EPC_Extracted/DutchBay_EPC_Model/run_full_pipeline_v14.py', 'config=/Users/aruna/Desktop/DutchBay_EPC_Extracted/DutchBay_EPC_Model/scenarios/dutchbay_lendercase_2025Q4.yaml']' returned non-zero exit status 1.

/opt/homebrew/Cellar/python@3.11/3.11.14_1/Frameworks/Python.framework/Versions/3.11/lib/python3.11/subprocess.py:571: CalledProcessError
___ TestFXPipelineIntegrationWithConfig.test_pipeline_with_minimal_fx_config ___

self = <test_fx_pipeline_integration.TestFXPipelineIntegrationWithConfig object at 0x10e1bf150>

    def test_pipeline_with_minimal_fx_config(self) -> None:
        """Pipeline populates FX fields when minimal FX config present."""
        # Minimal inline config with FX section
        config = {
            "scenario_name": "test_with_minimal_fx",
            "Project": {
                "name": "TestProject",
                "capex_usd": 100_000_000,
                "opex_usd_yr": 5_000_000,
                "project_life_years": 15,
                "construction_years": 2,
            },
            "Financing_Terms": {
                "total_debt_usd": 70_000_000,
                "debt_tenor_years": 10,
                "rates": {
                    "usd_commercial_min": 0.08,
                },
            },
            "FX": {
                "strategy": "blended",
                "fx_match_ratio": 50,
                "hedging_coverage_pct": 25,
                "curve": {
                    "lkr_usd": [300, 302, 305, 310, 315, 320, 325, 330, 335, 340]
                    + [345, 350, 355, 360, 365],  # 15 years
                },
            },
        }
    
>       result = run_v14_pipeline(config=config, validation_mode="off")
                 ^^^^^^^^^^^^^^^^^^^^^^^^^^^^^^^^^^^^^^^^^^^^^^^^^^^^^^

tests/test_fx_pipeline_integration.py:55: 
_ _ _ _ _ _ _ _ _ _ _ _ _ _ _ _ _ _ _ _ _ _ _ _ _ _ _ _ _ _ _ _ _ _ _ _ _ _ _ _ 

config = {'FX': {'curve': {'lkr_usd': [300, 302, 305, 310, 315, 320, ...]}, 'fx_match_ratio': 50, 'hedging_coverage_pct': 25, '... 'construction_years': 2, 'name': 'TestProject', 'opex_usd_yr': 5000000, ...}, 'scenario_name': 'test_with_minimal_fx'}
validation_mode = 'off', validation_modules = None, allow_fx_degradation = False

    def run_v14_pipeline(
        config: str | Path | Mapping[str, Any],
        validation_mode: str = "strict",
        validation_modules: list[str] | None = None,
        allow_fx_degradation: bool = False,
    ) -> dict[str, Any]:
        """Run the v14 engine for a single scenario.
    
        Parameters
        ----------
        config
            Either:
            - Path to YAML/JSON scenario file (str or Path), or
            - A pre-loaded config mapping (dict-like).
        validation_mode : {"strict", "off"}, default "strict"
            - "strict": run schema guard before evaluation
            - "off": skip schema guard
        validation_modules : list[str] or None
            Modules to validate. Defaults to ["cashflow", "debt"].
        allow_fx_degradation : bool, default False
            If True, FX integration failures are logged but don't crash pipeline.
            If False, FX errors re-raised (stops pipeline).
    
        Returns
        -------
        dict[str, Any]
            ScenarioResult-like dict with keys (superset of legacy surface):
            - validation_mode
            - config_path
            - config
            - annual_rows
            - debt_result
            - kpis
            - wacc
            - scenario_result
            - debt_profile
            - debt_covenants
            - refinancing_result (if enabled in config)
            - equity_distribution_result (if enabled in config)
        """
        mode = validation_mode.lower()
        if mode not in {"strict", "off"}:
            raise ValueError(
                f"validation_mode must be 'strict' or 'off', got: {validation_mode!r}"
            )
    
        # ------------------------------------------------------------------
        # 1. Resolve config + label
        # ------------------------------------------------------------------
        if isinstance(config, (str, Path)):
            config_path_label = str(config)
            cfg = load_scenario_config(str(config))
        elif isinstance(config, Mapping):
            config_path_label = "<inline_config>"
            # Shallow copy to decouple from callers
            cfg = dict(config)
        else:
            raise TypeError(
                "config must be a path (str/Path) or a mapping, "
                f"got {type(config).__name__}"
            )
    
        logger.info("Pipeline starting: config_path=%s", config_path_label)
    
        # ------------------------------------------------------------------
        # 2. Pre-flight validation
        # ------------------------------------------------------------------
        if mode == "strict":
            modules = validation_modules or ["cashflow", "debt"]
            validate_config_for_v14(
                raw_config=cfg,
                config_path=config_path_label,
                modules=modules,
            )
            logger.info("Schema validation passed for modules: %s", ", ".join(modules))
        else:
            modules = validation_modules or []
            logger.info("Schema validation skipped (validation_mode=off)")
    
        # ------------------------------------------------------------------
        # 3. Canonical v14 finance engine
        # ------------------------------------------------------------------
    
        # 3a. Cashflow – build annual rows from the v14 cashflow engine.
        logger.info("Step 1/4: Building annual cashflow rows...")
>       annual_rows = build_annual_rows(cfg)
                      ^^^^^^^^^^^^^^^^^^^^^^

analytics/pipeline_v14.py:421: 
_ _ _ _ _ _ _ _ _ _ _ _ _ _ _ _ _ _ _ _ _ _ _ _ _ _ _ _ _ _ _ _ _ _ _ _ _ _ _ _ 

config = {'FX': {'curve': {'lkr_usd': [300, 302, 305, 310, 315, 320, ...]}, 'fx_match_ratio': 50, 'hedging_coverage_pct': 25, '... 'construction_years': 2, 'name': 'TestProject', 'opex_usd_yr': 5000000, ...}, 'scenario_name': 'test_with_minimal_fx'}
fx_curve = None, capex_depreciable_lkr = None, interest_expense_series = None

    def build_annual_rows(
        config: Dict[str, Any],
        fx_curve: Optional[List[float]] = None,
        capex_depreciable_lkr: Optional[float] = None,
        interest_expense_series: Optional[List[float]] = None,
    ) -> List[Dict[str, float]]:
        """
        Return list of per-year breakdown rows including CFADS in LKR and USD.
    
        This is the canonical *row-wise* surface for:
    
        - debt_v14.plan_debt (DSCR / covenants)
        - CashflowResult (via contracts_v14)
        - analytics exports and dashboards.
    
        NOTE: This function now correctly tracks loss carry-forward across years.
        """
    
        (
            params,
            fx_curve_resolved,
            capex_dep_resolved,
            interest_series,
            years,
            tax_profile,
            depreciation_schedule,
>       ) = _prepare_cashflow_context(
            config,
            fx_curve,
            capex_depreciable_lkr,
            interest_expense_series,
        )

finance/cashflow_v14.py:475: 
_ _ _ _ _ _ _ _ _ _ _ _ _ _ _ _ _ _ _ _ _ _ _ _ _ _ _ _ _ _ _ _ _ _ _ _ _ _ _ _ 

config = {'FX': {'curve': {'lkr_usd': [300, 302, 305, 310, 315, 320, ...]}, 'fx_match_ratio': 50, 'hedging_coverage_pct': 25, '... 'construction_years': 2, 'name': 'TestProject', 'opex_usd_yr': 5000000, ...}, 'scenario_name': 'test_with_minimal_fx'}
fx_curve = None, capex_depreciable_lkr = None, interest_expense_series = None

    def _prepare_cashflow_context(
        config: Dict[str, Any],
        fx_curve: Optional[List[float]],
        capex_depreciable_lkr: Optional[float],
        interest_expense_series: Optional[List[float]],
    ) -> Tuple[
        Dict[str, Any],
        List[float],
        Optional[float],
        List[float],
        int,
        TaxProfile,
        DepreciationSchedule,
    ]:
        """
        Shared context builder for build_annual_cfads and build_annual_rows.
    
        Returns
        -------
        (params_dict, fx_curve_resolved, capex_depreciable_resolved,
         interest_series, years, tax_profile, depreciation_schedule)
    
        The TaxProfile and DepreciationSchedule are now built upfront and
        reused for all years, avoiding repeated computation and ensuring
        consistent loss carry-forward tracking.
        """
        # Validate parameters before expensive calculations
>       validate_parameters(config)

finance/cashflow_v14.py:125: 
_ _ _ _ _ _ _ _ _ _ _ _ _ _ _ _ _ _ _ _ _ _ _ _ _ _ _ _ _ _ _ _ _ _ _ _ _ _ _ _ 

config = {'FX': {'curve': {'lkr_usd': [300, 302, 305, 310, 315, 320, ...]}, 'fx_match_ratio': 50, 'hedging_coverage_pct': 25, '... 'construction_years': 2, 'name': 'TestProject', 'opex_usd_yr': 5000000, ...}, 'scenario_name': 'test_with_minimal_fx'}

    def validate_parameters(config: Dict[str, Any]) -> List[str]:
        """Validate cashflow parameters from configuration.
    
        This is a human-readable guard that complements schema_guard.
    
        Raises ValueError with detailed message if validation fails; returns an
        empty list on success (backward compatible).
    
        Key rules (decimals after normalization):
          - 0.0 <= corporate_tax_rate <= 1.0
          - project_life_years >= 1
          - capacity_mw > 0
          - 0 < capacity_factor <= 1.0
          - tariff_lkr_per_kwh >= 0
          - opex_usd_per_year >= 0
        """
    
        errors: List[str] = []
    
        # Extract and validate tax rate
        tax_rate_raw = _as_float_or_none(
            _resolve_first(
                config,
                ("tax", "corporate_tax_rate_pct"),
                ("tax", "corporate_tax_rate"),
                ("project", "corporate_tax_rate_pct"),
                "corporate_tax_rate_pct",
                "corporate_tax_rate",
            )
        )
    
        if tax_rate_raw is None:
            errors.append("corporate_tax_rate: missing (required field)")
        else:
            tax_rate = _pct_to_decimal(tax_rate_raw)
            if tax_rate is None or not (0.0 <= tax_rate <= 1.0):
                errors.append(
                    "corporate_tax_rate: "
                    f"{tax_rate} out of range "
                    "(must be 0.0-1.0 or 0-100%)"
                )
    
        # Extract and validate project life (silent to avoid double-logging)
        try:
            project_life = _extract_project_life_years(config, log=False)
            if project_life < 1:
                errors.append(f"project_life_years: {project_life} invalid (must be >= 1)")
        except ValueError as e:
            errors.append(f"project_life_years: {e}")
    
        # Validate capacity
        capacity_mw = _as_float_or_none(
            _resolve_first(
                config,
                ("project", "capacity_mw"),
                ("project", "capacity"),
                "capacity_mw",
            )
        )
        if capacity_mw is None or capacity_mw <= 0:
            errors.append(f"capacity_mw: {capacity_mw} invalid (must be > 0)")
    
        # Validate capacity factor
        cf_raw = _as_float_or_none(
            _resolve_first(
                config,
                ("project", "capacity_factor_pct"),
                ("project", "capacity_factor"),
                "capacity_factor_pct",
                "capacity_factor",
            )
        )
        if cf_raw is None:
            errors.append("capacity_factor: missing (required field)")
        else:
            cf = _pct_to_decimal(cf_raw)
            if cf is None or not (0.0 < cf <= 1.0):
                errors.append(
                    f"capacity_factor: {cf} out of range (must be 0.0-1.0 or 0-100%)"
                )
    
        # Validate tariff (allow zero for edge case testing)
        tariff = _as_float_or_none(
            _resolve_first(
                config,
                ("tariff", "lkr_per_kwh"),
                ("tariff", "tariff_lkr_per_kwh"),
                "tariff_lkr_per_kwh",
                "tariff",
            )
        )
        if tariff is None or tariff < 0:
            errors.append(f"tariff_lkr_per_kwh: {tariff} invalid (must be >= 0)")
    
        # Validate OPEX
        opex = _as_float_or_none(
            _resolve_first(
                config,
                ("opex", "usd_per_year"),
                ("opex", "annual_opex_usd"),
                "opex_usd_per_year",
            )
        )
        if opex is None or opex < 0:
            errors.append(f"opex_usd_per_year: {opex} invalid (must be >= 0)")
    
        # Optional field validations (if present)
    
        # Degradation is validated as a percentage (not decimal)
        degradation_raw = _as_float_or_none(
            _resolve_first(
                config,
                ("project", "degradation_pct"),
                "degradation_pct",
            )
        )
        if degradation_raw is not None:
            if degradation_raw < 0:
                errors.append(
                    f"degradation_pct: {degradation_raw} invalid (must be >= 0, percent)"
                )
            elif degradation_raw > 30:
                errors.append(
                    f"degradation_pct: {degradation_raw}% implausibly high (>30%/year). "
                    "Check units."
                )
    
        grid_loss_raw = _as_float_or_none(
            _resolve_first(
                config,
                ("project", "grid_loss_pct"),
                "grid_loss_pct",
            )
        )
        if grid_loss_raw is not None:
            loss = _pct_to_decimal(grid_loss_raw)
            if loss and not (0.0 <= loss < 1.0):
                errors.append(f"grid_loss_pct: {loss} out of range (must be 0.0-1.0)")
    
        # Risk haircut – mirror _build_cashflow_params resolution so validators
        # and engine see the same surface.
        risk_haircut_raw = _as_float_or_none(
            _resolve_first(
                config,
                ("risk_adjustment", "cfads_haircut_pct"),
                ("risk_adjustment", "risk_haircut_pct"),
                ("risk", "haircut_pct"),
                "risk_haircut_pct",
            )
        )
        if risk_haircut_raw is not None:
            risk = _pct_to_decimal(risk_haircut_raw)
            if risk and not (0.0 <= risk < 1.0):
                errors.append(f"risk_haircut_pct: {risk} out of range (must be 0.0-1.0)")
    
        depreciation_years = as_int(
            _resolve_first(
                config,
                ("tax", "depreciation_years"),
                "depreciation_years",
            )
        )
        if depreciation_years is not None and depreciation_years < 1:
            errors.append(
                f"depreciation_years: {depreciation_years} invalid (must be >= 1)"
            )
    
        # FX must be structured if present
        fx_cfg = config.get("fx")
        if isinstance(fx_cfg, dict):
            start = fx_cfg.get("start_lkr_per_usd")
            curve = fx_cfg.get("curve") or fx_cfg.get("curve_lkr_per_usd")
            if start is None and not isinstance(curve, (list, tuple)):
                errors.append(
                    "fx: invalid configuration; expected 'start_lkr_per_usd' or an explicit 'curve' list"
                )
    
        # Raise comprehensive error if any validation failed
        if errors:
            error_msg = "Configuration validation failed:\n" + "\n".join(
                f"  • {err}" for err in errors
            )
>           raise ValueError(error_msg)
E           ValueError: Configuration validation failed:
E             • corporate_tax_rate: missing (required field)
E             • capacity_mw: None invalid (must be > 0)
E             • capacity_factor: missing (required field)
E             • tariff_lkr_per_kwh: None invalid (must be >= 0)
E             • opex_usd_per_year: None invalid (must be >= 0)

finance/cashflow_v14_params.py:573: ValueError
_ TestFXPipelineIntegrationWithConfig.test_pipeline_with_multicurrency_fx_config _

self = <test_fx_pipeline_integration.TestFXPipelineIntegrationWithConfig object at 0x10e1b6910>

    def test_pipeline_with_multicurrency_fx_config(self) -> None:
        """Pipeline handles multi-currency FX config (CNY + USD)."""
        config = {
            "scenario_name": "test_multicurrency_fx",
            "Project": {
                "name": "MultiCurrencyProject",
                "capex_usd": 100_000_000,
                "opex_usd_yr": 5_000_000,
                "project_life_years": 10,
                "construction_years": 2,
            },
            "Financing_Terms": {
                "total_debt_usd": 70_000_000,
                "debt_tenor_years": 8,
                "rates": {
                    "usd_commercial_min": 0.08,
                },
            },
            "FX": {
                "strategy": "natural_hedge",
                "curve": {
                    "lkr_usd": [300] * 10,  # Flat LKR/USD
                    "lkr_cny": [42, 42.5, 43, 43.5, 44, 44.5, 45, 45.5, 46, 46.5],
                },
            },
        }
    
>       result = run_v14_pipeline(config=config, validation_mode="off")
                 ^^^^^^^^^^^^^^^^^^^^^^^^^^^^^^^^^^^^^^^^^^^^^^^^^^^^^^

tests/test_fx_pipeline_integration.py:114: 
_ _ _ _ _ _ _ _ _ _ _ _ _ _ _ _ _ _ _ _ _ _ _ _ _ _ _ _ _ _ _ _ _ _ _ _ _ _ _ _ 

config = {'FX': {'curve': {'lkr_cny': [42, 42.5, 43, 43.5, 44, 44.5, ...], 'lkr_usd': [300, 300, 300, 300, 300, 300, ...]}, 'st...tion_years': 2, 'name': 'MultiCurrencyProject', 'opex_usd_yr': 5000000, ...}, 'scenario_name': 'test_multicurrency_fx'}
validation_mode = 'off', validation_modules = None, allow_fx_degradation = False

    def run_v14_pipeline(
        config: str | Path | Mapping[str, Any],
        validation_mode: str = "strict",
        validation_modules: list[str] | None = None,
        allow_fx_degradation: bool = False,
    ) -> dict[str, Any]:
        """Run the v14 engine for a single scenario.
    
        Parameters
        ----------
        config
            Either:
            - Path to YAML/JSON scenario file (str or Path), or
            - A pre-loaded config mapping (dict-like).
        validation_mode : {"strict", "off"}, default "strict"
            - "strict": run schema guard before evaluation
            - "off": skip schema guard
        validation_modules : list[str] or None
            Modules to validate. Defaults to ["cashflow", "debt"].
        allow_fx_degradation : bool, default False
            If True, FX integration failures are logged but don't crash pipeline.
            If False, FX errors re-raised (stops pipeline).
    
        Returns
        -------
        dict[str, Any]
            ScenarioResult-like dict with keys (superset of legacy surface):
            - validation_mode
            - config_path
            - config
            - annual_rows
            - debt_result
            - kpis
            - wacc
            - scenario_result
            - debt_profile
            - debt_covenants
            - refinancing_result (if enabled in config)
            - equity_distribution_result (if enabled in config)
        """
        mode = validation_mode.lower()
        if mode not in {"strict", "off"}:
            raise ValueError(
                f"validation_mode must be 'strict' or 'off', got: {validation_mode!r}"
            )
    
        # ------------------------------------------------------------------
        # 1. Resolve config + label
        # ------------------------------------------------------------------
        if isinstance(config, (str, Path)):
            config_path_label = str(config)
            cfg = load_scenario_config(str(config))
        elif isinstance(config, Mapping):
            config_path_label = "<inline_config>"
            # Shallow copy to decouple from callers
            cfg = dict(config)
        else:
            raise TypeError(
                "config must be a path (str/Path) or a mapping, "
                f"got {type(config).__name__}"
            )
    
        logger.info("Pipeline starting: config_path=%s", config_path_label)
    
        # ------------------------------------------------------------------
        # 2. Pre-flight validation
        # ------------------------------------------------------------------
        if mode == "strict":
            modules = validation_modules or ["cashflow", "debt"]
            validate_config_for_v14(
                raw_config=cfg,
                config_path=config_path_label,
                modules=modules,
            )
            logger.info("Schema validation passed for modules: %s", ", ".join(modules))
        else:
            modules = validation_modules or []
            logger.info("Schema validation skipped (validation_mode=off)")
    
        # ------------------------------------------------------------------
        # 3. Canonical v14 finance engine
        # ------------------------------------------------------------------
    
        # 3a. Cashflow – build annual rows from the v14 cashflow engine.
        logger.info("Step 1/4: Building annual cashflow rows...")
>       annual_rows = build_annual_rows(cfg)
                      ^^^^^^^^^^^^^^^^^^^^^^

analytics/pipeline_v14.py:421: 
_ _ _ _ _ _ _ _ _ _ _ _ _ _ _ _ _ _ _ _ _ _ _ _ _ _ _ _ _ _ _ _ _ _ _ _ _ _ _ _ 

config = {'FX': {'curve': {'lkr_cny': [42, 42.5, 43, 43.5, 44, 44.5, ...], 'lkr_usd': [300, 300, 300, 300, 300, 300, ...]}, 'st...tion_years': 2, 'name': 'MultiCurrencyProject', 'opex_usd_yr': 5000000, ...}, 'scenario_name': 'test_multicurrency_fx'}
fx_curve = None, capex_depreciable_lkr = None, interest_expense_series = None

    def build_annual_rows(
        config: Dict[str, Any],
        fx_curve: Optional[List[float]] = None,
        capex_depreciable_lkr: Optional[float] = None,
        interest_expense_series: Optional[List[float]] = None,
    ) -> List[Dict[str, float]]:
        """
        Return list of per-year breakdown rows including CFADS in LKR and USD.
    
        This is the canonical *row-wise* surface for:
    
        - debt_v14.plan_debt (DSCR / covenants)
        - CashflowResult (via contracts_v14)
        - analytics exports and dashboards.
    
        NOTE: This function now correctly tracks loss carry-forward across years.
        """
    
        (
            params,
            fx_curve_resolved,
            capex_dep_resolved,
            interest_series,
            years,
            tax_profile,
            depreciation_schedule,
>       ) = _prepare_cashflow_context(
            config,
            fx_curve,
            capex_depreciable_lkr,
            interest_expense_series,
        )

finance/cashflow_v14.py:475: 
_ _ _ _ _ _ _ _ _ _ _ _ _ _ _ _ _ _ _ _ _ _ _ _ _ _ _ _ _ _ _ _ _ _ _ _ _ _ _ _ 

config = {'FX': {'curve': {'lkr_cny': [42, 42.5, 43, 43.5, 44, 44.5, ...], 'lkr_usd': [300, 300, 300, 300, 300, 300, ...]}, 'st...tion_years': 2, 'name': 'MultiCurrencyProject', 'opex_usd_yr': 5000000, ...}, 'scenario_name': 'test_multicurrency_fx'}
fx_curve = None, capex_depreciable_lkr = None, interest_expense_series = None

    def _prepare_cashflow_context(
        config: Dict[str, Any],
        fx_curve: Optional[List[float]],
        capex_depreciable_lkr: Optional[float],
        interest_expense_series: Optional[List[float]],
    ) -> Tuple[
        Dict[str, Any],
        List[float],
        Optional[float],
        List[float],
        int,
        TaxProfile,
        DepreciationSchedule,
    ]:
        """
        Shared context builder for build_annual_cfads and build_annual_rows.
    
        Returns
        -------
        (params_dict, fx_curve_resolved, capex_depreciable_resolved,
         interest_series, years, tax_profile, depreciation_schedule)
    
        The TaxProfile and DepreciationSchedule are now built upfront and
        reused for all years, avoiding repeated computation and ensuring
        consistent loss carry-forward tracking.
        """
        # Validate parameters before expensive calculations
>       validate_parameters(config)

finance/cashflow_v14.py:125: 
_ _ _ _ _ _ _ _ _ _ _ _ _ _ _ _ _ _ _ _ _ _ _ _ _ _ _ _ _ _ _ _ _ _ _ _ _ _ _ _ 

config = {'FX': {'curve': {'lkr_cny': [42, 42.5, 43, 43.5, 44, 44.5, ...], 'lkr_usd': [300, 300, 300, 300, 300, 300, ...]}, 'st...tion_years': 2, 'name': 'MultiCurrencyProject', 'opex_usd_yr': 5000000, ...}, 'scenario_name': 'test_multicurrency_fx'}

    def validate_parameters(config: Dict[str, Any]) -> List[str]:
        """Validate cashflow parameters from configuration.
    
        This is a human-readable guard that complements schema_guard.
    
        Raises ValueError with detailed message if validation fails; returns an
        empty list on success (backward compatible).
    
        Key rules (decimals after normalization):
          - 0.0 <= corporate_tax_rate <= 1.0
          - project_life_years >= 1
          - capacity_mw > 0
          - 0 < capacity_factor <= 1.0
          - tariff_lkr_per_kwh >= 0
          - opex_usd_per_year >= 0
        """
    
        errors: List[str] = []
    
        # Extract and validate tax rate
        tax_rate_raw = _as_float_or_none(
            _resolve_first(
                config,
                ("tax", "corporate_tax_rate_pct"),
                ("tax", "corporate_tax_rate"),
                ("project", "corporate_tax_rate_pct"),
                "corporate_tax_rate_pct",
                "corporate_tax_rate",
            )
        )
    
        if tax_rate_raw is None:
            errors.append("corporate_tax_rate: missing (required field)")
        else:
            tax_rate = _pct_to_decimal(tax_rate_raw)
            if tax_rate is None or not (0.0 <= tax_rate <= 1.0):
                errors.append(
                    "corporate_tax_rate: "
                    f"{tax_rate} out of range "
                    "(must be 0.0-1.0 or 0-100%)"
                )
    
        # Extract and validate project life (silent to avoid double-logging)
        try:
            project_life = _extract_project_life_years(config, log=False)
            if project_life < 1:
                errors.append(f"project_life_years: {project_life} invalid (must be >= 1)")
        except ValueError as e:
            errors.append(f"project_life_years: {e}")
    
        # Validate capacity
        capacity_mw = _as_float_or_none(
            _resolve_first(
                config,
                ("project", "capacity_mw"),
                ("project", "capacity"),
                "capacity_mw",
            )
        )
        if capacity_mw is None or capacity_mw <= 0:
            errors.append(f"capacity_mw: {capacity_mw} invalid (must be > 0)")
    
        # Validate capacity factor
        cf_raw = _as_float_or_none(
            _resolve_first(
                config,
                ("project", "capacity_factor_pct"),
                ("project", "capacity_factor"),
                "capacity_factor_pct",
                "capacity_factor",
            )
        )
        if cf_raw is None:
            errors.append("capacity_factor: missing (required field)")
        else:
            cf = _pct_to_decimal(cf_raw)
            if cf is None or not (0.0 < cf <= 1.0):
                errors.append(
                    f"capacity_factor: {cf} out of range (must be 0.0-1.0 or 0-100%)"
                )
    
        # Validate tariff (allow zero for edge case testing)
        tariff = _as_float_or_none(
            _resolve_first(
                config,
                ("tariff", "lkr_per_kwh"),
                ("tariff", "tariff_lkr_per_kwh"),
                "tariff_lkr_per_kwh",
                "tariff",
            )
        )
        if tariff is None or tariff < 0:
            errors.append(f"tariff_lkr_per_kwh: {tariff} invalid (must be >= 0)")
    
        # Validate OPEX
        opex = _as_float_or_none(
            _resolve_first(
                config,
                ("opex", "usd_per_year"),
                ("opex", "annual_opex_usd"),
                "opex_usd_per_year",
            )
        )
        if opex is None or opex < 0:
            errors.append(f"opex_usd_per_year: {opex} invalid (must be >= 0)")
    
        # Optional field validations (if present)
    
        # Degradation is validated as a percentage (not decimal)
        degradation_raw = _as_float_or_none(
            _resolve_first(
                config,
                ("project", "degradation_pct"),
                "degradation_pct",
            )
        )
        if degradation_raw is not None:
            if degradation_raw < 0:
                errors.append(
                    f"degradation_pct: {degradation_raw} invalid (must be >= 0, percent)"
                )
            elif degradation_raw > 30:
                errors.append(
                    f"degradation_pct: {degradation_raw}% implausibly high (>30%/year). "
                    "Check units."
                )
    
        grid_loss_raw = _as_float_or_none(
            _resolve_first(
                config,
                ("project", "grid_loss_pct"),
                "grid_loss_pct",
            )
        )
        if grid_loss_raw is not None:
            loss = _pct_to_decimal(grid_loss_raw)
            if loss and not (0.0 <= loss < 1.0):
                errors.append(f"grid_loss_pct: {loss} out of range (must be 0.0-1.0)")
    
        # Risk haircut – mirror _build_cashflow_params resolution so validators
        # and engine see the same surface.
        risk_haircut_raw = _as_float_or_none(
            _resolve_first(
                config,
                ("risk_adjustment", "cfads_haircut_pct"),
                ("risk_adjustment", "risk_haircut_pct"),
                ("risk", "haircut_pct"),
                "risk_haircut_pct",
            )
        )
        if risk_haircut_raw is not None:
            risk = _pct_to_decimal(risk_haircut_raw)
            if risk and not (0.0 <= risk < 1.0):
                errors.append(f"risk_haircut_pct: {risk} out of range (must be 0.0-1.0)")
    
        depreciation_years = as_int(
            _resolve_first(
                config,
                ("tax", "depreciation_years"),
                "depreciation_years",
            )
        )
        if depreciation_years is not None and depreciation_years < 1:
            errors.append(
                f"depreciation_years: {depreciation_years} invalid (must be >= 1)"
            )
    
        # FX must be structured if present
        fx_cfg = config.get("fx")
        if isinstance(fx_cfg, dict):
            start = fx_cfg.get("start_lkr_per_usd")
            curve = fx_cfg.get("curve") or fx_cfg.get("curve_lkr_per_usd")
            if start is None and not isinstance(curve, (list, tuple)):
                errors.append(
                    "fx: invalid configuration; expected 'start_lkr_per_usd' or an explicit 'curve' list"
                )
    
        # Raise comprehensive error if any validation failed
        if errors:
            error_msg = "Configuration validation failed:\n" + "\n".join(
                f"  • {err}" for err in errors
            )
>           raise ValueError(error_msg)
E           ValueError: Configuration validation failed:
E             • corporate_tax_rate: missing (required field)
E             • capacity_mw: None invalid (must be > 0)
E             • capacity_factor: missing (required field)
E             • tariff_lkr_per_kwh: None invalid (must be >= 0)
E             • opex_usd_per_year: None invalid (must be >= 0)

finance/cashflow_v14_params.py:573: ValueError
____ TestFXPipelineIntegrationWithConfig.test_pipeline_with_eur_gbp_curves _____

self = <test_fx_pipeline_integration.TestFXPipelineIntegrationWithConfig object at 0x10e1cdbd0>

    def test_pipeline_with_eur_gbp_curves(self) -> None:
        """Pipeline supports EUR and GBP curves alongside USD."""
        config = {
            "scenario_name": "test_eur_gbp_fx",
            "Project": {
                "name": "EURGBPProject",
                "capex_usd": 50_000_000,
                "opex_usd_yr": 2_000_000,
                "project_life_years": 8,
                "construction_years": 1,
            },
            "Financing_Terms": {
                "total_debt_usd": 30_000_000,
                "debt_tenor_years": 7,
                "rates": {
                    "usd_commercial_min": 0.08,
                },
            },
            "FX": {
                "curve": {
                    "lkr_usd": [300] * 8,
                    "lkr_eur": [350] * 8,
                    "lkr_gbp": [380] * 8,
                },
            },
        }
    
>       result = run_v14_pipeline(config=config, validation_mode="off")
                 ^^^^^^^^^^^^^^^^^^^^^^^^^^^^^^^^^^^^^^^^^^^^^^^^^^^^^^

tests/test_fx_pipeline_integration.py:149: 
_ _ _ _ _ _ _ _ _ _ _ _ _ _ _ _ _ _ _ _ _ _ _ _ _ _ _ _ _ _ _ _ _ _ _ _ _ _ _ _ 

config = {'FX': {'curve': {'lkr_eur': [350, 350, 350, 350, 350, 350, ...], 'lkr_gbp': [380, 380, 380, 380, 380, 380, ...], 'lkr...00, 'construction_years': 1, 'name': 'EURGBPProject', 'opex_usd_yr': 2000000, ...}, 'scenario_name': 'test_eur_gbp_fx'}
validation_mode = 'off', validation_modules = None, allow_fx_degradation = False

    def run_v14_pipeline(
        config: str | Path | Mapping[str, Any],
        validation_mode: str = "strict",
        validation_modules: list[str] | None = None,
        allow_fx_degradation: bool = False,
    ) -> dict[str, Any]:
        """Run the v14 engine for a single scenario.
    
        Parameters
        ----------
        config
            Either:
            - Path to YAML/JSON scenario file (str or Path), or
            - A pre-loaded config mapping (dict-like).
        validation_mode : {"strict", "off"}, default "strict"
            - "strict": run schema guard before evaluation
            - "off": skip schema guard
        validation_modules : list[str] or None
            Modules to validate. Defaults to ["cashflow", "debt"].
        allow_fx_degradation : bool, default False
            If True, FX integration failures are logged but don't crash pipeline.
            If False, FX errors re-raised (stops pipeline).
    
        Returns
        -------
        dict[str, Any]
            ScenarioResult-like dict with keys (superset of legacy surface):
            - validation_mode
            - config_path
            - config
            - annual_rows
            - debt_result
            - kpis
            - wacc
            - scenario_result
            - debt_profile
            - debt_covenants
            - refinancing_result (if enabled in config)
            - equity_distribution_result (if enabled in config)
        """
        mode = validation_mode.lower()
        if mode not in {"strict", "off"}:
            raise ValueError(
                f"validation_mode must be 'strict' or 'off', got: {validation_mode!r}"
            )
    
        # ------------------------------------------------------------------
        # 1. Resolve config + label
        # ------------------------------------------------------------------
        if isinstance(config, (str, Path)):
            config_path_label = str(config)
            cfg = load_scenario_config(str(config))
        elif isinstance(config, Mapping):
            config_path_label = "<inline_config>"
            # Shallow copy to decouple from callers
            cfg = dict(config)
        else:
            raise TypeError(
                "config must be a path (str/Path) or a mapping, "
                f"got {type(config).__name__}"
            )
    
        logger.info("Pipeline starting: config_path=%s", config_path_label)
    
        # ------------------------------------------------------------------
        # 2. Pre-flight validation
        # ------------------------------------------------------------------
        if mode == "strict":
            modules = validation_modules or ["cashflow", "debt"]
            validate_config_for_v14(
                raw_config=cfg,
                config_path=config_path_label,
                modules=modules,
            )
            logger.info("Schema validation passed for modules: %s", ", ".join(modules))
        else:
            modules = validation_modules or []
            logger.info("Schema validation skipped (validation_mode=off)")
    
        # ------------------------------------------------------------------
        # 3. Canonical v14 finance engine
        # ------------------------------------------------------------------
    
        # 3a. Cashflow – build annual rows from the v14 cashflow engine.
        logger.info("Step 1/4: Building annual cashflow rows...")
>       annual_rows = build_annual_rows(cfg)
                      ^^^^^^^^^^^^^^^^^^^^^^

analytics/pipeline_v14.py:421: 
_ _ _ _ _ _ _ _ _ _ _ _ _ _ _ _ _ _ _ _ _ _ _ _ _ _ _ _ _ _ _ _ _ _ _ _ _ _ _ _ 

config = {'FX': {'curve': {'lkr_eur': [350, 350, 350, 350, 350, 350, ...], 'lkr_gbp': [380, 380, 380, 380, 380, 380, ...], 'lkr...00, 'construction_years': 1, 'name': 'EURGBPProject', 'opex_usd_yr': 2000000, ...}, 'scenario_name': 'test_eur_gbp_fx'}
fx_curve = None, capex_depreciable_lkr = None, interest_expense_series = None

    def build_annual_rows(
        config: Dict[str, Any],
        fx_curve: Optional[List[float]] = None,
        capex_depreciable_lkr: Optional[float] = None,
        interest_expense_series: Optional[List[float]] = None,
    ) -> List[Dict[str, float]]:
        """
        Return list of per-year breakdown rows including CFADS in LKR and USD.
    
        This is the canonical *row-wise* surface for:
    
        - debt_v14.plan_debt (DSCR / covenants)
        - CashflowResult (via contracts_v14)
        - analytics exports and dashboards.
    
        NOTE: This function now correctly tracks loss carry-forward across years.
        """
    
        (
            params,
            fx_curve_resolved,
            capex_dep_resolved,
            interest_series,
            years,
            tax_profile,
            depreciation_schedule,
>       ) = _prepare_cashflow_context(
            config,
            fx_curve,
            capex_depreciable_lkr,
            interest_expense_series,
        )

finance/cashflow_v14.py:475: 
_ _ _ _ _ _ _ _ _ _ _ _ _ _ _ _ _ _ _ _ _ _ _ _ _ _ _ _ _ _ _ _ _ _ _ _ _ _ _ _ 

config = {'FX': {'curve': {'lkr_eur': [350, 350, 350, 350, 350, 350, ...], 'lkr_gbp': [380, 380, 380, 380, 380, 380, ...], 'lkr...00, 'construction_years': 1, 'name': 'EURGBPProject', 'opex_usd_yr': 2000000, ...}, 'scenario_name': 'test_eur_gbp_fx'}
fx_curve = None, capex_depreciable_lkr = None, interest_expense_series = None

    def _prepare_cashflow_context(
        config: Dict[str, Any],
        fx_curve: Optional[List[float]],
        capex_depreciable_lkr: Optional[float],
        interest_expense_series: Optional[List[float]],
    ) -> Tuple[
        Dict[str, Any],
        List[float],
        Optional[float],
        List[float],
        int,
        TaxProfile,
        DepreciationSchedule,
    ]:
        """
        Shared context builder for build_annual_cfads and build_annual_rows.
    
        Returns
        -------
        (params_dict, fx_curve_resolved, capex_depreciable_resolved,
         interest_series, years, tax_profile, depreciation_schedule)
    
        The TaxProfile and DepreciationSchedule are now built upfront and
        reused for all years, avoiding repeated computation and ensuring
        consistent loss carry-forward tracking.
        """
        # Validate parameters before expensive calculations
>       validate_parameters(config)

finance/cashflow_v14.py:125: 
_ _ _ _ _ _ _ _ _ _ _ _ _ _ _ _ _ _ _ _ _ _ _ _ _ _ _ _ _ _ _ _ _ _ _ _ _ _ _ _ 

config = {'FX': {'curve': {'lkr_eur': [350, 350, 350, 350, 350, 350, ...], 'lkr_gbp': [380, 380, 380, 380, 380, 380, ...], 'lkr...00, 'construction_years': 1, 'name': 'EURGBPProject', 'opex_usd_yr': 2000000, ...}, 'scenario_name': 'test_eur_gbp_fx'}

    def validate_parameters(config: Dict[str, Any]) -> List[str]:
        """Validate cashflow parameters from configuration.
    
        This is a human-readable guard that complements schema_guard.
    
        Raises ValueError with detailed message if validation fails; returns an
        empty list on success (backward compatible).
    
        Key rules (decimals after normalization):
          - 0.0 <= corporate_tax_rate <= 1.0
          - project_life_years >= 1
          - capacity_mw > 0
          - 0 < capacity_factor <= 1.0
          - tariff_lkr_per_kwh >= 0
          - opex_usd_per_year >= 0
        """
    
        errors: List[str] = []
    
        # Extract and validate tax rate
        tax_rate_raw = _as_float_or_none(
            _resolve_first(
                config,
                ("tax", "corporate_tax_rate_pct"),
                ("tax", "corporate_tax_rate"),
                ("project", "corporate_tax_rate_pct"),
                "corporate_tax_rate_pct",
                "corporate_tax_rate",
            )
        )
    
        if tax_rate_raw is None:
            errors.append("corporate_tax_rate: missing (required field)")
        else:
            tax_rate = _pct_to_decimal(tax_rate_raw)
            if tax_rate is None or not (0.0 <= tax_rate <= 1.0):
                errors.append(
                    "corporate_tax_rate: "
                    f"{tax_rate} out of range "
                    "(must be 0.0-1.0 or 0-100%)"
                )
    
        # Extract and validate project life (silent to avoid double-logging)
        try:
            project_life = _extract_project_life_years(config, log=False)
            if project_life < 1:
                errors.append(f"project_life_years: {project_life} invalid (must be >= 1)")
        except ValueError as e:
            errors.append(f"project_life_years: {e}")
    
        # Validate capacity
        capacity_mw = _as_float_or_none(
            _resolve_first(
                config,
                ("project", "capacity_mw"),
                ("project", "capacity"),
                "capacity_mw",
            )
        )
        if capacity_mw is None or capacity_mw <= 0:
            errors.append(f"capacity_mw: {capacity_mw} invalid (must be > 0)")
    
        # Validate capacity factor
        cf_raw = _as_float_or_none(
            _resolve_first(
                config,
                ("project", "capacity_factor_pct"),
                ("project", "capacity_factor"),
                "capacity_factor_pct",
                "capacity_factor",
            )
        )
        if cf_raw is None:
            errors.append("capacity_factor: missing (required field)")
        else:
            cf = _pct_to_decimal(cf_raw)
            if cf is None or not (0.0 < cf <= 1.0):
                errors.append(
                    f"capacity_factor: {cf} out of range (must be 0.0-1.0 or 0-100%)"
                )
    
        # Validate tariff (allow zero for edge case testing)
        tariff = _as_float_or_none(
            _resolve_first(
                config,
                ("tariff", "lkr_per_kwh"),
                ("tariff", "tariff_lkr_per_kwh"),
                "tariff_lkr_per_kwh",
                "tariff",
            )
        )
        if tariff is None or tariff < 0:
            errors.append(f"tariff_lkr_per_kwh: {tariff} invalid (must be >= 0)")
    
        # Validate OPEX
        opex = _as_float_or_none(
            _resolve_first(
                config,
                ("opex", "usd_per_year"),
                ("opex", "annual_opex_usd"),
                "opex_usd_per_year",
            )
        )
        if opex is None or opex < 0:
            errors.append(f"opex_usd_per_year: {opex} invalid (must be >= 0)")
    
        # Optional field validations (if present)
    
        # Degradation is validated as a percentage (not decimal)
        degradation_raw = _as_float_or_none(
            _resolve_first(
                config,
                ("project", "degradation_pct"),
                "degradation_pct",
            )
        )
        if degradation_raw is not None:
            if degradation_raw < 0:
                errors.append(
                    f"degradation_pct: {degradation_raw} invalid (must be >= 0, percent)"
                )
            elif degradation_raw > 30:
                errors.append(
                    f"degradation_pct: {degradation_raw}% implausibly high (>30%/year). "
                    "Check units."
                )
    
        grid_loss_raw = _as_float_or_none(
            _resolve_first(
                config,
                ("project", "grid_loss_pct"),
                "grid_loss_pct",
            )
        )
        if grid_loss_raw is not None:
            loss = _pct_to_decimal(grid_loss_raw)
            if loss and not (0.0 <= loss < 1.0):
                errors.append(f"grid_loss_pct: {loss} out of range (must be 0.0-1.0)")
    
        # Risk haircut – mirror _build_cashflow_params resolution so validators
        # and engine see the same surface.
        risk_haircut_raw = _as_float_or_none(
            _resolve_first(
                config,
                ("risk_adjustment", "cfads_haircut_pct"),
                ("risk_adjustment", "risk_haircut_pct"),
                ("risk", "haircut_pct"),
                "risk_haircut_pct",
            )
        )
        if risk_haircut_raw is not None:
            risk = _pct_to_decimal(risk_haircut_raw)
            if risk and not (0.0 <= risk < 1.0):
                errors.append(f"risk_haircut_pct: {risk} out of range (must be 0.0-1.0)")
    
        depreciation_years = as_int(
            _resolve_first(
                config,
                ("tax", "depreciation_years"),
                "depreciation_years",
            )
        )
        if depreciation_years is not None and depreciation_years < 1:
            errors.append(
                f"depreciation_years: {depreciation_years} invalid (must be >= 1)"
            )
    
        # FX must be structured if present
        fx_cfg = config.get("fx")
        if isinstance(fx_cfg, dict):
            start = fx_cfg.get("start_lkr_per_usd")
            curve = fx_cfg.get("curve") or fx_cfg.get("curve_lkr_per_usd")
            if start is None and not isinstance(curve, (list, tuple)):
                errors.append(
                    "fx: invalid configuration; expected 'start_lkr_per_usd' or an explicit 'curve' list"
                )
    
        # Raise comprehensive error if any validation failed
        if errors:
            error_msg = "Configuration validation failed:\n" + "\n".join(
                f"  • {err}" for err in errors
            )
>           raise ValueError(error_msg)
E           ValueError: Configuration validation failed:
E             • corporate_tax_rate: missing (required field)
E             • capacity_mw: None invalid (must be > 0)
E             • capacity_factor: missing (required field)
E             • tariff_lkr_per_kwh: None invalid (must be >= 0)
E             • opex_usd_per_year: None invalid (must be >= 0)

finance/cashflow_v14_params.py:573: ValueError
____ TestFXPipelineIntegrationWithoutConfig.test_pipeline_without_fx_config ____

self = <test_fx_pipeline_integration.TestFXPipelineIntegrationWithoutConfig object at 0x10e1ce090>

    def test_pipeline_without_fx_config(self) -> None:
        """Pipeline works without FX config; FX fields are None."""
        config = {
            "scenario_name": "test_without_fx",
            "Project": {
                "name": "NoFXProject",
                "capex_usd": 100_000_000,
                "opex_usd_yr": 5_000_000,
                "project_life_years": 10,
                "construction_years": 2,
            },
            "Financing_Terms": {
                "total_debt_usd": 70_000_000,
                "debt_tenor_years": 8,
                "rates": {
                    "usd_commercial_min": 0.08,
                },
            },
            # No FX section
        }
    
>       result = run_v14_pipeline(config=config, validation_mode="off")
                 ^^^^^^^^^^^^^^^^^^^^^^^^^^^^^^^^^^^^^^^^^^^^^^^^^^^^^^

tests/test_fx_pipeline_integration.py:180: 
_ _ _ _ _ _ _ _ _ _ _ _ _ _ _ _ _ _ _ _ _ _ _ _ _ _ _ _ _ _ _ _ _ _ _ _ _ _ _ _ 

config = {'Financing_Terms': {'debt_tenor_years': 8, 'rates': {'usd_commercial_min': 0.08}, 'total_debt_usd': 70000000}, 'Proje...0000, 'construction_years': 2, 'name': 'NoFXProject', 'opex_usd_yr': 5000000, ...}, 'scenario_name': 'test_without_fx'}
validation_mode = 'off', validation_modules = None, allow_fx_degradation = False

    def run_v14_pipeline(
        config: str | Path | Mapping[str, Any],
        validation_mode: str = "strict",
        validation_modules: list[str] | None = None,
        allow_fx_degradation: bool = False,
    ) -> dict[str, Any]:
        """Run the v14 engine for a single scenario.
    
        Parameters
        ----------
        config
            Either:
            - Path to YAML/JSON scenario file (str or Path), or
            - A pre-loaded config mapping (dict-like).
        validation_mode : {"strict", "off"}, default "strict"
            - "strict": run schema guard before evaluation
            - "off": skip schema guard
        validation_modules : list[str] or None
            Modules to validate. Defaults to ["cashflow", "debt"].
        allow_fx_degradation : bool, default False
            If True, FX integration failures are logged but don't crash pipeline.
            If False, FX errors re-raised (stops pipeline).
    
        Returns
        -------
        dict[str, Any]
            ScenarioResult-like dict with keys (superset of legacy surface):
            - validation_mode
            - config_path
            - config
            - annual_rows
            - debt_result
            - kpis
            - wacc
            - scenario_result
            - debt_profile
            - debt_covenants
            - refinancing_result (if enabled in config)
            - equity_distribution_result (if enabled in config)
        """
        mode = validation_mode.lower()
        if mode not in {"strict", "off"}:
            raise ValueError(
                f"validation_mode must be 'strict' or 'off', got: {validation_mode!r}"
            )
    
        # ------------------------------------------------------------------
        # 1. Resolve config + label
        # ------------------------------------------------------------------
        if isinstance(config, (str, Path)):
            config_path_label = str(config)
            cfg = load_scenario_config(str(config))
        elif isinstance(config, Mapping):
            config_path_label = "<inline_config>"
            # Shallow copy to decouple from callers
            cfg = dict(config)
        else:
            raise TypeError(
                "config must be a path (str/Path) or a mapping, "
                f"got {type(config).__name__}"
            )
    
        logger.info("Pipeline starting: config_path=%s", config_path_label)
    
        # ------------------------------------------------------------------
        # 2. Pre-flight validation
        # ------------------------------------------------------------------
        if mode == "strict":
            modules = validation_modules or ["cashflow", "debt"]
            validate_config_for_v14(
                raw_config=cfg,
                config_path=config_path_label,
                modules=modules,
            )
            logger.info("Schema validation passed for modules: %s", ", ".join(modules))
        else:
            modules = validation_modules or []
            logger.info("Schema validation skipped (validation_mode=off)")
    
        # ------------------------------------------------------------------
        # 3. Canonical v14 finance engine
        # ------------------------------------------------------------------
    
        # 3a. Cashflow – build annual rows from the v14 cashflow engine.
        logger.info("Step 1/4: Building annual cashflow rows...")
>       annual_rows = build_annual_rows(cfg)
                      ^^^^^^^^^^^^^^^^^^^^^^

analytics/pipeline_v14.py:421: 
_ _ _ _ _ _ _ _ _ _ _ _ _ _ _ _ _ _ _ _ _ _ _ _ _ _ _ _ _ _ _ _ _ _ _ _ _ _ _ _ 

config = {'Financing_Terms': {'debt_tenor_years': 8, 'rates': {'usd_commercial_min': 0.08}, 'total_debt_usd': 70000000}, 'Proje...0000, 'construction_years': 2, 'name': 'NoFXProject', 'opex_usd_yr': 5000000, ...}, 'scenario_name': 'test_without_fx'}
fx_curve = None, capex_depreciable_lkr = None, interest_expense_series = None

    def build_annual_rows(
        config: Dict[str, Any],
        fx_curve: Optional[List[float]] = None,
        capex_depreciable_lkr: Optional[float] = None,
        interest_expense_series: Optional[List[float]] = None,
    ) -> List[Dict[str, float]]:
        """
        Return list of per-year breakdown rows including CFADS in LKR and USD.
    
        This is the canonical *row-wise* surface for:
    
        - debt_v14.plan_debt (DSCR / covenants)
        - CashflowResult (via contracts_v14)
        - analytics exports and dashboards.
    
        NOTE: This function now correctly tracks loss carry-forward across years.
        """
    
        (
            params,
            fx_curve_resolved,
            capex_dep_resolved,
            interest_series,
            years,
            tax_profile,
            depreciation_schedule,
>       ) = _prepare_cashflow_context(
            config,
            fx_curve,
            capex_depreciable_lkr,
            interest_expense_series,
        )

finance/cashflow_v14.py:475: 
_ _ _ _ _ _ _ _ _ _ _ _ _ _ _ _ _ _ _ _ _ _ _ _ _ _ _ _ _ _ _ _ _ _ _ _ _ _ _ _ 

config = {'Financing_Terms': {'debt_tenor_years': 8, 'rates': {'usd_commercial_min': 0.08}, 'total_debt_usd': 70000000}, 'Proje...0000, 'construction_years': 2, 'name': 'NoFXProject', 'opex_usd_yr': 5000000, ...}, 'scenario_name': 'test_without_fx'}
fx_curve = None, capex_depreciable_lkr = None, interest_expense_series = None

    def _prepare_cashflow_context(
        config: Dict[str, Any],
        fx_curve: Optional[List[float]],
        capex_depreciable_lkr: Optional[float],
        interest_expense_series: Optional[List[float]],
    ) -> Tuple[
        Dict[str, Any],
        List[float],
        Optional[float],
        List[float],
        int,
        TaxProfile,
        DepreciationSchedule,
    ]:
        """
        Shared context builder for build_annual_cfads and build_annual_rows.
    
        Returns
        -------
        (params_dict, fx_curve_resolved, capex_depreciable_resolved,
         interest_series, years, tax_profile, depreciation_schedule)
    
        The TaxProfile and DepreciationSchedule are now built upfront and
        reused for all years, avoiding repeated computation and ensuring
        consistent loss carry-forward tracking.
        """
        # Validate parameters before expensive calculations
>       validate_parameters(config)

finance/cashflow_v14.py:125: 
_ _ _ _ _ _ _ _ _ _ _ _ _ _ _ _ _ _ _ _ _ _ _ _ _ _ _ _ _ _ _ _ _ _ _ _ _ _ _ _ 

config = {'Financing_Terms': {'debt_tenor_years': 8, 'rates': {'usd_commercial_min': 0.08}, 'total_debt_usd': 70000000}, 'Proje...0000, 'construction_years': 2, 'name': 'NoFXProject', 'opex_usd_yr': 5000000, ...}, 'scenario_name': 'test_without_fx'}

    def validate_parameters(config: Dict[str, Any]) -> List[str]:
        """Validate cashflow parameters from configuration.
    
        This is a human-readable guard that complements schema_guard.
    
        Raises ValueError with detailed message if validation fails; returns an
        empty list on success (backward compatible).
    
        Key rules (decimals after normalization):
          - 0.0 <= corporate_tax_rate <= 1.0
          - project_life_years >= 1
          - capacity_mw > 0
          - 0 < capacity_factor <= 1.0
          - tariff_lkr_per_kwh >= 0
          - opex_usd_per_year >= 0
        """
    
        errors: List[str] = []
    
        # Extract and validate tax rate
        tax_rate_raw = _as_float_or_none(
            _resolve_first(
                config,
                ("tax", "corporate_tax_rate_pct"),
                ("tax", "corporate_tax_rate"),
                ("project", "corporate_tax_rate_pct"),
                "corporate_tax_rate_pct",
                "corporate_tax_rate",
            )
        )
    
        if tax_rate_raw is None:
            errors.append("corporate_tax_rate: missing (required field)")
        else:
            tax_rate = _pct_to_decimal(tax_rate_raw)
            if tax_rate is None or not (0.0 <= tax_rate <= 1.0):
                errors.append(
                    "corporate_tax_rate: "
                    f"{tax_rate} out of range "
                    "(must be 0.0-1.0 or 0-100%)"
                )
    
        # Extract and validate project life (silent to avoid double-logging)
        try:
            project_life = _extract_project_life_years(config, log=False)
            if project_life < 1:
                errors.append(f"project_life_years: {project_life} invalid (must be >= 1)")
        except ValueError as e:
            errors.append(f"project_life_years: {e}")
    
        # Validate capacity
        capacity_mw = _as_float_or_none(
            _resolve_first(
                config,
                ("project", "capacity_mw"),
                ("project", "capacity"),
                "capacity_mw",
            )
        )
        if capacity_mw is None or capacity_mw <= 0:
            errors.append(f"capacity_mw: {capacity_mw} invalid (must be > 0)")
    
        # Validate capacity factor
        cf_raw = _as_float_or_none(
            _resolve_first(
                config,
                ("project", "capacity_factor_pct"),
                ("project", "capacity_factor"),
                "capacity_factor_pct",
                "capacity_factor",
            )
        )
        if cf_raw is None:
            errors.append("capacity_factor: missing (required field)")
        else:
            cf = _pct_to_decimal(cf_raw)
            if cf is None or not (0.0 < cf <= 1.0):
                errors.append(
                    f"capacity_factor: {cf} out of range (must be 0.0-1.0 or 0-100%)"
                )
    
        # Validate tariff (allow zero for edge case testing)
        tariff = _as_float_or_none(
            _resolve_first(
                config,
                ("tariff", "lkr_per_kwh"),
                ("tariff", "tariff_lkr_per_kwh"),
                "tariff_lkr_per_kwh",
                "tariff",
            )
        )
        if tariff is None or tariff < 0:
            errors.append(f"tariff_lkr_per_kwh: {tariff} invalid (must be >= 0)")
    
        # Validate OPEX
        opex = _as_float_or_none(
            _resolve_first(
                config,
                ("opex", "usd_per_year"),
                ("opex", "annual_opex_usd"),
                "opex_usd_per_year",
            )
        )
        if opex is None or opex < 0:
            errors.append(f"opex_usd_per_year: {opex} invalid (must be >= 0)")
    
        # Optional field validations (if present)
    
        # Degradation is validated as a percentage (not decimal)
        degradation_raw = _as_float_or_none(
            _resolve_first(
                config,
                ("project", "degradation_pct"),
                "degradation_pct",
            )
        )
        if degradation_raw is not None:
            if degradation_raw < 0:
                errors.append(
                    f"degradation_pct: {degradation_raw} invalid (must be >= 0, percent)"
                )
            elif degradation_raw > 30:
                errors.append(
                    f"degradation_pct: {degradation_raw}% implausibly high (>30%/year). "
                    "Check units."
                )
    
        grid_loss_raw = _as_float_or_none(
            _resolve_first(
                config,
                ("project", "grid_loss_pct"),
                "grid_loss_pct",
            )
        )
        if grid_loss_raw is not None:
            loss = _pct_to_decimal(grid_loss_raw)
            if loss and not (0.0 <= loss < 1.0):
                errors.append(f"grid_loss_pct: {loss} out of range (must be 0.0-1.0)")
    
        # Risk haircut – mirror _build_cashflow_params resolution so validators
        # and engine see the same surface.
        risk_haircut_raw = _as_float_or_none(
            _resolve_first(
                config,
                ("risk_adjustment", "cfads_haircut_pct"),
                ("risk_adjustment", "risk_haircut_pct"),
                ("risk", "haircut_pct"),
                "risk_haircut_pct",
            )
        )
        if risk_haircut_raw is not None:
            risk = _pct_to_decimal(risk_haircut_raw)
            if risk and not (0.0 <= risk < 1.0):
                errors.append(f"risk_haircut_pct: {risk} out of range (must be 0.0-1.0)")
    
        depreciation_years = as_int(
            _resolve_first(
                config,
                ("tax", "depreciation_years"),
                "depreciation_years",
            )
        )
        if depreciation_years is not None and depreciation_years < 1:
            errors.append(
                f"depreciation_years: {depreciation_years} invalid (must be >= 1)"
            )
    
        # FX must be structured if present
        fx_cfg = config.get("fx")
        if isinstance(fx_cfg, dict):
            start = fx_cfg.get("start_lkr_per_usd")
            curve = fx_cfg.get("curve") or fx_cfg.get("curve_lkr_per_usd")
            if start is None and not isinstance(curve, (list, tuple)):
                errors.append(
                    "fx: invalid configuration; expected 'start_lkr_per_usd' or an explicit 'curve' list"
                )
    
        # Raise comprehensive error if any validation failed
        if errors:
            error_msg = "Configuration validation failed:\n" + "\n".join(
                f"  • {err}" for err in errors
            )
>           raise ValueError(error_msg)
E           ValueError: Configuration validation failed:
E             • corporate_tax_rate: missing (required field)
E             • capacity_mw: None invalid (must be > 0)
E             • capacity_factor: missing (required field)
E             • tariff_lkr_per_kwh: None invalid (must be >= 0)
E             • opex_usd_per_year: None invalid (must be >= 0)

finance/cashflow_v14_params.py:573: ValueError
__ TestFXPipelineIntegrationWithoutConfig.test_pipeline_with_empty_fx_section __

self = <test_fx_pipeline_integration.TestFXPipelineIntegrationWithoutConfig object at 0x10e1ce410>

    def test_pipeline_with_empty_fx_section(self) -> None:
        """Pipeline treats empty FX section as no FX (graceful fallback)."""
        config = {
            "scenario_name": "test_empty_fx",
            "Project": {
                "name": "EmptyFXProject",
                "capex_usd": 100_000_000,
                "opex_usd_yr": 5_000_000,
                "project_life_years": 10,
                "construction_years": 2,
            },
            "Financing_Terms": {
                "total_debt_usd": 70_000_000,
                "debt_tenor_years": 8,
                "rates": {
                    "usd_commercial_min": 0.08,
                },
            },
            "FX": {},  # Empty FX section
        }
    
        # Should not crash; will fail silently or populate with defaults
>       result = run_v14_pipeline(config=config, validation_mode="off")
                 ^^^^^^^^^^^^^^^^^^^^^^^^^^^^^^^^^^^^^^^^^^^^^^^^^^^^^^

tests/test_fx_pipeline_integration.py:218: 
_ _ _ _ _ _ _ _ _ _ _ _ _ _ _ _ _ _ _ _ _ _ _ _ _ _ _ _ _ _ _ _ _ _ _ _ _ _ _ _ 

config = {'FX': {}, 'Financing_Terms': {'debt_tenor_years': 8, 'rates': {'usd_commercial_min': 0.08}, 'total_debt_usd': 7000000...000, 'construction_years': 2, 'name': 'EmptyFXProject', 'opex_usd_yr': 5000000, ...}, 'scenario_name': 'test_empty_fx'}
validation_mode = 'off', validation_modules = None, allow_fx_degradation = False

    def run_v14_pipeline(
        config: str | Path | Mapping[str, Any],
        validation_mode: str = "strict",
        validation_modules: list[str] | None = None,
        allow_fx_degradation: bool = False,
    ) -> dict[str, Any]:
        """Run the v14 engine for a single scenario.
    
        Parameters
        ----------
        config
            Either:
            - Path to YAML/JSON scenario file (str or Path), or
            - A pre-loaded config mapping (dict-like).
        validation_mode : {"strict", "off"}, default "strict"
            - "strict": run schema guard before evaluation
            - "off": skip schema guard
        validation_modules : list[str] or None
            Modules to validate. Defaults to ["cashflow", "debt"].
        allow_fx_degradation : bool, default False
            If True, FX integration failures are logged but don't crash pipeline.
            If False, FX errors re-raised (stops pipeline).
    
        Returns
        -------
        dict[str, Any]
            ScenarioResult-like dict with keys (superset of legacy surface):
            - validation_mode
            - config_path
            - config
            - annual_rows
            - debt_result
            - kpis
            - wacc
            - scenario_result
            - debt_profile
            - debt_covenants
            - refinancing_result (if enabled in config)
            - equity_distribution_result (if enabled in config)
        """
        mode = validation_mode.lower()
        if mode not in {"strict", "off"}:
            raise ValueError(
                f"validation_mode must be 'strict' or 'off', got: {validation_mode!r}"
            )
    
        # ------------------------------------------------------------------
        # 1. Resolve config + label
        # ------------------------------------------------------------------
        if isinstance(config, (str, Path)):
            config_path_label = str(config)
            cfg = load_scenario_config(str(config))
        elif isinstance(config, Mapping):
            config_path_label = "<inline_config>"
            # Shallow copy to decouple from callers
            cfg = dict(config)
        else:
            raise TypeError(
                "config must be a path (str/Path) or a mapping, "
                f"got {type(config).__name__}"
            )
    
        logger.info("Pipeline starting: config_path=%s", config_path_label)
    
        # ------------------------------------------------------------------
        # 2. Pre-flight validation
        # ------------------------------------------------------------------
        if mode == "strict":
            modules = validation_modules or ["cashflow", "debt"]
            validate_config_for_v14(
                raw_config=cfg,
                config_path=config_path_label,
                modules=modules,
            )
            logger.info("Schema validation passed for modules: %s", ", ".join(modules))
        else:
            modules = validation_modules or []
            logger.info("Schema validation skipped (validation_mode=off)")
    
        # ------------------------------------------------------------------
        # 3. Canonical v14 finance engine
        # ------------------------------------------------------------------
    
        # 3a. Cashflow – build annual rows from the v14 cashflow engine.
        logger.info("Step 1/4: Building annual cashflow rows...")
>       annual_rows = build_annual_rows(cfg)
                      ^^^^^^^^^^^^^^^^^^^^^^

analytics/pipeline_v14.py:421: 
_ _ _ _ _ _ _ _ _ _ _ _ _ _ _ _ _ _ _ _ _ _ _ _ _ _ _ _ _ _ _ _ _ _ _ _ _ _ _ _ 

config = {'FX': {}, 'Financing_Terms': {'debt_tenor_years': 8, 'rates': {'usd_commercial_min': 0.08}, 'total_debt_usd': 7000000...000, 'construction_years': 2, 'name': 'EmptyFXProject', 'opex_usd_yr': 5000000, ...}, 'scenario_name': 'test_empty_fx'}
fx_curve = None, capex_depreciable_lkr = None, interest_expense_series = None

    def build_annual_rows(
        config: Dict[str, Any],
        fx_curve: Optional[List[float]] = None,
        capex_depreciable_lkr: Optional[float] = None,
        interest_expense_series: Optional[List[float]] = None,
    ) -> List[Dict[str, float]]:
        """
        Return list of per-year breakdown rows including CFADS in LKR and USD.
    
        This is the canonical *row-wise* surface for:
    
        - debt_v14.plan_debt (DSCR / covenants)
        - CashflowResult (via contracts_v14)
        - analytics exports and dashboards.
    
        NOTE: This function now correctly tracks loss carry-forward across years.
        """
    
        (
            params,
            fx_curve_resolved,
            capex_dep_resolved,
            interest_series,
            years,
            tax_profile,
            depreciation_schedule,
>       ) = _prepare_cashflow_context(
            config,
            fx_curve,
            capex_depreciable_lkr,
            interest_expense_series,
        )

finance/cashflow_v14.py:475: 
_ _ _ _ _ _ _ _ _ _ _ _ _ _ _ _ _ _ _ _ _ _ _ _ _ _ _ _ _ _ _ _ _ _ _ _ _ _ _ _ 

config = {'FX': {}, 'Financing_Terms': {'debt_tenor_years': 8, 'rates': {'usd_commercial_min': 0.08}, 'total_debt_usd': 7000000...000, 'construction_years': 2, 'name': 'EmptyFXProject', 'opex_usd_yr': 5000000, ...}, 'scenario_name': 'test_empty_fx'}
fx_curve = None, capex_depreciable_lkr = None, interest_expense_series = None

    def _prepare_cashflow_context(
        config: Dict[str, Any],
        fx_curve: Optional[List[float]],
        capex_depreciable_lkr: Optional[float],
        interest_expense_series: Optional[List[float]],
    ) -> Tuple[
        Dict[str, Any],
        List[float],
        Optional[float],
        List[float],
        int,
        TaxProfile,
        DepreciationSchedule,
    ]:
        """
        Shared context builder for build_annual_cfads and build_annual_rows.
    
        Returns
        -------
        (params_dict, fx_curve_resolved, capex_depreciable_resolved,
         interest_series, years, tax_profile, depreciation_schedule)
    
        The TaxProfile and DepreciationSchedule are now built upfront and
        reused for all years, avoiding repeated computation and ensuring
        consistent loss carry-forward tracking.
        """
        # Validate parameters before expensive calculations
>       validate_parameters(config)

finance/cashflow_v14.py:125: 
_ _ _ _ _ _ _ _ _ _ _ _ _ _ _ _ _ _ _ _ _ _ _ _ _ _ _ _ _ _ _ _ _ _ _ _ _ _ _ _ 

config = {'FX': {}, 'Financing_Terms': {'debt_tenor_years': 8, 'rates': {'usd_commercial_min': 0.08}, 'total_debt_usd': 7000000...000, 'construction_years': 2, 'name': 'EmptyFXProject', 'opex_usd_yr': 5000000, ...}, 'scenario_name': 'test_empty_fx'}

    def validate_parameters(config: Dict[str, Any]) -> List[str]:
        """Validate cashflow parameters from configuration.
    
        This is a human-readable guard that complements schema_guard.
    
        Raises ValueError with detailed message if validation fails; returns an
        empty list on success (backward compatible).
    
        Key rules (decimals after normalization):
          - 0.0 <= corporate_tax_rate <= 1.0
          - project_life_years >= 1
          - capacity_mw > 0
          - 0 < capacity_factor <= 1.0
          - tariff_lkr_per_kwh >= 0
          - opex_usd_per_year >= 0
        """
    
        errors: List[str] = []
    
        # Extract and validate tax rate
        tax_rate_raw = _as_float_or_none(
            _resolve_first(
                config,
                ("tax", "corporate_tax_rate_pct"),
                ("tax", "corporate_tax_rate"),
                ("project", "corporate_tax_rate_pct"),
                "corporate_tax_rate_pct",
                "corporate_tax_rate",
            )
        )
    
        if tax_rate_raw is None:
            errors.append("corporate_tax_rate: missing (required field)")
        else:
            tax_rate = _pct_to_decimal(tax_rate_raw)
            if tax_rate is None or not (0.0 <= tax_rate <= 1.0):
                errors.append(
                    "corporate_tax_rate: "
                    f"{tax_rate} out of range "
                    "(must be 0.0-1.0 or 0-100%)"
                )
    
        # Extract and validate project life (silent to avoid double-logging)
        try:
            project_life = _extract_project_life_years(config, log=False)
            if project_life < 1:
                errors.append(f"project_life_years: {project_life} invalid (must be >= 1)")
        except ValueError as e:
            errors.append(f"project_life_years: {e}")
    
        # Validate capacity
        capacity_mw = _as_float_or_none(
            _resolve_first(
                config,
                ("project", "capacity_mw"),
                ("project", "capacity"),
                "capacity_mw",
            )
        )
        if capacity_mw is None or capacity_mw <= 0:
            errors.append(f"capacity_mw: {capacity_mw} invalid (must be > 0)")
    
        # Validate capacity factor
        cf_raw = _as_float_or_none(
            _resolve_first(
                config,
                ("project", "capacity_factor_pct"),
                ("project", "capacity_factor"),
                "capacity_factor_pct",
                "capacity_factor",
            )
        )
        if cf_raw is None:
            errors.append("capacity_factor: missing (required field)")
        else:
            cf = _pct_to_decimal(cf_raw)
            if cf is None or not (0.0 < cf <= 1.0):
                errors.append(
                    f"capacity_factor: {cf} out of range (must be 0.0-1.0 or 0-100%)"
                )
    
        # Validate tariff (allow zero for edge case testing)
        tariff = _as_float_or_none(
            _resolve_first(
                config,
                ("tariff", "lkr_per_kwh"),
                ("tariff", "tariff_lkr_per_kwh"),
                "tariff_lkr_per_kwh",
                "tariff",
            )
        )
        if tariff is None or tariff < 0:
            errors.append(f"tariff_lkr_per_kwh: {tariff} invalid (must be >= 0)")
    
        # Validate OPEX
        opex = _as_float_or_none(
            _resolve_first(
                config,
                ("opex", "usd_per_year"),
                ("opex", "annual_opex_usd"),
                "opex_usd_per_year",
            )
        )
        if opex is None or opex < 0:
            errors.append(f"opex_usd_per_year: {opex} invalid (must be >= 0)")
    
        # Optional field validations (if present)
    
        # Degradation is validated as a percentage (not decimal)
        degradation_raw = _as_float_or_none(
            _resolve_first(
                config,
                ("project", "degradation_pct"),
                "degradation_pct",
            )
        )
        if degradation_raw is not None:
            if degradation_raw < 0:
                errors.append(
                    f"degradation_pct: {degradation_raw} invalid (must be >= 0, percent)"
                )
            elif degradation_raw > 30:
                errors.append(
                    f"degradation_pct: {degradation_raw}% implausibly high (>30%/year). "
                    "Check units."
                )
    
        grid_loss_raw = _as_float_or_none(
            _resolve_first(
                config,
                ("project", "grid_loss_pct"),
                "grid_loss_pct",
            )
        )
        if grid_loss_raw is not None:
            loss = _pct_to_decimal(grid_loss_raw)
            if loss and not (0.0 <= loss < 1.0):
                errors.append(f"grid_loss_pct: {loss} out of range (must be 0.0-1.0)")
    
        # Risk haircut – mirror _build_cashflow_params resolution so validators
        # and engine see the same surface.
        risk_haircut_raw = _as_float_or_none(
            _resolve_first(
                config,
                ("risk_adjustment", "cfads_haircut_pct"),
                ("risk_adjustment", "risk_haircut_pct"),
                ("risk", "haircut_pct"),
                "risk_haircut_pct",
            )
        )
        if risk_haircut_raw is not None:
            risk = _pct_to_decimal(risk_haircut_raw)
            if risk and not (0.0 <= risk < 1.0):
                errors.append(f"risk_haircut_pct: {risk} out of range (must be 0.0-1.0)")
    
        depreciation_years = as_int(
            _resolve_first(
                config,
                ("tax", "depreciation_years"),
                "depreciation_years",
            )
        )
        if depreciation_years is not None and depreciation_years < 1:
            errors.append(
                f"depreciation_years: {depreciation_years} invalid (must be >= 1)"
            )
    
        # FX must be structured if present
        fx_cfg = config.get("fx")
        if isinstance(fx_cfg, dict):
            start = fx_cfg.get("start_lkr_per_usd")
            curve = fx_cfg.get("curve") or fx_cfg.get("curve_lkr_per_usd")
            if start is None and not isinstance(curve, (list, tuple)):
                errors.append(
                    "fx: invalid configuration; expected 'start_lkr_per_usd' or an explicit 'curve' list"
                )
    
        # Raise comprehensive error if any validation failed
        if errors:
            error_msg = "Configuration validation failed:\n" + "\n".join(
                f"  • {err}" for err in errors
            )
>           raise ValueError(error_msg)
E           ValueError: Configuration validation failed:
E             • corporate_tax_rate: missing (required field)
E             • capacity_mw: None invalid (must be > 0)
E             • capacity_factor: missing (required field)
E             • tariff_lkr_per_kwh: None invalid (must be >= 0)
E             • opex_usd_per_year: None invalid (must be >= 0)

finance/cashflow_v14_params.py:573: ValueError
___ TestFXPipelineIntegrationErrors.test_pipeline_with_curve_length_mismatch ___

self = <test_fx_pipeline_integration.TestFXPipelineIntegrationErrors object at 0x10e1ce950>

    def test_pipeline_with_curve_length_mismatch(self) -> None:
        """Pipeline raises ValueError if curve length != years."""
        config = {
            "scenario_name": "test_curve_mismatch",
            "Project": {
                "name": "CurveMismatchProject",
                "capex_usd": 100_000_000,
                "opex_usd_yr": 5_000_000,
                "project_life_years": 10,
                "construction_years": 2,
            },
            "Financing_Terms": {
                "total_debt_usd": 70_000_000,
                "debt_tenor_years": 8,
                "rates": {
                    "usd_commercial_min": 0.08,
                },
            },
            "FX": {
                "curve": {
                    "lkr_usd": [300, 302, 305],  # Only 3 rates, but 10 years
                },
            },
        }
    
        with pytest.raises(ValueError, match="lkr_usd length"):
>           run_v14_pipeline(config=config, validation_mode="off")

tests/test_fx_pipeline_integration.py:251: 
_ _ _ _ _ _ _ _ _ _ _ _ _ _ _ _ _ _ _ _ _ _ _ _ _ _ _ _ _ _ _ _ _ _ _ _ _ _ _ _ 

config = {'FX': {'curve': {'lkr_usd': [300, 302, 305]}}, 'Financing_Terms': {'debt_tenor_years': 8, 'rates': {'usd_commercial_m...uction_years': 2, 'name': 'CurveMismatchProject', 'opex_usd_yr': 5000000, ...}, 'scenario_name': 'test_curve_mismatch'}
validation_mode = 'off', validation_modules = None, allow_fx_degradation = False

    def run_v14_pipeline(
        config: str | Path | Mapping[str, Any],
        validation_mode: str = "strict",
        validation_modules: list[str] | None = None,
        allow_fx_degradation: bool = False,
    ) -> dict[str, Any]:
        """Run the v14 engine for a single scenario.
    
        Parameters
        ----------
        config
            Either:
            - Path to YAML/JSON scenario file (str or Path), or
            - A pre-loaded config mapping (dict-like).
        validation_mode : {"strict", "off"}, default "strict"
            - "strict": run schema guard before evaluation
            - "off": skip schema guard
        validation_modules : list[str] or None
            Modules to validate. Defaults to ["cashflow", "debt"].
        allow_fx_degradation : bool, default False
            If True, FX integration failures are logged but don't crash pipeline.
            If False, FX errors re-raised (stops pipeline).
    
        Returns
        -------
        dict[str, Any]
            ScenarioResult-like dict with keys (superset of legacy surface):
            - validation_mode
            - config_path
            - config
            - annual_rows
            - debt_result
            - kpis
            - wacc
            - scenario_result
            - debt_profile
            - debt_covenants
            - refinancing_result (if enabled in config)
            - equity_distribution_result (if enabled in config)
        """
        mode = validation_mode.lower()
        if mode not in {"strict", "off"}:
            raise ValueError(
                f"validation_mode must be 'strict' or 'off', got: {validation_mode!r}"
            )
    
        # ------------------------------------------------------------------
        # 1. Resolve config + label
        # ------------------------------------------------------------------
        if isinstance(config, (str, Path)):
            config_path_label = str(config)
            cfg = load_scenario_config(str(config))
        elif isinstance(config, Mapping):
            config_path_label = "<inline_config>"
            # Shallow copy to decouple from callers
            cfg = dict(config)
        else:
            raise TypeError(
                "config must be a path (str/Path) or a mapping, "
                f"got {type(config).__name__}"
            )
    
        logger.info("Pipeline starting: config_path=%s", config_path_label)
    
        # ------------------------------------------------------------------
        # 2. Pre-flight validation
        # ------------------------------------------------------------------
        if mode == "strict":
            modules = validation_modules or ["cashflow", "debt"]
            validate_config_for_v14(
                raw_config=cfg,
                config_path=config_path_label,
                modules=modules,
            )
            logger.info("Schema validation passed for modules: %s", ", ".join(modules))
        else:
            modules = validation_modules or []
            logger.info("Schema validation skipped (validation_mode=off)")
    
        # ------------------------------------------------------------------
        # 3. Canonical v14 finance engine
        # ------------------------------------------------------------------
    
        # 3a. Cashflow – build annual rows from the v14 cashflow engine.
        logger.info("Step 1/4: Building annual cashflow rows...")
>       annual_rows = build_annual_rows(cfg)
                      ^^^^^^^^^^^^^^^^^^^^^^

analytics/pipeline_v14.py:421: 
_ _ _ _ _ _ _ _ _ _ _ _ _ _ _ _ _ _ _ _ _ _ _ _ _ _ _ _ _ _ _ _ _ _ _ _ _ _ _ _ 

config = {'FX': {'curve': {'lkr_usd': [300, 302, 305]}}, 'Financing_Terms': {'debt_tenor_years': 8, 'rates': {'usd_commercial_m...uction_years': 2, 'name': 'CurveMismatchProject', 'opex_usd_yr': 5000000, ...}, 'scenario_name': 'test_curve_mismatch'}
fx_curve = None, capex_depreciable_lkr = None, interest_expense_series = None

    def build_annual_rows(
        config: Dict[str, Any],
        fx_curve: Optional[List[float]] = None,
        capex_depreciable_lkr: Optional[float] = None,
        interest_expense_series: Optional[List[float]] = None,
    ) -> List[Dict[str, float]]:
        """
        Return list of per-year breakdown rows including CFADS in LKR and USD.
    
        This is the canonical *row-wise* surface for:
    
        - debt_v14.plan_debt (DSCR / covenants)
        - CashflowResult (via contracts_v14)
        - analytics exports and dashboards.
    
        NOTE: This function now correctly tracks loss carry-forward across years.
        """
    
        (
            params,
            fx_curve_resolved,
            capex_dep_resolved,
            interest_series,
            years,
            tax_profile,
            depreciation_schedule,
>       ) = _prepare_cashflow_context(
            config,
            fx_curve,
            capex_depreciable_lkr,
            interest_expense_series,
        )

finance/cashflow_v14.py:475: 
_ _ _ _ _ _ _ _ _ _ _ _ _ _ _ _ _ _ _ _ _ _ _ _ _ _ _ _ _ _ _ _ _ _ _ _ _ _ _ _ 

config = {'FX': {'curve': {'lkr_usd': [300, 302, 305]}}, 'Financing_Terms': {'debt_tenor_years': 8, 'rates': {'usd_commercial_m...uction_years': 2, 'name': 'CurveMismatchProject', 'opex_usd_yr': 5000000, ...}, 'scenario_name': 'test_curve_mismatch'}
fx_curve = None, capex_depreciable_lkr = None, interest_expense_series = None

    def _prepare_cashflow_context(
        config: Dict[str, Any],
        fx_curve: Optional[List[float]],
        capex_depreciable_lkr: Optional[float],
        interest_expense_series: Optional[List[float]],
    ) -> Tuple[
        Dict[str, Any],
        List[float],
        Optional[float],
        List[float],
        int,
        TaxProfile,
        DepreciationSchedule,
    ]:
        """
        Shared context builder for build_annual_cfads and build_annual_rows.
    
        Returns
        -------
        (params_dict, fx_curve_resolved, capex_depreciable_resolved,
         interest_series, years, tax_profile, depreciation_schedule)
    
        The TaxProfile and DepreciationSchedule are now built upfront and
        reused for all years, avoiding repeated computation and ensuring
        consistent loss carry-forward tracking.
        """
        # Validate parameters before expensive calculations
>       validate_parameters(config)

finance/cashflow_v14.py:125: 
_ _ _ _ _ _ _ _ _ _ _ _ _ _ _ _ _ _ _ _ _ _ _ _ _ _ _ _ _ _ _ _ _ _ _ _ _ _ _ _ 

config = {'FX': {'curve': {'lkr_usd': [300, 302, 305]}}, 'Financing_Terms': {'debt_tenor_years': 8, 'rates': {'usd_commercial_m...uction_years': 2, 'name': 'CurveMismatchProject', 'opex_usd_yr': 5000000, ...}, 'scenario_name': 'test_curve_mismatch'}

    def validate_parameters(config: Dict[str, Any]) -> List[str]:
        """Validate cashflow parameters from configuration.
    
        This is a human-readable guard that complements schema_guard.
    
        Raises ValueError with detailed message if validation fails; returns an
        empty list on success (backward compatible).
    
        Key rules (decimals after normalization):
          - 0.0 <= corporate_tax_rate <= 1.0
          - project_life_years >= 1
          - capacity_mw > 0
          - 0 < capacity_factor <= 1.0
          - tariff_lkr_per_kwh >= 0
          - opex_usd_per_year >= 0
        """
    
        errors: List[str] = []
    
        # Extract and validate tax rate
        tax_rate_raw = _as_float_or_none(
            _resolve_first(
                config,
                ("tax", "corporate_tax_rate_pct"),
                ("tax", "corporate_tax_rate"),
                ("project", "corporate_tax_rate_pct"),
                "corporate_tax_rate_pct",
                "corporate_tax_rate",
            )
        )
    
        if tax_rate_raw is None:
            errors.append("corporate_tax_rate: missing (required field)")
        else:
            tax_rate = _pct_to_decimal(tax_rate_raw)
            if tax_rate is None or not (0.0 <= tax_rate <= 1.0):
                errors.append(
                    "corporate_tax_rate: "
                    f"{tax_rate} out of range "
                    "(must be 0.0-1.0 or 0-100%)"
                )
    
        # Extract and validate project life (silent to avoid double-logging)
        try:
            project_life = _extract_project_life_years(config, log=False)
            if project_life < 1:
                errors.append(f"project_life_years: {project_life} invalid (must be >= 1)")
        except ValueError as e:
            errors.append(f"project_life_years: {e}")
    
        # Validate capacity
        capacity_mw = _as_float_or_none(
            _resolve_first(
                config,
                ("project", "capacity_mw"),
                ("project", "capacity"),
                "capacity_mw",
            )
        )
        if capacity_mw is None or capacity_mw <= 0:
            errors.append(f"capacity_mw: {capacity_mw} invalid (must be > 0)")
    
        # Validate capacity factor
        cf_raw = _as_float_or_none(
            _resolve_first(
                config,
                ("project", "capacity_factor_pct"),
                ("project", "capacity_factor"),
                "capacity_factor_pct",
                "capacity_factor",
            )
        )
        if cf_raw is None:
            errors.append("capacity_factor: missing (required field)")
        else:
            cf = _pct_to_decimal(cf_raw)
            if cf is None or not (0.0 < cf <= 1.0):
                errors.append(
                    f"capacity_factor: {cf} out of range (must be 0.0-1.0 or 0-100%)"
                )
    
        # Validate tariff (allow zero for edge case testing)
        tariff = _as_float_or_none(
            _resolve_first(
                config,
                ("tariff", "lkr_per_kwh"),
                ("tariff", "tariff_lkr_per_kwh"),
                "tariff_lkr_per_kwh",
                "tariff",
            )
        )
        if tariff is None or tariff < 0:
            errors.append(f"tariff_lkr_per_kwh: {tariff} invalid (must be >= 0)")
    
        # Validate OPEX
        opex = _as_float_or_none(
            _resolve_first(
                config,
                ("opex", "usd_per_year"),
                ("opex", "annual_opex_usd"),
                "opex_usd_per_year",
            )
        )
        if opex is None or opex < 0:
            errors.append(f"opex_usd_per_year: {opex} invalid (must be >= 0)")
    
        # Optional field validations (if present)
    
        # Degradation is validated as a percentage (not decimal)
        degradation_raw = _as_float_or_none(
            _resolve_first(
                config,
                ("project", "degradation_pct"),
                "degradation_pct",
            )
        )
        if degradation_raw is not None:
            if degradation_raw < 0:
                errors.append(
                    f"degradation_pct: {degradation_raw} invalid (must be >= 0, percent)"
                )
            elif degradation_raw > 30:
                errors.append(
                    f"degradation_pct: {degradation_raw}% implausibly high (>30%/year). "
                    "Check units."
                )
    
        grid_loss_raw = _as_float_or_none(
            _resolve_first(
                config,
                ("project", "grid_loss_pct"),
                "grid_loss_pct",
            )
        )
        if grid_loss_raw is not None:
            loss = _pct_to_decimal(grid_loss_raw)
            if loss and not (0.0 <= loss < 1.0):
                errors.append(f"grid_loss_pct: {loss} out of range (must be 0.0-1.0)")
    
        # Risk haircut – mirror _build_cashflow_params resolution so validators
        # and engine see the same surface.
        risk_haircut_raw = _as_float_or_none(
            _resolve_first(
                config,
                ("risk_adjustment", "cfads_haircut_pct"),
                ("risk_adjustment", "risk_haircut_pct"),
                ("risk", "haircut_pct"),
                "risk_haircut_pct",
            )
        )
        if risk_haircut_raw is not None:
            risk = _pct_to_decimal(risk_haircut_raw)
            if risk and not (0.0 <= risk < 1.0):
                errors.append(f"risk_haircut_pct: {risk} out of range (must be 0.0-1.0)")
    
        depreciation_years = as_int(
            _resolve_first(
                config,
                ("tax", "depreciation_years"),
                "depreciation_years",
            )
        )
        if depreciation_years is not None and depreciation_years < 1:
            errors.append(
                f"depreciation_years: {depreciation_years} invalid (must be >= 1)"
            )
    
        # FX must be structured if present
        fx_cfg = config.get("fx")
        if isinstance(fx_cfg, dict):
            start = fx_cfg.get("start_lkr_per_usd")
            curve = fx_cfg.get("curve") or fx_cfg.get("curve_lkr_per_usd")
            if start is None and not isinstance(curve, (list, tuple)):
                errors.append(
                    "fx: invalid configuration; expected 'start_lkr_per_usd' or an explicit 'curve' list"
                )
    
        # Raise comprehensive error if any validation failed
        if errors:
            error_msg = "Configuration validation failed:\n" + "\n".join(
                f"  • {err}" for err in errors
            )
>           raise ValueError(error_msg)
E           ValueError: Configuration validation failed:
E             • corporate_tax_rate: missing (required field)
E             • capacity_mw: None invalid (must be > 0)
E             • capacity_factor: missing (required field)
E             • tariff_lkr_per_kwh: None invalid (must be >= 0)
E             • opex_usd_per_year: None invalid (must be >= 0)

finance/cashflow_v14_params.py:573: ValueError

During handling of the above exception, another exception occurred:

self = <test_fx_pipeline_integration.TestFXPipelineIntegrationErrors object at 0x10e1ce950>

    def test_pipeline_with_curve_length_mismatch(self) -> None:
        """Pipeline raises ValueError if curve length != years."""
        config = {
            "scenario_name": "test_curve_mismatch",
            "Project": {
                "name": "CurveMismatchProject",
                "capex_usd": 100_000_000,
                "opex_usd_yr": 5_000_000,
                "project_life_years": 10,
                "construction_years": 2,
            },
            "Financing_Terms": {
                "total_debt_usd": 70_000_000,
                "debt_tenor_years": 8,
                "rates": {
                    "usd_commercial_min": 0.08,
                },
            },
            "FX": {
                "curve": {
                    "lkr_usd": [300, 302, 305],  # Only 3 rates, but 10 years
                },
            },
        }
    
>       with pytest.raises(ValueError, match="lkr_usd length"):
E       AssertionError: Regex pattern did not match.
E         Expected regex: 'lkr_usd length'
E         Actual message: 'Configuration validation failed:\n  • corporate_tax_rate: missing (required field)\n  • capacity_mw: None invalid (must be > 0)\n  • capacity_factor: missing (required field)\n  • tariff_lkr_per_kwh: None invalid (must be >= 0)\n  • opex_usd_per_year: None invalid (must be >= 0)'

tests/test_fx_pipeline_integration.py:250: AssertionError
_ TestFXPipelineIntegrationErrors.test_pipeline_with_optional_curve_length_mismatch _

self = <test_fx_pipeline_integration.TestFXPipelineIntegrationErrors object at 0x10e1cecd0>

    def test_pipeline_with_optional_curve_length_mismatch(self) -> None:
        """Pipeline raises ValueError if optional curve has wrong length."""
        config = {
            "scenario_name": "test_optional_curve_mismatch",
            "Project": {
                "name": "OptionalCurveMismatchProject",
                "capex_usd": 100_000_000,
                "opex_usd_yr": 5_000_000,
                "project_life_years": 10,
                "construction_years": 2,
            },
            "Financing_Terms": {
                "total_debt_usd": 70_000_000,
                "debt_tenor_years": 8,
                "rates": {
                    "usd_commercial_min": 0.08,
                },
            },
            "FX": {
                "curve": {
                    "lkr_usd": [300] * 10,  # Correct length
                    "lkr_cny": [42, 42.5],  # Wrong length (only 2)
                },
            },
        }
    
        with pytest.raises(ValueError, match="lkr_cny length"):
>           run_v14_pipeline(config=config, validation_mode="off")

tests/test_fx_pipeline_integration.py:280: 
_ _ _ _ _ _ _ _ _ _ _ _ _ _ _ _ _ _ _ _ _ _ _ _ _ _ _ _ _ _ _ _ _ _ _ _ _ _ _ _ 

config = {'FX': {'curve': {'lkr_cny': [42, 42.5], 'lkr_usd': [300, 300, 300, 300, 300, 300, ...]}}, 'Financing_Terms': {'debt_t... 'name': 'OptionalCurveMismatchProject', 'opex_usd_yr': 5000000, ...}, 'scenario_name': 'test_optional_curve_mismatch'}
validation_mode = 'off', validation_modules = None, allow_fx_degradation = False

    def run_v14_pipeline(
        config: str | Path | Mapping[str, Any],
        validation_mode: str = "strict",
        validation_modules: list[str] | None = None,
        allow_fx_degradation: bool = False,
    ) -> dict[str, Any]:
        """Run the v14 engine for a single scenario.
    
        Parameters
        ----------
        config
            Either:
            - Path to YAML/JSON scenario file (str or Path), or
            - A pre-loaded config mapping (dict-like).
        validation_mode : {"strict", "off"}, default "strict"
            - "strict": run schema guard before evaluation
            - "off": skip schema guard
        validation_modules : list[str] or None
            Modules to validate. Defaults to ["cashflow", "debt"].
        allow_fx_degradation : bool, default False
            If True, FX integration failures are logged but don't crash pipeline.
            If False, FX errors re-raised (stops pipeline).
    
        Returns
        -------
        dict[str, Any]
            ScenarioResult-like dict with keys (superset of legacy surface):
            - validation_mode
            - config_path
            - config
            - annual_rows
            - debt_result
            - kpis
            - wacc
            - scenario_result
            - debt_profile
            - debt_covenants
            - refinancing_result (if enabled in config)
            - equity_distribution_result (if enabled in config)
        """
        mode = validation_mode.lower()
        if mode not in {"strict", "off"}:
            raise ValueError(
                f"validation_mode must be 'strict' or 'off', got: {validation_mode!r}"
            )
    
        # ------------------------------------------------------------------
        # 1. Resolve config + label
        # ------------------------------------------------------------------
        if isinstance(config, (str, Path)):
            config_path_label = str(config)
            cfg = load_scenario_config(str(config))
        elif isinstance(config, Mapping):
            config_path_label = "<inline_config>"
            # Shallow copy to decouple from callers
            cfg = dict(config)
        else:
            raise TypeError(
                "config must be a path (str/Path) or a mapping, "
                f"got {type(config).__name__}"
            )
    
        logger.info("Pipeline starting: config_path=%s", config_path_label)
    
        # ------------------------------------------------------------------
        # 2. Pre-flight validation
        # ------------------------------------------------------------------
        if mode == "strict":
            modules = validation_modules or ["cashflow", "debt"]
            validate_config_for_v14(
                raw_config=cfg,
                config_path=config_path_label,
                modules=modules,
            )
            logger.info("Schema validation passed for modules: %s", ", ".join(modules))
        else:
            modules = validation_modules or []
            logger.info("Schema validation skipped (validation_mode=off)")
    
        # ------------------------------------------------------------------
        # 3. Canonical v14 finance engine
        # ------------------------------------------------------------------
    
        # 3a. Cashflow – build annual rows from the v14 cashflow engine.
        logger.info("Step 1/4: Building annual cashflow rows...")
>       annual_rows = build_annual_rows(cfg)
                      ^^^^^^^^^^^^^^^^^^^^^^

analytics/pipeline_v14.py:421: 
_ _ _ _ _ _ _ _ _ _ _ _ _ _ _ _ _ _ _ _ _ _ _ _ _ _ _ _ _ _ _ _ _ _ _ _ _ _ _ _ 

config = {'FX': {'curve': {'lkr_cny': [42, 42.5], 'lkr_usd': [300, 300, 300, 300, 300, 300, ...]}}, 'Financing_Terms': {'debt_t... 'name': 'OptionalCurveMismatchProject', 'opex_usd_yr': 5000000, ...}, 'scenario_name': 'test_optional_curve_mismatch'}
fx_curve = None, capex_depreciable_lkr = None, interest_expense_series = None

    def build_annual_rows(
        config: Dict[str, Any],
        fx_curve: Optional[List[float]] = None,
        capex_depreciable_lkr: Optional[float] = None,
        interest_expense_series: Optional[List[float]] = None,
    ) -> List[Dict[str, float]]:
        """
        Return list of per-year breakdown rows including CFADS in LKR and USD.
    
        This is the canonical *row-wise* surface for:
    
        - debt_v14.plan_debt (DSCR / covenants)
        - CashflowResult (via contracts_v14)
        - analytics exports and dashboards.
    
        NOTE: This function now correctly tracks loss carry-forward across years.
        """
    
        (
            params,
            fx_curve_resolved,
            capex_dep_resolved,
            interest_series,
            years,
            tax_profile,
            depreciation_schedule,
>       ) = _prepare_cashflow_context(
            config,
            fx_curve,
            capex_depreciable_lkr,
            interest_expense_series,
        )

finance/cashflow_v14.py:475: 
_ _ _ _ _ _ _ _ _ _ _ _ _ _ _ _ _ _ _ _ _ _ _ _ _ _ _ _ _ _ _ _ _ _ _ _ _ _ _ _ 

config = {'FX': {'curve': {'lkr_cny': [42, 42.5], 'lkr_usd': [300, 300, 300, 300, 300, 300, ...]}}, 'Financing_Terms': {'debt_t... 'name': 'OptionalCurveMismatchProject', 'opex_usd_yr': 5000000, ...}, 'scenario_name': 'test_optional_curve_mismatch'}
fx_curve = None, capex_depreciable_lkr = None, interest_expense_series = None

    def _prepare_cashflow_context(
        config: Dict[str, Any],
        fx_curve: Optional[List[float]],
        capex_depreciable_lkr: Optional[float],
        interest_expense_series: Optional[List[float]],
    ) -> Tuple[
        Dict[str, Any],
        List[float],
        Optional[float],
        List[float],
        int,
        TaxProfile,
        DepreciationSchedule,
    ]:
        """
        Shared context builder for build_annual_cfads and build_annual_rows.
    
        Returns
        -------
        (params_dict, fx_curve_resolved, capex_depreciable_resolved,
         interest_series, years, tax_profile, depreciation_schedule)
    
        The TaxProfile and DepreciationSchedule are now built upfront and
        reused for all years, avoiding repeated computation and ensuring
        consistent loss carry-forward tracking.
        """
        # Validate parameters before expensive calculations
>       validate_parameters(config)

finance/cashflow_v14.py:125: 
_ _ _ _ _ _ _ _ _ _ _ _ _ _ _ _ _ _ _ _ _ _ _ _ _ _ _ _ _ _ _ _ _ _ _ _ _ _ _ _ 

config = {'FX': {'curve': {'lkr_cny': [42, 42.5], 'lkr_usd': [300, 300, 300, 300, 300, 300, ...]}}, 'Financing_Terms': {'debt_t... 'name': 'OptionalCurveMismatchProject', 'opex_usd_yr': 5000000, ...}, 'scenario_name': 'test_optional_curve_mismatch'}

    def validate_parameters(config: Dict[str, Any]) -> List[str]:
        """Validate cashflow parameters from configuration.
    
        This is a human-readable guard that complements schema_guard.
    
        Raises ValueError with detailed message if validation fails; returns an
        empty list on success (backward compatible).
    
        Key rules (decimals after normalization):
          - 0.0 <= corporate_tax_rate <= 1.0
          - project_life_years >= 1
          - capacity_mw > 0
          - 0 < capacity_factor <= 1.0
          - tariff_lkr_per_kwh >= 0
          - opex_usd_per_year >= 0
        """
    
        errors: List[str] = []
    
        # Extract and validate tax rate
        tax_rate_raw = _as_float_or_none(
            _resolve_first(
                config,
                ("tax", "corporate_tax_rate_pct"),
                ("tax", "corporate_tax_rate"),
                ("project", "corporate_tax_rate_pct"),
                "corporate_tax_rate_pct",
                "corporate_tax_rate",
            )
        )
    
        if tax_rate_raw is None:
            errors.append("corporate_tax_rate: missing (required field)")
        else:
            tax_rate = _pct_to_decimal(tax_rate_raw)
            if tax_rate is None or not (0.0 <= tax_rate <= 1.0):
                errors.append(
                    "corporate_tax_rate: "
                    f"{tax_rate} out of range "
                    "(must be 0.0-1.0 or 0-100%)"
                )
    
        # Extract and validate project life (silent to avoid double-logging)
        try:
            project_life = _extract_project_life_years(config, log=False)
            if project_life < 1:
                errors.append(f"project_life_years: {project_life} invalid (must be >= 1)")
        except ValueError as e:
            errors.append(f"project_life_years: {e}")
    
        # Validate capacity
        capacity_mw = _as_float_or_none(
            _resolve_first(
                config,
                ("project", "capacity_mw"),
                ("project", "capacity"),
                "capacity_mw",
            )
        )
        if capacity_mw is None or capacity_mw <= 0:
            errors.append(f"capacity_mw: {capacity_mw} invalid (must be > 0)")
    
        # Validate capacity factor
        cf_raw = _as_float_or_none(
            _resolve_first(
                config,
                ("project", "capacity_factor_pct"),
                ("project", "capacity_factor"),
                "capacity_factor_pct",
                "capacity_factor",
            )
        )
        if cf_raw is None:
            errors.append("capacity_factor: missing (required field)")
        else:
            cf = _pct_to_decimal(cf_raw)
            if cf is None or not (0.0 < cf <= 1.0):
                errors.append(
                    f"capacity_factor: {cf} out of range (must be 0.0-1.0 or 0-100%)"
                )
    
        # Validate tariff (allow zero for edge case testing)
        tariff = _as_float_or_none(
            _resolve_first(
                config,
                ("tariff", "lkr_per_kwh"),
                ("tariff", "tariff_lkr_per_kwh"),
                "tariff_lkr_per_kwh",
                "tariff",
            )
        )
        if tariff is None or tariff < 0:
            errors.append(f"tariff_lkr_per_kwh: {tariff} invalid (must be >= 0)")
    
        # Validate OPEX
        opex = _as_float_or_none(
            _resolve_first(
                config,
                ("opex", "usd_per_year"),
                ("opex", "annual_opex_usd"),
                "opex_usd_per_year",
            )
        )
        if opex is None or opex < 0:
            errors.append(f"opex_usd_per_year: {opex} invalid (must be >= 0)")
    
        # Optional field validations (if present)
    
        # Degradation is validated as a percentage (not decimal)
        degradation_raw = _as_float_or_none(
            _resolve_first(
                config,
                ("project", "degradation_pct"),
                "degradation_pct",
            )
        )
        if degradation_raw is not None:
            if degradation_raw < 0:
                errors.append(
                    f"degradation_pct: {degradation_raw} invalid (must be >= 0, percent)"
                )
            elif degradation_raw > 30:
                errors.append(
                    f"degradation_pct: {degradation_raw}% implausibly high (>30%/year). "
                    "Check units."
                )
    
        grid_loss_raw = _as_float_or_none(
            _resolve_first(
                config,
                ("project", "grid_loss_pct"),
                "grid_loss_pct",
            )
        )
        if grid_loss_raw is not None:
            loss = _pct_to_decimal(grid_loss_raw)
            if loss and not (0.0 <= loss < 1.0):
                errors.append(f"grid_loss_pct: {loss} out of range (must be 0.0-1.0)")
    
        # Risk haircut – mirror _build_cashflow_params resolution so validators
        # and engine see the same surface.
        risk_haircut_raw = _as_float_or_none(
            _resolve_first(
                config,
                ("risk_adjustment", "cfads_haircut_pct"),
                ("risk_adjustment", "risk_haircut_pct"),
                ("risk", "haircut_pct"),
                "risk_haircut_pct",
            )
        )
        if risk_haircut_raw is not None:
            risk = _pct_to_decimal(risk_haircut_raw)
            if risk and not (0.0 <= risk < 1.0):
                errors.append(f"risk_haircut_pct: {risk} out of range (must be 0.0-1.0)")
    
        depreciation_years = as_int(
            _resolve_first(
                config,
                ("tax", "depreciation_years"),
                "depreciation_years",
            )
        )
        if depreciation_years is not None and depreciation_years < 1:
            errors.append(
                f"depreciation_years: {depreciation_years} invalid (must be >= 1)"
            )
    
        # FX must be structured if present
        fx_cfg = config.get("fx")
        if isinstance(fx_cfg, dict):
            start = fx_cfg.get("start_lkr_per_usd")
            curve = fx_cfg.get("curve") or fx_cfg.get("curve_lkr_per_usd")
            if start is None and not isinstance(curve, (list, tuple)):
                errors.append(
                    "fx: invalid configuration; expected 'start_lkr_per_usd' or an explicit 'curve' list"
                )
    
        # Raise comprehensive error if any validation failed
        if errors:
            error_msg = "Configuration validation failed:\n" + "\n".join(
                f"  • {err}" for err in errors
            )
>           raise ValueError(error_msg)
E           ValueError: Configuration validation failed:
E             • corporate_tax_rate: missing (required field)
E             • capacity_mw: None invalid (must be > 0)
E             • capacity_factor: missing (required field)
E             • tariff_lkr_per_kwh: None invalid (must be >= 0)
E             • opex_usd_per_year: None invalid (must be >= 0)

finance/cashflow_v14_params.py:573: ValueError

During handling of the above exception, another exception occurred:

self = <test_fx_pipeline_integration.TestFXPipelineIntegrationErrors object at 0x10e1cecd0>

    def test_pipeline_with_optional_curve_length_mismatch(self) -> None:
        """Pipeline raises ValueError if optional curve has wrong length."""
        config = {
            "scenario_name": "test_optional_curve_mismatch",
            "Project": {
                "name": "OptionalCurveMismatchProject",
                "capex_usd": 100_000_000,
                "opex_usd_yr": 5_000_000,
                "project_life_years": 10,
                "construction_years": 2,
            },
            "Financing_Terms": {
                "total_debt_usd": 70_000_000,
                "debt_tenor_years": 8,
                "rates": {
                    "usd_commercial_min": 0.08,
                },
            },
            "FX": {
                "curve": {
                    "lkr_usd": [300] * 10,  # Correct length
                    "lkr_cny": [42, 42.5],  # Wrong length (only 2)
                },
            },
        }
    
>       with pytest.raises(ValueError, match="lkr_cny length"):
E       AssertionError: Regex pattern did not match.
E         Expected regex: 'lkr_cny length'
E         Actual message: 'Configuration validation failed:\n  • corporate_tax_rate: missing (required field)\n  • capacity_mw: None invalid (must be > 0)\n  • capacity_factor: missing (required field)\n  • tariff_lkr_per_kwh: None invalid (must be >= 0)\n  • opex_usd_per_year: None invalid (must be >= 0)'

tests/test_fx_pipeline_integration.py:279: AssertionError
_ TestFXPipelineIntegrationErrors.test_pipeline_with_malformed_config_structure _

self = <test_fx_pipeline_integration.TestFXPipelineIntegrationErrors object at 0x10e1cf290>

    def test_pipeline_with_malformed_config_structure(self) -> None:
        """Pipeline handles malformed config gracefully (defaults used)."""
        config = {
            "scenario_name": "test_malformed_config",
            "Project": {
                "name": "MalformedProject",
                "capex_usd": 100_000_000,
                "opex_usd_yr": 5_000_000,
                "project_life_years": 10,
                "construction_years": 2,
            },
            "Financing_Terms": {
                "total_debt_usd": 70_000_000,
                "debt_tenor_years": 8,
                "rates": {
                    "usd_commercial_min": 0.08,
                },
            },
            "FX": {
                "strategy": "invalid_strategy",  # Invalid strategy
                "curve": {
                    "lkr_usd": [300] * 10,
                },
            },
        }
    
        # Should not crash; invalid strategy defaults to 'blended'
>       result = run_v14_pipeline(config=config, validation_mode="off")
                 ^^^^^^^^^^^^^^^^^^^^^^^^^^^^^^^^^^^^^^^^^^^^^^^^^^^^^^

tests/test_fx_pipeline_integration.py:309: 
_ _ _ _ _ _ _ _ _ _ _ _ _ _ _ _ _ _ _ _ _ _ _ _ _ _ _ _ _ _ _ _ _ _ _ _ _ _ _ _ 

config = {'FX': {'curve': {'lkr_usd': [300, 300, 300, 300, 300, 300, ...]}, 'strategy': 'invalid_strategy'}, 'Financing_Terms':...truction_years': 2, 'name': 'MalformedProject', 'opex_usd_yr': 5000000, ...}, 'scenario_name': 'test_malformed_config'}
validation_mode = 'off', validation_modules = None, allow_fx_degradation = False

    def run_v14_pipeline(
        config: str | Path | Mapping[str, Any],
        validation_mode: str = "strict",
        validation_modules: list[str] | None = None,
        allow_fx_degradation: bool = False,
    ) -> dict[str, Any]:
        """Run the v14 engine for a single scenario.
    
        Parameters
        ----------
        config
            Either:
            - Path to YAML/JSON scenario file (str or Path), or
            - A pre-loaded config mapping (dict-like).
        validation_mode : {"strict", "off"}, default "strict"
            - "strict": run schema guard before evaluation
            - "off": skip schema guard
        validation_modules : list[str] or None
            Modules to validate. Defaults to ["cashflow", "debt"].
        allow_fx_degradation : bool, default False
            If True, FX integration failures are logged but don't crash pipeline.
            If False, FX errors re-raised (stops pipeline).
    
        Returns
        -------
        dict[str, Any]
            ScenarioResult-like dict with keys (superset of legacy surface):
            - validation_mode
            - config_path
            - config
            - annual_rows
            - debt_result
            - kpis
            - wacc
            - scenario_result
            - debt_profile
            - debt_covenants
            - refinancing_result (if enabled in config)
            - equity_distribution_result (if enabled in config)
        """
        mode = validation_mode.lower()
        if mode not in {"strict", "off"}:
            raise ValueError(
                f"validation_mode must be 'strict' or 'off', got: {validation_mode!r}"
            )
    
        # ------------------------------------------------------------------
        # 1. Resolve config + label
        # ------------------------------------------------------------------
        if isinstance(config, (str, Path)):
            config_path_label = str(config)
            cfg = load_scenario_config(str(config))
        elif isinstance(config, Mapping):
            config_path_label = "<inline_config>"
            # Shallow copy to decouple from callers
            cfg = dict(config)
        else:
            raise TypeError(
                "config must be a path (str/Path) or a mapping, "
                f"got {type(config).__name__}"
            )
    
        logger.info("Pipeline starting: config_path=%s", config_path_label)
    
        # ------------------------------------------------------------------
        # 2. Pre-flight validation
        # ------------------------------------------------------------------
        if mode == "strict":
            modules = validation_modules or ["cashflow", "debt"]
            validate_config_for_v14(
                raw_config=cfg,
                config_path=config_path_label,
                modules=modules,
            )
            logger.info("Schema validation passed for modules: %s", ", ".join(modules))
        else:
            modules = validation_modules or []
            logger.info("Schema validation skipped (validation_mode=off)")
    
        # ------------------------------------------------------------------
        # 3. Canonical v14 finance engine
        # ------------------------------------------------------------------
    
        # 3a. Cashflow – build annual rows from the v14 cashflow engine.
        logger.info("Step 1/4: Building annual cashflow rows...")
>       annual_rows = build_annual_rows(cfg)
                      ^^^^^^^^^^^^^^^^^^^^^^

analytics/pipeline_v14.py:421: 
_ _ _ _ _ _ _ _ _ _ _ _ _ _ _ _ _ _ _ _ _ _ _ _ _ _ _ _ _ _ _ _ _ _ _ _ _ _ _ _ 

config = {'FX': {'curve': {'lkr_usd': [300, 300, 300, 300, 300, 300, ...]}, 'strategy': 'invalid_strategy'}, 'Financing_Terms':...truction_years': 2, 'name': 'MalformedProject', 'opex_usd_yr': 5000000, ...}, 'scenario_name': 'test_malformed_config'}
fx_curve = None, capex_depreciable_lkr = None, interest_expense_series = None

    def build_annual_rows(
        config: Dict[str, Any],
        fx_curve: Optional[List[float]] = None,
        capex_depreciable_lkr: Optional[float] = None,
        interest_expense_series: Optional[List[float]] = None,
    ) -> List[Dict[str, float]]:
        """
        Return list of per-year breakdown rows including CFADS in LKR and USD.
    
        This is the canonical *row-wise* surface for:
    
        - debt_v14.plan_debt (DSCR / covenants)
        - CashflowResult (via contracts_v14)
        - analytics exports and dashboards.
    
        NOTE: This function now correctly tracks loss carry-forward across years.
        """
    
        (
            params,
            fx_curve_resolved,
            capex_dep_resolved,
            interest_series,
            years,
            tax_profile,
            depreciation_schedule,
>       ) = _prepare_cashflow_context(
            config,
            fx_curve,
            capex_depreciable_lkr,
            interest_expense_series,
        )

finance/cashflow_v14.py:475: 
_ _ _ _ _ _ _ _ _ _ _ _ _ _ _ _ _ _ _ _ _ _ _ _ _ _ _ _ _ _ _ _ _ _ _ _ _ _ _ _ 

config = {'FX': {'curve': {'lkr_usd': [300, 300, 300, 300, 300, 300, ...]}, 'strategy': 'invalid_strategy'}, 'Financing_Terms':...truction_years': 2, 'name': 'MalformedProject', 'opex_usd_yr': 5000000, ...}, 'scenario_name': 'test_malformed_config'}
fx_curve = None, capex_depreciable_lkr = None, interest_expense_series = None

    def _prepare_cashflow_context(
        config: Dict[str, Any],
        fx_curve: Optional[List[float]],
        capex_depreciable_lkr: Optional[float],
        interest_expense_series: Optional[List[float]],
    ) -> Tuple[
        Dict[str, Any],
        List[float],
        Optional[float],
        List[float],
        int,
        TaxProfile,
        DepreciationSchedule,
    ]:
        """
        Shared context builder for build_annual_cfads and build_annual_rows.
    
        Returns
        -------
        (params_dict, fx_curve_resolved, capex_depreciable_resolved,
         interest_series, years, tax_profile, depreciation_schedule)
    
        The TaxProfile and DepreciationSchedule are now built upfront and
        reused for all years, avoiding repeated computation and ensuring
        consistent loss carry-forward tracking.
        """
        # Validate parameters before expensive calculations
>       validate_parameters(config)

finance/cashflow_v14.py:125: 
_ _ _ _ _ _ _ _ _ _ _ _ _ _ _ _ _ _ _ _ _ _ _ _ _ _ _ _ _ _ _ _ _ _ _ _ _ _ _ _ 

config = {'FX': {'curve': {'lkr_usd': [300, 300, 300, 300, 300, 300, ...]}, 'strategy': 'invalid_strategy'}, 'Financing_Terms':...truction_years': 2, 'name': 'MalformedProject', 'opex_usd_yr': 5000000, ...}, 'scenario_name': 'test_malformed_config'}

    def validate_parameters(config: Dict[str, Any]) -> List[str]:
        """Validate cashflow parameters from configuration.
    
        This is a human-readable guard that complements schema_guard.
    
        Raises ValueError with detailed message if validation fails; returns an
        empty list on success (backward compatible).
    
        Key rules (decimals after normalization):
          - 0.0 <= corporate_tax_rate <= 1.0
          - project_life_years >= 1
          - capacity_mw > 0
          - 0 < capacity_factor <= 1.0
          - tariff_lkr_per_kwh >= 0
          - opex_usd_per_year >= 0
        """
    
        errors: List[str] = []
    
        # Extract and validate tax rate
        tax_rate_raw = _as_float_or_none(
            _resolve_first(
                config,
                ("tax", "corporate_tax_rate_pct"),
                ("tax", "corporate_tax_rate"),
                ("project", "corporate_tax_rate_pct"),
                "corporate_tax_rate_pct",
                "corporate_tax_rate",
            )
        )
    
        if tax_rate_raw is None:
            errors.append("corporate_tax_rate: missing (required field)")
        else:
            tax_rate = _pct_to_decimal(tax_rate_raw)
            if tax_rate is None or not (0.0 <= tax_rate <= 1.0):
                errors.append(
                    "corporate_tax_rate: "
                    f"{tax_rate} out of range "
                    "(must be 0.0-1.0 or 0-100%)"
                )
    
        # Extract and validate project life (silent to avoid double-logging)
        try:
            project_life = _extract_project_life_years(config, log=False)
            if project_life < 1:
                errors.append(f"project_life_years: {project_life} invalid (must be >= 1)")
        except ValueError as e:
            errors.append(f"project_life_years: {e}")
    
        # Validate capacity
        capacity_mw = _as_float_or_none(
            _resolve_first(
                config,
                ("project", "capacity_mw"),
                ("project", "capacity"),
                "capacity_mw",
            )
        )
        if capacity_mw is None or capacity_mw <= 0:
            errors.append(f"capacity_mw: {capacity_mw} invalid (must be > 0)")
    
        # Validate capacity factor
        cf_raw = _as_float_or_none(
            _resolve_first(
                config,
                ("project", "capacity_factor_pct"),
                ("project", "capacity_factor"),
                "capacity_factor_pct",
                "capacity_factor",
            )
        )
        if cf_raw is None:
            errors.append("capacity_factor: missing (required field)")
        else:
            cf = _pct_to_decimal(cf_raw)
            if cf is None or not (0.0 < cf <= 1.0):
                errors.append(
                    f"capacity_factor: {cf} out of range (must be 0.0-1.0 or 0-100%)"
                )
    
        # Validate tariff (allow zero for edge case testing)
        tariff = _as_float_or_none(
            _resolve_first(
                config,
                ("tariff", "lkr_per_kwh"),
                ("tariff", "tariff_lkr_per_kwh"),
                "tariff_lkr_per_kwh",
                "tariff",
            )
        )
        if tariff is None or tariff < 0:
            errors.append(f"tariff_lkr_per_kwh: {tariff} invalid (must be >= 0)")
    
        # Validate OPEX
        opex = _as_float_or_none(
            _resolve_first(
                config,
                ("opex", "usd_per_year"),
                ("opex", "annual_opex_usd"),
                "opex_usd_per_year",
            )
        )
        if opex is None or opex < 0:
            errors.append(f"opex_usd_per_year: {opex} invalid (must be >= 0)")
    
        # Optional field validations (if present)
    
        # Degradation is validated as a percentage (not decimal)
        degradation_raw = _as_float_or_none(
            _resolve_first(
                config,
                ("project", "degradation_pct"),
                "degradation_pct",
            )
        )
        if degradation_raw is not None:
            if degradation_raw < 0:
                errors.append(
                    f"degradation_pct: {degradation_raw} invalid (must be >= 0, percent)"
                )
            elif degradation_raw > 30:
                errors.append(
                    f"degradation_pct: {degradation_raw}% implausibly high (>30%/year). "
                    "Check units."
                )
    
        grid_loss_raw = _as_float_or_none(
            _resolve_first(
                config,
                ("project", "grid_loss_pct"),
                "grid_loss_pct",
            )
        )
        if grid_loss_raw is not None:
            loss = _pct_to_decimal(grid_loss_raw)
            if loss and not (0.0 <= loss < 1.0):
                errors.append(f"grid_loss_pct: {loss} out of range (must be 0.0-1.0)")
    
        # Risk haircut – mirror _build_cashflow_params resolution so validators
        # and engine see the same surface.
        risk_haircut_raw = _as_float_or_none(
            _resolve_first(
                config,
                ("risk_adjustment", "cfads_haircut_pct"),
                ("risk_adjustment", "risk_haircut_pct"),
                ("risk", "haircut_pct"),
                "risk_haircut_pct",
            )
        )
        if risk_haircut_raw is not None:
            risk = _pct_to_decimal(risk_haircut_raw)
            if risk and not (0.0 <= risk < 1.0):
                errors.append(f"risk_haircut_pct: {risk} out of range (must be 0.0-1.0)")
    
        depreciation_years = as_int(
            _resolve_first(
                config,
                ("tax", "depreciation_years"),
                "depreciation_years",
            )
        )
        if depreciation_years is not None and depreciation_years < 1:
            errors.append(
                f"depreciation_years: {depreciation_years} invalid (must be >= 1)"
            )
    
        # FX must be structured if present
        fx_cfg = config.get("fx")
        if isinstance(fx_cfg, dict):
            start = fx_cfg.get("start_lkr_per_usd")
            curve = fx_cfg.get("curve") or fx_cfg.get("curve_lkr_per_usd")
            if start is None and not isinstance(curve, (list, tuple)):
                errors.append(
                    "fx: invalid configuration; expected 'start_lkr_per_usd' or an explicit 'curve' list"
                )
    
        # Raise comprehensive error if any validation failed
        if errors:
            error_msg = "Configuration validation failed:\n" + "\n".join(
                f"  • {err}" for err in errors
            )
>           raise ValueError(error_msg)
E           ValueError: Configuration validation failed:
E             • corporate_tax_rate: missing (required field)
E             • capacity_mw: None invalid (must be > 0)
E             • capacity_factor: missing (required field)
E             • tariff_lkr_per_kwh: None invalid (must be >= 0)
E             • opex_usd_per_year: None invalid (must be >= 0)

finance/cashflow_v14_params.py:573: ValueError
_ TestFXPipelineScenarioResultIntegration.test_scenario_result_dict_has_fx_fields _

self = <test_fx_pipeline_integration.TestFXPipelineScenarioResultIntegration object at 0x10e1cfad0>

    def test_scenario_result_dict_has_fx_fields(self) -> None:
        """ScenarioResult.fx_* fields appear in asdict() output."""
        config = {
            "scenario_name": "test_fx_result_dict",
            "Project": {
                "name": "FXResultProject",
                "capex_usd": 100_000_000,
                "opex_usd_yr": 5_000_000,
                "project_life_years": 5,
                "construction_years": 1,
            },
            "Financing_Terms": {
                "total_debt_usd": 70_000_000,
                "debt_tenor_years": 4,
                "rates": {
                    "usd_commercial_min": 0.08,
                },
            },
            "FX": {
                "strategy": "hedged",
                "curve": {
                    "lkr_usd": [300, 302, 305, 310, 315],
                },
            },
        }
    
>       result = run_v14_pipeline(config=config, validation_mode="off")
                 ^^^^^^^^^^^^^^^^^^^^^^^^^^^^^^^^^^^^^^^^^^^^^^^^^^^^^^

tests/test_fx_pipeline_integration.py:343: 
_ _ _ _ _ _ _ _ _ _ _ _ _ _ _ _ _ _ _ _ _ _ _ _ _ _ _ _ _ _ _ _ _ _ _ _ _ _ _ _ 

config = {'FX': {'curve': {'lkr_usd': [300, 302, 305, 310, 315]}, 'strategy': 'hedged'}, 'Financing_Terms': {'debt_tenor_years'...onstruction_years': 1, 'name': 'FXResultProject', 'opex_usd_yr': 5000000, ...}, 'scenario_name': 'test_fx_result_dict'}
validation_mode = 'off', validation_modules = None, allow_fx_degradation = False

    def run_v14_pipeline(
        config: str | Path | Mapping[str, Any],
        validation_mode: str = "strict",
        validation_modules: list[str] | None = None,
        allow_fx_degradation: bool = False,
    ) -> dict[str, Any]:
        """Run the v14 engine for a single scenario.
    
        Parameters
        ----------
        config
            Either:
            - Path to YAML/JSON scenario file (str or Path), or
            - A pre-loaded config mapping (dict-like).
        validation_mode : {"strict", "off"}, default "strict"
            - "strict": run schema guard before evaluation
            - "off": skip schema guard
        validation_modules : list[str] or None
            Modules to validate. Defaults to ["cashflow", "debt"].
        allow_fx_degradation : bool, default False
            If True, FX integration failures are logged but don't crash pipeline.
            If False, FX errors re-raised (stops pipeline).
    
        Returns
        -------
        dict[str, Any]
            ScenarioResult-like dict with keys (superset of legacy surface):
            - validation_mode
            - config_path
            - config
            - annual_rows
            - debt_result
            - kpis
            - wacc
            - scenario_result
            - debt_profile
            - debt_covenants
            - refinancing_result (if enabled in config)
            - equity_distribution_result (if enabled in config)
        """
        mode = validation_mode.lower()
        if mode not in {"strict", "off"}:
            raise ValueError(
                f"validation_mode must be 'strict' or 'off', got: {validation_mode!r}"
            )
    
        # ------------------------------------------------------------------
        # 1. Resolve config + label
        # ------------------------------------------------------------------
        if isinstance(config, (str, Path)):
            config_path_label = str(config)
            cfg = load_scenario_config(str(config))
        elif isinstance(config, Mapping):
            config_path_label = "<inline_config>"
            # Shallow copy to decouple from callers
            cfg = dict(config)
        else:
            raise TypeError(
                "config must be a path (str/Path) or a mapping, "
                f"got {type(config).__name__}"
            )
    
        logger.info("Pipeline starting: config_path=%s", config_path_label)
    
        # ------------------------------------------------------------------
        # 2. Pre-flight validation
        # ------------------------------------------------------------------
        if mode == "strict":
            modules = validation_modules or ["cashflow", "debt"]
            validate_config_for_v14(
                raw_config=cfg,
                config_path=config_path_label,
                modules=modules,
            )
            logger.info("Schema validation passed for modules: %s", ", ".join(modules))
        else:
            modules = validation_modules or []
            logger.info("Schema validation skipped (validation_mode=off)")
    
        # ------------------------------------------------------------------
        # 3. Canonical v14 finance engine
        # ------------------------------------------------------------------
    
        # 3a. Cashflow – build annual rows from the v14 cashflow engine.
        logger.info("Step 1/4: Building annual cashflow rows...")
>       annual_rows = build_annual_rows(cfg)
                      ^^^^^^^^^^^^^^^^^^^^^^

analytics/pipeline_v14.py:421: 
_ _ _ _ _ _ _ _ _ _ _ _ _ _ _ _ _ _ _ _ _ _ _ _ _ _ _ _ _ _ _ _ _ _ _ _ _ _ _ _ 

config = {'FX': {'curve': {'lkr_usd': [300, 302, 305, 310, 315]}, 'strategy': 'hedged'}, 'Financing_Terms': {'debt_tenor_years'...onstruction_years': 1, 'name': 'FXResultProject', 'opex_usd_yr': 5000000, ...}, 'scenario_name': 'test_fx_result_dict'}
fx_curve = None, capex_depreciable_lkr = None, interest_expense_series = None

    def build_annual_rows(
        config: Dict[str, Any],
        fx_curve: Optional[List[float]] = None,
        capex_depreciable_lkr: Optional[float] = None,
        interest_expense_series: Optional[List[float]] = None,
    ) -> List[Dict[str, float]]:
        """
        Return list of per-year breakdown rows including CFADS in LKR and USD.
    
        This is the canonical *row-wise* surface for:
    
        - debt_v14.plan_debt (DSCR / covenants)
        - CashflowResult (via contracts_v14)
        - analytics exports and dashboards.
    
        NOTE: This function now correctly tracks loss carry-forward across years.
        """
    
        (
            params,
            fx_curve_resolved,
            capex_dep_resolved,
            interest_series,
            years,
            tax_profile,
            depreciation_schedule,
>       ) = _prepare_cashflow_context(
            config,
            fx_curve,
            capex_depreciable_lkr,
            interest_expense_series,
        )

finance/cashflow_v14.py:475: 
_ _ _ _ _ _ _ _ _ _ _ _ _ _ _ _ _ _ _ _ _ _ _ _ _ _ _ _ _ _ _ _ _ _ _ _ _ _ _ _ 

config = {'FX': {'curve': {'lkr_usd': [300, 302, 305, 310, 315]}, 'strategy': 'hedged'}, 'Financing_Terms': {'debt_tenor_years'...onstruction_years': 1, 'name': 'FXResultProject', 'opex_usd_yr': 5000000, ...}, 'scenario_name': 'test_fx_result_dict'}
fx_curve = None, capex_depreciable_lkr = None, interest_expense_series = None

    def _prepare_cashflow_context(
        config: Dict[str, Any],
        fx_curve: Optional[List[float]],
        capex_depreciable_lkr: Optional[float],
        interest_expense_series: Optional[List[float]],
    ) -> Tuple[
        Dict[str, Any],
        List[float],
        Optional[float],
        List[float],
        int,
        TaxProfile,
        DepreciationSchedule,
    ]:
        """
        Shared context builder for build_annual_cfads and build_annual_rows.
    
        Returns
        -------
        (params_dict, fx_curve_resolved, capex_depreciable_resolved,
         interest_series, years, tax_profile, depreciation_schedule)
    
        The TaxProfile and DepreciationSchedule are now built upfront and
        reused for all years, avoiding repeated computation and ensuring
        consistent loss carry-forward tracking.
        """
        # Validate parameters before expensive calculations
>       validate_parameters(config)

finance/cashflow_v14.py:125: 
_ _ _ _ _ _ _ _ _ _ _ _ _ _ _ _ _ _ _ _ _ _ _ _ _ _ _ _ _ _ _ _ _ _ _ _ _ _ _ _ 

config = {'FX': {'curve': {'lkr_usd': [300, 302, 305, 310, 315]}, 'strategy': 'hedged'}, 'Financing_Terms': {'debt_tenor_years'...onstruction_years': 1, 'name': 'FXResultProject', 'opex_usd_yr': 5000000, ...}, 'scenario_name': 'test_fx_result_dict'}

    def validate_parameters(config: Dict[str, Any]) -> List[str]:
        """Validate cashflow parameters from configuration.
    
        This is a human-readable guard that complements schema_guard.
    
        Raises ValueError with detailed message if validation fails; returns an
        empty list on success (backward compatible).
    
        Key rules (decimals after normalization):
          - 0.0 <= corporate_tax_rate <= 1.0
          - project_life_years >= 1
          - capacity_mw > 0
          - 0 < capacity_factor <= 1.0
          - tariff_lkr_per_kwh >= 0
          - opex_usd_per_year >= 0
        """
    
        errors: List[str] = []
    
        # Extract and validate tax rate
        tax_rate_raw = _as_float_or_none(
            _resolve_first(
                config,
                ("tax", "corporate_tax_rate_pct"),
                ("tax", "corporate_tax_rate"),
                ("project", "corporate_tax_rate_pct"),
                "corporate_tax_rate_pct",
                "corporate_tax_rate",
            )
        )
    
        if tax_rate_raw is None:
            errors.append("corporate_tax_rate: missing (required field)")
        else:
            tax_rate = _pct_to_decimal(tax_rate_raw)
            if tax_rate is None or not (0.0 <= tax_rate <= 1.0):
                errors.append(
                    "corporate_tax_rate: "
                    f"{tax_rate} out of range "
                    "(must be 0.0-1.0 or 0-100%)"
                )
    
        # Extract and validate project life (silent to avoid double-logging)
        try:
            project_life = _extract_project_life_years(config, log=False)
            if project_life < 1:
                errors.append(f"project_life_years: {project_life} invalid (must be >= 1)")
        except ValueError as e:
            errors.append(f"project_life_years: {e}")
    
        # Validate capacity
        capacity_mw = _as_float_or_none(
            _resolve_first(
                config,
                ("project", "capacity_mw"),
                ("project", "capacity"),
                "capacity_mw",
            )
        )
        if capacity_mw is None or capacity_mw <= 0:
            errors.append(f"capacity_mw: {capacity_mw} invalid (must be > 0)")
    
        # Validate capacity factor
        cf_raw = _as_float_or_none(
            _resolve_first(
                config,
                ("project", "capacity_factor_pct"),
                ("project", "capacity_factor"),
                "capacity_factor_pct",
                "capacity_factor",
            )
        )
        if cf_raw is None:
            errors.append("capacity_factor: missing (required field)")
        else:
            cf = _pct_to_decimal(cf_raw)
            if cf is None or not (0.0 < cf <= 1.0):
                errors.append(
                    f"capacity_factor: {cf} out of range (must be 0.0-1.0 or 0-100%)"
                )
    
        # Validate tariff (allow zero for edge case testing)
        tariff = _as_float_or_none(
            _resolve_first(
                config,
                ("tariff", "lkr_per_kwh"),
                ("tariff", "tariff_lkr_per_kwh"),
                "tariff_lkr_per_kwh",
                "tariff",
            )
        )
        if tariff is None or tariff < 0:
            errors.append(f"tariff_lkr_per_kwh: {tariff} invalid (must be >= 0)")
    
        # Validate OPEX
        opex = _as_float_or_none(
            _resolve_first(
                config,
                ("opex", "usd_per_year"),
                ("opex", "annual_opex_usd"),
                "opex_usd_per_year",
            )
        )
        if opex is None or opex < 0:
            errors.append(f"opex_usd_per_year: {opex} invalid (must be >= 0)")
    
        # Optional field validations (if present)
    
        # Degradation is validated as a percentage (not decimal)
        degradation_raw = _as_float_or_none(
            _resolve_first(
                config,
                ("project", "degradation_pct"),
                "degradation_pct",
            )
        )
        if degradation_raw is not None:
            if degradation_raw < 0:
                errors.append(
                    f"degradation_pct: {degradation_raw} invalid (must be >= 0, percent)"
                )
            elif degradation_raw > 30:
                errors.append(
                    f"degradation_pct: {degradation_raw}% implausibly high (>30%/year). "
                    "Check units."
                )
    
        grid_loss_raw = _as_float_or_none(
            _resolve_first(
                config,
                ("project", "grid_loss_pct"),
                "grid_loss_pct",
            )
        )
        if grid_loss_raw is not None:
            loss = _pct_to_decimal(grid_loss_raw)
            if loss and not (0.0 <= loss < 1.0):
                errors.append(f"grid_loss_pct: {loss} out of range (must be 0.0-1.0)")
    
        # Risk haircut – mirror _build_cashflow_params resolution so validators
        # and engine see the same surface.
        risk_haircut_raw = _as_float_or_none(
            _resolve_first(
                config,
                ("risk_adjustment", "cfads_haircut_pct"),
                ("risk_adjustment", "risk_haircut_pct"),
                ("risk", "haircut_pct"),
                "risk_haircut_pct",
            )
        )
        if risk_haircut_raw is not None:
            risk = _pct_to_decimal(risk_haircut_raw)
            if risk and not (0.0 <= risk < 1.0):
                errors.append(f"risk_haircut_pct: {risk} out of range (must be 0.0-1.0)")
    
        depreciation_years = as_int(
            _resolve_first(
                config,
                ("tax", "depreciation_years"),
                "depreciation_years",
            )
        )
        if depreciation_years is not None and depreciation_years < 1:
            errors.append(
                f"depreciation_years: {depreciation_years} invalid (must be >= 1)"
            )
    
        # FX must be structured if present
        fx_cfg = config.get("fx")
        if isinstance(fx_cfg, dict):
            start = fx_cfg.get("start_lkr_per_usd")
            curve = fx_cfg.get("curve") or fx_cfg.get("curve_lkr_per_usd")
            if start is None and not isinstance(curve, (list, tuple)):
                errors.append(
                    "fx: invalid configuration; expected 'start_lkr_per_usd' or an explicit 'curve' list"
                )
    
        # Raise comprehensive error if any validation failed
        if errors:
            error_msg = "Configuration validation failed:\n" + "\n".join(
                f"  • {err}" for err in errors
            )
>           raise ValueError(error_msg)
E           ValueError: Configuration validation failed:
E             • corporate_tax_rate: missing (required field)
E             • capacity_mw: None invalid (must be > 0)
E             • capacity_factor: missing (required field)
E             • tariff_lkr_per_kwh: None invalid (must be >= 0)
E             • opex_usd_per_year: None invalid (must be >= 0)

finance/cashflow_v14_params.py:573: ValueError
_ TestFXPipelineScenarioResultIntegration.test_fx_fields_roundtrip_through_asdict _

self = <test_fx_pipeline_integration.TestFXPipelineScenarioResultIntegration object at 0x10e1d8150>

    def test_fx_fields_roundtrip_through_asdict(self) -> None:
        """FX fields survive ScenarioResult.asdict() conversion."""
        config = {
            "scenario_name": "test_roundtrip",
            "Project": {
                "name": "RoundtripProject",
                "capex_usd": 100_000_000,
                "opex_usd_yr": 5_000_000,
                "project_life_years": 5,
                "construction_years": 1,
            },
            "Financing_Terms": {
                "total_debt_usd": 70_000_000,
                "debt_tenor_years": 4,
                "rates": {
                    "usd_commercial_min": 0.08,
                },
            },
            "FX": {
                "fx_match_ratio": 75,
                "curve": {
                    "lkr_usd": [300] * 5,
                },
            },
        }
    
>       result = run_v14_pipeline(config=config, validation_mode="off")
                 ^^^^^^^^^^^^^^^^^^^^^^^^^^^^^^^^^^^^^^^^^^^^^^^^^^^^^^

tests/test_fx_pipeline_integration.py:399: 
_ _ _ _ _ _ _ _ _ _ _ _ _ _ _ _ _ _ _ _ _ _ _ _ _ _ _ _ _ _ _ _ _ _ _ _ _ _ _ _ 

config = {'FX': {'curve': {'lkr_usd': [300, 300, 300, 300, 300]}, 'fx_match_ratio': 75}, 'Financing_Terms': {'debt_tenor_years'..., 'construction_years': 1, 'name': 'RoundtripProject', 'opex_usd_yr': 5000000, ...}, 'scenario_name': 'test_roundtrip'}
validation_mode = 'off', validation_modules = None, allow_fx_degradation = False

    def run_v14_pipeline(
        config: str | Path | Mapping[str, Any],
        validation_mode: str = "strict",
        validation_modules: list[str] | None = None,
        allow_fx_degradation: bool = False,
    ) -> dict[str, Any]:
        """Run the v14 engine for a single scenario.
    
        Parameters
        ----------
        config
            Either:
            - Path to YAML/JSON scenario file (str or Path), or
            - A pre-loaded config mapping (dict-like).
        validation_mode : {"strict", "off"}, default "strict"
            - "strict": run schema guard before evaluation
            - "off": skip schema guard
        validation_modules : list[str] or None
            Modules to validate. Defaults to ["cashflow", "debt"].
        allow_fx_degradation : bool, default False
            If True, FX integration failures are logged but don't crash pipeline.
            If False, FX errors re-raised (stops pipeline).
    
        Returns
        -------
        dict[str, Any]
            ScenarioResult-like dict with keys (superset of legacy surface):
            - validation_mode
            - config_path
            - config
            - annual_rows
            - debt_result
            - kpis
            - wacc
            - scenario_result
            - debt_profile
            - debt_covenants
            - refinancing_result (if enabled in config)
            - equity_distribution_result (if enabled in config)
        """
        mode = validation_mode.lower()
        if mode not in {"strict", "off"}:
            raise ValueError(
                f"validation_mode must be 'strict' or 'off', got: {validation_mode!r}"
            )
    
        # ------------------------------------------------------------------
        # 1. Resolve config + label
        # ------------------------------------------------------------------
        if isinstance(config, (str, Path)):
            config_path_label = str(config)
            cfg = load_scenario_config(str(config))
        elif isinstance(config, Mapping):
            config_path_label = "<inline_config>"
            # Shallow copy to decouple from callers
            cfg = dict(config)
        else:
            raise TypeError(
                "config must be a path (str/Path) or a mapping, "
                f"got {type(config).__name__}"
            )
    
        logger.info("Pipeline starting: config_path=%s", config_path_label)
    
        # ------------------------------------------------------------------
        # 2. Pre-flight validation
        # ------------------------------------------------------------------
        if mode == "strict":
            modules = validation_modules or ["cashflow", "debt"]
            validate_config_for_v14(
                raw_config=cfg,
                config_path=config_path_label,
                modules=modules,
            )
            logger.info("Schema validation passed for modules: %s", ", ".join(modules))
        else:
            modules = validation_modules or []
            logger.info("Schema validation skipped (validation_mode=off)")
    
        # ------------------------------------------------------------------
        # 3. Canonical v14 finance engine
        # ------------------------------------------------------------------
    
        # 3a. Cashflow – build annual rows from the v14 cashflow engine.
        logger.info("Step 1/4: Building annual cashflow rows...")
>       annual_rows = build_annual_rows(cfg)
                      ^^^^^^^^^^^^^^^^^^^^^^

analytics/pipeline_v14.py:421: 
_ _ _ _ _ _ _ _ _ _ _ _ _ _ _ _ _ _ _ _ _ _ _ _ _ _ _ _ _ _ _ _ _ _ _ _ _ _ _ _ 

config = {'FX': {'curve': {'lkr_usd': [300, 300, 300, 300, 300]}, 'fx_match_ratio': 75}, 'Financing_Terms': {'debt_tenor_years'..., 'construction_years': 1, 'name': 'RoundtripProject', 'opex_usd_yr': 5000000, ...}, 'scenario_name': 'test_roundtrip'}
fx_curve = None, capex_depreciable_lkr = None, interest_expense_series = None

    def build_annual_rows(
        config: Dict[str, Any],
        fx_curve: Optional[List[float]] = None,
        capex_depreciable_lkr: Optional[float] = None,
        interest_expense_series: Optional[List[float]] = None,
    ) -> List[Dict[str, float]]:
        """
        Return list of per-year breakdown rows including CFADS in LKR and USD.
    
        This is the canonical *row-wise* surface for:
    
        - debt_v14.plan_debt (DSCR / covenants)
        - CashflowResult (via contracts_v14)
        - analytics exports and dashboards.
    
        NOTE: This function now correctly tracks loss carry-forward across years.
        """
    
        (
            params,
            fx_curve_resolved,
            capex_dep_resolved,
            interest_series,
            years,
            tax_profile,
            depreciation_schedule,
>       ) = _prepare_cashflow_context(
            config,
            fx_curve,
            capex_depreciable_lkr,
            interest_expense_series,
        )

finance/cashflow_v14.py:475: 
_ _ _ _ _ _ _ _ _ _ _ _ _ _ _ _ _ _ _ _ _ _ _ _ _ _ _ _ _ _ _ _ _ _ _ _ _ _ _ _ 

config = {'FX': {'curve': {'lkr_usd': [300, 300, 300, 300, 300]}, 'fx_match_ratio': 75}, 'Financing_Terms': {'debt_tenor_years'..., 'construction_years': 1, 'name': 'RoundtripProject', 'opex_usd_yr': 5000000, ...}, 'scenario_name': 'test_roundtrip'}
fx_curve = None, capex_depreciable_lkr = None, interest_expense_series = None

    def _prepare_cashflow_context(
        config: Dict[str, Any],
        fx_curve: Optional[List[float]],
        capex_depreciable_lkr: Optional[float],
        interest_expense_series: Optional[List[float]],
    ) -> Tuple[
        Dict[str, Any],
        List[float],
        Optional[float],
        List[float],
        int,
        TaxProfile,
        DepreciationSchedule,
    ]:
        """
        Shared context builder for build_annual_cfads and build_annual_rows.
    
        Returns
        -------
        (params_dict, fx_curve_resolved, capex_depreciable_resolved,
         interest_series, years, tax_profile, depreciation_schedule)
    
        The TaxProfile and DepreciationSchedule are now built upfront and
        reused for all years, avoiding repeated computation and ensuring
        consistent loss carry-forward tracking.
        """
        # Validate parameters before expensive calculations
>       validate_parameters(config)

finance/cashflow_v14.py:125: 
_ _ _ _ _ _ _ _ _ _ _ _ _ _ _ _ _ _ _ _ _ _ _ _ _ _ _ _ _ _ _ _ _ _ _ _ _ _ _ _ 

config = {'FX': {'curve': {'lkr_usd': [300, 300, 300, 300, 300]}, 'fx_match_ratio': 75}, 'Financing_Terms': {'debt_tenor_years'..., 'construction_years': 1, 'name': 'RoundtripProject', 'opex_usd_yr': 5000000, ...}, 'scenario_name': 'test_roundtrip'}

    def validate_parameters(config: Dict[str, Any]) -> List[str]:
        """Validate cashflow parameters from configuration.
    
        This is a human-readable guard that complements schema_guard.
    
        Raises ValueError with detailed message if validation fails; returns an
        empty list on success (backward compatible).
    
        Key rules (decimals after normalization):
          - 0.0 <= corporate_tax_rate <= 1.0
          - project_life_years >= 1
          - capacity_mw > 0
          - 0 < capacity_factor <= 1.0
          - tariff_lkr_per_kwh >= 0
          - opex_usd_per_year >= 0
        """
    
        errors: List[str] = []
    
        # Extract and validate tax rate
        tax_rate_raw = _as_float_or_none(
            _resolve_first(
                config,
                ("tax", "corporate_tax_rate_pct"),
                ("tax", "corporate_tax_rate"),
                ("project", "corporate_tax_rate_pct"),
                "corporate_tax_rate_pct",
                "corporate_tax_rate",
            )
        )
    
        if tax_rate_raw is None:
            errors.append("corporate_tax_rate: missing (required field)")
        else:
            tax_rate = _pct_to_decimal(tax_rate_raw)
            if tax_rate is None or not (0.0 <= tax_rate <= 1.0):
                errors.append(
                    "corporate_tax_rate: "
                    f"{tax_rate} out of range "
                    "(must be 0.0-1.0 or 0-100%)"
                )
    
        # Extract and validate project life (silent to avoid double-logging)
        try:
            project_life = _extract_project_life_years(config, log=False)
            if project_life < 1:
                errors.append(f"project_life_years: {project_life} invalid (must be >= 1)")
        except ValueError as e:
            errors.append(f"project_life_years: {e}")
    
        # Validate capacity
        capacity_mw = _as_float_or_none(
            _resolve_first(
                config,
                ("project", "capacity_mw"),
                ("project", "capacity"),
                "capacity_mw",
            )
        )
        if capacity_mw is None or capacity_mw <= 0:
            errors.append(f"capacity_mw: {capacity_mw} invalid (must be > 0)")
    
        # Validate capacity factor
        cf_raw = _as_float_or_none(
            _resolve_first(
                config,
                ("project", "capacity_factor_pct"),
                ("project", "capacity_factor"),
                "capacity_factor_pct",
                "capacity_factor",
            )
        )
        if cf_raw is None:
            errors.append("capacity_factor: missing (required field)")
        else:
            cf = _pct_to_decimal(cf_raw)
            if cf is None or not (0.0 < cf <= 1.0):
                errors.append(
                    f"capacity_factor: {cf} out of range (must be 0.0-1.0 or 0-100%)"
                )
    
        # Validate tariff (allow zero for edge case testing)
        tariff = _as_float_or_none(
            _resolve_first(
                config,
                ("tariff", "lkr_per_kwh"),
                ("tariff", "tariff_lkr_per_kwh"),
                "tariff_lkr_per_kwh",
                "tariff",
            )
        )
        if tariff is None or tariff < 0:
            errors.append(f"tariff_lkr_per_kwh: {tariff} invalid (must be >= 0)")
    
        # Validate OPEX
        opex = _as_float_or_none(
            _resolve_first(
                config,
                ("opex", "usd_per_year"),
                ("opex", "annual_opex_usd"),
                "opex_usd_per_year",
            )
        )
        if opex is None or opex < 0:
            errors.append(f"opex_usd_per_year: {opex} invalid (must be >= 0)")
    
        # Optional field validations (if present)
    
        # Degradation is validated as a percentage (not decimal)
        degradation_raw = _as_float_or_none(
            _resolve_first(
                config,
                ("project", "degradation_pct"),
                "degradation_pct",
            )
        )
        if degradation_raw is not None:
            if degradation_raw < 0:
                errors.append(
                    f"degradation_pct: {degradation_raw} invalid (must be >= 0, percent)"
                )
            elif degradation_raw > 30:
                errors.append(
                    f"degradation_pct: {degradation_raw}% implausibly high (>30%/year). "
                    "Check units."
                )
    
        grid_loss_raw = _as_float_or_none(
            _resolve_first(
                config,
                ("project", "grid_loss_pct"),
                "grid_loss_pct",
            )
        )
        if grid_loss_raw is not None:
            loss = _pct_to_decimal(grid_loss_raw)
            if loss and not (0.0 <= loss < 1.0):
                errors.append(f"grid_loss_pct: {loss} out of range (must be 0.0-1.0)")
    
        # Risk haircut – mirror _build_cashflow_params resolution so validators
        # and engine see the same surface.
        risk_haircut_raw = _as_float_or_none(
            _resolve_first(
                config,
                ("risk_adjustment", "cfads_haircut_pct"),
                ("risk_adjustment", "risk_haircut_pct"),
                ("risk", "haircut_pct"),
                "risk_haircut_pct",
            )
        )
        if risk_haircut_raw is not None:
            risk = _pct_to_decimal(risk_haircut_raw)
            if risk and not (0.0 <= risk < 1.0):
                errors.append(f"risk_haircut_pct: {risk} out of range (must be 0.0-1.0)")
    
        depreciation_years = as_int(
            _resolve_first(
                config,
                ("tax", "depreciation_years"),
                "depreciation_years",
            )
        )
        if depreciation_years is not None and depreciation_years < 1:
            errors.append(
                f"depreciation_years: {depreciation_years} invalid (must be >= 1)"
            )
    
        # FX must be structured if present
        fx_cfg = config.get("fx")
        if isinstance(fx_cfg, dict):
            start = fx_cfg.get("start_lkr_per_usd")
            curve = fx_cfg.get("curve") or fx_cfg.get("curve_lkr_per_usd")
            if start is None and not isinstance(curve, (list, tuple)):
                errors.append(
                    "fx: invalid configuration; expected 'start_lkr_per_usd' or an explicit 'curve' list"
                )
    
        # Raise comprehensive error if any validation failed
        if errors:
            error_msg = "Configuration validation failed:\n" + "\n".join(
                f"  • {err}" for err in errors
            )
>           raise ValueError(error_msg)
E           ValueError: Configuration validation failed:
E             • corporate_tax_rate: missing (required field)
E             • capacity_mw: None invalid (must be > 0)
E             • capacity_factor: missing (required field)
E             • tariff_lkr_per_kwh: None invalid (must be >= 0)
E             • opex_usd_per_year: None invalid (must be >= 0)

finance/cashflow_v14_params.py:573: ValueError
___________ TestFXPipelineLogging.test_pipeline_logs_fx_integration ____________

self = <test_fx_pipeline_integration.TestFXPipelineLogging object at 0x10e1d8a50>
caplog = <_pytest.logging.LogCaptureFixture object at 0x111d19250>

    def test_pipeline_logs_fx_integration(self, caplog: pytest.LogCaptureFixture) -> None:
        """Pipeline logs FX integration completion."""
        import logging
        caplog.set_level(logging.INFO)
    
        config = {
            "scenario_name": "test_logging",
            "Project": {
                "name": "LoggingProject",
                "capex_usd": 100_000_000,
                "opex_usd_yr": 5_000_000,
                "project_life_years": 5,
                "construction_years": 1,
            },
            "Financing_Terms": {
                "total_debt_usd": 70_000_000,
                "debt_tenor_years": 4,
                "rates": {
                    "usd_commercial_min": 0.08,
                },
            },
            "FX": {
                "strategy": "natural_hedge",
                "curve": {
                    "lkr_usd": [300] * 5,
                },
            },
        }
    
>       result = run_v14_pipeline(config=config, validation_mode="off")
                 ^^^^^^^^^^^^^^^^^^^^^^^^^^^^^^^^^^^^^^^^^^^^^^^^^^^^^^

tests/test_fx_pipeline_integration.py:439: 
_ _ _ _ _ _ _ _ _ _ _ _ _ _ _ _ _ _ _ _ _ _ _ _ _ _ _ _ _ _ _ _ _ _ _ _ _ _ _ _ 

config = {'FX': {'curve': {'lkr_usd': [300, 300, 300, 300, 300]}, 'strategy': 'natural_hedge'}, 'Financing_Terms': {'debt_tenor...0000, 'construction_years': 1, 'name': 'LoggingProject', 'opex_usd_yr': 5000000, ...}, 'scenario_name': 'test_logging'}
validation_mode = 'off', validation_modules = None, allow_fx_degradation = False

    def run_v14_pipeline(
        config: str | Path | Mapping[str, Any],
        validation_mode: str = "strict",
        validation_modules: list[str] | None = None,
        allow_fx_degradation: bool = False,
    ) -> dict[str, Any]:
        """Run the v14 engine for a single scenario.
    
        Parameters
        ----------
        config
            Either:
            - Path to YAML/JSON scenario file (str or Path), or
            - A pre-loaded config mapping (dict-like).
        validation_mode : {"strict", "off"}, default "strict"
            - "strict": run schema guard before evaluation
            - "off": skip schema guard
        validation_modules : list[str] or None
            Modules to validate. Defaults to ["cashflow", "debt"].
        allow_fx_degradation : bool, default False
            If True, FX integration failures are logged but don't crash pipeline.
            If False, FX errors re-raised (stops pipeline).
    
        Returns
        -------
        dict[str, Any]
            ScenarioResult-like dict with keys (superset of legacy surface):
            - validation_mode
            - config_path
            - config
            - annual_rows
            - debt_result
            - kpis
            - wacc
            - scenario_result
            - debt_profile
            - debt_covenants
            - refinancing_result (if enabled in config)
            - equity_distribution_result (if enabled in config)
        """
        mode = validation_mode.lower()
        if mode not in {"strict", "off"}:
            raise ValueError(
                f"validation_mode must be 'strict' or 'off', got: {validation_mode!r}"
            )
    
        # ------------------------------------------------------------------
        # 1. Resolve config + label
        # ------------------------------------------------------------------
        if isinstance(config, (str, Path)):
            config_path_label = str(config)
            cfg = load_scenario_config(str(config))
        elif isinstance(config, Mapping):
            config_path_label = "<inline_config>"
            # Shallow copy to decouple from callers
            cfg = dict(config)
        else:
            raise TypeError(
                "config must be a path (str/Path) or a mapping, "
                f"got {type(config).__name__}"
            )
    
        logger.info("Pipeline starting: config_path=%s", config_path_label)
    
        # ------------------------------------------------------------------
        # 2. Pre-flight validation
        # ------------------------------------------------------------------
        if mode == "strict":
            modules = validation_modules or ["cashflow", "debt"]
            validate_config_for_v14(
                raw_config=cfg,
                config_path=config_path_label,
                modules=modules,
            )
            logger.info("Schema validation passed for modules: %s", ", ".join(modules))
        else:
            modules = validation_modules or []
            logger.info("Schema validation skipped (validation_mode=off)")
    
        # ------------------------------------------------------------------
        # 3. Canonical v14 finance engine
        # ------------------------------------------------------------------
    
        # 3a. Cashflow – build annual rows from the v14 cashflow engine.
        logger.info("Step 1/4: Building annual cashflow rows...")
>       annual_rows = build_annual_rows(cfg)
                      ^^^^^^^^^^^^^^^^^^^^^^

analytics/pipeline_v14.py:421: 
_ _ _ _ _ _ _ _ _ _ _ _ _ _ _ _ _ _ _ _ _ _ _ _ _ _ _ _ _ _ _ _ _ _ _ _ _ _ _ _ 

config = {'FX': {'curve': {'lkr_usd': [300, 300, 300, 300, 300]}, 'strategy': 'natural_hedge'}, 'Financing_Terms': {'debt_tenor...0000, 'construction_years': 1, 'name': 'LoggingProject', 'opex_usd_yr': 5000000, ...}, 'scenario_name': 'test_logging'}
fx_curve = None, capex_depreciable_lkr = None, interest_expense_series = None

    def build_annual_rows(
        config: Dict[str, Any],
        fx_curve: Optional[List[float]] = None,
        capex_depreciable_lkr: Optional[float] = None,
        interest_expense_series: Optional[List[float]] = None,
    ) -> List[Dict[str, float]]:
        """
        Return list of per-year breakdown rows including CFADS in LKR and USD.
    
        This is the canonical *row-wise* surface for:
    
        - debt_v14.plan_debt (DSCR / covenants)
        - CashflowResult (via contracts_v14)
        - analytics exports and dashboards.
    
        NOTE: This function now correctly tracks loss carry-forward across years.
        """
    
        (
            params,
            fx_curve_resolved,
            capex_dep_resolved,
            interest_series,
            years,
            tax_profile,
            depreciation_schedule,
>       ) = _prepare_cashflow_context(
            config,
            fx_curve,
            capex_depreciable_lkr,
            interest_expense_series,
        )

finance/cashflow_v14.py:475: 
_ _ _ _ _ _ _ _ _ _ _ _ _ _ _ _ _ _ _ _ _ _ _ _ _ _ _ _ _ _ _ _ _ _ _ _ _ _ _ _ 

config = {'FX': {'curve': {'lkr_usd': [300, 300, 300, 300, 300]}, 'strategy': 'natural_hedge'}, 'Financing_Terms': {'debt_tenor...0000, 'construction_years': 1, 'name': 'LoggingProject', 'opex_usd_yr': 5000000, ...}, 'scenario_name': 'test_logging'}
fx_curve = None, capex_depreciable_lkr = None, interest_expense_series = None

    def _prepare_cashflow_context(
        config: Dict[str, Any],
        fx_curve: Optional[List[float]],
        capex_depreciable_lkr: Optional[float],
        interest_expense_series: Optional[List[float]],
    ) -> Tuple[
        Dict[str, Any],
        List[float],
        Optional[float],
        List[float],
        int,
        TaxProfile,
        DepreciationSchedule,
    ]:
        """
        Shared context builder for build_annual_cfads and build_annual_rows.
    
        Returns
        -------
        (params_dict, fx_curve_resolved, capex_depreciable_resolved,
         interest_series, years, tax_profile, depreciation_schedule)
    
        The TaxProfile and DepreciationSchedule are now built upfront and
        reused for all years, avoiding repeated computation and ensuring
        consistent loss carry-forward tracking.
        """
        # Validate parameters before expensive calculations
>       validate_parameters(config)

finance/cashflow_v14.py:125: 
_ _ _ _ _ _ _ _ _ _ _ _ _ _ _ _ _ _ _ _ _ _ _ _ _ _ _ _ _ _ _ _ _ _ _ _ _ _ _ _ 

config = {'FX': {'curve': {'lkr_usd': [300, 300, 300, 300, 300]}, 'strategy': 'natural_hedge'}, 'Financing_Terms': {'debt_tenor...0000, 'construction_years': 1, 'name': 'LoggingProject', 'opex_usd_yr': 5000000, ...}, 'scenario_name': 'test_logging'}

    def validate_parameters(config: Dict[str, Any]) -> List[str]:
        """Validate cashflow parameters from configuration.
    
        This is a human-readable guard that complements schema_guard.
    
        Raises ValueError with detailed message if validation fails; returns an
        empty list on success (backward compatible).
    
        Key rules (decimals after normalization):
          - 0.0 <= corporate_tax_rate <= 1.0
          - project_life_years >= 1
          - capacity_mw > 0
          - 0 < capacity_factor <= 1.0
          - tariff_lkr_per_kwh >= 0
          - opex_usd_per_year >= 0
        """
    
        errors: List[str] = []
    
        # Extract and validate tax rate
        tax_rate_raw = _as_float_or_none(
            _resolve_first(
                config,
                ("tax", "corporate_tax_rate_pct"),
                ("tax", "corporate_tax_rate"),
                ("project", "corporate_tax_rate_pct"),
                "corporate_tax_rate_pct",
                "corporate_tax_rate",
            )
        )
    
        if tax_rate_raw is None:
            errors.append("corporate_tax_rate: missing (required field)")
        else:
            tax_rate = _pct_to_decimal(tax_rate_raw)
            if tax_rate is None or not (0.0 <= tax_rate <= 1.0):
                errors.append(
                    "corporate_tax_rate: "
                    f"{tax_rate} out of range "
                    "(must be 0.0-1.0 or 0-100%)"
                )
    
        # Extract and validate project life (silent to avoid double-logging)
        try:
            project_life = _extract_project_life_years(config, log=False)
            if project_life < 1:
                errors.append(f"project_life_years: {project_life} invalid (must be >= 1)")
        except ValueError as e:
            errors.append(f"project_life_years: {e}")
    
        # Validate capacity
        capacity_mw = _as_float_or_none(
            _resolve_first(
                config,
                ("project", "capacity_mw"),
                ("project", "capacity"),
                "capacity_mw",
            )
        )
        if capacity_mw is None or capacity_mw <= 0:
            errors.append(f"capacity_mw: {capacity_mw} invalid (must be > 0)")
    
        # Validate capacity factor
        cf_raw = _as_float_or_none(
            _resolve_first(
                config,
                ("project", "capacity_factor_pct"),
                ("project", "capacity_factor"),
                "capacity_factor_pct",
                "capacity_factor",
            )
        )
        if cf_raw is None:
            errors.append("capacity_factor: missing (required field)")
        else:
            cf = _pct_to_decimal(cf_raw)
            if cf is None or not (0.0 < cf <= 1.0):
                errors.append(
                    f"capacity_factor: {cf} out of range (must be 0.0-1.0 or 0-100%)"
                )
    
        # Validate tariff (allow zero for edge case testing)
        tariff = _as_float_or_none(
            _resolve_first(
                config,
                ("tariff", "lkr_per_kwh"),
                ("tariff", "tariff_lkr_per_kwh"),
                "tariff_lkr_per_kwh",
                "tariff",
            )
        )
        if tariff is None or tariff < 0:
            errors.append(f"tariff_lkr_per_kwh: {tariff} invalid (must be >= 0)")
    
        # Validate OPEX
        opex = _as_float_or_none(
            _resolve_first(
                config,
                ("opex", "usd_per_year"),
                ("opex", "annual_opex_usd"),
                "opex_usd_per_year",
            )
        )
        if opex is None or opex < 0:
            errors.append(f"opex_usd_per_year: {opex} invalid (must be >= 0)")
    
        # Optional field validations (if present)
    
        # Degradation is validated as a percentage (not decimal)
        degradation_raw = _as_float_or_none(
            _resolve_first(
                config,
                ("project", "degradation_pct"),
                "degradation_pct",
            )
        )
        if degradation_raw is not None:
            if degradation_raw < 0:
                errors.append(
                    f"degradation_pct: {degradation_raw} invalid (must be >= 0, percent)"
                )
            elif degradation_raw > 30:
                errors.append(
                    f"degradation_pct: {degradation_raw}% implausibly high (>30%/year). "
                    "Check units."
                )
    
        grid_loss_raw = _as_float_or_none(
            _resolve_first(
                config,
                ("project", "grid_loss_pct"),
                "grid_loss_pct",
            )
        )
        if grid_loss_raw is not None:
            loss = _pct_to_decimal(grid_loss_raw)
            if loss and not (0.0 <= loss < 1.0):
                errors.append(f"grid_loss_pct: {loss} out of range (must be 0.0-1.0)")
    
        # Risk haircut – mirror _build_cashflow_params resolution so validators
        # and engine see the same surface.
        risk_haircut_raw = _as_float_or_none(
            _resolve_first(
                config,
                ("risk_adjustment", "cfads_haircut_pct"),
                ("risk_adjustment", "risk_haircut_pct"),
                ("risk", "haircut_pct"),
                "risk_haircut_pct",
            )
        )
        if risk_haircut_raw is not None:
            risk = _pct_to_decimal(risk_haircut_raw)
            if risk and not (0.0 <= risk < 1.0):
                errors.append(f"risk_haircut_pct: {risk} out of range (must be 0.0-1.0)")
    
        depreciation_years = as_int(
            _resolve_first(
                config,
                ("tax", "depreciation_years"),
                "depreciation_years",
            )
        )
        if depreciation_years is not None and depreciation_years < 1:
            errors.append(
                f"depreciation_years: {depreciation_years} invalid (must be >= 1)"
            )
    
        # FX must be structured if present
        fx_cfg = config.get("fx")
        if isinstance(fx_cfg, dict):
            start = fx_cfg.get("start_lkr_per_usd")
            curve = fx_cfg.get("curve") or fx_cfg.get("curve_lkr_per_usd")
            if start is None and not isinstance(curve, (list, tuple)):
                errors.append(
                    "fx: invalid configuration; expected 'start_lkr_per_usd' or an explicit 'curve' list"
                )
    
        # Raise comprehensive error if any validation failed
        if errors:
            error_msg = "Configuration validation failed:\n" + "\n".join(
                f"  • {err}" for err in errors
            )
>           raise ValueError(error_msg)
E           ValueError: Configuration validation failed:
E             • corporate_tax_rate: missing (required field)
E             • capacity_mw: None invalid (must be > 0)
E             • capacity_factor: missing (required field)
E             • tariff_lkr_per_kwh: None invalid (must be >= 0)
E             • opex_usd_per_year: None invalid (must be >= 0)

finance/cashflow_v14_params.py:573: ValueError
------------------------------ Captured log call -------------------------------
INFO     analytics.pipeline_v14:pipeline_v14.py:398 Pipeline starting: config_path=<inline_config>
INFO     analytics.pipeline_v14:pipeline_v14.py:413 Schema validation skipped (validation_mode=off)
INFO     analytics.pipeline_v14:pipeline_v14.py:420 Step 1/4: Building annual cashflow rows...
_____ TestFXPipelineParametrized.test_fx_strategies[natural_hedge-0.0-0.0] _____

self = <test_fx_pipeline_integration.TestFXPipelineParametrized object at 0x10e1d9a50>
strategy = 'natural_hedge', fx_match = 0.0, hedging = 0.0

    @pytest.mark.parametrize(
        "strategy,fx_match,hedging",
        [
            ("natural_hedge", 0.0, 0.0),
            ("fixed_ccy", 50.0, 100.0),
            ("hedged", 75.0, 50.0),
            ("blended", 25.0, 25.0),
        ],
    )
    def test_fx_strategies(
        self,
        strategy: str,
        fx_match: float,
        hedging: float,
    ) -> None:
        """Pipeline handles all FX strategies correctly."""
        config = {
            "scenario_name": f"test_{strategy}",
            "Project": {
                "name": "StrategyTestProject",
                "capex_usd": 100_000_000,
                "opex_usd_yr": 5_000_000,
                "project_life_years": 5,
                "construction_years": 1,
            },
            "Financing_Terms": {
                "total_debt_usd": 70_000_000,
                "debt_tenor_years": 4,
                "rates": {
                    "usd_commercial_min": 0.08,
                },
            },
            "FX": {
                "strategy": strategy,
                "fx_match_ratio": fx_match,
                "hedging_coverage_pct": hedging,
                "curve": {
                    "lkr_usd": [300] * 5,
                },
            },
        }
    
>       result = run_v14_pipeline(config=config, validation_mode="off")
                 ^^^^^^^^^^^^^^^^^^^^^^^^^^^^^^^^^^^^^^^^^^^^^^^^^^^^^^

tests/test_fx_pipeline_integration.py:492: 
_ _ _ _ _ _ _ _ _ _ _ _ _ _ _ _ _ _ _ _ _ _ _ _ _ _ _ _ _ _ _ _ _ _ _ _ _ _ _ _ 

config = {'FX': {'curve': {'lkr_usd': [300, 300, 300, 300, 300]}, 'fx_match_ratio': 0.0, 'hedging_coverage_pct': 0.0, 'strategy...truction_years': 1, 'name': 'StrategyTestProject', 'opex_usd_yr': 5000000, ...}, 'scenario_name': 'test_natural_hedge'}
validation_mode = 'off', validation_modules = None, allow_fx_degradation = False

    def run_v14_pipeline(
        config: str | Path | Mapping[str, Any],
        validation_mode: str = "strict",
        validation_modules: list[str] | None = None,
        allow_fx_degradation: bool = False,
    ) -> dict[str, Any]:
        """Run the v14 engine for a single scenario.
    
        Parameters
        ----------
        config
            Either:
            - Path to YAML/JSON scenario file (str or Path), or
            - A pre-loaded config mapping (dict-like).
        validation_mode : {"strict", "off"}, default "strict"
            - "strict": run schema guard before evaluation
            - "off": skip schema guard
        validation_modules : list[str] or None
            Modules to validate. Defaults to ["cashflow", "debt"].
        allow_fx_degradation : bool, default False
            If True, FX integration failures are logged but don't crash pipeline.
            If False, FX errors re-raised (stops pipeline).
    
        Returns
        -------
        dict[str, Any]
            ScenarioResult-like dict with keys (superset of legacy surface):
            - validation_mode
            - config_path
            - config
            - annual_rows
            - debt_result
            - kpis
            - wacc
            - scenario_result
            - debt_profile
            - debt_covenants
            - refinancing_result (if enabled in config)
            - equity_distribution_result (if enabled in config)
        """
        mode = validation_mode.lower()
        if mode not in {"strict", "off"}:
            raise ValueError(
                f"validation_mode must be 'strict' or 'off', got: {validation_mode!r}"
            )
    
        # ------------------------------------------------------------------
        # 1. Resolve config + label
        # ------------------------------------------------------------------
        if isinstance(config, (str, Path)):
            config_path_label = str(config)
            cfg = load_scenario_config(str(config))
        elif isinstance(config, Mapping):
            config_path_label = "<inline_config>"
            # Shallow copy to decouple from callers
            cfg = dict(config)
        else:
            raise TypeError(
                "config must be a path (str/Path) or a mapping, "
                f"got {type(config).__name__}"
            )
    
        logger.info("Pipeline starting: config_path=%s", config_path_label)
    
        # ------------------------------------------------------------------
        # 2. Pre-flight validation
        # ------------------------------------------------------------------
        if mode == "strict":
            modules = validation_modules or ["cashflow", "debt"]
            validate_config_for_v14(
                raw_config=cfg,
                config_path=config_path_label,
                modules=modules,
            )
            logger.info("Schema validation passed for modules: %s", ", ".join(modules))
        else:
            modules = validation_modules or []
            logger.info("Schema validation skipped (validation_mode=off)")
    
        # ------------------------------------------------------------------
        # 3. Canonical v14 finance engine
        # ------------------------------------------------------------------
    
        # 3a. Cashflow – build annual rows from the v14 cashflow engine.
        logger.info("Step 1/4: Building annual cashflow rows...")
>       annual_rows = build_annual_rows(cfg)
                      ^^^^^^^^^^^^^^^^^^^^^^

analytics/pipeline_v14.py:421: 
_ _ _ _ _ _ _ _ _ _ _ _ _ _ _ _ _ _ _ _ _ _ _ _ _ _ _ _ _ _ _ _ _ _ _ _ _ _ _ _ 

config = {'FX': {'curve': {'lkr_usd': [300, 300, 300, 300, 300]}, 'fx_match_ratio': 0.0, 'hedging_coverage_pct': 0.0, 'strategy...truction_years': 1, 'name': 'StrategyTestProject', 'opex_usd_yr': 5000000, ...}, 'scenario_name': 'test_natural_hedge'}
fx_curve = None, capex_depreciable_lkr = None, interest_expense_series = None

    def build_annual_rows(
        config: Dict[str, Any],
        fx_curve: Optional[List[float]] = None,
        capex_depreciable_lkr: Optional[float] = None,
        interest_expense_series: Optional[List[float]] = None,
    ) -> List[Dict[str, float]]:
        """
        Return list of per-year breakdown rows including CFADS in LKR and USD.
    
        This is the canonical *row-wise* surface for:
    
        - debt_v14.plan_debt (DSCR / covenants)
        - CashflowResult (via contracts_v14)
        - analytics exports and dashboards.
    
        NOTE: This function now correctly tracks loss carry-forward across years.
        """
    
        (
            params,
            fx_curve_resolved,
            capex_dep_resolved,
            interest_series,
            years,
            tax_profile,
            depreciation_schedule,
>       ) = _prepare_cashflow_context(
            config,
            fx_curve,
            capex_depreciable_lkr,
            interest_expense_series,
        )

finance/cashflow_v14.py:475: 
_ _ _ _ _ _ _ _ _ _ _ _ _ _ _ _ _ _ _ _ _ _ _ _ _ _ _ _ _ _ _ _ _ _ _ _ _ _ _ _ 

config = {'FX': {'curve': {'lkr_usd': [300, 300, 300, 300, 300]}, 'fx_match_ratio': 0.0, 'hedging_coverage_pct': 0.0, 'strategy...truction_years': 1, 'name': 'StrategyTestProject', 'opex_usd_yr': 5000000, ...}, 'scenario_name': 'test_natural_hedge'}
fx_curve = None, capex_depreciable_lkr = None, interest_expense_series = None

    def _prepare_cashflow_context(
        config: Dict[str, Any],
        fx_curve: Optional[List[float]],
        capex_depreciable_lkr: Optional[float],
        interest_expense_series: Optional[List[float]],
    ) -> Tuple[
        Dict[str, Any],
        List[float],
        Optional[float],
        List[float],
        int,
        TaxProfile,
        DepreciationSchedule,
    ]:
        """
        Shared context builder for build_annual_cfads and build_annual_rows.
    
        Returns
        -------
        (params_dict, fx_curve_resolved, capex_depreciable_resolved,
         interest_series, years, tax_profile, depreciation_schedule)
    
        The TaxProfile and DepreciationSchedule are now built upfront and
        reused for all years, avoiding repeated computation and ensuring
        consistent loss carry-forward tracking.
        """
        # Validate parameters before expensive calculations
>       validate_parameters(config)

finance/cashflow_v14.py:125: 
_ _ _ _ _ _ _ _ _ _ _ _ _ _ _ _ _ _ _ _ _ _ _ _ _ _ _ _ _ _ _ _ _ _ _ _ _ _ _ _ 

config = {'FX': {'curve': {'lkr_usd': [300, 300, 300, 300, 300]}, 'fx_match_ratio': 0.0, 'hedging_coverage_pct': 0.0, 'strategy...truction_years': 1, 'name': 'StrategyTestProject', 'opex_usd_yr': 5000000, ...}, 'scenario_name': 'test_natural_hedge'}

    def validate_parameters(config: Dict[str, Any]) -> List[str]:
        """Validate cashflow parameters from configuration.
    
        This is a human-readable guard that complements schema_guard.
    
        Raises ValueError with detailed message if validation fails; returns an
        empty list on success (backward compatible).
    
        Key rules (decimals after normalization):
          - 0.0 <= corporate_tax_rate <= 1.0
          - project_life_years >= 1
          - capacity_mw > 0
          - 0 < capacity_factor <= 1.0
          - tariff_lkr_per_kwh >= 0
          - opex_usd_per_year >= 0
        """
    
        errors: List[str] = []
    
        # Extract and validate tax rate
        tax_rate_raw = _as_float_or_none(
            _resolve_first(
                config,
                ("tax", "corporate_tax_rate_pct"),
                ("tax", "corporate_tax_rate"),
                ("project", "corporate_tax_rate_pct"),
                "corporate_tax_rate_pct",
                "corporate_tax_rate",
            )
        )
    
        if tax_rate_raw is None:
            errors.append("corporate_tax_rate: missing (required field)")
        else:
            tax_rate = _pct_to_decimal(tax_rate_raw)
            if tax_rate is None or not (0.0 <= tax_rate <= 1.0):
                errors.append(
                    "corporate_tax_rate: "
                    f"{tax_rate} out of range "
                    "(must be 0.0-1.0 or 0-100%)"
                )
    
        # Extract and validate project life (silent to avoid double-logging)
        try:
            project_life = _extract_project_life_years(config, log=False)
            if project_life < 1:
                errors.append(f"project_life_years: {project_life} invalid (must be >= 1)")
        except ValueError as e:
            errors.append(f"project_life_years: {e}")
    
        # Validate capacity
        capacity_mw = _as_float_or_none(
            _resolve_first(
                config,
                ("project", "capacity_mw"),
                ("project", "capacity"),
                "capacity_mw",
            )
        )
        if capacity_mw is None or capacity_mw <= 0:
            errors.append(f"capacity_mw: {capacity_mw} invalid (must be > 0)")
    
        # Validate capacity factor
        cf_raw = _as_float_or_none(
            _resolve_first(
                config,
                ("project", "capacity_factor_pct"),
                ("project", "capacity_factor"),
                "capacity_factor_pct",
                "capacity_factor",
            )
        )
        if cf_raw is None:
            errors.append("capacity_factor: missing (required field)")
        else:
            cf = _pct_to_decimal(cf_raw)
            if cf is None or not (0.0 < cf <= 1.0):
                errors.append(
                    f"capacity_factor: {cf} out of range (must be 0.0-1.0 or 0-100%)"
                )
    
        # Validate tariff (allow zero for edge case testing)
        tariff = _as_float_or_none(
            _resolve_first(
                config,
                ("tariff", "lkr_per_kwh"),
                ("tariff", "tariff_lkr_per_kwh"),
                "tariff_lkr_per_kwh",
                "tariff",
            )
        )
        if tariff is None or tariff < 0:
            errors.append(f"tariff_lkr_per_kwh: {tariff} invalid (must be >= 0)")
    
        # Validate OPEX
        opex = _as_float_or_none(
            _resolve_first(
                config,
                ("opex", "usd_per_year"),
                ("opex", "annual_opex_usd"),
                "opex_usd_per_year",
            )
        )
        if opex is None or opex < 0:
            errors.append(f"opex_usd_per_year: {opex} invalid (must be >= 0)")
    
        # Optional field validations (if present)
    
        # Degradation is validated as a percentage (not decimal)
        degradation_raw = _as_float_or_none(
            _resolve_first(
                config,
                ("project", "degradation_pct"),
                "degradation_pct",
            )
        )
        if degradation_raw is not None:
            if degradation_raw < 0:
                errors.append(
                    f"degradation_pct: {degradation_raw} invalid (must be >= 0, percent)"
                )
            elif degradation_raw > 30:
                errors.append(
                    f"degradation_pct: {degradation_raw}% implausibly high (>30%/year). "
                    "Check units."
                )
    
        grid_loss_raw = _as_float_or_none(
            _resolve_first(
                config,
                ("project", "grid_loss_pct"),
                "grid_loss_pct",
            )
        )
        if grid_loss_raw is not None:
            loss = _pct_to_decimal(grid_loss_raw)
            if loss and not (0.0 <= loss < 1.0):
                errors.append(f"grid_loss_pct: {loss} out of range (must be 0.0-1.0)")
    
        # Risk haircut – mirror _build_cashflow_params resolution so validators
        # and engine see the same surface.
        risk_haircut_raw = _as_float_or_none(
            _resolve_first(
                config,
                ("risk_adjustment", "cfads_haircut_pct"),
                ("risk_adjustment", "risk_haircut_pct"),
                ("risk", "haircut_pct"),
                "risk_haircut_pct",
            )
        )
        if risk_haircut_raw is not None:
            risk = _pct_to_decimal(risk_haircut_raw)
            if risk and not (0.0 <= risk < 1.0):
                errors.append(f"risk_haircut_pct: {risk} out of range (must be 0.0-1.0)")
    
        depreciation_years = as_int(
            _resolve_first(
                config,
                ("tax", "depreciation_years"),
                "depreciation_years",
            )
        )
        if depreciation_years is not None and depreciation_years < 1:
            errors.append(
                f"depreciation_years: {depreciation_years} invalid (must be >= 1)"
            )
    
        # FX must be structured if present
        fx_cfg = config.get("fx")
        if isinstance(fx_cfg, dict):
            start = fx_cfg.get("start_lkr_per_usd")
            curve = fx_cfg.get("curve") or fx_cfg.get("curve_lkr_per_usd")
            if start is None and not isinstance(curve, (list, tuple)):
                errors.append(
                    "fx: invalid configuration; expected 'start_lkr_per_usd' or an explicit 'curve' list"
                )
    
        # Raise comprehensive error if any validation failed
        if errors:
            error_msg = "Configuration validation failed:\n" + "\n".join(
                f"  • {err}" for err in errors
            )
>           raise ValueError(error_msg)
E           ValueError: Configuration validation failed:
E             • corporate_tax_rate: missing (required field)
E             • capacity_mw: None invalid (must be > 0)
E             • capacity_factor: missing (required field)
E             • tariff_lkr_per_kwh: None invalid (must be >= 0)
E             • opex_usd_per_year: None invalid (must be >= 0)

finance/cashflow_v14_params.py:573: ValueError
_____ TestFXPipelineParametrized.test_fx_strategies[fixed_ccy-50.0-100.0] ______

self = <test_fx_pipeline_integration.TestFXPipelineParametrized object at 0x10e1d9cd0>
strategy = 'fixed_ccy', fx_match = 50.0, hedging = 100.0

    @pytest.mark.parametrize(
        "strategy,fx_match,hedging",
        [
            ("natural_hedge", 0.0, 0.0),
            ("fixed_ccy", 50.0, 100.0),
            ("hedged", 75.0, 50.0),
            ("blended", 25.0, 25.0),
        ],
    )
    def test_fx_strategies(
        self,
        strategy: str,
        fx_match: float,
        hedging: float,
    ) -> None:
        """Pipeline handles all FX strategies correctly."""
        config = {
            "scenario_name": f"test_{strategy}",
            "Project": {
                "name": "StrategyTestProject",
                "capex_usd": 100_000_000,
                "opex_usd_yr": 5_000_000,
                "project_life_years": 5,
                "construction_years": 1,
            },
            "Financing_Terms": {
                "total_debt_usd": 70_000_000,
                "debt_tenor_years": 4,
                "rates": {
                    "usd_commercial_min": 0.08,
                },
            },
            "FX": {
                "strategy": strategy,
                "fx_match_ratio": fx_match,
                "hedging_coverage_pct": hedging,
                "curve": {
                    "lkr_usd": [300] * 5,
                },
            },
        }
    
>       result = run_v14_pipeline(config=config, validation_mode="off")
                 ^^^^^^^^^^^^^^^^^^^^^^^^^^^^^^^^^^^^^^^^^^^^^^^^^^^^^^

tests/test_fx_pipeline_integration.py:492: 
_ _ _ _ _ _ _ _ _ _ _ _ _ _ _ _ _ _ _ _ _ _ _ _ _ _ _ _ _ _ _ _ _ _ _ _ _ _ _ _ 

config = {'FX': {'curve': {'lkr_usd': [300, 300, 300, 300, 300]}, 'fx_match_ratio': 50.0, 'hedging_coverage_pct': 100.0, 'strat...construction_years': 1, 'name': 'StrategyTestProject', 'opex_usd_yr': 5000000, ...}, 'scenario_name': 'test_fixed_ccy'}
validation_mode = 'off', validation_modules = None, allow_fx_degradation = False

    def run_v14_pipeline(
        config: str | Path | Mapping[str, Any],
        validation_mode: str = "strict",
        validation_modules: list[str] | None = None,
        allow_fx_degradation: bool = False,
    ) -> dict[str, Any]:
        """Run the v14 engine for a single scenario.
    
        Parameters
        ----------
        config
            Either:
            - Path to YAML/JSON scenario file (str or Path), or
            - A pre-loaded config mapping (dict-like).
        validation_mode : {"strict", "off"}, default "strict"
            - "strict": run schema guard before evaluation
            - "off": skip schema guard
        validation_modules : list[str] or None
            Modules to validate. Defaults to ["cashflow", "debt"].
        allow_fx_degradation : bool, default False
            If True, FX integration failures are logged but don't crash pipeline.
            If False, FX errors re-raised (stops pipeline).
    
        Returns
        -------
        dict[str, Any]
            ScenarioResult-like dict with keys (superset of legacy surface):
            - validation_mode
            - config_path
            - config
            - annual_rows
            - debt_result
            - kpis
            - wacc
            - scenario_result
            - debt_profile
            - debt_covenants
            - refinancing_result (if enabled in config)
            - equity_distribution_result (if enabled in config)
        """
        mode = validation_mode.lower()
        if mode not in {"strict", "off"}:
            raise ValueError(
                f"validation_mode must be 'strict' or 'off', got: {validation_mode!r}"
            )
    
        # ------------------------------------------------------------------
        # 1. Resolve config + label
        # ------------------------------------------------------------------
        if isinstance(config, (str, Path)):
            config_path_label = str(config)
            cfg = load_scenario_config(str(config))
        elif isinstance(config, Mapping):
            config_path_label = "<inline_config>"
            # Shallow copy to decouple from callers
            cfg = dict(config)
        else:
            raise TypeError(
                "config must be a path (str/Path) or a mapping, "
                f"got {type(config).__name__}"
            )
    
        logger.info("Pipeline starting: config_path=%s", config_path_label)
    
        # ------------------------------------------------------------------
        # 2. Pre-flight validation
        # ------------------------------------------------------------------
        if mode == "strict":
            modules = validation_modules or ["cashflow", "debt"]
            validate_config_for_v14(
                raw_config=cfg,
                config_path=config_path_label,
                modules=modules,
            )
            logger.info("Schema validation passed for modules: %s", ", ".join(modules))
        else:
            modules = validation_modules or []
            logger.info("Schema validation skipped (validation_mode=off)")
    
        # ------------------------------------------------------------------
        # 3. Canonical v14 finance engine
        # ------------------------------------------------------------------
    
        # 3a. Cashflow – build annual rows from the v14 cashflow engine.
        logger.info("Step 1/4: Building annual cashflow rows...")
>       annual_rows = build_annual_rows(cfg)
                      ^^^^^^^^^^^^^^^^^^^^^^

analytics/pipeline_v14.py:421: 
_ _ _ _ _ _ _ _ _ _ _ _ _ _ _ _ _ _ _ _ _ _ _ _ _ _ _ _ _ _ _ _ _ _ _ _ _ _ _ _ 

config = {'FX': {'curve': {'lkr_usd': [300, 300, 300, 300, 300]}, 'fx_match_ratio': 50.0, 'hedging_coverage_pct': 100.0, 'strat...construction_years': 1, 'name': 'StrategyTestProject', 'opex_usd_yr': 5000000, ...}, 'scenario_name': 'test_fixed_ccy'}
fx_curve = None, capex_depreciable_lkr = None, interest_expense_series = None

    def build_annual_rows(
        config: Dict[str, Any],
        fx_curve: Optional[List[float]] = None,
        capex_depreciable_lkr: Optional[float] = None,
        interest_expense_series: Optional[List[float]] = None,
    ) -> List[Dict[str, float]]:
        """
        Return list of per-year breakdown rows including CFADS in LKR and USD.
    
        This is the canonical *row-wise* surface for:
    
        - debt_v14.plan_debt (DSCR / covenants)
        - CashflowResult (via contracts_v14)
        - analytics exports and dashboards.
    
        NOTE: This function now correctly tracks loss carry-forward across years.
        """
    
        (
            params,
            fx_curve_resolved,
            capex_dep_resolved,
            interest_series,
            years,
            tax_profile,
            depreciation_schedule,
>       ) = _prepare_cashflow_context(
            config,
            fx_curve,
            capex_depreciable_lkr,
            interest_expense_series,
        )

finance/cashflow_v14.py:475: 
_ _ _ _ _ _ _ _ _ _ _ _ _ _ _ _ _ _ _ _ _ _ _ _ _ _ _ _ _ _ _ _ _ _ _ _ _ _ _ _ 

config = {'FX': {'curve': {'lkr_usd': [300, 300, 300, 300, 300]}, 'fx_match_ratio': 50.0, 'hedging_coverage_pct': 100.0, 'strat...construction_years': 1, 'name': 'StrategyTestProject', 'opex_usd_yr': 5000000, ...}, 'scenario_name': 'test_fixed_ccy'}
fx_curve = None, capex_depreciable_lkr = None, interest_expense_series = None

    def _prepare_cashflow_context(
        config: Dict[str, Any],
        fx_curve: Optional[List[float]],
        capex_depreciable_lkr: Optional[float],
        interest_expense_series: Optional[List[float]],
    ) -> Tuple[
        Dict[str, Any],
        List[float],
        Optional[float],
        List[float],
        int,
        TaxProfile,
        DepreciationSchedule,
    ]:
        """
        Shared context builder for build_annual_cfads and build_annual_rows.
    
        Returns
        -------
        (params_dict, fx_curve_resolved, capex_depreciable_resolved,
         interest_series, years, tax_profile, depreciation_schedule)
    
        The TaxProfile and DepreciationSchedule are now built upfront and
        reused for all years, avoiding repeated computation and ensuring
        consistent loss carry-forward tracking.
        """
        # Validate parameters before expensive calculations
>       validate_parameters(config)

finance/cashflow_v14.py:125: 
_ _ _ _ _ _ _ _ _ _ _ _ _ _ _ _ _ _ _ _ _ _ _ _ _ _ _ _ _ _ _ _ _ _ _ _ _ _ _ _ 

config = {'FX': {'curve': {'lkr_usd': [300, 300, 300, 300, 300]}, 'fx_match_ratio': 50.0, 'hedging_coverage_pct': 100.0, 'strat...construction_years': 1, 'name': 'StrategyTestProject', 'opex_usd_yr': 5000000, ...}, 'scenario_name': 'test_fixed_ccy'}

    def validate_parameters(config: Dict[str, Any]) -> List[str]:
        """Validate cashflow parameters from configuration.
    
        This is a human-readable guard that complements schema_guard.
    
        Raises ValueError with detailed message if validation fails; returns an
        empty list on success (backward compatible).
    
        Key rules (decimals after normalization):
          - 0.0 <= corporate_tax_rate <= 1.0
          - project_life_years >= 1
          - capacity_mw > 0
          - 0 < capacity_factor <= 1.0
          - tariff_lkr_per_kwh >= 0
          - opex_usd_per_year >= 0
        """
    
        errors: List[str] = []
    
        # Extract and validate tax rate
        tax_rate_raw = _as_float_or_none(
            _resolve_first(
                config,
                ("tax", "corporate_tax_rate_pct"),
                ("tax", "corporate_tax_rate"),
                ("project", "corporate_tax_rate_pct"),
                "corporate_tax_rate_pct",
                "corporate_tax_rate",
            )
        )
    
        if tax_rate_raw is None:
            errors.append("corporate_tax_rate: missing (required field)")
        else:
            tax_rate = _pct_to_decimal(tax_rate_raw)
            if tax_rate is None or not (0.0 <= tax_rate <= 1.0):
                errors.append(
                    "corporate_tax_rate: "
                    f"{tax_rate} out of range "
                    "(must be 0.0-1.0 or 0-100%)"
                )
    
        # Extract and validate project life (silent to avoid double-logging)
        try:
            project_life = _extract_project_life_years(config, log=False)
            if project_life < 1:
                errors.append(f"project_life_years: {project_life} invalid (must be >= 1)")
        except ValueError as e:
            errors.append(f"project_life_years: {e}")
    
        # Validate capacity
        capacity_mw = _as_float_or_none(
            _resolve_first(
                config,
                ("project", "capacity_mw"),
                ("project", "capacity"),
                "capacity_mw",
            )
        )
        if capacity_mw is None or capacity_mw <= 0:
            errors.append(f"capacity_mw: {capacity_mw} invalid (must be > 0)")
    
        # Validate capacity factor
        cf_raw = _as_float_or_none(
            _resolve_first(
                config,
                ("project", "capacity_factor_pct"),
                ("project", "capacity_factor"),
                "capacity_factor_pct",
                "capacity_factor",
            )
        )
        if cf_raw is None:
            errors.append("capacity_factor: missing (required field)")
        else:
            cf = _pct_to_decimal(cf_raw)
            if cf is None or not (0.0 < cf <= 1.0):
                errors.append(
                    f"capacity_factor: {cf} out of range (must be 0.0-1.0 or 0-100%)"
                )
    
        # Validate tariff (allow zero for edge case testing)
        tariff = _as_float_or_none(
            _resolve_first(
                config,
                ("tariff", "lkr_per_kwh"),
                ("tariff", "tariff_lkr_per_kwh"),
                "tariff_lkr_per_kwh",
                "tariff",
            )
        )
        if tariff is None or tariff < 0:
            errors.append(f"tariff_lkr_per_kwh: {tariff} invalid (must be >= 0)")
    
        # Validate OPEX
        opex = _as_float_or_none(
            _resolve_first(
                config,
                ("opex", "usd_per_year"),
                ("opex", "annual_opex_usd"),
                "opex_usd_per_year",
            )
        )
        if opex is None or opex < 0:
            errors.append(f"opex_usd_per_year: {opex} invalid (must be >= 0)")
    
        # Optional field validations (if present)
    
        # Degradation is validated as a percentage (not decimal)
        degradation_raw = _as_float_or_none(
            _resolve_first(
                config,
                ("project", "degradation_pct"),
                "degradation_pct",
            )
        )
        if degradation_raw is not None:
            if degradation_raw < 0:
                errors.append(
                    f"degradation_pct: {degradation_raw} invalid (must be >= 0, percent)"
                )
            elif degradation_raw > 30:
                errors.append(
                    f"degradation_pct: {degradation_raw}% implausibly high (>30%/year). "
                    "Check units."
                )
    
        grid_loss_raw = _as_float_or_none(
            _resolve_first(
                config,
                ("project", "grid_loss_pct"),
                "grid_loss_pct",
            )
        )
        if grid_loss_raw is not None:
            loss = _pct_to_decimal(grid_loss_raw)
            if loss and not (0.0 <= loss < 1.0):
                errors.append(f"grid_loss_pct: {loss} out of range (must be 0.0-1.0)")
    
        # Risk haircut – mirror _build_cashflow_params resolution so validators
        # and engine see the same surface.
        risk_haircut_raw = _as_float_or_none(
            _resolve_first(
                config,
                ("risk_adjustment", "cfads_haircut_pct"),
                ("risk_adjustment", "risk_haircut_pct"),
                ("risk", "haircut_pct"),
                "risk_haircut_pct",
            )
        )
        if risk_haircut_raw is not None:
            risk = _pct_to_decimal(risk_haircut_raw)
            if risk and not (0.0 <= risk < 1.0):
                errors.append(f"risk_haircut_pct: {risk} out of range (must be 0.0-1.0)")
    
        depreciation_years = as_int(
            _resolve_first(
                config,
                ("tax", "depreciation_years"),
                "depreciation_years",
            )
        )
        if depreciation_years is not None and depreciation_years < 1:
            errors.append(
                f"depreciation_years: {depreciation_years} invalid (must be >= 1)"
            )
    
        # FX must be structured if present
        fx_cfg = config.get("fx")
        if isinstance(fx_cfg, dict):
            start = fx_cfg.get("start_lkr_per_usd")
            curve = fx_cfg.get("curve") or fx_cfg.get("curve_lkr_per_usd")
            if start is None and not isinstance(curve, (list, tuple)):
                errors.append(
                    "fx: invalid configuration; expected 'start_lkr_per_usd' or an explicit 'curve' list"
                )
    
        # Raise comprehensive error if any validation failed
        if errors:
            error_msg = "Configuration validation failed:\n" + "\n".join(
                f"  • {err}" for err in errors
            )
>           raise ValueError(error_msg)
E           ValueError: Configuration validation failed:
E             • corporate_tax_rate: missing (required field)
E             • capacity_mw: None invalid (must be > 0)
E             • capacity_factor: missing (required field)
E             • tariff_lkr_per_kwh: None invalid (must be >= 0)
E             • opex_usd_per_year: None invalid (must be >= 0)

finance/cashflow_v14_params.py:573: ValueError
_______ TestFXPipelineParametrized.test_fx_strategies[hedged-75.0-50.0] ________

self = <test_fx_pipeline_integration.TestFXPipelineParametrized object at 0x10e1d9f50>
strategy = 'hedged', fx_match = 75.0, hedging = 50.0

    @pytest.mark.parametrize(
        "strategy,fx_match,hedging",
        [
            ("natural_hedge", 0.0, 0.0),
            ("fixed_ccy", 50.0, 100.0),
            ("hedged", 75.0, 50.0),
            ("blended", 25.0, 25.0),
        ],
    )
    def test_fx_strategies(
        self,
        strategy: str,
        fx_match: float,
        hedging: float,
    ) -> None:
        """Pipeline handles all FX strategies correctly."""
        config = {
            "scenario_name": f"test_{strategy}",
            "Project": {
                "name": "StrategyTestProject",
                "capex_usd": 100_000_000,
                "opex_usd_yr": 5_000_000,
                "project_life_years": 5,
                "construction_years": 1,
            },
            "Financing_Terms": {
                "total_debt_usd": 70_000_000,
                "debt_tenor_years": 4,
                "rates": {
                    "usd_commercial_min": 0.08,
                },
            },
            "FX": {
                "strategy": strategy,
                "fx_match_ratio": fx_match,
                "hedging_coverage_pct": hedging,
                "curve": {
                    "lkr_usd": [300] * 5,
                },
            },
        }
    
>       result = run_v14_pipeline(config=config, validation_mode="off")
                 ^^^^^^^^^^^^^^^^^^^^^^^^^^^^^^^^^^^^^^^^^^^^^^^^^^^^^^

tests/test_fx_pipeline_integration.py:492: 
_ _ _ _ _ _ _ _ _ _ _ _ _ _ _ _ _ _ _ _ _ _ _ _ _ _ _ _ _ _ _ _ _ _ _ _ _ _ _ _ 

config = {'FX': {'curve': {'lkr_usd': [300, 300, 300, 300, 300]}, 'fx_match_ratio': 75.0, 'hedging_coverage_pct': 50.0, 'strate..., 'construction_years': 1, 'name': 'StrategyTestProject', 'opex_usd_yr': 5000000, ...}, 'scenario_name': 'test_hedged'}
validation_mode = 'off', validation_modules = None, allow_fx_degradation = False

    def run_v14_pipeline(
        config: str | Path | Mapping[str, Any],
        validation_mode: str = "strict",
        validation_modules: list[str] | None = None,
        allow_fx_degradation: bool = False,
    ) -> dict[str, Any]:
        """Run the v14 engine for a single scenario.
    
        Parameters
        ----------
        config
            Either:
            - Path to YAML/JSON scenario file (str or Path), or
            - A pre-loaded config mapping (dict-like).
        validation_mode : {"strict", "off"}, default "strict"
            - "strict": run schema guard before evaluation
            - "off": skip schema guard
        validation_modules : list[str] or None
            Modules to validate. Defaults to ["cashflow", "debt"].
        allow_fx_degradation : bool, default False
            If True, FX integration failures are logged but don't crash pipeline.
            If False, FX errors re-raised (stops pipeline).
    
        Returns
        -------
        dict[str, Any]
            ScenarioResult-like dict with keys (superset of legacy surface):
            - validation_mode
            - config_path
            - config
            - annual_rows
            - debt_result
            - kpis
            - wacc
            - scenario_result
            - debt_profile
            - debt_covenants
            - refinancing_result (if enabled in config)
            - equity_distribution_result (if enabled in config)
        """
        mode = validation_mode.lower()
        if mode not in {"strict", "off"}:
            raise ValueError(
                f"validation_mode must be 'strict' or 'off', got: {validation_mode!r}"
            )
    
        # ------------------------------------------------------------------
        # 1. Resolve config + label
        # ------------------------------------------------------------------
        if isinstance(config, (str, Path)):
            config_path_label = str(config)
            cfg = load_scenario_config(str(config))
        elif isinstance(config, Mapping):
            config_path_label = "<inline_config>"
            # Shallow copy to decouple from callers
            cfg = dict(config)
        else:
            raise TypeError(
                "config must be a path (str/Path) or a mapping, "
                f"got {type(config).__name__}"
            )
    
        logger.info("Pipeline starting: config_path=%s", config_path_label)
    
        # ------------------------------------------------------------------
        # 2. Pre-flight validation
        # ------------------------------------------------------------------
        if mode == "strict":
            modules = validation_modules or ["cashflow", "debt"]
            validate_config_for_v14(
                raw_config=cfg,
                config_path=config_path_label,
                modules=modules,
            )
            logger.info("Schema validation passed for modules: %s", ", ".join(modules))
        else:
            modules = validation_modules or []
            logger.info("Schema validation skipped (validation_mode=off)")
    
        # ------------------------------------------------------------------
        # 3. Canonical v14 finance engine
        # ------------------------------------------------------------------
    
        # 3a. Cashflow – build annual rows from the v14 cashflow engine.
        logger.info("Step 1/4: Building annual cashflow rows...")
>       annual_rows = build_annual_rows(cfg)
                      ^^^^^^^^^^^^^^^^^^^^^^

analytics/pipeline_v14.py:421: 
_ _ _ _ _ _ _ _ _ _ _ _ _ _ _ _ _ _ _ _ _ _ _ _ _ _ _ _ _ _ _ _ _ _ _ _ _ _ _ _ 

config = {'FX': {'curve': {'lkr_usd': [300, 300, 300, 300, 300]}, 'fx_match_ratio': 75.0, 'hedging_coverage_pct': 50.0, 'strate..., 'construction_years': 1, 'name': 'StrategyTestProject', 'opex_usd_yr': 5000000, ...}, 'scenario_name': 'test_hedged'}
fx_curve = None, capex_depreciable_lkr = None, interest_expense_series = None

    def build_annual_rows(
        config: Dict[str, Any],
        fx_curve: Optional[List[float]] = None,
        capex_depreciable_lkr: Optional[float] = None,
        interest_expense_series: Optional[List[float]] = None,
    ) -> List[Dict[str, float]]:
        """
        Return list of per-year breakdown rows including CFADS in LKR and USD.
    
        This is the canonical *row-wise* surface for:
    
        - debt_v14.plan_debt (DSCR / covenants)
        - CashflowResult (via contracts_v14)
        - analytics exports and dashboards.
    
        NOTE: This function now correctly tracks loss carry-forward across years.
        """
    
        (
            params,
            fx_curve_resolved,
            capex_dep_resolved,
            interest_series,
            years,
            tax_profile,
            depreciation_schedule,
>       ) = _prepare_cashflow_context(
            config,
            fx_curve,
            capex_depreciable_lkr,
            interest_expense_series,
        )

finance/cashflow_v14.py:475: 
_ _ _ _ _ _ _ _ _ _ _ _ _ _ _ _ _ _ _ _ _ _ _ _ _ _ _ _ _ _ _ _ _ _ _ _ _ _ _ _ 

config = {'FX': {'curve': {'lkr_usd': [300, 300, 300, 300, 300]}, 'fx_match_ratio': 75.0, 'hedging_coverage_pct': 50.0, 'strate..., 'construction_years': 1, 'name': 'StrategyTestProject', 'opex_usd_yr': 5000000, ...}, 'scenario_name': 'test_hedged'}
fx_curve = None, capex_depreciable_lkr = None, interest_expense_series = None

    def _prepare_cashflow_context(
        config: Dict[str, Any],
        fx_curve: Optional[List[float]],
        capex_depreciable_lkr: Optional[float],
        interest_expense_series: Optional[List[float]],
    ) -> Tuple[
        Dict[str, Any],
        List[float],
        Optional[float],
        List[float],
        int,
        TaxProfile,
        DepreciationSchedule,
    ]:
        """
        Shared context builder for build_annual_cfads and build_annual_rows.
    
        Returns
        -------
        (params_dict, fx_curve_resolved, capex_depreciable_resolved,
         interest_series, years, tax_profile, depreciation_schedule)
    
        The TaxProfile and DepreciationSchedule are now built upfront and
        reused for all years, avoiding repeated computation and ensuring
        consistent loss carry-forward tracking.
        """
        # Validate parameters before expensive calculations
>       validate_parameters(config)

finance/cashflow_v14.py:125: 
_ _ _ _ _ _ _ _ _ _ _ _ _ _ _ _ _ _ _ _ _ _ _ _ _ _ _ _ _ _ _ _ _ _ _ _ _ _ _ _ 

config = {'FX': {'curve': {'lkr_usd': [300, 300, 300, 300, 300]}, 'fx_match_ratio': 75.0, 'hedging_coverage_pct': 50.0, 'strate..., 'construction_years': 1, 'name': 'StrategyTestProject', 'opex_usd_yr': 5000000, ...}, 'scenario_name': 'test_hedged'}

    def validate_parameters(config: Dict[str, Any]) -> List[str]:
        """Validate cashflow parameters from configuration.
    
        This is a human-readable guard that complements schema_guard.
    
        Raises ValueError with detailed message if validation fails; returns an
        empty list on success (backward compatible).
    
        Key rules (decimals after normalization):
          - 0.0 <= corporate_tax_rate <= 1.0
          - project_life_years >= 1
          - capacity_mw > 0
          - 0 < capacity_factor <= 1.0
          - tariff_lkr_per_kwh >= 0
          - opex_usd_per_year >= 0
        """
    
        errors: List[str] = []
    
        # Extract and validate tax rate
        tax_rate_raw = _as_float_or_none(
            _resolve_first(
                config,
                ("tax", "corporate_tax_rate_pct"),
                ("tax", "corporate_tax_rate"),
                ("project", "corporate_tax_rate_pct"),
                "corporate_tax_rate_pct",
                "corporate_tax_rate",
            )
        )
    
        if tax_rate_raw is None:
            errors.append("corporate_tax_rate: missing (required field)")
        else:
            tax_rate = _pct_to_decimal(tax_rate_raw)
            if tax_rate is None or not (0.0 <= tax_rate <= 1.0):
                errors.append(
                    "corporate_tax_rate: "
                    f"{tax_rate} out of range "
                    "(must be 0.0-1.0 or 0-100%)"
                )
    
        # Extract and validate project life (silent to avoid double-logging)
        try:
            project_life = _extract_project_life_years(config, log=False)
            if project_life < 1:
                errors.append(f"project_life_years: {project_life} invalid (must be >= 1)")
        except ValueError as e:
            errors.append(f"project_life_years: {e}")
    
        # Validate capacity
        capacity_mw = _as_float_or_none(
            _resolve_first(
                config,
                ("project", "capacity_mw"),
                ("project", "capacity"),
                "capacity_mw",
            )
        )
        if capacity_mw is None or capacity_mw <= 0:
            errors.append(f"capacity_mw: {capacity_mw} invalid (must be > 0)")
    
        # Validate capacity factor
        cf_raw = _as_float_or_none(
            _resolve_first(
                config,
                ("project", "capacity_factor_pct"),
                ("project", "capacity_factor"),
                "capacity_factor_pct",
                "capacity_factor",
            )
        )
        if cf_raw is None:
            errors.append("capacity_factor: missing (required field)")
        else:
            cf = _pct_to_decimal(cf_raw)
            if cf is None or not (0.0 < cf <= 1.0):
                errors.append(
                    f"capacity_factor: {cf} out of range (must be 0.0-1.0 or 0-100%)"
                )
    
        # Validate tariff (allow zero for edge case testing)
        tariff = _as_float_or_none(
            _resolve_first(
                config,
                ("tariff", "lkr_per_kwh"),
                ("tariff", "tariff_lkr_per_kwh"),
                "tariff_lkr_per_kwh",
                "tariff",
            )
        )
        if tariff is None or tariff < 0:
            errors.append(f"tariff_lkr_per_kwh: {tariff} invalid (must be >= 0)")
    
        # Validate OPEX
        opex = _as_float_or_none(
            _resolve_first(
                config,
                ("opex", "usd_per_year"),
                ("opex", "annual_opex_usd"),
                "opex_usd_per_year",
            )
        )
        if opex is None or opex < 0:
            errors.append(f"opex_usd_per_year: {opex} invalid (must be >= 0)")
    
        # Optional field validations (if present)
    
        # Degradation is validated as a percentage (not decimal)
        degradation_raw = _as_float_or_none(
            _resolve_first(
                config,
                ("project", "degradation_pct"),
                "degradation_pct",
            )
        )
        if degradation_raw is not None:
            if degradation_raw < 0:
                errors.append(
                    f"degradation_pct: {degradation_raw} invalid (must be >= 0, percent)"
                )
            elif degradation_raw > 30:
                errors.append(
                    f"degradation_pct: {degradation_raw}% implausibly high (>30%/year). "
                    "Check units."
                )
    
        grid_loss_raw = _as_float_or_none(
            _resolve_first(
                config,
                ("project", "grid_loss_pct"),
                "grid_loss_pct",
            )
        )
        if grid_loss_raw is not None:
            loss = _pct_to_decimal(grid_loss_raw)
            if loss and not (0.0 <= loss < 1.0):
                errors.append(f"grid_loss_pct: {loss} out of range (must be 0.0-1.0)")
    
        # Risk haircut – mirror _build_cashflow_params resolution so validators
        # and engine see the same surface.
        risk_haircut_raw = _as_float_or_none(
            _resolve_first(
                config,
                ("risk_adjustment", "cfads_haircut_pct"),
                ("risk_adjustment", "risk_haircut_pct"),
                ("risk", "haircut_pct"),
                "risk_haircut_pct",
            )
        )
        if risk_haircut_raw is not None:
            risk = _pct_to_decimal(risk_haircut_raw)
            if risk and not (0.0 <= risk < 1.0):
                errors.append(f"risk_haircut_pct: {risk} out of range (must be 0.0-1.0)")
    
        depreciation_years = as_int(
            _resolve_first(
                config,
                ("tax", "depreciation_years"),
                "depreciation_years",
            )
        )
        if depreciation_years is not None and depreciation_years < 1:
            errors.append(
                f"depreciation_years: {depreciation_years} invalid (must be >= 1)"
            )
    
        # FX must be structured if present
        fx_cfg = config.get("fx")
        if isinstance(fx_cfg, dict):
            start = fx_cfg.get("start_lkr_per_usd")
            curve = fx_cfg.get("curve") or fx_cfg.get("curve_lkr_per_usd")
            if start is None and not isinstance(curve, (list, tuple)):
                errors.append(
                    "fx: invalid configuration; expected 'start_lkr_per_usd' or an explicit 'curve' list"
                )
    
        # Raise comprehensive error if any validation failed
        if errors:
            error_msg = "Configuration validation failed:\n" + "\n".join(
                f"  • {err}" for err in errors
            )
>           raise ValueError(error_msg)
E           ValueError: Configuration validation failed:
E             • corporate_tax_rate: missing (required field)
E             • capacity_mw: None invalid (must be > 0)
E             • capacity_factor: missing (required field)
E             • tariff_lkr_per_kwh: None invalid (must be >= 0)
E             • opex_usd_per_year: None invalid (must be >= 0)

finance/cashflow_v14_params.py:573: ValueError
_______ TestFXPipelineParametrized.test_fx_strategies[blended-25.0-25.0] _______

self = <test_fx_pipeline_integration.TestFXPipelineParametrized object at 0x10e1da1d0>
strategy = 'blended', fx_match = 25.0, hedging = 25.0

    @pytest.mark.parametrize(
        "strategy,fx_match,hedging",
        [
            ("natural_hedge", 0.0, 0.0),
            ("fixed_ccy", 50.0, 100.0),
            ("hedged", 75.0, 50.0),
            ("blended", 25.0, 25.0),
        ],
    )
    def test_fx_strategies(
        self,
        strategy: str,
        fx_match: float,
        hedging: float,
    ) -> None:
        """Pipeline handles all FX strategies correctly."""
        config = {
            "scenario_name": f"test_{strategy}",
            "Project": {
                "name": "StrategyTestProject",
                "capex_usd": 100_000_000,
                "opex_usd_yr": 5_000_000,
                "project_life_years": 5,
                "construction_years": 1,
            },
            "Financing_Terms": {
                "total_debt_usd": 70_000_000,
                "debt_tenor_years": 4,
                "rates": {
                    "usd_commercial_min": 0.08,
                },
            },
            "FX": {
                "strategy": strategy,
                "fx_match_ratio": fx_match,
                "hedging_coverage_pct": hedging,
                "curve": {
                    "lkr_usd": [300] * 5,
                },
            },
        }
    
>       result = run_v14_pipeline(config=config, validation_mode="off")
                 ^^^^^^^^^^^^^^^^^^^^^^^^^^^^^^^^^^^^^^^^^^^^^^^^^^^^^^

tests/test_fx_pipeline_integration.py:492: 
_ _ _ _ _ _ _ _ _ _ _ _ _ _ _ _ _ _ _ _ _ _ _ _ _ _ _ _ _ _ _ _ _ _ _ _ _ _ _ _ 

config = {'FX': {'curve': {'lkr_usd': [300, 300, 300, 300, 300]}, 'fx_match_ratio': 25.0, 'hedging_coverage_pct': 25.0, 'strate... 'construction_years': 1, 'name': 'StrategyTestProject', 'opex_usd_yr': 5000000, ...}, 'scenario_name': 'test_blended'}
validation_mode = 'off', validation_modules = None, allow_fx_degradation = False

    def run_v14_pipeline(
        config: str | Path | Mapping[str, Any],
        validation_mode: str = "strict",
        validation_modules: list[str] | None = None,
        allow_fx_degradation: bool = False,
    ) -> dict[str, Any]:
        """Run the v14 engine for a single scenario.
    
        Parameters
        ----------
        config
            Either:
            - Path to YAML/JSON scenario file (str or Path), or
            - A pre-loaded config mapping (dict-like).
        validation_mode : {"strict", "off"}, default "strict"
            - "strict": run schema guard before evaluation
            - "off": skip schema guard
        validation_modules : list[str] or None
            Modules to validate. Defaults to ["cashflow", "debt"].
        allow_fx_degradation : bool, default False
            If True, FX integration failures are logged but don't crash pipeline.
            If False, FX errors re-raised (stops pipeline).
    
        Returns
        -------
        dict[str, Any]
            ScenarioResult-like dict with keys (superset of legacy surface):
            - validation_mode
            - config_path
            - config
            - annual_rows
            - debt_result
            - kpis
            - wacc
            - scenario_result
            - debt_profile
            - debt_covenants
            - refinancing_result (if enabled in config)
            - equity_distribution_result (if enabled in config)
        """
        mode = validation_mode.lower()
        if mode not in {"strict", "off"}:
            raise ValueError(
                f"validation_mode must be 'strict' or 'off', got: {validation_mode!r}"
            )
    
        # ------------------------------------------------------------------
        # 1. Resolve config + label
        # ------------------------------------------------------------------
        if isinstance(config, (str, Path)):
            config_path_label = str(config)
            cfg = load_scenario_config(str(config))
        elif isinstance(config, Mapping):
            config_path_label = "<inline_config>"
            # Shallow copy to decouple from callers
            cfg = dict(config)
        else:
            raise TypeError(
                "config must be a path (str/Path) or a mapping, "
                f"got {type(config).__name__}"
            )
    
        logger.info("Pipeline starting: config_path=%s", config_path_label)
    
        # ------------------------------------------------------------------
        # 2. Pre-flight validation
        # ------------------------------------------------------------------
        if mode == "strict":
            modules = validation_modules or ["cashflow", "debt"]
            validate_config_for_v14(
                raw_config=cfg,
                config_path=config_path_label,
                modules=modules,
            )
            logger.info("Schema validation passed for modules: %s", ", ".join(modules))
        else:
            modules = validation_modules or []
            logger.info("Schema validation skipped (validation_mode=off)")
    
        # ------------------------------------------------------------------
        # 3. Canonical v14 finance engine
        # ------------------------------------------------------------------
    
        # 3a. Cashflow – build annual rows from the v14 cashflow engine.
        logger.info("Step 1/4: Building annual cashflow rows...")
>       annual_rows = build_annual_rows(cfg)
                      ^^^^^^^^^^^^^^^^^^^^^^

analytics/pipeline_v14.py:421: 
_ _ _ _ _ _ _ _ _ _ _ _ _ _ _ _ _ _ _ _ _ _ _ _ _ _ _ _ _ _ _ _ _ _ _ _ _ _ _ _ 

config = {'FX': {'curve': {'lkr_usd': [300, 300, 300, 300, 300]}, 'fx_match_ratio': 25.0, 'hedging_coverage_pct': 25.0, 'strate... 'construction_years': 1, 'name': 'StrategyTestProject', 'opex_usd_yr': 5000000, ...}, 'scenario_name': 'test_blended'}
fx_curve = None, capex_depreciable_lkr = None, interest_expense_series = None

    def build_annual_rows(
        config: Dict[str, Any],
        fx_curve: Optional[List[float]] = None,
        capex_depreciable_lkr: Optional[float] = None,
        interest_expense_series: Optional[List[float]] = None,
    ) -> List[Dict[str, float]]:
        """
        Return list of per-year breakdown rows including CFADS in LKR and USD.
    
        This is the canonical *row-wise* surface for:
    
        - debt_v14.plan_debt (DSCR / covenants)
        - CashflowResult (via contracts_v14)
        - analytics exports and dashboards.
    
        NOTE: This function now correctly tracks loss carry-forward across years.
        """
    
        (
            params,
            fx_curve_resolved,
            capex_dep_resolved,
            interest_series,
            years,
            tax_profile,
            depreciation_schedule,
>       ) = _prepare_cashflow_context(
            config,
            fx_curve,
            capex_depreciable_lkr,
            interest_expense_series,
        )

finance/cashflow_v14.py:475: 
_ _ _ _ _ _ _ _ _ _ _ _ _ _ _ _ _ _ _ _ _ _ _ _ _ _ _ _ _ _ _ _ _ _ _ _ _ _ _ _ 

config = {'FX': {'curve': {'lkr_usd': [300, 300, 300, 300, 300]}, 'fx_match_ratio': 25.0, 'hedging_coverage_pct': 25.0, 'strate... 'construction_years': 1, 'name': 'StrategyTestProject', 'opex_usd_yr': 5000000, ...}, 'scenario_name': 'test_blended'}
fx_curve = None, capex_depreciable_lkr = None, interest_expense_series = None

    def _prepare_cashflow_context(
        config: Dict[str, Any],
        fx_curve: Optional[List[float]],
        capex_depreciable_lkr: Optional[float],
        interest_expense_series: Optional[List[float]],
    ) -> Tuple[
        Dict[str, Any],
        List[float],
        Optional[float],
        List[float],
        int,
        TaxProfile,
        DepreciationSchedule,
    ]:
        """
        Shared context builder for build_annual_cfads and build_annual_rows.
    
        Returns
        -------
        (params_dict, fx_curve_resolved, capex_depreciable_resolved,
         interest_series, years, tax_profile, depreciation_schedule)
    
        The TaxProfile and DepreciationSchedule are now built upfront and
        reused for all years, avoiding repeated computation and ensuring
        consistent loss carry-forward tracking.
        """
        # Validate parameters before expensive calculations
>       validate_parameters(config)

finance/cashflow_v14.py:125: 
_ _ _ _ _ _ _ _ _ _ _ _ _ _ _ _ _ _ _ _ _ _ _ _ _ _ _ _ _ _ _ _ _ _ _ _ _ _ _ _ 

config = {'FX': {'curve': {'lkr_usd': [300, 300, 300, 300, 300]}, 'fx_match_ratio': 25.0, 'hedging_coverage_pct': 25.0, 'strate... 'construction_years': 1, 'name': 'StrategyTestProject', 'opex_usd_yr': 5000000, ...}, 'scenario_name': 'test_blended'}

    def validate_parameters(config: Dict[str, Any]) -> List[str]:
        """Validate cashflow parameters from configuration.
    
        This is a human-readable guard that complements schema_guard.
    
        Raises ValueError with detailed message if validation fails; returns an
        empty list on success (backward compatible).
    
        Key rules (decimals after normalization):
          - 0.0 <= corporate_tax_rate <= 1.0
          - project_life_years >= 1
          - capacity_mw > 0
          - 0 < capacity_factor <= 1.0
          - tariff_lkr_per_kwh >= 0
          - opex_usd_per_year >= 0
        """
    
        errors: List[str] = []
    
        # Extract and validate tax rate
        tax_rate_raw = _as_float_or_none(
            _resolve_first(
                config,
                ("tax", "corporate_tax_rate_pct"),
                ("tax", "corporate_tax_rate"),
                ("project", "corporate_tax_rate_pct"),
                "corporate_tax_rate_pct",
                "corporate_tax_rate",
            )
        )
    
        if tax_rate_raw is None:
            errors.append("corporate_tax_rate: missing (required field)")
        else:
            tax_rate = _pct_to_decimal(tax_rate_raw)
            if tax_rate is None or not (0.0 <= tax_rate <= 1.0):
                errors.append(
                    "corporate_tax_rate: "
                    f"{tax_rate} out of range "
                    "(must be 0.0-1.0 or 0-100%)"
                )
    
        # Extract and validate project life (silent to avoid double-logging)
        try:
            project_life = _extract_project_life_years(config, log=False)
            if project_life < 1:
                errors.append(f"project_life_years: {project_life} invalid (must be >= 1)")
        except ValueError as e:
            errors.append(f"project_life_years: {e}")
    
        # Validate capacity
        capacity_mw = _as_float_or_none(
            _resolve_first(
                config,
                ("project", "capacity_mw"),
                ("project", "capacity"),
                "capacity_mw",
            )
        )
        if capacity_mw is None or capacity_mw <= 0:
            errors.append(f"capacity_mw: {capacity_mw} invalid (must be > 0)")
    
        # Validate capacity factor
        cf_raw = _as_float_or_none(
            _resolve_first(
                config,
                ("project", "capacity_factor_pct"),
                ("project", "capacity_factor"),
                "capacity_factor_pct",
                "capacity_factor",
            )
        )
        if cf_raw is None:
            errors.append("capacity_factor: missing (required field)")
        else:
            cf = _pct_to_decimal(cf_raw)
            if cf is None or not (0.0 < cf <= 1.0):
                errors.append(
                    f"capacity_factor: {cf} out of range (must be 0.0-1.0 or 0-100%)"
                )
    
        # Validate tariff (allow zero for edge case testing)
        tariff = _as_float_or_none(
            _resolve_first(
                config,
                ("tariff", "lkr_per_kwh"),
                ("tariff", "tariff_lkr_per_kwh"),
                "tariff_lkr_per_kwh",
                "tariff",
            )
        )
        if tariff is None or tariff < 0:
            errors.append(f"tariff_lkr_per_kwh: {tariff} invalid (must be >= 0)")
    
        # Validate OPEX
        opex = _as_float_or_none(
            _resolve_first(
                config,
                ("opex", "usd_per_year"),
                ("opex", "annual_opex_usd"),
                "opex_usd_per_year",
            )
        )
        if opex is None or opex < 0:
            errors.append(f"opex_usd_per_year: {opex} invalid (must be >= 0)")
    
        # Optional field validations (if present)
    
        # Degradation is validated as a percentage (not decimal)
        degradation_raw = _as_float_or_none(
            _resolve_first(
                config,
                ("project", "degradation_pct"),
                "degradation_pct",
            )
        )
        if degradation_raw is not None:
            if degradation_raw < 0:
                errors.append(
                    f"degradation_pct: {degradation_raw} invalid (must be >= 0, percent)"
                )
            elif degradation_raw > 30:
                errors.append(
                    f"degradation_pct: {degradation_raw}% implausibly high (>30%/year). "
                    "Check units."
                )
    
        grid_loss_raw = _as_float_or_none(
            _resolve_first(
                config,
                ("project", "grid_loss_pct"),
                "grid_loss_pct",
            )
        )
        if grid_loss_raw is not None:
            loss = _pct_to_decimal(grid_loss_raw)
            if loss and not (0.0 <= loss < 1.0):
                errors.append(f"grid_loss_pct: {loss} out of range (must be 0.0-1.0)")
    
        # Risk haircut – mirror _build_cashflow_params resolution so validators
        # and engine see the same surface.
        risk_haircut_raw = _as_float_or_none(
            _resolve_first(
                config,
                ("risk_adjustment", "cfads_haircut_pct"),
                ("risk_adjustment", "risk_haircut_pct"),
                ("risk", "haircut_pct"),
                "risk_haircut_pct",
            )
        )
        if risk_haircut_raw is not None:
            risk = _pct_to_decimal(risk_haircut_raw)
            if risk and not (0.0 <= risk < 1.0):
                errors.append(f"risk_haircut_pct: {risk} out of range (must be 0.0-1.0)")
    
        depreciation_years = as_int(
            _resolve_first(
                config,
                ("tax", "depreciation_years"),
                "depreciation_years",
            )
        )
        if depreciation_years is not None and depreciation_years < 1:
            errors.append(
                f"depreciation_years: {depreciation_years} invalid (must be >= 1)"
            )
    
        # FX must be structured if present
        fx_cfg = config.get("fx")
        if isinstance(fx_cfg, dict):
            start = fx_cfg.get("start_lkr_per_usd")
            curve = fx_cfg.get("curve") or fx_cfg.get("curve_lkr_per_usd")
            if start is None and not isinstance(curve, (list, tuple)):
                errors.append(
                    "fx: invalid configuration; expected 'start_lkr_per_usd' or an explicit 'curve' list"
                )
    
        # Raise comprehensive error if any validation failed
        if errors:
            error_msg = "Configuration validation failed:\n" + "\n".join(
                f"  • {err}" for err in errors
            )
>           raise ValueError(error_msg)
E           ValueError: Configuration validation failed:
E             • corporate_tax_rate: missing (required field)
E             • capacity_mw: None invalid (must be > 0)
E             • capacity_factor: missing (required field)
E             • tariff_lkr_per_kwh: None invalid (must be >= 0)
E             • opex_usd_per_year: None invalid (must be >= 0)

finance/cashflow_v14_params.py:573: ValueError
__________ TestPipelineIntegration.test_calculator_repr_shows_status ___________

self = <test_refinancing_v14_hardened.TestPipelineIntegration object at 0x10e21ba90>
valid_config = RefinancingConfig(enabled=True, triggers=[{'type': 'dscr_floor', 'value': 1.25, 'years': [5, 10]}], new_coupon_pct=4.5, refinancing_cost_pct=0.5, new_tenor_years=12, principal_repayment_pct=10.0, metadata={})
valid_debt_result = {'dscr_series': [1.5, 1.4, 1.3, 1.2, 1.1, 1.25, ...], 'max_dscr': 1.6, 'min_dscr': 1.1, 'total_debt': 100000000, ...}
valid_annual_rows = [{'debt_service': 10000000, 'ebitda': 15000000, 'year': 1}, {'debt_service': 10500000, 'ebitda': 14500000, 'year': 2},...ebt_service': 12000000, 'ebitda': 13000000, 'year': 5}, {'debt_service': 12000000, 'ebitda': 12500000, 'year': 6}, ...]

    def test_calculator_repr_shows_status(
        self, valid_config, valid_debt_result, valid_annual_rows
    ):
        """TEST: Calculator repr should show status."""
        # WHEN: Creating calculator
        calc = RefinancingCalculatorHardened(
            valid_config, valid_debt_result, valid_annual_rows
        )
        # THEN: Repr should contain key info
        repr_str = repr(calc)
        assert "RefinancingCalculatorHardened" in repr_str
        assert "enabled=True" in repr_str
>       assert "95000000" in repr_str  # Principal
        ^^^^^^^^^^^^^^^^^^^^^^^^^^^^^
E       AssertionError: assert '95000000' in 'RefinancingCalculatorHardened(enabled=True, principal=USD 95,000,000, min_dscr=1.10)'

tests/test_refinancing_v14_hardened.py:305: AssertionError
______________ TestEdgeCasesStress.test_high_dscr_values_handled _______________

self = <test_refinancing_v14_hardened.TestEdgeCasesStress object at 0x10e22de10>
valid_config = RefinancingConfig(enabled=True, triggers=[{'type': 'dscr_floor', 'value': 1.25, 'years': [5, 10]}], new_coupon_pct=4.5, refinancing_cost_pct=0.5, new_tenor_years=12, principal_repayment_pct=10.0, metadata={})
valid_annual_rows = [{'debt_service': 10000000, 'ebitda': 15000000, 'year': 1}, {'debt_service': 10500000, 'ebitda': 14500000, 'year': 2},...ebt_service': 12000000, 'ebitda': 13000000, 'year': 5}, {'debt_service': 12000000, 'ebitda': 12500000, 'year': 6}, ...]

    def test_high_dscr_values_handled(
        self, valid_config, valid_annual_rows
    ):
        """TEST: High DSCR values should not crash."""
        # GIVEN: Debt result with high DSCR
        debt_result = {"total_debt": 100_000_000, "dscr_series": [2.0, 2.1, 2.2]}
        # WHEN: Creating calculator
        calc = RefinancingCalculatorHardened(
            valid_config, debt_result, valid_annual_rows
        )
        # THEN: Should handle gracefully
>       assert calc.min_dscr == 2.0
E       assert 0.0 == 2.0
E        +  where 0.0 = RefinancingCalculatorHardened(enabled=True, principal=USD 100,000,000, min_dscr=0.00).min_dscr

tests/test_refinancing_v14_hardened.py:706: AssertionError
________________________ test_scenario_analytics_smoke _________________________

tmp_path = PosixPath('/private/var/folders/s7/bjx1cll14tl2dnwsg35cnw9w0000gn/T/pytest-of-aruna/pytest-7/test_scenario_analytics_smoke0')

    def test_scenario_analytics_smoke(tmp_path: Path) -> None:
        """
        End-to-end smoke over the scenarios/ directory.
        """
        # Arrange: point to the bundled example scenarios
        scenarios_dir = Path("scenarios")
        assert (
            scenarios_dir.is_dir()
        ), "Expected 'scenarios/' directory to exist at repo root"
    
        output_path = tmp_path / "dummy.xlsx"
    
        sa = ScenarioAnalytics(
            scenarios_dir=scenarios_dir,
            output_path=output_path,
        )
    
        # Act: run without producing charts (fast path)
        summary_df, timeseries_df, batch_report = sa.run(
            export_excel=False,
            export_charts=False,
        )
    
        # Basic shape checks
        assert summary_df is not None
        assert timeseries_df is not None
    
        assert not summary_df.empty, "summary_df should not be empty"
        assert not timeseries_df.empty, "timeseries_df should not be empty"
    
        # Batch report sanity – duck-typed BatchResultSummary
        assert batch_report is not None
        assert hasattr(batch_report, "successful")
        assert hasattr(batch_report, "failed")
    
        successful = batch_report.successful
        failed = batch_report.failed
    
        assert isinstance(successful, list)
        assert isinstance(failed, list)
        assert (
            len(successful) >= 1
        ), "Expected at least one successful scenario in batch run"
        assert len(successful) + len(failed) >= 1, "Batch counters look broken"
    
        # Expected canonical example scenarios should be present in the summary index.
        # Note: the file stem is 'eaxmple_b', not 'example_b'.
        expected_scenarios = {
            "edge_extreme_stress",
            "example_a",
            "example_a_old",
            "example_b",
        }
    
        found_scenarios = set(summary_df.index.astype(str))
        missing = expected_scenarios - found_scenarios
>       assert not missing, f"Missing expected scenarios in summary_df index: {missing}"
E       AssertionError: Missing expected scenarios in summary_df index: {'example_a', 'example_a_old', 'example_b'}
E       assert not {'example_a', 'example_a_old', 'example_b'}

tests/test_scenario_analytics_smoke.py:78: AssertionError
----------------------------- Captured stderr call -----------------------------
Running 19 scenario(s) serially. strict=True
Processing scenario: zz_bad
Scenario zz_bad failed: Config 'scenarios/_scrtch/zz_bad.yaml' is missing or has invalid required fields: Missing `fx` section. Expected mapping with keys: `start_lkr_per_usd`, `annual_depr`.; capacity_factor (paths: project.capacity_factor_pct, project.capacity_factor, parameters.capacity_factor_pct, parameters.capacity_factor, capacity_factor_pct, capacity_factor); capacity_mw (paths: project.capacity_mw, project.capacity, parameters.capacity_mw, parameters.capacity); corporate_tax_rate (paths: tax.corporate_tax_rate_pct, tax.corporate_tax_rate, project.corporate_tax_rate_pct, project.corporate_tax_rate, parameters.corporate_tax_rate_pct, parameters.corporate_tax_rate, corporate_tax_rate_pct, corporate_tax_rate); epc_usd_total (paths: capex.usd_total, capex.epc_usd, finance.capex_usd); fx_start_lkr_per_usd (paths: fx.start_lkr_per_usd); opex_usd_per_year (paths: opex.usd_per_year, opex.usd_annual, opex.annual_opex_usd, costs.opex_usd_per_year, parameters.opex_usd_per_year, opex_usd_per_year); project_life_years (paths: project.project_life_years, project.life_years, parameters.project_life_years, Financing_Terms.tenor_years); tariff_lkr_per_kwh (paths: tariff.lkr_per_kwh, tariff.lkr_kwh, tariff.tariff_lkr_per_kwh, revenue.tariff_lkr_per_kwh, parameters.tariff_lkr_per_kwh, parameters.tariff_lkr, tariff_lkr_per_kwh, tariff_lkr, tariff)
Processing scenario: bad_missing_tax
Scenario bad_missing_tax failed: Config 'scenarios/bad_missing_tax.yaml' is missing or has invalid required fields: corporate_tax_rate (paths: tax.corporate_tax_rate_pct, tax.corporate_tax_rate, project.corporate_tax_rate_pct, project.corporate_tax_rate, parameters.corporate_tax_rate_pct, parameters.corporate_tax_rate, corporate_tax_rate_pct, corporate_tax_rate)
Processing scenario: contracts_edgecase_base_v14
Scenario contracts_edgecase_base_v14 failed: Config 'scenarios/contracts_edgecase_base_v14.yaml' is missing or has invalid required fields: capacity_factor (paths: project.capacity_factor_pct, project.capacity_factor, parameters.capacity_factor_pct, parameters.capacity_factor, capacity_factor_pct, capacity_factor); epc_usd_total (paths: capex.usd_total, capex.epc_usd, finance.capex_usd); opex_usd_per_year (paths: opex.usd_per_year, opex.usd_annual, opex.annual_opex_usd, costs.opex_usd_per_year, parameters.opex_usd_per_year, opex_usd_per_year); tariff_lkr_per_kwh (paths: tariff.lkr_per_kwh, tariff.lkr_kwh, tariff.tariff_lkr_per_kwh, revenue.tariff_lkr_per_kwh, parameters.tariff_lkr_per_kwh, parameters.tariff_lkr, tariff_lkr_per_kwh, tariff_lkr, tariff)
Processing scenario: dutchbay_basecase_2025Q4
  Using discount rate: 10.000%
Processing scenario: dutchbay_equitycase_2025Q4
  Using discount rate: 10.000%
Processing scenario: dutchbay_lendercase_2025Q4
  Using discount rate: 12.000%
Processing scenario: dutchbay_master_config_v14
  Using discount rate: 12.000%
Scenario dutchbay_master_config_v14 failed: 'Missing required YAML key: tax.wht_on_interest_enabled'
Processing scenario: dutchbay_optimistic_2025Q4
  Using discount rate: 12.000%
Scenario dutchbay_optimistic_2025Q4 failed: 'Missing required YAML key: tax.wht_on_interest_enabled'
Processing scenario: dutchbay_pessimistic_2025Q4
  Using discount rate: 12.000%
Scenario dutchbay_pessimistic_2025Q4 failed: 'Missing required YAML key: tax.wht_on_interest_enabled'
Processing scenario: edge_extreme_stress
  Using discount rate: 15.000%
Processing scenario: example_a
  Using discount rate: 12.000%
Scenario example_a failed: 'Missing required YAML key: tax.corporate_tax_rate'
Processing scenario: example_a_old
  Using discount rate: 12.000%
Scenario example_a_old failed: 'Missing required YAML key: tax.corporate_tax_rate'
Processing scenario: example_b
  Using discount rate: 10.000%
Scenario example_b failed: Configuration validation failed:
  • corporate_tax_rate: missing (required field)
Processing scenario: example_b
  Using discount rate: 12.000%
Scenario example_b failed: 'Missing required YAML key: tax.corporate_tax_rate'
Processing scenario: example_fx_structured_blocks
Scenario example_fx_structured_blocks failed: expected a single document in the stream
  in "scenarios/example_fx_structured_blocks.yaml", line 14, column 1
but found another document
  in "scenarios/example_fx_structured_blocks.yaml", line 114, column 1
Processing scenario: good_unit_test
Scenario good_unit_test failed: Config 'scenarios/good_unit_test.yaml' is missing or has invalid required fields: FX config missing required key(s): annual_depr. Expected `start_lkr_per_usd` and `annual_depr`.
Processing scenario: sensitivity_parameters_examples
Scenario sensitivity_parameters_examples failed: Config 'scenarios/sensitivity_parameters_examples.yaml' is missing or has invalid required fields: Missing `fx` section. Expected mapping with keys: `start_lkr_per_usd`, `annual_depr`.; capacity_factor (paths: project.capacity_factor_pct, project.capacity_factor, parameters.capacity_factor_pct, parameters.capacity_factor, capacity_factor_pct, capacity_factor); capacity_mw (paths: project.capacity_mw, project.capacity, parameters.capacity_mw, parameters.capacity); corporate_tax_rate (paths: tax.corporate_tax_rate_pct, tax.corporate_tax_rate, project.corporate_tax_rate_pct, project.corporate_tax_rate, parameters.corporate_tax_rate_pct, parameters.corporate_tax_rate, corporate_tax_rate_pct, corporate_tax_rate); epc_usd_total (paths: capex.usd_total, capex.epc_usd, finance.capex_usd); fx_start_lkr_per_usd (paths: fx.start_lkr_per_usd); opex_usd_per_year (paths: opex.usd_per_year, opex.usd_annual, opex.annual_opex_usd, costs.opex_usd_per_year, parameters.opex_usd_per_year, opex_usd_per_year); project_life_years (paths: project.project_life_years, project.life_years, parameters.project_life_years, Financing_Terms.tenor_years); tariff_lkr_per_kwh (paths: tariff.lkr_per_kwh, tariff.lkr_kwh, tariff.tariff_lkr_per_kwh, revenue.tariff_lkr_per_kwh, parameters.tariff_lkr_per_kwh, parameters.tariff_lkr, tariff_lkr_per_kwh, tariff_lkr, tariff)
Processing scenario: base_scenario
  Using discount rate: 10.000%
Scenario base_scenario failed: 'Missing required YAML key: tax.depreciation_method'
Processing scenario: test_base_scenario
  Using discount rate: 10.000%
Scenario test_base_scenario failed: 'Missing required YAML key: tax.depreciation_method'
Batch analysis complete
  Successful scenarios: 4
  Failed scenarios:     15
  Export path: /private/var/folders/s7/bjx1cll14tl2dnwsg35cnw9w0000gn/T/pytest-of-aruna/pytest-7/test_scenario_analytics_smoke0/dummy.xlsx
    - zz_bad: Config 'scenarios/_scrtch/zz_bad.yaml' is missing or has invalid required fields: Missing `fx` section. Expected mapping with keys: `start_lkr_per_usd`, `annual_depr`.; capacity_factor (paths: project.capacity_factor_pct, project.capacity_factor, parameters.capacity_factor_pct, parameters.capacity_factor, capacity_factor_pct, capacity_factor); capacity_mw (paths: project.capacity_mw, project.capacity, parameters.capacity_mw, parameters.capacity); corporate_tax_rate (paths: tax.corporate_tax_rate_pct, tax.corporate_tax_rate, project.corporate_tax_rate_pct, project.corporate_tax_rate, parameters.corporate_tax_rate_pct, parameters.corporate_tax_rate, corporate_tax_rate_pct, corporate_tax_rate); epc_usd_total (paths: capex.usd_total, capex.epc_usd, finance.capex_usd); fx_start_lkr_per_usd (paths: fx.start_lkr_per_usd); opex_usd_per_year (paths: opex.usd_per_year, opex.usd_annual, opex.annual_opex_usd, costs.opex_usd_per_year, parameters.opex_usd_per_year, opex_usd_per_year); project_life_years (paths: project.project_life_years, project.life_years, parameters.project_life_years, Financing_Terms.tenor_years); tariff_lkr_per_kwh (paths: tariff.lkr_per_kwh, tariff.lkr_kwh, tariff.tariff_lkr_per_kwh, revenue.tariff_lkr_per_kwh, parameters.tariff_lkr_per_kwh, parameters.tariff_lkr, tariff_lkr_per_kwh, tariff_lkr, tariff)
    - bad_missing_tax: Config 'scenarios/bad_missing_tax.yaml' is missing or has invalid required fields: corporate_tax_rate (paths: tax.corporate_tax_rate_pct, tax.corporate_tax_rate, project.corporate_tax_rate_pct, project.corporate_tax_rate, parameters.corporate_tax_rate_pct, parameters.corporate_tax_rate, corporate_tax_rate_pct, corporate_tax_rate)
    - contracts_edgecase_base_v14: Config 'scenarios/contracts_edgecase_base_v14.yaml' is missing or has invalid required fields: capacity_factor (paths: project.capacity_factor_pct, project.capacity_factor, parameters.capacity_factor_pct, parameters.capacity_factor, capacity_factor_pct, capacity_factor); epc_usd_total (paths: capex.usd_total, capex.epc_usd, finance.capex_usd); opex_usd_per_year (paths: opex.usd_per_year, opex.usd_annual, opex.annual_opex_usd, costs.opex_usd_per_year, parameters.opex_usd_per_year, opex_usd_per_year); tariff_lkr_per_kwh (paths: tariff.lkr_per_kwh, tariff.lkr_kwh, tariff.tariff_lkr_per_kwh, revenue.tariff_lkr_per_kwh, parameters.tariff_lkr_per_kwh, parameters.tariff_lkr, tariff_lkr_per_kwh, tariff_lkr, tariff)
    - dutchbay_master_config_v14: 'Missing required YAML key: tax.wht_on_interest_enabled'
    - dutchbay_optimistic_2025Q4: 'Missing required YAML key: tax.wht_on_interest_enabled'
    - dutchbay_pessimistic_2025Q4: 'Missing required YAML key: tax.wht_on_interest_enabled'
    - example_a: 'Missing required YAML key: tax.corporate_tax_rate'
    - example_a_old: 'Missing required YAML key: tax.corporate_tax_rate'
    - example_b: Configuration validation failed:
  • corporate_tax_rate: missing (required field)
    - example_b: 'Missing required YAML key: tax.corporate_tax_rate'
    - example_fx_structured_blocks: expected a single document in the stream
  in "scenarios/example_fx_structured_blocks.yaml", line 14, column 1
but found another document
  in "scenarios/example_fx_structured_blocks.yaml", line 114, column 1
    - good_unit_test: Config 'scenarios/good_unit_test.yaml' is missing or has invalid required fields: FX config missing required key(s): annual_depr. Expected `start_lkr_per_usd` and `annual_depr`.
    - sensitivity_parameters_examples: Config 'scenarios/sensitivity_parameters_examples.yaml' is missing or has invalid required fields: Missing `fx` section. Expected mapping with keys: `start_lkr_per_usd`, `annual_depr`.; capacity_factor (paths: project.capacity_factor_pct, project.capacity_factor, parameters.capacity_factor_pct, parameters.capacity_factor, capacity_factor_pct, capacity_factor); capacity_mw (paths: project.capacity_mw, project.capacity, parameters.capacity_mw, parameters.capacity); corporate_tax_rate (paths: tax.corporate_tax_rate_pct, tax.corporate_tax_rate, project.corporate_tax_rate_pct, project.corporate_tax_rate, parameters.corporate_tax_rate_pct, parameters.corporate_tax_rate, corporate_tax_rate_pct, corporate_tax_rate); epc_usd_total (paths: capex.usd_total, capex.epc_usd, finance.capex_usd); fx_start_lkr_per_usd (paths: fx.start_lkr_per_usd); opex_usd_per_year (paths: opex.usd_per_year, opex.usd_annual, opex.annual_opex_usd, costs.opex_usd_per_year, parameters.opex_usd_per_year, opex_usd_per_year); project_life_years (paths: project.project_life_years, project.life_years, parameters.project_life_years, Financing_Terms.tenor_years); tariff_lkr_per_kwh (paths: tariff.lkr_per_kwh, tariff.lkr_kwh, tariff.tariff_lkr_per_kwh, revenue.tariff_lkr_per_kwh, parameters.tariff_lkr_per_kwh, parameters.tariff_lkr, tariff_lkr_per_kwh, tariff_lkr, tariff)
    - base_scenario: 'Missing required YAML key: tax.depreciation_method'
    - test_base_scenario: 'Missing required YAML key: tax.depreciation_method'
------------------------------ Captured log call -------------------------------
INFO     analytics.scenario_analytics:scenario_analytics.py:308 Running 19 scenario(s) serially. strict=True
INFO     analytics.scenario_analytics:scenario_analytics.py:212 Processing scenario: zz_bad
ERROR    analytics.scenario_analytics:scenario_analytics.py:261 Scenario zz_bad failed: Config 'scenarios/_scrtch/zz_bad.yaml' is missing or has invalid required fields: Missing `fx` section. Expected mapping with keys: `start_lkr_per_usd`, `annual_depr`.; capacity_factor (paths: project.capacity_factor_pct, project.capacity_factor, parameters.capacity_factor_pct, parameters.capacity_factor, capacity_factor_pct, capacity_factor); capacity_mw (paths: project.capacity_mw, project.capacity, parameters.capacity_mw, parameters.capacity); corporate_tax_rate (paths: tax.corporate_tax_rate_pct, tax.corporate_tax_rate, project.corporate_tax_rate_pct, project.corporate_tax_rate, parameters.corporate_tax_rate_pct, parameters.corporate_tax_rate, corporate_tax_rate_pct, corporate_tax_rate); epc_usd_total (paths: capex.usd_total, capex.epc_usd, finance.capex_usd); fx_start_lkr_per_usd (paths: fx.start_lkr_per_usd); opex_usd_per_year (paths: opex.usd_per_year, opex.usd_annual, opex.annual_opex_usd, costs.opex_usd_per_year, parameters.opex_usd_per_year, opex_usd_per_year); project_life_years (paths: project.project_life_years, project.life_years, parameters.project_life_years, Financing_Terms.tenor_years); tariff_lkr_per_kwh (paths: tariff.lkr_per_kwh, tariff.lkr_kwh, tariff.tariff_lkr_per_kwh, revenue.tariff_lkr_per_kwh, parameters.tariff_lkr_per_kwh, parameters.tariff_lkr, tariff_lkr_per_kwh, tariff_lkr, tariff)
INFO     analytics.scenario_analytics:scenario_analytics.py:212 Processing scenario: bad_missing_tax
ERROR    analytics.scenario_analytics:scenario_analytics.py:261 Scenario bad_missing_tax failed: Config 'scenarios/bad_missing_tax.yaml' is missing or has invalid required fields: corporate_tax_rate (paths: tax.corporate_tax_rate_pct, tax.corporate_tax_rate, project.corporate_tax_rate_pct, project.corporate_tax_rate, parameters.corporate_tax_rate_pct, parameters.corporate_tax_rate, corporate_tax_rate_pct, corporate_tax_rate)
INFO     analytics.scenario_analytics:scenario_analytics.py:212 Processing scenario: contracts_edgecase_base_v14
ERROR    analytics.scenario_analytics:scenario_analytics.py:261 Scenario contracts_edgecase_base_v14 failed: Config 'scenarios/contracts_edgecase_base_v14.yaml' is missing or has invalid required fields: capacity_factor (paths: project.capacity_factor_pct, project.capacity_factor, parameters.capacity_factor_pct, parameters.capacity_factor, capacity_factor_pct, capacity_factor); epc_usd_total (paths: capex.usd_total, capex.epc_usd, finance.capex_usd); opex_usd_per_year (paths: opex.usd_per_year, opex.usd_annual, opex.annual_opex_usd, costs.opex_usd_per_year, parameters.opex_usd_per_year, opex_usd_per_year); tariff_lkr_per_kwh (paths: tariff.lkr_per_kwh, tariff.lkr_kwh, tariff.tariff_lkr_per_kwh, revenue.tariff_lkr_per_kwh, parameters.tariff_lkr_per_kwh, parameters.tariff_lkr, tariff_lkr_per_kwh, tariff_lkr, tariff)
INFO     analytics.scenario_analytics:scenario_analytics.py:212 Processing scenario: dutchbay_basecase_2025Q4
INFO     analytics.scenario_analytics:scenario_analytics.py:227   Using discount rate: 10.000%
INFO     analytics.scenario_analytics:scenario_analytics.py:212 Processing scenario: dutchbay_equitycase_2025Q4
INFO     analytics.scenario_analytics:scenario_analytics.py:227   Using discount rate: 10.000%
INFO     analytics.scenario_analytics:scenario_analytics.py:212 Processing scenario: dutchbay_lendercase_2025Q4
INFO     analytics.scenario_analytics:scenario_analytics.py:227   Using discount rate: 12.000%
INFO     analytics.scenario_analytics:scenario_analytics.py:212 Processing scenario: dutchbay_master_config_v14
INFO     analytics.scenario_analytics:scenario_analytics.py:227   Using discount rate: 12.000%
ERROR    analytics.scenario_analytics:scenario_analytics.py:261 Scenario dutchbay_master_config_v14 failed: 'Missing required YAML key: tax.wht_on_interest_enabled'
INFO     analytics.scenario_analytics:scenario_analytics.py:212 Processing scenario: dutchbay_optimistic_2025Q4
INFO     analytics.scenario_analytics:scenario_analytics.py:227   Using discount rate: 12.000%
ERROR    analytics.scenario_analytics:scenario_analytics.py:261 Scenario dutchbay_optimistic_2025Q4 failed: 'Missing required YAML key: tax.wht_on_interest_enabled'
INFO     analytics.scenario_analytics:scenario_analytics.py:212 Processing scenario: dutchbay_pessimistic_2025Q4
INFO     analytics.scenario_analytics:scenario_analytics.py:227   Using discount rate: 12.000%
ERROR    analytics.scenario_analytics:scenario_analytics.py:261 Scenario dutchbay_pessimistic_2025Q4 failed: 'Missing required YAML key: tax.wht_on_interest_enabled'
INFO     analytics.scenario_analytics:scenario_analytics.py:212 Processing scenario: edge_extreme_stress
INFO     analytics.scenario_analytics:scenario_analytics.py:227   Using discount rate: 15.000%
INFO     analytics.scenario_analytics:scenario_analytics.py:212 Processing scenario: example_a
INFO     analytics.scenario_analytics:scenario_analytics.py:227   Using discount rate: 12.000%
ERROR    analytics.scenario_analytics:scenario_analytics.py:261 Scenario example_a failed: 'Missing required YAML key: tax.corporate_tax_rate'
INFO     analytics.scenario_analytics:scenario_analytics.py:212 Processing scenario: example_a_old
INFO     analytics.scenario_analytics:scenario_analytics.py:227   Using discount rate: 12.000%
ERROR    analytics.scenario_analytics:scenario_analytics.py:261 Scenario example_a_old failed: 'Missing required YAML key: tax.corporate_tax_rate'
INFO     analytics.scenario_analytics:scenario_analytics.py:212 Processing scenario: example_b
INFO     analytics.scenario_analytics:scenario_analytics.py:227   Using discount rate: 10.000%
ERROR    analytics.scenario_analytics:scenario_analytics.py:261 Scenario example_b failed: Configuration validation failed:
  • corporate_tax_rate: missing (required field)
INFO     analytics.scenario_analytics:scenario_analytics.py:212 Processing scenario: example_b
INFO     analytics.scenario_analytics:scenario_analytics.py:227   Using discount rate: 12.000%
ERROR    analytics.scenario_analytics:scenario_analytics.py:261 Scenario example_b failed: 'Missing required YAML key: tax.corporate_tax_rate'
INFO     analytics.scenario_analytics:scenario_analytics.py:212 Processing scenario: example_fx_structured_blocks
ERROR    analytics.scenario_analytics:scenario_analytics.py:261 Scenario example_fx_structured_blocks failed: expected a single document in the stream
  in "scenarios/example_fx_structured_blocks.yaml", line 14, column 1
but found another document
  in "scenarios/example_fx_structured_blocks.yaml", line 114, column 1
INFO     analytics.scenario_analytics:scenario_analytics.py:212 Processing scenario: good_unit_test
ERROR    analytics.scenario_analytics:scenario_analytics.py:261 Scenario good_unit_test failed: Config 'scenarios/good_unit_test.yaml' is missing or has invalid required fields: FX config missing required key(s): annual_depr. Expected `start_lkr_per_usd` and `annual_depr`.
INFO     analytics.scenario_analytics:scenario_analytics.py:212 Processing scenario: sensitivity_parameters_examples
ERROR    analytics.scenario_analytics:scenario_analytics.py:261 Scenario sensitivity_parameters_examples failed: Config 'scenarios/sensitivity_parameters_examples.yaml' is missing or has invalid required fields: Missing `fx` section. Expected mapping with keys: `start_lkr_per_usd`, `annual_depr`.; capacity_factor (paths: project.capacity_factor_pct, project.capacity_factor, parameters.capacity_factor_pct, parameters.capacity_factor, capacity_factor_pct, capacity_factor); capacity_mw (paths: project.capacity_mw, project.capacity, parameters.capacity_mw, parameters.capacity); corporate_tax_rate (paths: tax.corporate_tax_rate_pct, tax.corporate_tax_rate, project.corporate_tax_rate_pct, project.corporate_tax_rate, parameters.corporate_tax_rate_pct, parameters.corporate_tax_rate, corporate_tax_rate_pct, corporate_tax_rate); epc_usd_total (paths: capex.usd_total, capex.epc_usd, finance.capex_usd); fx_start_lkr_per_usd (paths: fx.start_lkr_per_usd); opex_usd_per_year (paths: opex.usd_per_year, opex.usd_annual, opex.annual_opex_usd, costs.opex_usd_per_year, parameters.opex_usd_per_year, opex_usd_per_year); project_life_years (paths: project.project_life_years, project.life_years, parameters.project_life_years, Financing_Terms.tenor_years); tariff_lkr_per_kwh (paths: tariff.lkr_per_kwh, tariff.lkr_kwh, tariff.tariff_lkr_per_kwh, revenue.tariff_lkr_per_kwh, parameters.tariff_lkr_per_kwh, parameters.tariff_lkr, tariff_lkr_per_kwh, tariff_lkr, tariff)
INFO     analytics.scenario_analytics:scenario_analytics.py:212 Processing scenario: base_scenario
INFO     analytics.scenario_analytics:scenario_analytics.py:227   Using discount rate: 10.000%
ERROR    analytics.scenario_analytics:scenario_analytics.py:261 Scenario base_scenario failed: 'Missing required YAML key: tax.depreciation_method'
INFO     analytics.scenario_analytics:scenario_analytics.py:212 Processing scenario: test_base_scenario
INFO     analytics.scenario_analytics:scenario_analytics.py:227   Using discount rate: 10.000%
ERROR    analytics.scenario_analytics:scenario_analytics.py:261 Scenario test_base_scenario failed: 'Missing required YAML key: tax.depreciation_method'
INFO     analytics.scenario_analytics:scenario_analytics.py:358 Batch analysis complete
INFO     analytics.scenario_analytics:scenario_analytics.py:359   Successful scenarios: 4
INFO     analytics.scenario_analytics:scenario_analytics.py:360   Failed scenarios:     15
INFO     analytics.scenario_analytics:scenario_analytics.py:361   Export path: /private/var/folders/s7/bjx1cll14tl2dnwsg35cnw9w0000gn/T/pytest-of-aruna/pytest-7/test_scenario_analytics_smoke0/dummy.xlsx
INFO     analytics.scenario_analytics:scenario_analytics.py:366     - zz_bad: Config 'scenarios/_scrtch/zz_bad.yaml' is missing or has invalid required fields: Missing `fx` section. Expected mapping with keys: `start_lkr_per_usd`, `annual_depr`.; capacity_factor (paths: project.capacity_factor_pct, project.capacity_factor, parameters.capacity_factor_pct, parameters.capacity_factor, capacity_factor_pct, capacity_factor); capacity_mw (paths: project.capacity_mw, project.capacity, parameters.capacity_mw, parameters.capacity); corporate_tax_rate (paths: tax.corporate_tax_rate_pct, tax.corporate_tax_rate, project.corporate_tax_rate_pct, project.corporate_tax_rate, parameters.corporate_tax_rate_pct, parameters.corporate_tax_rate, corporate_tax_rate_pct, corporate_tax_rate); epc_usd_total (paths: capex.usd_total, capex.epc_usd, finance.capex_usd); fx_start_lkr_per_usd (paths: fx.start_lkr_per_usd); opex_usd_per_year (paths: opex.usd_per_year, opex.usd_annual, opex.annual_opex_usd, costs.opex_usd_per_year, parameters.opex_usd_per_year, opex_usd_per_year); project_life_years (paths: project.project_life_years, project.life_years, parameters.project_life_years, Financing_Terms.tenor_years); tariff_lkr_per_kwh (paths: tariff.lkr_per_kwh, tariff.lkr_kwh, tariff.tariff_lkr_per_kwh, revenue.tariff_lkr_per_kwh, parameters.tariff_lkr_per_kwh, parameters.tariff_lkr, tariff_lkr_per_kwh, tariff_lkr, tariff)
INFO     analytics.scenario_analytics:scenario_analytics.py:366     - bad_missing_tax: Config 'scenarios/bad_missing_tax.yaml' is missing or has invalid required fields: corporate_tax_rate (paths: tax.corporate_tax_rate_pct, tax.corporate_tax_rate, project.corporate_tax_rate_pct, project.corporate_tax_rate, parameters.corporate_tax_rate_pct, parameters.corporate_tax_rate, corporate_tax_rate_pct, corporate_tax_rate)
INFO     analytics.scenario_analytics:scenario_analytics.py:366     - contracts_edgecase_base_v14: Config 'scenarios/contracts_edgecase_base_v14.yaml' is missing or has invalid required fields: capacity_factor (paths: project.capacity_factor_pct, project.capacity_factor, parameters.capacity_factor_pct, parameters.capacity_factor, capacity_factor_pct, capacity_factor); epc_usd_total (paths: capex.usd_total, capex.epc_usd, finance.capex_usd); opex_usd_per_year (paths: opex.usd_per_year, opex.usd_annual, opex.annual_opex_usd, costs.opex_usd_per_year, parameters.opex_usd_per_year, opex_usd_per_year); tariff_lkr_per_kwh (paths: tariff.lkr_per_kwh, tariff.lkr_kwh, tariff.tariff_lkr_per_kwh, revenue.tariff_lkr_per_kwh, parameters.tariff_lkr_per_kwh, parameters.tariff_lkr, tariff_lkr_per_kwh, tariff_lkr, tariff)
INFO     analytics.scenario_analytics:scenario_analytics.py:366     - dutchbay_master_config_v14: 'Missing required YAML key: tax.wht_on_interest_enabled'
INFO     analytics.scenario_analytics:scenario_analytics.py:366     - dutchbay_optimistic_2025Q4: 'Missing required YAML key: tax.wht_on_interest_enabled'
INFO     analytics.scenario_analytics:scenario_analytics.py:366     - dutchbay_pessimistic_2025Q4: 'Missing required YAML key: tax.wht_on_interest_enabled'
INFO     analytics.scenario_analytics:scenario_analytics.py:366     - example_a: 'Missing required YAML key: tax.corporate_tax_rate'
INFO     analytics.scenario_analytics:scenario_analytics.py:366     - example_a_old: 'Missing required YAML key: tax.corporate_tax_rate'
INFO     analytics.scenario_analytics:scenario_analytics.py:366     - example_b: Configuration validation failed:
  • corporate_tax_rate: missing (required field)
INFO     analytics.scenario_analytics:scenario_analytics.py:366     - example_b: 'Missing required YAML key: tax.corporate_tax_rate'
INFO     analytics.scenario_analytics:scenario_analytics.py:366     - example_fx_structured_blocks: expected a single document in the stream
  in "scenarios/example_fx_structured_blocks.yaml", line 14, column 1
but found another document
  in "scenarios/example_fx_structured_blocks.yaml", line 114, column 1
INFO     analytics.scenario_analytics:scenario_analytics.py:366     - good_unit_test: Config 'scenarios/good_unit_test.yaml' is missing or has invalid required fields: FX config missing required key(s): annual_depr. Expected `start_lkr_per_usd` and `annual_depr`.
INFO     analytics.scenario_analytics:scenario_analytics.py:366     - sensitivity_parameters_examples: Config 'scenarios/sensitivity_parameters_examples.yaml' is missing or has invalid required fields: Missing `fx` section. Expected mapping with keys: `start_lkr_per_usd`, `annual_depr`.; capacity_factor (paths: project.capacity_factor_pct, project.capacity_factor, parameters.capacity_factor_pct, parameters.capacity_factor, capacity_factor_pct, capacity_factor); capacity_mw (paths: project.capacity_mw, project.capacity, parameters.capacity_mw, parameters.capacity); corporate_tax_rate (paths: tax.corporate_tax_rate_pct, tax.corporate_tax_rate, project.corporate_tax_rate_pct, project.corporate_tax_rate, parameters.corporate_tax_rate_pct, parameters.corporate_tax_rate, corporate_tax_rate_pct, corporate_tax_rate); epc_usd_total (paths: capex.usd_total, capex.epc_usd, finance.capex_usd); fx_start_lkr_per_usd (paths: fx.start_lkr_per_usd); opex_usd_per_year (paths: opex.usd_per_year, opex.usd_annual, opex.annual_opex_usd, costs.opex_usd_per_year, parameters.opex_usd_per_year, opex_usd_per_year); project_life_years (paths: project.project_life_years, project.life_years, parameters.project_life_years, Financing_Terms.tenor_years); tariff_lkr_per_kwh (paths: tariff.lkr_per_kwh, tariff.lkr_kwh, tariff.tariff_lkr_per_kwh, revenue.tariff_lkr_per_kwh, parameters.tariff_lkr_per_kwh, parameters.tariff_lkr, tariff_lkr_per_kwh, tariff_lkr, tariff)
INFO     analytics.scenario_analytics:scenario_analytics.py:366     - base_scenario: 'Missing required YAML key: tax.depreciation_method'
INFO     analytics.scenario_analytics:scenario_analytics.py:366     - test_base_scenario: 'Missing required YAML key: tax.depreciation_method'
=========================== short test summary info ============================
SKIPPED [5] tests/analytics_layer/test_sensitivity_regression.py: sensitivity_v14 is parked for a future refactor; regression + helper surface not finalized yet.
SKIPPED [2] tests/api/test_edgecases.py:198: Range validation (capex > 0, etc.) is in sensitivity layer, not schema_guard
SKIPPED [1] tests/api/test_tax_v14_lender_golden.py:13: Missing canonical lender-case scenario at scenarios/dutchbaylendercase2025Q4.yaml
SKIPPED [1] tests/lint/test_no_typer_v14.py:61: No v14 CLI scripts or dutchbay_v14chat modules found.
SKIPPED [1] tests/lint/test_sensitivity_v14_imports.py:87: sensitivity_v14 not found at /Users/aruna/Desktop/DutchBay_EPC_Extracted/DutchBay_EPC_Model/tests/analytics/sensitivity_v14.py
XFAIL tests/api/test_casper_v14_smoke.py::test_casper_v14_orchestrator_smoke - Monte Carlo scenario '<inline_config>' not found in the current monte_carlo_defaults configuration. This integration path will be aligned in a future sprint when MC scenarios are made CASPER-aware.
XFAIL tests/api/test_casper_v14_smoke_iteration1.py::test_casper_smoke - Monte Carlo scenario '<inline_config>' not found in the current monte_carlo_defaults configuration. This integration path will be aligned in a future sprint when MC scenarios are made CASPER-aware.
XFAIL tests/api/test_casper_v14_smoke_iteration2.py::test_casper_smoke_iteration2 - Monte Carlo scenario '<inline_config>' not found in the current monte_carlo_defaults configuration. This integration path will be aligned in a future sprint when MC scenarios are made CASPER-aware.
XFAIL tests/lint/test_equity_fence_v14.py::test_equity_metric_functions_only_defined_in_equity_v14 - Legacy equity functions in finance/dutchbay_finmodel/core_v2_refactored.py - Sprint 10 cleanup
FAILED tests/analytics_layer/test_casper_tail_risk_payload.py::test_casper_payload_includes_tail_risk_metadata
FAILED tests/analytics_layer/test_casper_tail_risk_summary.py::test_build_casper_payload_includes_tail_risk_summary
FAILED tests/analytics_layer/test_generation_contracts_v14.py::test_technology_breakdown_snapshot
FAILED tests/analytics_layer/test_sensitivity_breakeven_contract.py::test_run_breakeven_parameter_uses_absolute_overrides_and_converges
FAILED tests/analytics_layer/test_sensitivity_run_contract.py::test_run_with_sensitivity_request_uses_gateway_and_returns_suite
FAILED tests/analytics_layer/test_sensitivity_tail_risk_api.py::test_enrich_tornado_with_tail_risk_happy_path
FAILED tests/analytics_layer/test_sensitivity_tail_risk_api.py::test_enrich_tornado_with_tail_risk_rejects_bad_confidence
FAILED tests/analytics_layer/test_sensitivity_v14.py::TestAnalyzeSingleParameter::test_basic_analysis
FAILED tests/analytics_layer/test_sensitivity_v14.py::TestRunTornadoSensitivity::test_happy_path_with_request
FAILED tests/analytics_layer/test_sensitivity_v14.py::TestRunTornadoSensitivity::test_legacy_api_with_string_config_path
FAILED tests/analytics_layer/test_sensitivity_v14_api.py::TestSensitivityRunFacade::test_run_facade_basic
FAILED tests/api/test_cashflow_module.py::test_build_annual_cfads_minimal_valid_params
FAILED tests/api/test_cashflow_tax_and_life.py::test_project_life_5_vs_20_years_shapes_and_magnitude
FAILED tests/api/test_cashflow_tax_and_life.py::test_tax_holiday_increases_early_cfads
FAILED tests/api/test_cashflow_tax_and_life.py::test_enhanced_allowance_does_not_hurt_early_cfads
FAILED tests/api/test_cashflow_tax_and_life.py::test_high_opex_stress_reduces_cfads
FAILED tests/api/test_cashflow_tax_and_life.py::test_zero_tariff_collapses_cfads
FAILED tests/api/test_cashflow_v14.py::test_cashflow_basic_consistency - KeyE...
FAILED tests/api/test_cashflow_v14.py::test_cashflow_zero_risk_haircut_means_posttax_equals_cfads
FAILED tests/api/test_cashflow_v14_regression.py::test_cfads_increases_when_tariff_increases
FAILED tests/api/test_cashflow_v14_regression.py::test_cfads_zero_when_tariff_zero
FAILED tests/api/test_cashflow_v14_regression.py::test_degradation_reduces_production_over_time
FAILED tests/api/test_covenants_ring_fence_smoke_v14.py::test_ring_fence_covenants_smoke
FAILED tests/api/test_covenants_v14.py::test_covenants_basecase_dscr_and_balances
FAILED tests/api/test_covenants_v14.py::test_covenants_stresscase_flags_review_when_cover_thin
FAILED tests/api/test_debt_v14_construction.py::test_plan_debt_construction_timeline_and_idc
FAILED tests/api/test_debt_v14_construction.py::test_plan_debt_dscr_and_audit_status
FAILED tests/api/test_equity_distribution_v14_regression.py::TestEquityDistributionIntegration::test_distribution_enabled_scenario
FAILED tests/api/test_refinancing_v14.py::test_refinancing_config_creation - ...
FAILED tests/api/test_refinancing_v14.py::test_refinancing_engine_init - Type...
FAILED tests/api/test_refinancing_v14.py::test_refinancing_engine_init_missing_config
FAILED tests/api/test_refinancing_v14.py::test_refinancing_impact_calculation
FAILED tests/api/test_refinancing_v14.py::test_refinancing_impact_stress - Ty...
FAILED tests/api/test_refinancing_v14.py::test_refinancing_impact_unit_suffixes
FAILED tests/api/test_refinancing_v14.py::test_refinancing_engine_run - TypeE...
FAILED tests/api/test_refinancing_v14.py::test_refinancing_engine_run_stress
FAILED tests/api/test_refinancing_v14.py::test_refinancing_invalid_date_format
FAILED tests/api/test_refinancing_v14.py::test_refinancing_result_json_serializable
FAILED tests/api/test_refinancing_v14.py::test_refinancing_type_hints - Asser...
FAILED tests/api/test_refinancing_v14_regression.py::TestRefinancingCalculator::test_recalculate_schedule_refinancing
FAILED tests/api/test_risk_haircut.py::test_cashflow_basic_consistency - KeyE...
FAILED tests/api/test_risk_haircut.py::test_cashflow_zero_risk_haircut_means_posttax_equals_cfads
FAILED tests/api/test_scenario_analytics_schema_guard_integration.py::test_scenario_analytics_stops_on_missing_corporate_tax
FAILED tests/api/test_scenario_analytics_unit_scenario_name.py::test_scenario_analytics_labels_and_shapes
FAILED tests/api/test_scenario_analytics_unit_scenario_name_refactored.py::test_scenario_analytics_labels_and_shapes
FAILED tests/api/test_scenario_analytics_unit_scenario_name_refactored.py::test_scenario_analytics_runs_multiple_scenarios
FAILED tests/contracts/test_sensitivity_contracts.py::test_parameter_range_config_minimal
FAILED tests/contracts/test_sensitivity_contracts.py::test_tornado_result_properties
FAILED tests/contracts/test_sensitivity_contracts.py::test_sensitivity_suite_instantiation
FAILED tests/contracts/test_sensitivity_contracts.py::test_breakeven_result
FAILED tests/contracts/test_sensitivity_contracts.py::test_multimetric_tornado_and_suite
FAILED tests/contracts/test_sensitivity_contracts.py::test_pareto_frontier_result
FAILED tests/finance/test_contracts.py::TestParameterRangeConfig::test_valid_basic_configuration
FAILED tests/finance/test_contracts.py::TestParameterRangeConfig::test_default_steps
FAILED tests/finance/test_contracts.py::TestParameterRangeConfig::test_low_value_calculation
FAILED tests/finance/test_contracts.py::TestParameterRangeConfig::test_high_value_calculation
FAILED tests/finance/test_contracts.py::TestParameterRangeConfig::test_whitespace_stripping
FAILED tests/finance/test_contracts.py::TestParameterRangeConfig::test_empty_variable_name_rejected
FAILED tests/finance/test_contracts.py::TestParameterRangeConfig::test_zero_base_value_rejected
FAILED tests/finance/test_contracts.py::TestParameterRangeConfig::test_negative_base_value_rejected
FAILED tests/finance/test_contracts.py::TestParameterRangeConfig::test_low_pct_too_negative_rejected
FAILED tests/finance/test_contracts.py::TestParameterRangeConfig::test_low_pct_positive_rejected
FAILED tests/finance/test_contracts.py::TestParameterRangeConfig::test_high_pct_negative_rejected
FAILED tests/finance/test_contracts.py::TestParameterRangeConfig::test_high_pct_too_large_rejected
FAILED tests/finance/test_contracts.py::TestParameterRangeConfig::test_high_less_than_abs_low_rejected
FAILED tests/finance/test_contracts.py::TestParameterRangeConfig::test_steps_too_few_rejected
FAILED tests/finance/test_contracts.py::TestParameterRangeConfig::test_steps_too_many_rejected
FAILED tests/finance/test_contracts.py::TestParameterRangeConfig::test_parametrized_value_calculations[1000--15-25-850-1250]
FAILED tests/finance/test_contracts.py::TestParameterRangeConfig::test_parametrized_value_calculations[50--10-10-45-55]
FAILED tests/finance/test_contracts.py::TestParameterRangeConfig::test_parametrized_value_calculations[200--5-15-190-230]
FAILED tests/finance/test_contracts.py::TestParameterRangeConfig::test_parametrized_value_calculations[75--20-30-60-97.5]
FAILED tests/finance/test_contracts.py::TestTornadoResult::test_basic_creation
FAILED tests/finance/test_contracts.py::TestTornadoResult::test_impact_pct_calculation
FAILED tests/finance/test_contracts.py::TestTornadoResult::test_impact_abs_calculation
FAILED tests/finance/test_contracts.py::TestTornadoResult::test_impact_pct_zero_base
FAILED tests/finance/test_contracts.py::TestTornadoResult::test_negative_impact
FAILED tests/finance/test_contracts.py::TestTornadoResult::test_nan_handling
FAILED tests/finance/test_contracts.py::TestTornadoResult::test_parametrized_impact_calculations[0.1-0.08-0.12-40.0-0.04]
FAILED tests/finance/test_contracts.py::TestTornadoResult::test_parametrized_impact_calculations[0.15-0.1-0.2-66.67-0.1]
FAILED tests/finance/test_contracts.py::TestTornadoResult::test_parametrized_impact_calculations[0.08-0.06-0.1-50.0-0.04]
FAILED tests/finance/test_contracts.py::TestTornadoResult::test_parametrized_impact_calculations[0.12-0.11-0.13-16.67-0.02]
FAILED tests/finance/test_contracts.py::TestTornadoResult::test_sorting_by_impact_abs
FAILED tests/finance/test_contracts.py::TestIntegration::test_end_to_end_sensitivity_workflow
FAILED tests/finance/test_contracts.py::TestIntegration::test_tornado_ranking
FAILED tests/integration/test_fx_monte_carlo_integration.py::TestFXSampling::test_fx_factor_applied_to_revenue
FAILED tests/lint/test_equity_distribution_compliance.py::TestGWTFCompliance::test_uses_logging_not_print
FAILED tests/lint/test_equity_distribution_compliance.py::TestGWTFCompliance::test_imports_from_future
FAILED tests/lint/test_equity_distribution_compliance.py::TestGWTFCompliance::test_no_hardcoded_magic_numbers
FAILED tests/lint/test_refinancing_module_compliance.py::TestTypeHints::test_refinancing_config_typed
FAILED tests/lint/test_refinancing_module_compliance.py::TestTypeHints::test_refinancing_trigger_methods_typed
FAILED tests/lint/test_refinancing_module_compliance.py::TestTypeHints::test_refinancing_v14_methods_typed
FAILED tests/lint/test_refinancing_module_compliance.py::TestDocstrings::test_calculator_methods_have_docstrings
FAILED tests/lint/test_refinancing_module_compliance.py::TestNoHardcoding::test_trigger_uses_config_values
FAILED tests/lint/test_refinancing_module_compliance.py::TestErrorHandling::test_invalid_dscr_raises
FAILED tests/lint/test_refinancing_module_compliance.py::TestErrorHandling::test_invalid_rate_raises
FAILED tests/lint/test_refinancing_module_compliance.py::TestErrorHandling::test_invalid_tenor_raises
FAILED tests/lint/test_refinancing_module_compliance.py::TestEdgeCases::test_year_zero
FAILED tests/lint/test_refinancing_module_compliance.py::TestEdgeCases::test_minimum_dscr
FAILED tests/lint/test_refinancing_module_compliance.py::TestEdgeCases::test_zero_debt_balance
FAILED tests/lint/test_refinancing_v14_compliance.py::TestTypeHints::test_refinancing_calculator_methods_type_hints
FAILED tests/lint/test_refinancing_v14_compliance.py::TestConfigDriven::test_debt_schedule_uses_config
FAILED tests/test_cli_v14_smoke.py::test_cli_v14_pipeline_invocation - subpro...
FAILED tests/test_fx_pipeline_integration.py::TestFXPipelineIntegrationWithConfig::test_pipeline_with_minimal_fx_config
FAILED tests/test_fx_pipeline_integration.py::TestFXPipelineIntegrationWithConfig::test_pipeline_with_multicurrency_fx_config
FAILED tests/test_fx_pipeline_integration.py::TestFXPipelineIntegrationWithConfig::test_pipeline_with_eur_gbp_curves
FAILED tests/test_fx_pipeline_integration.py::TestFXPipelineIntegrationWithoutConfig::test_pipeline_without_fx_config
FAILED tests/test_fx_pipeline_integration.py::TestFXPipelineIntegrationWithoutConfig::test_pipeline_with_empty_fx_section
FAILED tests/test_fx_pipeline_integration.py::TestFXPipelineIntegrationErrors::test_pipeline_with_curve_length_mismatch
FAILED tests/test_fx_pipeline_integration.py::TestFXPipelineIntegrationErrors::test_pipeline_with_optional_curve_length_mismatch
FAILED tests/test_fx_pipeline_integration.py::TestFXPipelineIntegrationErrors::test_pipeline_with_malformed_config_structure
FAILED tests/test_fx_pipeline_integration.py::TestFXPipelineScenarioResultIntegration::test_scenario_result_dict_has_fx_fields
FAILED tests/test_fx_pipeline_integration.py::TestFXPipelineScenarioResultIntegration::test_fx_fields_roundtrip_through_asdict
FAILED tests/test_fx_pipeline_integration.py::TestFXPipelineLogging::test_pipeline_logs_fx_integration
FAILED tests/test_fx_pipeline_integration.py::TestFXPipelineParametrized::test_fx_strategies[natural_hedge-0.0-0.0]
FAILED tests/test_fx_pipeline_integration.py::TestFXPipelineParametrized::test_fx_strategies[fixed_ccy-50.0-100.0]
FAILED tests/test_fx_pipeline_integration.py::TestFXPipelineParametrized::test_fx_strategies[hedged-75.0-50.0]
FAILED tests/test_fx_pipeline_integration.py::TestFXPipelineParametrized::test_fx_strategies[blended-25.0-25.0]
FAILED tests/test_refinancing_v14_hardened.py::TestPipelineIntegration::test_calculator_repr_shows_status
FAILED tests/test_refinancing_v14_hardened.py::TestEdgeCasesStress::test_high_dscr_values_handled
FAILED tests/test_scenario_analytics_smoke.py::test_scenario_analytics_smoke
============ 120 failed, 446 passed, 10 skipped, 4 xfailed in 7.76s ============
